[0.625s] DEBUG:colcon:Command line arguments: ['/usr/bin/colcon', 'build', '--symlink-install']
[0.625s] DEBUG:colcon:Parsed command line arguments: Namespace(log_base=None, log_level=None, verb_name='build', build_base='build', install_base='install', merge_install=False, symlink_install=True, test_result_base=None, continue_on_error=False, executor='parallel', parallel_workers=8, event_handlers=None, ignore_user_meta=False, metas=['./colcon.meta'], base_paths=['.'], packages_ignore=None, packages_ignore_regex=None, paths=None, packages_up_to=None, packages_up_to_regex=None, packages_above=None, packages_above_and_dependencies=None, packages_above_depth=None, packages_select_by_dep=None, packages_skip_by_dep=None, packages_skip_up_to=None, packages_select_build_failed=False, packages_skip_build_finished=False, packages_select_test_failures=False, packages_skip_test_passed=False, packages_select=None, packages_skip=None, packages_select_regex=None, packages_skip_regex=None, packages_start=None, packages_end=None, allow_overriding=[], cmake_args=None, cmake_target=None, cmake_target_skip_unavailable=False, cmake_clean_cache=False, cmake_clean_first=False, cmake_force_configure=False, ament_cmake_args=None, catkin_cmake_args=None, catkin_skip_building_tests=False, verb_parser=<colcon_defaults.argument_parser.defaults.DefaultArgumentsDecorator object at 0x7b18d1069540>, verb_extension=<colcon_core.verb.build.BuildVerb object at 0x7b18d10690f0>, main=<bound method BuildVerb.main of <colcon_core.verb.build.BuildVerb object at 0x7b18d10690f0>>)
[0.882s] Level 1:colcon.colcon_core.package_discovery:discover_packages(colcon_meta) check parameters
[0.882s] Level 1:colcon.colcon_core.package_discovery:discover_packages(recursive) check parameters
[0.882s] Level 1:colcon.colcon_core.package_discovery:discover_packages(ignore) check parameters
[0.882s] Level 1:colcon.colcon_core.package_discovery:discover_packages(path) check parameters
[0.882s] Level 1:colcon.colcon_core.package_discovery:discover_packages(colcon_meta) discover
[0.882s] Level 1:colcon.colcon_core.package_discovery:discover_packages(recursive) discover
[0.882s] INFO:colcon.colcon_core.package_discovery:Crawling recursively for packages in '/home/lukevizzini/arm_new/arm_code'
[0.882s] Level 1:colcon.colcon_core.package_identification:_identify(.) by extensions ['ignore', 'ignore_ament_install']
[0.882s] Level 1:colcon.colcon_core.package_identification:_identify(.) by extension 'ignore'
[0.883s] Level 1:colcon.colcon_core.package_identification:_identify(.) by extension 'ignore_ament_install'
[0.883s] Level 1:colcon.colcon_core.package_identification:_identify(.) by extensions ['colcon_pkg']
[0.883s] Level 1:colcon.colcon_core.package_identification:_identify(.) by extension 'colcon_pkg'
[0.883s] Level 1:colcon.colcon_core.package_identification:_identify(.) by extensions ['colcon_meta']
[0.883s] Level 1:colcon.colcon_core.package_identification:_identify(.) by extension 'colcon_meta'
[0.883s] Level 1:colcon.colcon_core.package_identification:_identify(.) by extensions ['ros']
[0.883s] Level 1:colcon.colcon_core.package_identification:_identify(.) by extension 'ros'
[0.900s] Level 1:colcon.colcon_core.package_identification:_identify(.) by extensions ['cmake', 'python']
[0.901s] Level 1:colcon.colcon_core.package_identification:_identify(.) by extension 'cmake'
[0.901s] Level 1:colcon.colcon_core.package_identification:_identify(.) by extension 'python'
[0.902s] Level 1:colcon.colcon_core.package_identification:_identify(.) by extensions ['python_setup_py']
[0.902s] Level 1:colcon.colcon_core.package_identification:_identify(.) by extension 'python_setup_py'
[0.902s] Level 1:colcon.colcon_core.package_identification:_identify(build) by extensions ['ignore', 'ignore_ament_install']
[0.902s] Level 1:colcon.colcon_core.package_identification:_identify(build) by extension 'ignore'
[0.902s] Level 1:colcon.colcon_core.package_identification:_identify(build) ignored
[0.903s] Level 1:colcon.colcon_core.package_identification:_identify(install) by extensions ['ignore', 'ignore_ament_install']
[0.903s] Level 1:colcon.colcon_core.package_identification:_identify(install) by extension 'ignore'
[0.903s] Level 1:colcon.colcon_core.package_identification:_identify(install) ignored
[0.903s] Level 1:colcon.colcon_core.package_identification:_identify(log) by extensions ['ignore', 'ignore_ament_install']
[0.903s] Level 1:colcon.colcon_core.package_identification:_identify(log) by extension 'ignore'
[0.904s] Level 1:colcon.colcon_core.package_identification:_identify(log) ignored
[0.904s] Level 1:colcon.colcon_core.package_identification:_identify(src) by extensions ['ignore', 'ignore_ament_install']
[0.904s] Level 1:colcon.colcon_core.package_identification:_identify(src) by extension 'ignore'
[0.904s] Level 1:colcon.colcon_core.package_identification:_identify(src) by extension 'ignore_ament_install'
[0.904s] Level 1:colcon.colcon_core.package_identification:_identify(src) by extensions ['colcon_pkg']
[0.905s] Level 1:colcon.colcon_core.package_identification:_identify(src) by extension 'colcon_pkg'
[0.905s] Level 1:colcon.colcon_core.package_identification:_identify(src) by extensions ['colcon_meta']
[0.905s] Level 1:colcon.colcon_core.package_identification:_identify(src) by extension 'colcon_meta'
[0.905s] Level 1:colcon.colcon_core.package_identification:_identify(src) by extensions ['ros']
[0.905s] Level 1:colcon.colcon_core.package_identification:_identify(src) by extension 'ros'
[0.905s] Level 1:colcon.colcon_core.package_identification:_identify(src) by extensions ['cmake', 'python']
[0.905s] Level 1:colcon.colcon_core.package_identification:_identify(src) by extension 'cmake'
[0.905s] Level 1:colcon.colcon_core.package_identification:_identify(src) by extension 'python'
[0.905s] Level 1:colcon.colcon_core.package_identification:_identify(src) by extensions ['python_setup_py']
[0.905s] Level 1:colcon.colcon_core.package_identification:_identify(src) by extension 'python_setup_py'
[0.905s] Level 1:colcon.colcon_core.package_identification:_identify(src/bringup) by extensions ['ignore', 'ignore_ament_install']
[0.906s] Level 1:colcon.colcon_core.package_identification:_identify(src/bringup) by extension 'ignore'
[0.906s] Level 1:colcon.colcon_core.package_identification:_identify(src/bringup) by extension 'ignore_ament_install'
[0.906s] Level 1:colcon.colcon_core.package_identification:_identify(src/bringup) by extensions ['colcon_pkg']
[0.906s] Level 1:colcon.colcon_core.package_identification:_identify(src/bringup) by extension 'colcon_pkg'
[0.906s] Level 1:colcon.colcon_core.package_identification:_identify(src/bringup) by extensions ['colcon_meta']
[0.906s] Level 1:colcon.colcon_core.package_identification:_identify(src/bringup) by extension 'colcon_meta'
[0.906s] Level 1:colcon.colcon_core.package_identification:_identify(src/bringup) by extensions ['ros']
[0.906s] Level 1:colcon.colcon_core.package_identification:_identify(src/bringup) by extension 'ros'
[0.911s] DEBUG:colcon.colcon_core.package_identification:Package 'src/bringup' with type 'ros.ament_cmake' and name 'arm_bringup'
[0.912s] Level 1:colcon.colcon_core.package_identification:_identify(src/config) by extensions ['ignore', 'ignore_ament_install']
[0.912s] Level 1:colcon.colcon_core.package_identification:_identify(src/config) by extension 'ignore'
[0.912s] Level 1:colcon.colcon_core.package_identification:_identify(src/config) by extension 'ignore_ament_install'
[0.912s] Level 1:colcon.colcon_core.package_identification:_identify(src/config) by extensions ['colcon_pkg']
[0.912s] Level 1:colcon.colcon_core.package_identification:_identify(src/config) by extension 'colcon_pkg'
[0.912s] Level 1:colcon.colcon_core.package_identification:_identify(src/config) by extensions ['colcon_meta']
[0.913s] Level 1:colcon.colcon_core.package_identification:_identify(src/config) by extension 'colcon_meta'
[0.913s] Level 1:colcon.colcon_core.package_identification:_identify(src/config) by extensions ['ros']
[0.913s] Level 1:colcon.colcon_core.package_identification:_identify(src/config) by extension 'ros'
[0.914s] DEBUG:colcon.colcon_core.package_identification:Package 'src/config' with type 'ros.ament_cmake' and name 'arm_config'
[0.914s] Level 1:colcon.colcon_core.package_identification:_identify(src/description) by extensions ['ignore', 'ignore_ament_install']
[0.914s] Level 1:colcon.colcon_core.package_identification:_identify(src/description) by extension 'ignore'
[0.914s] Level 1:colcon.colcon_core.package_identification:_identify(src/description) by extension 'ignore_ament_install'
[0.914s] Level 1:colcon.colcon_core.package_identification:_identify(src/description) by extensions ['colcon_pkg']
[0.914s] Level 1:colcon.colcon_core.package_identification:_identify(src/description) by extension 'colcon_pkg'
[0.914s] Level 1:colcon.colcon_core.package_identification:_identify(src/description) by extensions ['colcon_meta']
[0.914s] Level 1:colcon.colcon_core.package_identification:_identify(src/description) by extension 'colcon_meta'
[0.915s] Level 1:colcon.colcon_core.package_identification:_identify(src/description) by extensions ['ros']
[0.915s] Level 1:colcon.colcon_core.package_identification:_identify(src/description) by extension 'ros'
[0.916s] DEBUG:colcon.colcon_core.package_identification:Package 'src/description' with type 'ros.ament_cmake' and name 'arm_description'
[0.916s] Level 1:colcon.colcon_core.package_identification:_identify(src/launch) by extensions ['ignore', 'ignore_ament_install']
[0.916s] Level 1:colcon.colcon_core.package_identification:_identify(src/launch) by extension 'ignore'
[0.916s] Level 1:colcon.colcon_core.package_identification:_identify(src/launch) by extension 'ignore_ament_install'
[0.916s] Level 1:colcon.colcon_core.package_identification:_identify(src/launch) by extensions ['colcon_pkg']
[0.916s] Level 1:colcon.colcon_core.package_identification:_identify(src/launch) by extension 'colcon_pkg'
[0.916s] Level 1:colcon.colcon_core.package_identification:_identify(src/launch) by extensions ['colcon_meta']
[0.916s] Level 1:colcon.colcon_core.package_identification:_identify(src/launch) by extension 'colcon_meta'
[0.916s] Level 1:colcon.colcon_core.package_identification:_identify(src/launch) by extensions ['ros']
[0.916s] Level 1:colcon.colcon_core.package_identification:_identify(src/launch) by extension 'ros'
[0.917s] DEBUG:colcon.colcon_core.package_identification:Package 'src/launch' with type 'ros.ament_cmake' and name 'arm_launch'
[0.917s] Level 1:colcon.colcon_core.package_identification:_identify(src/pwm_bridge) by extensions ['ignore', 'ignore_ament_install']
[0.918s] Level 1:colcon.colcon_core.package_identification:_identify(src/pwm_bridge) by extension 'ignore'
[0.918s] Level 1:colcon.colcon_core.package_identification:_identify(src/pwm_bridge) by extension 'ignore_ament_install'
[0.918s] Level 1:colcon.colcon_core.package_identification:_identify(src/pwm_bridge) by extensions ['colcon_pkg']
[0.918s] Level 1:colcon.colcon_core.package_identification:_identify(src/pwm_bridge) by extension 'colcon_pkg'
[0.918s] Level 1:colcon.colcon_core.package_identification:_identify(src/pwm_bridge) by extensions ['colcon_meta']
[0.918s] Level 1:colcon.colcon_core.package_identification:_identify(src/pwm_bridge) by extension 'colcon_meta'
[0.918s] Level 1:colcon.colcon_core.package_identification:_identify(src/pwm_bridge) by extensions ['ros']
[0.918s] Level 1:colcon.colcon_core.package_identification:_identify(src/pwm_bridge) by extension 'ros'
[0.919s] DEBUG:colcon.colcon_core.package_identification:Package 'src/pwm_bridge' with type 'ros.ament_python' and name 'arm_pwm_bridge'
[0.919s] Level 1:colcon.colcon_core.package_identification:_identify(src/teleop) by extensions ['ignore', 'ignore_ament_install']
[0.919s] Level 1:colcon.colcon_core.package_identification:_identify(src/teleop) by extension 'ignore'
[0.920s] Level 1:colcon.colcon_core.package_identification:_identify(src/teleop) by extension 'ignore_ament_install'
[0.921s] Level 1:colcon.colcon_core.package_identification:_identify(src/teleop) by extensions ['colcon_pkg']
[0.921s] Level 1:colcon.colcon_core.package_identification:_identify(src/teleop) by extension 'colcon_pkg'
[0.921s] Level 1:colcon.colcon_core.package_identification:_identify(src/teleop) by extensions ['colcon_meta']
[0.921s] Level 1:colcon.colcon_core.package_identification:_identify(src/teleop) by extension 'colcon_meta'
[0.921s] Level 1:colcon.colcon_core.package_identification:_identify(src/teleop) by extensions ['ros']
[0.921s] Level 1:colcon.colcon_core.package_identification:_identify(src/teleop) by extension 'ros'
[0.922s] DEBUG:colcon.colcon_core.package_identification:Package 'src/teleop' with type 'ros.ament_python' and name 'arm_teleop'
[0.922s] Level 1:colcon.colcon_core.package_discovery:discover_packages(recursive) using defaults
[0.922s] Level 1:colcon.colcon_core.package_discovery:discover_packages(ignore) discover
[0.922s] Level 1:colcon.colcon_core.package_discovery:discover_packages(ignore) using defaults
[0.922s] Level 1:colcon.colcon_core.package_discovery:discover_packages(path) discover
[0.922s] Level 1:colcon.colcon_core.package_discovery:discover_packages(path) using defaults
[0.970s] Level 1:colcon.colcon_core.package_discovery:discover_packages(prefix_path) check parameters
[0.970s] Level 1:colcon.colcon_core.package_discovery:discover_packages(prefix_path) discover
[0.972s] DEBUG:colcon.colcon_installed_package_information.package_discovery:Found 6 installed packages in /home/lukevizzini/arm_new/arm_code/install
[0.975s] DEBUG:colcon.colcon_installed_package_information.package_discovery:Found 418 installed packages in /opt/ros/humble
[0.978s] Level 1:colcon.colcon_core.package_discovery:discover_packages(prefix_path) using defaults
[1.045s] Level 5:colcon.colcon_core.verb:set package 'arm_config' build argument 'cmake_args' from command line to 'None'
[1.045s] Level 5:colcon.colcon_core.verb:set package 'arm_config' build argument 'cmake_target' from command line to 'None'
[1.045s] Level 5:colcon.colcon_core.verb:set package 'arm_config' build argument 'cmake_target_skip_unavailable' from command line to 'False'
[1.045s] Level 5:colcon.colcon_core.verb:set package 'arm_config' build argument 'cmake_clean_cache' from command line to 'False'
[1.045s] Level 5:colcon.colcon_core.verb:set package 'arm_config' build argument 'cmake_clean_first' from command line to 'False'
[1.045s] Level 5:colcon.colcon_core.verb:set package 'arm_config' build argument 'cmake_force_configure' from command line to 'False'
[1.045s] Level 5:colcon.colcon_core.verb:set package 'arm_config' build argument 'ament_cmake_args' from command line to 'None'
[1.045s] Level 5:colcon.colcon_core.verb:set package 'arm_config' build argument 'catkin_cmake_args' from command line to 'None'
[1.045s] Level 5:colcon.colcon_core.verb:set package 'arm_config' build argument 'catkin_skip_building_tests' from command line to 'False'
[1.045s] DEBUG:colcon.colcon_core.verb:Building package 'arm_config' with the following arguments: {'ament_cmake_args': None, 'build_base': '/home/lukevizzini/arm_new/arm_code/build/arm_config', 'catkin_cmake_args': None, 'catkin_skip_building_tests': False, 'cmake_args': None, 'cmake_clean_cache': False, 'cmake_clean_first': False, 'cmake_force_configure': False, 'cmake_target': None, 'cmake_target_skip_unavailable': False, 'install_base': '/home/lukevizzini/arm_new/arm_code/install/arm_config', 'merge_install': False, 'path': '/home/lukevizzini/arm_new/arm_code/src/config', 'symlink_install': True, 'test_result_base': None}
[1.046s] Level 5:colcon.colcon_core.verb:set package 'arm_pwm_bridge' build argument 'cmake_args' from command line to 'None'
[1.046s] Level 5:colcon.colcon_core.verb:set package 'arm_pwm_bridge' build argument 'cmake_target' from command line to 'None'
[1.046s] Level 5:colcon.colcon_core.verb:set package 'arm_pwm_bridge' build argument 'cmake_target_skip_unavailable' from command line to 'False'
[1.046s] Level 5:colcon.colcon_core.verb:set package 'arm_pwm_bridge' build argument 'cmake_clean_cache' from command line to 'False'
[1.046s] Level 5:colcon.colcon_core.verb:set package 'arm_pwm_bridge' build argument 'cmake_clean_first' from command line to 'False'
[1.046s] Level 5:colcon.colcon_core.verb:set package 'arm_pwm_bridge' build argument 'cmake_force_configure' from command line to 'False'
[1.046s] Level 5:colcon.colcon_core.verb:set package 'arm_pwm_bridge' build argument 'ament_cmake_args' from command line to 'None'
[1.046s] Level 5:colcon.colcon_core.verb:set package 'arm_pwm_bridge' build argument 'catkin_cmake_args' from command line to 'None'
[1.046s] Level 5:colcon.colcon_core.verb:set package 'arm_pwm_bridge' build argument 'catkin_skip_building_tests' from command line to 'False'
[1.046s] DEBUG:colcon.colcon_core.verb:Building package 'arm_pwm_bridge' with the following arguments: {'ament_cmake_args': None, 'build_base': '/home/lukevizzini/arm_new/arm_code/build/arm_pwm_bridge', 'catkin_cmake_args': None, 'catkin_skip_building_tests': False, 'cmake_args': None, 'cmake_clean_cache': False, 'cmake_clean_first': False, 'cmake_force_configure': False, 'cmake_target': None, 'cmake_target_skip_unavailable': False, 'install_base': '/home/lukevizzini/arm_new/arm_code/install/arm_pwm_bridge', 'merge_install': False, 'path': '/home/lukevizzini/arm_new/arm_code/src/pwm_bridge', 'symlink_install': True, 'test_result_base': None}
[1.047s] Level 5:colcon.colcon_core.verb:set package 'arm_teleop' build argument 'cmake_args' from command line to 'None'
[1.047s] Level 5:colcon.colcon_core.verb:set package 'arm_teleop' build argument 'cmake_target' from command line to 'None'
[1.047s] Level 5:colcon.colcon_core.verb:set package 'arm_teleop' build argument 'cmake_target_skip_unavailable' from command line to 'False'
[1.047s] Level 5:colcon.colcon_core.verb:set package 'arm_teleop' build argument 'cmake_clean_cache' from command line to 'False'
[1.047s] Level 5:colcon.colcon_core.verb:set package 'arm_teleop' build argument 'cmake_clean_first' from command line to 'False'
[1.047s] Level 5:colcon.colcon_core.verb:set package 'arm_teleop' build argument 'cmake_force_configure' from command line to 'False'
[1.047s] Level 5:colcon.colcon_core.verb:set package 'arm_teleop' build argument 'ament_cmake_args' from command line to 'None'
[1.048s] Level 5:colcon.colcon_core.verb:set package 'arm_teleop' build argument 'catkin_cmake_args' from command line to 'None'
[1.048s] Level 5:colcon.colcon_core.verb:set package 'arm_teleop' build argument 'catkin_skip_building_tests' from command line to 'False'
[1.048s] DEBUG:colcon.colcon_core.verb:Building package 'arm_teleop' with the following arguments: {'ament_cmake_args': None, 'build_base': '/home/lukevizzini/arm_new/arm_code/build/arm_teleop', 'catkin_cmake_args': None, 'catkin_skip_building_tests': False, 'cmake_args': None, 'cmake_clean_cache': False, 'cmake_clean_first': False, 'cmake_force_configure': False, 'cmake_target': None, 'cmake_target_skip_unavailable': False, 'install_base': '/home/lukevizzini/arm_new/arm_code/install/arm_teleop', 'merge_install': False, 'path': '/home/lukevizzini/arm_new/arm_code/src/teleop', 'symlink_install': True, 'test_result_base': None}
[1.048s] Level 5:colcon.colcon_core.verb:set package 'arm_description' build argument 'cmake_args' from command line to 'None'
[1.048s] Level 5:colcon.colcon_core.verb:set package 'arm_description' build argument 'cmake_target' from command line to 'None'
[1.049s] Level 5:colcon.colcon_core.verb:set package 'arm_description' build argument 'cmake_target_skip_unavailable' from command line to 'False'
[1.049s] Level 5:colcon.colcon_core.verb:set package 'arm_description' build argument 'cmake_clean_cache' from command line to 'False'
[1.049s] Level 5:colcon.colcon_core.verb:set package 'arm_description' build argument 'cmake_clean_first' from command line to 'False'
[1.049s] Level 5:colcon.colcon_core.verb:set package 'arm_description' build argument 'cmake_force_configure' from command line to 'False'
[1.049s] Level 5:colcon.colcon_core.verb:set package 'arm_description' build argument 'ament_cmake_args' from command line to 'None'
[1.049s] Level 5:colcon.colcon_core.verb:set package 'arm_description' build argument 'catkin_cmake_args' from command line to 'None'
[1.049s] Level 5:colcon.colcon_core.verb:set package 'arm_description' build argument 'catkin_skip_building_tests' from command line to 'False'
[1.049s] DEBUG:colcon.colcon_core.verb:Building package 'arm_description' with the following arguments: {'ament_cmake_args': None, 'build_base': '/home/lukevizzini/arm_new/arm_code/build/arm_description', 'catkin_cmake_args': None, 'catkin_skip_building_tests': False, 'cmake_args': None, 'cmake_clean_cache': False, 'cmake_clean_first': False, 'cmake_force_configure': False, 'cmake_target': None, 'cmake_target_skip_unavailable': False, 'install_base': '/home/lukevizzini/arm_new/arm_code/install/arm_description', 'merge_install': False, 'path': '/home/lukevizzini/arm_new/arm_code/src/description', 'symlink_install': True, 'test_result_base': None}
[1.049s] Level 5:colcon.colcon_core.verb:set package 'arm_bringup' build argument 'cmake_args' from command line to 'None'
[1.049s] Level 5:colcon.colcon_core.verb:set package 'arm_bringup' build argument 'cmake_target' from command line to 'None'
[1.049s] Level 5:colcon.colcon_core.verb:set package 'arm_bringup' build argument 'cmake_target_skip_unavailable' from command line to 'False'
[1.049s] Level 5:colcon.colcon_core.verb:set package 'arm_bringup' build argument 'cmake_clean_cache' from command line to 'False'
[1.049s] Level 5:colcon.colcon_core.verb:set package 'arm_bringup' build argument 'cmake_clean_first' from command line to 'False'
[1.049s] Level 5:colcon.colcon_core.verb:set package 'arm_bringup' build argument 'cmake_force_configure' from command line to 'False'
[1.050s] Level 5:colcon.colcon_core.verb:set package 'arm_bringup' build argument 'ament_cmake_args' from command line to 'None'
[1.050s] Level 5:colcon.colcon_core.verb:set package 'arm_bringup' build argument 'catkin_cmake_args' from command line to 'None'
[1.050s] Level 5:colcon.colcon_core.verb:set package 'arm_bringup' build argument 'catkin_skip_building_tests' from command line to 'False'
[1.050s] DEBUG:colcon.colcon_core.verb:Building package 'arm_bringup' with the following arguments: {'ament_cmake_args': None, 'build_base': '/home/lukevizzini/arm_new/arm_code/build/arm_bringup', 'catkin_cmake_args': None, 'catkin_skip_building_tests': False, 'cmake_args': None, 'cmake_clean_cache': False, 'cmake_clean_first': False, 'cmake_force_configure': False, 'cmake_target': None, 'cmake_target_skip_unavailable': False, 'install_base': '/home/lukevizzini/arm_new/arm_code/install/arm_bringup', 'merge_install': False, 'path': '/home/lukevizzini/arm_new/arm_code/src/bringup', 'symlink_install': True, 'test_result_base': None}
[1.050s] Level 5:colcon.colcon_core.verb:set package 'arm_launch' build argument 'cmake_args' from command line to 'None'
[1.050s] Level 5:colcon.colcon_core.verb:set package 'arm_launch' build argument 'cmake_target' from command line to 'None'
[1.050s] Level 5:colcon.colcon_core.verb:set package 'arm_launch' build argument 'cmake_target_skip_unavailable' from command line to 'False'
[1.051s] Level 5:colcon.colcon_core.verb:set package 'arm_launch' build argument 'cmake_clean_cache' from command line to 'False'
[1.051s] Level 5:colcon.colcon_core.verb:set package 'arm_launch' build argument 'cmake_clean_first' from command line to 'False'
[1.051s] Level 5:colcon.colcon_core.verb:set package 'arm_launch' build argument 'cmake_force_configure' from command line to 'False'
[1.051s] Level 5:colcon.colcon_core.verb:set package 'arm_launch' build argument 'ament_cmake_args' from command line to 'None'
[1.051s] Level 5:colcon.colcon_core.verb:set package 'arm_launch' build argument 'catkin_cmake_args' from command line to 'None'
[1.051s] Level 5:colcon.colcon_core.verb:set package 'arm_launch' build argument 'catkin_skip_building_tests' from command line to 'False'
[1.052s] DEBUG:colcon.colcon_core.verb:Building package 'arm_launch' with the following arguments: {'ament_cmake_args': None, 'build_base': '/home/lukevizzini/arm_new/arm_code/build/arm_launch', 'catkin_cmake_args': None, 'catkin_skip_building_tests': False, 'cmake_args': None, 'cmake_clean_cache': False, 'cmake_clean_first': False, 'cmake_force_configure': False, 'cmake_target': None, 'cmake_target_skip_unavailable': False, 'install_base': '/home/lukevizzini/arm_new/arm_code/install/arm_launch', 'merge_install': False, 'path': '/home/lukevizzini/arm_new/arm_code/src/launch', 'symlink_install': True, 'test_result_base': None}
[1.052s] INFO:colcon.colcon_core.executor:Executing jobs using 'parallel' executor
[1.054s] DEBUG:colcon.colcon_parallel_executor.executor.parallel:run_until_complete
[1.055s] INFO:colcon.colcon_ros.task.ament_cmake.build:Building ROS package in '/home/lukevizzini/arm_new/arm_code/src/config' with build type 'ament_cmake'
[1.055s] INFO:colcon.colcon_cmake.task.cmake.build:Building CMake package in '/home/lukevizzini/arm_new/arm_code/src/config'
[1.060s] INFO:colcon.colcon_core.plugin_system:Skipping extension 'colcon_core.shell.bat': Not used on non-Windows systems
[1.060s] INFO:colcon.colcon_core.shell:Skip shell extension 'powershell' for command environment: Not usable outside of PowerShell
[1.060s] DEBUG:colcon.colcon_core.shell:Skip shell extension 'dsv' for command environment
[1.066s] INFO:colcon.colcon_ros.task.ament_python.build:Building ROS package in '/home/lukevizzini/arm_new/arm_code/src/pwm_bridge' with build type 'ament_python'
[1.068s] Level 1:colcon.colcon_core.shell:create_environment_hook('arm_pwm_bridge', 'ament_prefix_path')
[1.068s] INFO:colcon.colcon_core.shell:Creating environment hook '/home/lukevizzini/arm_new/arm_code/install/arm_pwm_bridge/share/arm_pwm_bridge/hook/ament_prefix_path.ps1'
[1.070s] INFO:colcon.colcon_core.shell:Creating environment descriptor '/home/lukevizzini/arm_new/arm_code/install/arm_pwm_bridge/share/arm_pwm_bridge/hook/ament_prefix_path.dsv'
[1.072s] INFO:colcon.colcon_core.shell:Creating environment hook '/home/lukevizzini/arm_new/arm_code/install/arm_pwm_bridge/share/arm_pwm_bridge/hook/ament_prefix_path.sh'
[1.073s] INFO:colcon.colcon_core.shell:Skip shell extension 'powershell' for command environment: Not usable outside of PowerShell
[1.073s] DEBUG:colcon.colcon_core.shell:Skip shell extension 'dsv' for command environment
[1.079s] INFO:colcon.colcon_ros.task.ament_python.build:Building ROS package in '/home/lukevizzini/arm_new/arm_code/src/teleop' with build type 'ament_python'
[1.080s] Level 1:colcon.colcon_core.shell:create_environment_hook('arm_teleop', 'ament_prefix_path')
[1.080s] INFO:colcon.colcon_core.shell:Creating environment hook '/home/lukevizzini/arm_new/arm_code/install/arm_teleop/share/arm_teleop/hook/ament_prefix_path.ps1'
[1.081s] INFO:colcon.colcon_core.shell:Creating environment descriptor '/home/lukevizzini/arm_new/arm_code/install/arm_teleop/share/arm_teleop/hook/ament_prefix_path.dsv'
[1.082s] INFO:colcon.colcon_core.shell:Creating environment hook '/home/lukevizzini/arm_new/arm_code/install/arm_teleop/share/arm_teleop/hook/ament_prefix_path.sh'
[1.083s] INFO:colcon.colcon_core.shell:Skip shell extension 'powershell' for command environment: Not usable outside of PowerShell
[1.083s] DEBUG:colcon.colcon_core.shell:Skip shell extension 'dsv' for command environment
[1.100s] DEBUG:colcon.colcon_core.event_handler.log_command:Invoking command in '/home/lukevizzini/arm_new/arm_code/build/arm_config': CMAKE_PREFIX_PATH=${CMAKE_PREFIX_PATH}:/home/lukevizzini/arm_new/arm_code/install/arm_teleop:/home/lukevizzini/arm_new/arm_code/install/arm_pwm_bridge:/opt/ros/humble /usr/bin/cmake --build /home/lukevizzini/arm_new/arm_code/build/arm_config -- -j8 -l8
[1.610s] INFO:colcon.colcon_core.task.python.build:Building Python package in '/home/lukevizzini/arm_new/arm_code/src/pwm_bridge'
[1.612s] INFO:colcon.colcon_core.shell:Skip shell extension 'powershell' for command environment: Not usable outside of PowerShell
[1.612s] DEBUG:colcon.colcon_core.shell:Skip shell extension 'dsv' for command environment
[2.207s] INFO:colcon.colcon_core.task.python.build:Building Python package in '/home/lukevizzini/arm_new/arm_code/src/teleop'
[2.207s] INFO:colcon.colcon_core.shell:Skip shell extension 'powershell' for command environment: Not usable outside of PowerShell
[2.207s] DEBUG:colcon.colcon_core.shell:Skip shell extension 'dsv' for command environment
[2.215s] DEBUG:colcon.colcon_core.event_handler.log_command:Invoked command in '/home/lukevizzini/arm_new/arm_code/build/arm_config' returned '0': CMAKE_PREFIX_PATH=${CMAKE_PREFIX_PATH}:/home/lukevizzini/arm_new/arm_code/install/arm_teleop:/home/lukevizzini/arm_new/arm_code/install/arm_pwm_bridge:/opt/ros/humble /usr/bin/cmake --build /home/lukevizzini/arm_new/arm_code/build/arm_config -- -j8 -l8
[2.232s] DEBUG:colcon.colcon_core.event_handler.log_command:Invoking command in '/home/lukevizzini/arm_new/arm_code/build/arm_config': CMAKE_PREFIX_PATH=${CMAKE_PREFIX_PATH}:/home/lukevizzini/arm_new/arm_code/install/arm_teleop:/home/lukevizzini/arm_new/arm_code/install/arm_pwm_bridge:/opt/ros/humble /usr/bin/cmake --install /home/lukevizzini/arm_new/arm_code/build/arm_config
[2.271s] Level 1:colcon.colcon_core.environment:create_environment_scripts_only(arm_config)
[2.273s] DEBUG:colcon.colcon_core.event_handler.log_command:Invoked command in '/home/lukevizzini/arm_new/arm_code/build/arm_config' returned '0': CMAKE_PREFIX_PATH=${CMAKE_PREFIX_PATH}:/home/lukevizzini/arm_new/arm_code/install/arm_teleop:/home/lukevizzini/arm_new/arm_code/install/arm_pwm_bridge:/opt/ros/humble /usr/bin/cmake --install /home/lukevizzini/arm_new/arm_code/build/arm_config
[2.276s] Level 1:colcon.colcon_core.environment:checking '/home/lukevizzini/arm_new/arm_code/install/arm_config' for CMake module files
[2.277s] Level 1:colcon.colcon_core.environment:checking '/home/lukevizzini/arm_new/arm_code/install/arm_config' for CMake config files
[2.278s] Level 1:colcon.colcon_core.shell:create_environment_hook('arm_config', 'cmake_prefix_path')
[2.278s] INFO:colcon.colcon_core.shell:Creating environment hook '/home/lukevizzini/arm_new/arm_code/install/arm_config/share/arm_config/hook/cmake_prefix_path.ps1'
[2.279s] INFO:colcon.colcon_core.shell:Creating environment descriptor '/home/lukevizzini/arm_new/arm_code/install/arm_config/share/arm_config/hook/cmake_prefix_path.dsv'
[2.279s] INFO:colcon.colcon_core.shell:Creating environment hook '/home/lukevizzini/arm_new/arm_code/install/arm_config/share/arm_config/hook/cmake_prefix_path.sh'
[2.280s] Level 1:colcon.colcon_core.environment:checking '/home/lukevizzini/arm_new/arm_code/install/arm_config/bin'
[2.281s] Level 1:colcon.colcon_core.environment:checking '/home/lukevizzini/arm_new/arm_code/install/arm_config/lib/pkgconfig/arm_config.pc'
[2.281s] Level 1:colcon.colcon_core.environment:checking '/home/lukevizzini/arm_new/arm_code/install/arm_config/lib/python3.10/site-packages'
[2.281s] Level 1:colcon.colcon_core.environment:checking '/home/lukevizzini/arm_new/arm_code/install/arm_config/bin'
[2.282s] INFO:colcon.colcon_core.shell:Creating package script '/home/lukevizzini/arm_new/arm_code/install/arm_config/share/arm_config/package.ps1'
[2.283s] INFO:colcon.colcon_core.shell:Creating package descriptor '/home/lukevizzini/arm_new/arm_code/install/arm_config/share/arm_config/package.dsv'
[2.283s] INFO:colcon.colcon_core.shell:Creating package script '/home/lukevizzini/arm_new/arm_code/install/arm_config/share/arm_config/package.sh'
[2.284s] INFO:colcon.colcon_core.shell:Creating package script '/home/lukevizzini/arm_new/arm_code/install/arm_config/share/arm_config/package.bash'
[2.285s] INFO:colcon.colcon_core.shell:Creating package script '/home/lukevizzini/arm_new/arm_code/install/arm_config/share/arm_config/package.zsh'
[2.286s] Level 1:colcon.colcon_core.environment:create_file_with_runtime_dependencies(/home/lukevizzini/arm_new/arm_code/install/arm_config/share/colcon-core/packages/arm_config)
[2.288s] Level 1:colcon.colcon_core.environment:create_environment_scripts_only(arm_config)
[2.288s] Level 1:colcon.colcon_core.environment:checking '/home/lukevizzini/arm_new/arm_code/install/arm_config' for CMake module files
[2.289s] Level 1:colcon.colcon_core.environment:checking '/home/lukevizzini/arm_new/arm_code/install/arm_config' for CMake config files
[2.290s] Level 1:colcon.colcon_core.shell:create_environment_hook('arm_config', 'cmake_prefix_path')
[2.290s] INFO:colcon.colcon_core.shell:Creating environment hook '/home/lukevizzini/arm_new/arm_code/install/arm_config/share/arm_config/hook/cmake_prefix_path.ps1'
[2.292s] INFO:colcon.colcon_core.shell:Creating environment descriptor '/home/lukevizzini/arm_new/arm_code/install/arm_config/share/arm_config/hook/cmake_prefix_path.dsv'
[2.293s] INFO:colcon.colcon_core.shell:Creating environment hook '/home/lukevizzini/arm_new/arm_code/install/arm_config/share/arm_config/hook/cmake_prefix_path.sh'
[2.293s] Level 1:colcon.colcon_core.environment:checking '/home/lukevizzini/arm_new/arm_code/install/arm_config/bin'
[2.294s] Level 1:colcon.colcon_core.environment:checking '/home/lukevizzini/arm_new/arm_code/install/arm_config/lib/pkgconfig/arm_config.pc'
[2.294s] Level 1:colcon.colcon_core.environment:checking '/home/lukevizzini/arm_new/arm_code/install/arm_config/lib/python3.10/site-packages'
[2.294s] Level 1:colcon.colcon_core.environment:checking '/home/lukevizzini/arm_new/arm_code/install/arm_config/bin'
[2.295s] INFO:colcon.colcon_core.shell:Creating package script '/home/lukevizzini/arm_new/arm_code/install/arm_config/share/arm_config/package.ps1'
[2.296s] INFO:colcon.colcon_core.shell:Creating package descriptor '/home/lukevizzini/arm_new/arm_code/install/arm_config/share/arm_config/package.dsv'
[2.296s] INFO:colcon.colcon_core.shell:Creating package script '/home/lukevizzini/arm_new/arm_code/install/arm_config/share/arm_config/package.sh'
[2.297s] INFO:colcon.colcon_core.shell:Creating package script '/home/lukevizzini/arm_new/arm_code/install/arm_config/share/arm_config/package.bash'
[2.297s] INFO:colcon.colcon_core.shell:Creating package script '/home/lukevizzini/arm_new/arm_code/install/arm_config/share/arm_config/package.zsh'
[2.298s] Level 1:colcon.colcon_core.environment:create_file_with_runtime_dependencies(/home/lukevizzini/arm_new/arm_code/install/arm_config/share/colcon-core/packages/arm_config)
[2.298s] INFO:colcon.colcon_ros.task.ament_cmake.build:Building ROS package in '/home/lukevizzini/arm_new/arm_code/src/description' with build type 'ament_cmake'
[2.299s] INFO:colcon.colcon_cmake.task.cmake.build:Building CMake package in '/home/lukevizzini/arm_new/arm_code/src/description'
[2.299s] INFO:colcon.colcon_core.shell:Skip shell extension 'powershell' for command environment: Not usable outside of PowerShell
[2.300s] DEBUG:colcon.colcon_core.shell:Skip shell extension 'dsv' for command environment
[2.483s] DEBUG:colcon.colcon_core.event_handler.log_command:Invoking command in '/home/lukevizzini/arm_new/arm_code/build/arm_description': CMAKE_PREFIX_PATH=/home/lukevizzini/arm_new/arm_code/install/arm_config:/home/lukevizzini/arm_new/arm_code/install/arm_launch:/home/lukevizzini/arm_new/arm_code/install/arm_bringup:/home/lukevizzini/arm_new/arm_code/install/arm_description:/home/lukevizzini/arm_new/arm_code/install/arm_teleop:/home/lukevizzini/arm_new/arm_code/install/arm_pwm_bridge:/opt/ros/humble /usr/bin/cmake --build /home/lukevizzini/arm_new/arm_code/build/arm_description -- -j8 -l8
[2.546s] DEBUG:colcon.colcon_core.event_handler.log_command:Invoked command in '/home/lukevizzini/arm_new/arm_code/build/arm_description' returned '0': CMAKE_PREFIX_PATH=/home/lukevizzini/arm_new/arm_code/install/arm_config:/home/lukevizzini/arm_new/arm_code/install/arm_launch:/home/lukevizzini/arm_new/arm_code/install/arm_bringup:/home/lukevizzini/arm_new/arm_code/install/arm_description:/home/lukevizzini/arm_new/arm_code/install/arm_teleop:/home/lukevizzini/arm_new/arm_code/install/arm_pwm_bridge:/opt/ros/humble /usr/bin/cmake --build /home/lukevizzini/arm_new/arm_code/build/arm_description -- -j8 -l8
[2.549s] DEBUG:colcon.colcon_core.event_handler.log_command:Invoking command in '/home/lukevizzini/arm_new/arm_code/build/arm_description': CMAKE_PREFIX_PATH=/home/lukevizzini/arm_new/arm_code/install/arm_config:/home/lukevizzini/arm_new/arm_code/install/arm_launch:/home/lukevizzini/arm_new/arm_code/install/arm_bringup:/home/lukevizzini/arm_new/arm_code/install/arm_description:/home/lukevizzini/arm_new/arm_code/install/arm_teleop:/home/lukevizzini/arm_new/arm_code/install/arm_pwm_bridge:/opt/ros/humble /usr/bin/cmake --install /home/lukevizzini/arm_new/arm_code/build/arm_description
[2.593s] Level 1:colcon.colcon_core.environment:create_environment_scripts_only(arm_description)
[2.594s] Level 1:colcon.colcon_core.environment:checking '/home/lukevizzini/arm_new/arm_code/install/arm_description' for CMake module files
[2.596s] DEBUG:colcon.colcon_core.event_handler.log_command:Invoked command in '/home/lukevizzini/arm_new/arm_code/build/arm_description' returned '0': CMAKE_PREFIX_PATH=/home/lukevizzini/arm_new/arm_code/install/arm_config:/home/lukevizzini/arm_new/arm_code/install/arm_launch:/home/lukevizzini/arm_new/arm_code/install/arm_bringup:/home/lukevizzini/arm_new/arm_code/install/arm_description:/home/lukevizzini/arm_new/arm_code/install/arm_teleop:/home/lukevizzini/arm_new/arm_code/install/arm_pwm_bridge:/opt/ros/humble /usr/bin/cmake --install /home/lukevizzini/arm_new/arm_code/build/arm_description
[2.596s] Level 1:colcon.colcon_core.environment:checking '/home/lukevizzini/arm_new/arm_code/install/arm_description' for CMake config files
[2.597s] Level 1:colcon.colcon_core.shell:create_environment_hook('arm_description', 'cmake_prefix_path')
[2.598s] INFO:colcon.colcon_core.shell:Creating environment hook '/home/lukevizzini/arm_new/arm_code/install/arm_description/share/arm_description/hook/cmake_prefix_path.ps1'
[2.599s] INFO:colcon.colcon_core.shell:Creating environment descriptor '/home/lukevizzini/arm_new/arm_code/install/arm_description/share/arm_description/hook/cmake_prefix_path.dsv'
[2.600s] INFO:colcon.colcon_core.shell:Creating environment hook '/home/lukevizzini/arm_new/arm_code/install/arm_description/share/arm_description/hook/cmake_prefix_path.sh'
[2.601s] Level 1:colcon.colcon_core.environment:checking '/home/lukevizzini/arm_new/arm_code/install/arm_description/bin'
[2.601s] Level 1:colcon.colcon_core.environment:checking '/home/lukevizzini/arm_new/arm_code/install/arm_description/lib/pkgconfig/arm_description.pc'
[2.602s] Level 1:colcon.colcon_core.environment:checking '/home/lukevizzini/arm_new/arm_code/install/arm_description/lib/python3.10/site-packages'
[2.602s] Level 1:colcon.colcon_core.environment:checking '/home/lukevizzini/arm_new/arm_code/install/arm_description/bin'
[2.603s] INFO:colcon.colcon_core.shell:Creating package script '/home/lukevizzini/arm_new/arm_code/install/arm_description/share/arm_description/package.ps1'
[2.604s] INFO:colcon.colcon_core.shell:Creating package descriptor '/home/lukevizzini/arm_new/arm_code/install/arm_description/share/arm_description/package.dsv'
[2.605s] INFO:colcon.colcon_core.shell:Creating package script '/home/lukevizzini/arm_new/arm_code/install/arm_description/share/arm_description/package.sh'
[2.605s] INFO:colcon.colcon_core.shell:Creating package script '/home/lukevizzini/arm_new/arm_code/install/arm_description/share/arm_description/package.bash'
[2.606s] INFO:colcon.colcon_core.shell:Creating package script '/home/lukevizzini/arm_new/arm_code/install/arm_description/share/arm_description/package.zsh'
[2.606s] Level 1:colcon.colcon_core.environment:create_file_with_runtime_dependencies(/home/lukevizzini/arm_new/arm_code/install/arm_description/share/colcon-core/packages/arm_description)
[2.607s] Level 1:colcon.colcon_core.environment:create_environment_scripts_only(arm_description)
[2.608s] Level 1:colcon.colcon_core.environment:checking '/home/lukevizzini/arm_new/arm_code/install/arm_description' for CMake module files
[2.609s] Level 1:colcon.colcon_core.environment:checking '/home/lukevizzini/arm_new/arm_code/install/arm_description' for CMake config files
[2.610s] Level 1:colcon.colcon_core.shell:create_environment_hook('arm_description', 'cmake_prefix_path')
[2.610s] INFO:colcon.colcon_core.shell:Creating environment hook '/home/lukevizzini/arm_new/arm_code/install/arm_description/share/arm_description/hook/cmake_prefix_path.ps1'
[2.611s] INFO:colcon.colcon_core.shell:Creating environment descriptor '/home/lukevizzini/arm_new/arm_code/install/arm_description/share/arm_description/hook/cmake_prefix_path.dsv'
[2.612s] INFO:colcon.colcon_core.shell:Creating environment hook '/home/lukevizzini/arm_new/arm_code/install/arm_description/share/arm_description/hook/cmake_prefix_path.sh'
[2.613s] Level 1:colcon.colcon_core.environment:checking '/home/lukevizzini/arm_new/arm_code/install/arm_description/bin'
[2.613s] Level 1:colcon.colcon_core.environment:checking '/home/lukevizzini/arm_new/arm_code/install/arm_description/lib/pkgconfig/arm_description.pc'
[2.614s] Level 1:colcon.colcon_core.environment:checking '/home/lukevizzini/arm_new/arm_code/install/arm_description/lib/python3.10/site-packages'
[2.615s] Level 1:colcon.colcon_core.environment:checking '/home/lukevizzini/arm_new/arm_code/install/arm_description/bin'
[2.616s] INFO:colcon.colcon_core.shell:Creating package script '/home/lukevizzini/arm_new/arm_code/install/arm_description/share/arm_description/package.ps1'
[2.617s] INFO:colcon.colcon_core.shell:Creating package descriptor '/home/lukevizzini/arm_new/arm_code/install/arm_description/share/arm_description/package.dsv'
[2.619s] INFO:colcon.colcon_core.shell:Creating package script '/home/lukevizzini/arm_new/arm_code/install/arm_description/share/arm_description/package.sh'
[2.620s] INFO:colcon.colcon_core.shell:Creating package script '/home/lukevizzini/arm_new/arm_code/install/arm_description/share/arm_description/package.bash'
[2.622s] INFO:colcon.colcon_core.shell:Creating package script '/home/lukevizzini/arm_new/arm_code/install/arm_description/share/arm_description/package.zsh'
[2.623s] Level 1:colcon.colcon_core.environment:create_file_with_runtime_dependencies(/home/lukevizzini/arm_new/arm_code/install/arm_description/share/colcon-core/packages/arm_description)
[2.624s] INFO:colcon.colcon_ros.task.ament_cmake.build:Building ROS package in '/home/lukevizzini/arm_new/arm_code/src/bringup' with build type 'ament_cmake'
[2.625s] INFO:colcon.colcon_cmake.task.cmake.build:Building CMake package in '/home/lukevizzini/arm_new/arm_code/src/bringup'
[2.626s] INFO:colcon.colcon_core.shell:Skip shell extension 'powershell' for command environment: Not usable outside of PowerShell
[2.626s] DEBUG:colcon.colcon_core.shell:Skip shell extension 'dsv' for command environment
[2.897s] DEBUG:colcon.colcon_core.event_handler.log_command:Invoking command in '/home/lukevizzini/arm_new/arm_code/build/arm_teleop': PYTHONPATH=/home/lukevizzini/arm_new/arm_code/build/arm_teleop/prefix_override:/usr/lib/python3/dist-packages/colcon_core/task/python/colcon_distutils_commands:/home/lukevizzini/arm_new/arm_code/install/arm_teleop/lib/python3.10/site-packages:${PYTHONPATH} /usr/bin/python3 -W ignore:setup.py install is deprecated -W ignore:easy_install command is deprecated setup.py develop --editable --build-directory /home/lukevizzini/arm_new/arm_code/build/arm_teleop/build --no-deps symlink_data
[2.930s] DEBUG:colcon.colcon_core.event_handler.log_command:Invoking command in '/home/lukevizzini/arm_new/arm_code/build/arm_bringup': CMAKE_PREFIX_PATH=/home/lukevizzini/arm_new/arm_code/install/arm_description:/home/lukevizzini/arm_new/arm_code/install/arm_config:/home/lukevizzini/arm_new/arm_code/install/arm_launch:/home/lukevizzini/arm_new/arm_code/install/arm_bringup:/home/lukevizzini/arm_new/arm_code/install/arm_teleop:/home/lukevizzini/arm_new/arm_code/install/arm_pwm_bridge:/opt/ros/humble /usr/bin/cmake --build /home/lukevizzini/arm_new/arm_code/build/arm_bringup -- -j8 -l8
[2.934s] DEBUG:colcon.colcon_core.event_handler.log_command:Invoking command in '/home/lukevizzini/arm_new/arm_code/build/arm_pwm_bridge': PYTHONPATH=/home/lukevizzini/arm_new/arm_code/build/arm_pwm_bridge/prefix_override:/usr/lib/python3/dist-packages/colcon_core/task/python/colcon_distutils_commands:/home/lukevizzini/arm_new/arm_code/install/arm_pwm_bridge/lib/python3.10/site-packages:${PYTHONPATH} /usr/bin/python3 -W ignore:setup.py install is deprecated -W ignore:easy_install command is deprecated setup.py develop --editable --build-directory /home/lukevizzini/arm_new/arm_code/build/arm_pwm_bridge/build --no-deps symlink_data
[2.987s] DEBUG:colcon.colcon_core.event_handler.log_command:Invoked command in '/home/lukevizzini/arm_new/arm_code/build/arm_bringup' returned '0': CMAKE_PREFIX_PATH=/home/lukevizzini/arm_new/arm_code/install/arm_description:/home/lukevizzini/arm_new/arm_code/install/arm_config:/home/lukevizzini/arm_new/arm_code/install/arm_launch:/home/lukevizzini/arm_new/arm_code/install/arm_bringup:/home/lukevizzini/arm_new/arm_code/install/arm_teleop:/home/lukevizzini/arm_new/arm_code/install/arm_pwm_bridge:/opt/ros/humble /usr/bin/cmake --build /home/lukevizzini/arm_new/arm_code/build/arm_bringup -- -j8 -l8
[2.990s] DEBUG:colcon.colcon_core.event_handler.log_command:Invoking command in '/home/lukevizzini/arm_new/arm_code/build/arm_bringup': CMAKE_PREFIX_PATH=/home/lukevizzini/arm_new/arm_code/install/arm_description:/home/lukevizzini/arm_new/arm_code/install/arm_config:/home/lukevizzini/arm_new/arm_code/install/arm_launch:/home/lukevizzini/arm_new/arm_code/install/arm_bringup:/home/lukevizzini/arm_new/arm_code/install/arm_teleop:/home/lukevizzini/arm_new/arm_code/install/arm_pwm_bridge:/opt/ros/humble /usr/bin/cmake --install /home/lukevizzini/arm_new/arm_code/build/arm_bringup
[3.027s] Level 1:colcon.colcon_core.environment:create_environment_scripts_only(arm_bringup)
[3.028s] Level 1:colcon.colcon_core.environment:checking '/home/lukevizzini/arm_new/arm_code/install/arm_bringup' for CMake module files
[3.029s] DEBUG:colcon.colcon_core.event_handler.log_command:Invoked command in '/home/lukevizzini/arm_new/arm_code/build/arm_bringup' returned '0': CMAKE_PREFIX_PATH=/home/lukevizzini/arm_new/arm_code/install/arm_description:/home/lukevizzini/arm_new/arm_code/install/arm_config:/home/lukevizzini/arm_new/arm_code/install/arm_launch:/home/lukevizzini/arm_new/arm_code/install/arm_bringup:/home/lukevizzini/arm_new/arm_code/install/arm_teleop:/home/lukevizzini/arm_new/arm_code/install/arm_pwm_bridge:/opt/ros/humble /usr/bin/cmake --install /home/lukevizzini/arm_new/arm_code/build/arm_bringup
[3.030s] Level 1:colcon.colcon_core.environment:checking '/home/lukevizzini/arm_new/arm_code/install/arm_bringup' for CMake config files
[3.030s] Level 1:colcon.colcon_core.shell:create_environment_hook('arm_bringup', 'cmake_prefix_path')
[3.031s] INFO:colcon.colcon_core.shell:Creating environment hook '/home/lukevizzini/arm_new/arm_code/install/arm_bringup/share/arm_bringup/hook/cmake_prefix_path.ps1'
[3.032s] INFO:colcon.colcon_core.shell:Creating environment descriptor '/home/lukevizzini/arm_new/arm_code/install/arm_bringup/share/arm_bringup/hook/cmake_prefix_path.dsv'
[3.032s] INFO:colcon.colcon_core.shell:Creating environment hook '/home/lukevizzini/arm_new/arm_code/install/arm_bringup/share/arm_bringup/hook/cmake_prefix_path.sh'
[3.034s] Level 1:colcon.colcon_core.environment:checking '/home/lukevizzini/arm_new/arm_code/install/arm_bringup/bin'
[3.034s] Level 1:colcon.colcon_core.environment:checking '/home/lukevizzini/arm_new/arm_code/install/arm_bringup/lib/pkgconfig/arm_bringup.pc'
[3.035s] Level 1:colcon.colcon_core.environment:checking '/home/lukevizzini/arm_new/arm_code/install/arm_bringup/lib/python3.10/site-packages'
[3.035s] Level 1:colcon.colcon_core.environment:checking '/home/lukevizzini/arm_new/arm_code/install/arm_bringup/bin'
[3.036s] INFO:colcon.colcon_core.shell:Creating package script '/home/lukevizzini/arm_new/arm_code/install/arm_bringup/share/arm_bringup/package.ps1'
[3.037s] INFO:colcon.colcon_core.shell:Creating package descriptor '/home/lukevizzini/arm_new/arm_code/install/arm_bringup/share/arm_bringup/package.dsv'
[3.037s] INFO:colcon.colcon_core.shell:Creating package script '/home/lukevizzini/arm_new/arm_code/install/arm_bringup/share/arm_bringup/package.sh'
[3.038s] INFO:colcon.colcon_core.shell:Creating package script '/home/lukevizzini/arm_new/arm_code/install/arm_bringup/share/arm_bringup/package.bash'
[3.038s] INFO:colcon.colcon_core.shell:Creating package script '/home/lukevizzini/arm_new/arm_code/install/arm_bringup/share/arm_bringup/package.zsh'
[3.039s] Level 1:colcon.colcon_core.environment:create_file_with_runtime_dependencies(/home/lukevizzini/arm_new/arm_code/install/arm_bringup/share/colcon-core/packages/arm_bringup)
[3.040s] Level 1:colcon.colcon_core.environment:create_environment_scripts_only(arm_bringup)
[3.041s] Level 1:colcon.colcon_core.environment:checking '/home/lukevizzini/arm_new/arm_code/install/arm_bringup' for CMake module files
[3.041s] Level 1:colcon.colcon_core.environment:checking '/home/lukevizzini/arm_new/arm_code/install/arm_bringup' for CMake config files
[3.042s] Level 1:colcon.colcon_core.shell:create_environment_hook('arm_bringup', 'cmake_prefix_path')
[3.042s] INFO:colcon.colcon_core.shell:Creating environment hook '/home/lukevizzini/arm_new/arm_code/install/arm_bringup/share/arm_bringup/hook/cmake_prefix_path.ps1'
[3.043s] INFO:colcon.colcon_core.shell:Creating environment descriptor '/home/lukevizzini/arm_new/arm_code/install/arm_bringup/share/arm_bringup/hook/cmake_prefix_path.dsv'
[3.043s] INFO:colcon.colcon_core.shell:Creating environment hook '/home/lukevizzini/arm_new/arm_code/install/arm_bringup/share/arm_bringup/hook/cmake_prefix_path.sh'
[3.044s] Level 1:colcon.colcon_core.environment:checking '/home/lukevizzini/arm_new/arm_code/install/arm_bringup/bin'
[3.044s] Level 1:colcon.colcon_core.environment:checking '/home/lukevizzini/arm_new/arm_code/install/arm_bringup/lib/pkgconfig/arm_bringup.pc'
[3.045s] Level 1:colcon.colcon_core.environment:checking '/home/lukevizzini/arm_new/arm_code/install/arm_bringup/lib/python3.10/site-packages'
[3.045s] Level 1:colcon.colcon_core.environment:checking '/home/lukevizzini/arm_new/arm_code/install/arm_bringup/bin'
[3.046s] INFO:colcon.colcon_core.shell:Creating package script '/home/lukevizzini/arm_new/arm_code/install/arm_bringup/share/arm_bringup/package.ps1'
[3.047s] INFO:colcon.colcon_core.shell:Creating package descriptor '/home/lukevizzini/arm_new/arm_code/install/arm_bringup/share/arm_bringup/package.dsv'
[3.047s] INFO:colcon.colcon_core.shell:Creating package script '/home/lukevizzini/arm_new/arm_code/install/arm_bringup/share/arm_bringup/package.sh'
[3.048s] INFO:colcon.colcon_core.shell:Creating package script '/home/lukevizzini/arm_new/arm_code/install/arm_bringup/share/arm_bringup/package.bash'
[3.049s] INFO:colcon.colcon_core.shell:Creating package script '/home/lukevizzini/arm_new/arm_code/install/arm_bringup/share/arm_bringup/package.zsh'
[3.049s] Level 1:colcon.colcon_core.environment:create_file_with_runtime_dependencies(/home/lukevizzini/arm_new/arm_code/install/arm_bringup/share/colcon-core/packages/arm_bringup)
[3.620s] Level 1:colcon.colcon_core.shell:create_environment_hook('arm_teleop', 'pythonpath_develop')
[3.621s] INFO:colcon.colcon_core.shell:Creating environment hook '/home/lukevizzini/arm_new/arm_code/build/arm_teleop/share/arm_teleop/hook/pythonpath_develop.ps1'
[3.622s] DEBUG:colcon.colcon_core.event_handler.log_command:Invoked command in '/home/lukevizzini/arm_new/arm_code/build/arm_teleop' returned '0': PYTHONPATH=/home/lukevizzini/arm_new/arm_code/build/arm_teleop/prefix_override:/usr/lib/python3/dist-packages/colcon_core/task/python/colcon_distutils_commands:/home/lukevizzini/arm_new/arm_code/install/arm_teleop/lib/python3.10/site-packages:${PYTHONPATH} /usr/bin/python3 -W ignore:setup.py install is deprecated -W ignore:easy_install command is deprecated setup.py develop --editable --build-directory /home/lukevizzini/arm_new/arm_code/build/arm_teleop/build --no-deps symlink_data
[3.623s] INFO:colcon.colcon_core.shell:Creating environment descriptor '/home/lukevizzini/arm_new/arm_code/build/arm_teleop/share/arm_teleop/hook/pythonpath_develop.dsv'
[3.624s] INFO:colcon.colcon_core.shell:Creating environment hook '/home/lukevizzini/arm_new/arm_code/build/arm_teleop/share/arm_teleop/hook/pythonpath_develop.sh'
[3.625s] Level 1:colcon.colcon_core.environment:checking '/home/lukevizzini/arm_new/arm_code/install/arm_teleop' for CMake module files
[3.626s] Level 1:colcon.colcon_core.environment:checking '/home/lukevizzini/arm_new/arm_code/install/arm_teleop' for CMake config files
[3.627s] Level 1:colcon.colcon_core.environment:checking '/home/lukevizzini/arm_new/arm_code/install/arm_teleop/lib'
[3.628s] Level 1:colcon.colcon_core.environment:checking '/home/lukevizzini/arm_new/arm_code/install/arm_teleop/bin'
[3.628s] Level 1:colcon.colcon_core.environment:checking '/home/lukevizzini/arm_new/arm_code/install/arm_teleop/lib/pkgconfig/arm_teleop.pc'
[3.628s] Level 1:colcon.colcon_core.environment:checking '/home/lukevizzini/arm_new/arm_code/install/arm_teleop/lib/python3.10/site-packages'
[3.628s] Level 1:colcon.colcon_core.shell:create_environment_hook('arm_teleop', 'pythonpath')
[3.629s] INFO:colcon.colcon_core.shell:Creating environment hook '/home/lukevizzini/arm_new/arm_code/install/arm_teleop/share/arm_teleop/hook/pythonpath.ps1'
[3.630s] INFO:colcon.colcon_core.shell:Creating environment descriptor '/home/lukevizzini/arm_new/arm_code/install/arm_teleop/share/arm_teleop/hook/pythonpath.dsv'
[3.630s] INFO:colcon.colcon_core.shell:Creating environment hook '/home/lukevizzini/arm_new/arm_code/install/arm_teleop/share/arm_teleop/hook/pythonpath.sh'
[3.632s] Level 1:colcon.colcon_core.environment:checking '/home/lukevizzini/arm_new/arm_code/install/arm_teleop/bin'
[3.633s] Level 1:colcon.colcon_core.environment:create_environment_scripts_only(arm_teleop)
[3.633s] INFO:colcon.colcon_core.shell:Creating package script '/home/lukevizzini/arm_new/arm_code/install/arm_teleop/share/arm_teleop/package.ps1'
[3.634s] INFO:colcon.colcon_core.shell:Creating package descriptor '/home/lukevizzini/arm_new/arm_code/install/arm_teleop/share/arm_teleop/package.dsv'
[3.637s] INFO:colcon.colcon_core.shell:Creating package script '/home/lukevizzini/arm_new/arm_code/install/arm_teleop/share/arm_teleop/package.sh'
[3.637s] INFO:colcon.colcon_core.shell:Creating package script '/home/lukevizzini/arm_new/arm_code/install/arm_teleop/share/arm_teleop/package.bash'
[3.638s] INFO:colcon.colcon_core.shell:Creating package script '/home/lukevizzini/arm_new/arm_code/install/arm_teleop/share/arm_teleop/package.zsh'
[3.639s] Level 1:colcon.colcon_core.environment:create_file_with_runtime_dependencies(/home/lukevizzini/arm_new/arm_code/install/arm_teleop/share/colcon-core/packages/arm_teleop)
[3.650s] Level 1:colcon.colcon_core.shell:create_environment_hook('arm_pwm_bridge', 'pythonpath_develop')
[3.650s] INFO:colcon.colcon_core.shell:Creating environment hook '/home/lukevizzini/arm_new/arm_code/build/arm_pwm_bridge/share/arm_pwm_bridge/hook/pythonpath_develop.ps1'
[3.652s] DEBUG:colcon.colcon_core.event_handler.log_command:Invoked command in '/home/lukevizzini/arm_new/arm_code/build/arm_pwm_bridge' returned '0': PYTHONPATH=/home/lukevizzini/arm_new/arm_code/build/arm_pwm_bridge/prefix_override:/usr/lib/python3/dist-packages/colcon_core/task/python/colcon_distutils_commands:/home/lukevizzini/arm_new/arm_code/install/arm_pwm_bridge/lib/python3.10/site-packages:${PYTHONPATH} /usr/bin/python3 -W ignore:setup.py install is deprecated -W ignore:easy_install command is deprecated setup.py develop --editable --build-directory /home/lukevizzini/arm_new/arm_code/build/arm_pwm_bridge/build --no-deps symlink_data
[3.652s] INFO:colcon.colcon_core.shell:Creating environment descriptor '/home/lukevizzini/arm_new/arm_code/build/arm_pwm_bridge/share/arm_pwm_bridge/hook/pythonpath_develop.dsv'
[3.653s] INFO:colcon.colcon_core.shell:Creating environment hook '/home/lukevizzini/arm_new/arm_code/build/arm_pwm_bridge/share/arm_pwm_bridge/hook/pythonpath_develop.sh'
[3.654s] Level 1:colcon.colcon_core.environment:checking '/home/lukevizzini/arm_new/arm_code/install/arm_pwm_bridge' for CMake module files
[3.655s] Level 1:colcon.colcon_core.environment:checking '/home/lukevizzini/arm_new/arm_code/install/arm_pwm_bridge' for CMake config files
[3.656s] Level 1:colcon.colcon_core.environment:checking '/home/lukevizzini/arm_new/arm_code/install/arm_pwm_bridge/lib'
[3.657s] Level 1:colcon.colcon_core.environment:checking '/home/lukevizzini/arm_new/arm_code/install/arm_pwm_bridge/bin'
[3.657s] Level 1:colcon.colcon_core.environment:checking '/home/lukevizzini/arm_new/arm_code/install/arm_pwm_bridge/lib/pkgconfig/arm_pwm_bridge.pc'
[3.657s] Level 1:colcon.colcon_core.environment:checking '/home/lukevizzini/arm_new/arm_code/install/arm_pwm_bridge/lib/python3.10/site-packages'
[3.657s] Level 1:colcon.colcon_core.shell:create_environment_hook('arm_pwm_bridge', 'pythonpath')
[3.658s] INFO:colcon.colcon_core.shell:Creating environment hook '/home/lukevizzini/arm_new/arm_code/install/arm_pwm_bridge/share/arm_pwm_bridge/hook/pythonpath.ps1'
[3.659s] INFO:colcon.colcon_core.shell:Creating environment descriptor '/home/lukevizzini/arm_new/arm_code/install/arm_pwm_bridge/share/arm_pwm_bridge/hook/pythonpath.dsv'
[3.660s] INFO:colcon.colcon_core.shell:Creating environment hook '/home/lukevizzini/arm_new/arm_code/install/arm_pwm_bridge/share/arm_pwm_bridge/hook/pythonpath.sh'
[3.661s] Level 1:colcon.colcon_core.environment:checking '/home/lukevizzini/arm_new/arm_code/install/arm_pwm_bridge/bin'
[3.661s] Level 1:colcon.colcon_core.environment:create_environment_scripts_only(arm_pwm_bridge)
[3.662s] INFO:colcon.colcon_core.shell:Creating package script '/home/lukevizzini/arm_new/arm_code/install/arm_pwm_bridge/share/arm_pwm_bridge/package.ps1'
[3.664s] INFO:colcon.colcon_core.shell:Creating package descriptor '/home/lukevizzini/arm_new/arm_code/install/arm_pwm_bridge/share/arm_pwm_bridge/package.dsv'
[3.666s] INFO:colcon.colcon_core.shell:Creating package script '/home/lukevizzini/arm_new/arm_code/install/arm_pwm_bridge/share/arm_pwm_bridge/package.sh'
[3.668s] INFO:colcon.colcon_core.shell:Creating package script '/home/lukevizzini/arm_new/arm_code/install/arm_pwm_bridge/share/arm_pwm_bridge/package.bash'
[3.670s] INFO:colcon.colcon_core.shell:Creating package script '/home/lukevizzini/arm_new/arm_code/install/arm_pwm_bridge/share/arm_pwm_bridge/package.zsh'
[3.671s] Level 1:colcon.colcon_core.environment:create_file_with_runtime_dependencies(/home/lukevizzini/arm_new/arm_code/install/arm_pwm_bridge/share/colcon-core/packages/arm_pwm_bridge)
[3.673s] INFO:colcon.colcon_ros.task.ament_cmake.build:Building ROS package in '/home/lukevizzini/arm_new/arm_code/src/launch' with build type 'ament_cmake'
[3.674s] INFO:colcon.colcon_cmake.task.cmake.build:Building CMake package in '/home/lukevizzini/arm_new/arm_code/src/launch'
[3.675s] INFO:colcon.colcon_core.shell:Skip shell extension 'powershell' for command environment: Not usable outside of PowerShell
[3.676s] DEBUG:colcon.colcon_core.shell:Skip shell extension 'dsv' for command environment
[5.645s] DEBUG:colcon.colcon_core.event_handler.log_command:Invoking command in '/home/lukevizzini/arm_new/arm_code/build/arm_launch': AMENT_PREFIX_PATH=/home/lukevizzini/arm_new/arm_code/install/arm_teleop:/home/lukevizzini/arm_new/arm_code/install/arm_pwm_bridge:/home/lukevizzini/arm_new/arm_code/install/arm_launch:/home/lukevizzini/arm_new/arm_code/install/arm_bringup:/home/lukevizzini/arm_new/arm_code/install/arm_description:/home/lukevizzini/arm_new/arm_code/install/arm_config:/opt/ros/humble CMAKE_PREFIX_PATH=/home/lukevizzini/arm_new/arm_code/install/arm_bringup:/home/lukevizzini/arm_new/arm_code/install/arm_description:/home/lukevizzini/arm_new/arm_code/install/arm_config:/home/lukevizzini/arm_new/arm_code/install/arm_launch:/home/lukevizzini/arm_new/arm_code/install/arm_teleop:/home/lukevizzini/arm_new/arm_code/install/arm_pwm_bridge:/opt/ros/humble /usr/bin/cmake --build /home/lukevizzini/arm_new/arm_code/build/arm_launch -- -j8 -l8
[5.708s] DEBUG:colcon.colcon_core.event_handler.log_command:Invoked command in '/home/lukevizzini/arm_new/arm_code/build/arm_launch' returned '0': AMENT_PREFIX_PATH=/home/lukevizzini/arm_new/arm_code/install/arm_teleop:/home/lukevizzini/arm_new/arm_code/install/arm_pwm_bridge:/home/lukevizzini/arm_new/arm_code/install/arm_launch:/home/lukevizzini/arm_new/arm_code/install/arm_bringup:/home/lukevizzini/arm_new/arm_code/install/arm_description:/home/lukevizzini/arm_new/arm_code/install/arm_config:/opt/ros/humble CMAKE_PREFIX_PATH=/home/lukevizzini/arm_new/arm_code/install/arm_bringup:/home/lukevizzini/arm_new/arm_code/install/arm_description:/home/lukevizzini/arm_new/arm_code/install/arm_config:/home/lukevizzini/arm_new/arm_code/install/arm_launch:/home/lukevizzini/arm_new/arm_code/install/arm_teleop:/home/lukevizzini/arm_new/arm_code/install/arm_pwm_bridge:/opt/ros/humble /usr/bin/cmake --build /home/lukevizzini/arm_new/arm_code/build/arm_launch -- -j8 -l8
[5.712s] DEBUG:colcon.colcon_core.event_handler.log_command:Invoking command in '/home/lukevizzini/arm_new/arm_code/build/arm_launch': AMENT_PREFIX_PATH=/home/lukevizzini/arm_new/arm_code/install/arm_teleop:/home/lukevizzini/arm_new/arm_code/install/arm_pwm_bridge:/home/lukevizzini/arm_new/arm_code/install/arm_launch:/home/lukevizzini/arm_new/arm_code/install/arm_bringup:/home/lukevizzini/arm_new/arm_code/install/arm_description:/home/lukevizzini/arm_new/arm_code/install/arm_config:/opt/ros/humble CMAKE_PREFIX_PATH=/home/lukevizzini/arm_new/arm_code/install/arm_bringup:/home/lukevizzini/arm_new/arm_code/install/arm_description:/home/lukevizzini/arm_new/arm_code/install/arm_config:/home/lukevizzini/arm_new/arm_code/install/arm_launch:/home/lukevizzini/arm_new/arm_code/install/arm_teleop:/home/lukevizzini/arm_new/arm_code/install/arm_pwm_bridge:/opt/ros/humble /usr/bin/cmake --install /home/lukevizzini/arm_new/arm_code/build/arm_launch
[5.749s] Level 1:colcon.colcon_core.environment:create_environment_scripts_only(arm_launch)
[5.749s] Level 1:colcon.colcon_core.environment:checking '/home/lukevizzini/arm_new/arm_code/install/arm_launch' for CMake module files
[5.751s] DEBUG:colcon.colcon_core.event_handler.log_command:Invoked command in '/home/lukevizzini/arm_new/arm_code/build/arm_launch' returned '0': AMENT_PREFIX_PATH=/home/lukevizzini/arm_new/arm_code/install/arm_teleop:/home/lukevizzini/arm_new/arm_code/install/arm_pwm_bridge:/home/lukevizzini/arm_new/arm_code/install/arm_launch:/home/lukevizzini/arm_new/arm_code/install/arm_bringup:/home/lukevizzini/arm_new/arm_code/install/arm_description:/home/lukevizzini/arm_new/arm_code/install/arm_config:/opt/ros/humble CMAKE_PREFIX_PATH=/home/lukevizzini/arm_new/arm_code/install/arm_bringup:/home/lukevizzini/arm_new/arm_code/install/arm_description:/home/lukevizzini/arm_new/arm_code/install/arm_config:/home/lukevizzini/arm_new/arm_code/install/arm_launch:/home/lukevizzini/arm_new/arm_code/install/arm_teleop:/home/lukevizzini/arm_new/arm_code/install/arm_pwm_bridge:/opt/ros/humble /usr/bin/cmake --install /home/lukevizzini/arm_new/arm_code/build/arm_launch
[5.751s] Level 1:colcon.colcon_core.environment:checking '/home/lukevizzini/arm_new/arm_code/install/arm_launch' for CMake config files
[5.752s] Level 1:colcon.colcon_core.shell:create_environment_hook('arm_launch', 'cmake_prefix_path')
[5.752s] INFO:colcon.colcon_core.shell:Creating environment hook '/home/lukevizzini/arm_new/arm_code/install/arm_launch/share/arm_launch/hook/cmake_prefix_path.ps1'
[5.753s] INFO:colcon.colcon_core.shell:Creating environment descriptor '/home/lukevizzini/arm_new/arm_code/install/arm_launch/share/arm_launch/hook/cmake_prefix_path.dsv'
[5.753s] INFO:colcon.colcon_core.shell:Creating environment hook '/home/lukevizzini/arm_new/arm_code/install/arm_launch/share/arm_launch/hook/cmake_prefix_path.sh'
[5.754s] Level 1:colcon.colcon_core.environment:checking '/home/lukevizzini/arm_new/arm_code/install/arm_launch/bin'
[5.754s] Level 1:colcon.colcon_core.environment:checking '/home/lukevizzini/arm_new/arm_code/install/arm_launch/lib/pkgconfig/arm_launch.pc'
[5.755s] Level 1:colcon.colcon_core.environment:checking '/home/lukevizzini/arm_new/arm_code/install/arm_launch/lib/python3.10/site-packages'
[5.755s] Level 1:colcon.colcon_core.environment:checking '/home/lukevizzini/arm_new/arm_code/install/arm_launch/bin'
[5.756s] INFO:colcon.colcon_core.shell:Creating package script '/home/lukevizzini/arm_new/arm_code/install/arm_launch/share/arm_launch/package.ps1'
[5.757s] INFO:colcon.colcon_core.shell:Creating package descriptor '/home/lukevizzini/arm_new/arm_code/install/arm_launch/share/arm_launch/package.dsv'
[5.757s] INFO:colcon.colcon_core.shell:Creating package script '/home/lukevizzini/arm_new/arm_code/install/arm_launch/share/arm_launch/package.sh'
[5.758s] INFO:colcon.colcon_core.shell:Creating package script '/home/lukevizzini/arm_new/arm_code/install/arm_launch/share/arm_launch/package.bash'
[5.758s] INFO:colcon.colcon_core.shell:Creating package script '/home/lukevizzini/arm_new/arm_code/install/arm_launch/share/arm_launch/package.zsh'
[5.759s] Level 1:colcon.colcon_core.environment:create_file_with_runtime_dependencies(/home/lukevizzini/arm_new/arm_code/install/arm_launch/share/colcon-core/packages/arm_launch)
[5.759s] Level 1:colcon.colcon_core.environment:create_environment_scripts_only(arm_launch)
[5.760s] Level 1:colcon.colcon_core.environment:checking '/home/lukevizzini/arm_new/arm_code/install/arm_launch' for CMake module files
[5.760s] Level 1:colcon.colcon_core.environment:checking '/home/lukevizzini/arm_new/arm_code/install/arm_launch' for CMake config files
[5.761s] Level 1:colcon.colcon_core.shell:create_environment_hook('arm_launch', 'cmake_prefix_path')
[5.761s] INFO:colcon.colcon_core.shell:Creating environment hook '/home/lukevizzini/arm_new/arm_code/install/arm_launch/share/arm_launch/hook/cmake_prefix_path.ps1'
[5.761s] INFO:colcon.colcon_core.shell:Creating environment descriptor '/home/lukevizzini/arm_new/arm_code/install/arm_launch/share/arm_launch/hook/cmake_prefix_path.dsv'
[5.762s] INFO:colcon.colcon_core.shell:Creating environment hook '/home/lukevizzini/arm_new/arm_code/install/arm_launch/share/arm_launch/hook/cmake_prefix_path.sh'
[5.763s] Level 1:colcon.colcon_core.environment:checking '/home/lukevizzini/arm_new/arm_code/install/arm_launch/bin'
[5.763s] Level 1:colcon.colcon_core.environment:checking '/home/lukevizzini/arm_new/arm_code/install/arm_launch/lib/pkgconfig/arm_launch.pc'
[5.764s] Level 1:colcon.colcon_core.environment:checking '/home/lukevizzini/arm_new/arm_code/install/arm_launch/lib/python3.10/site-packages'
[5.764s] Level 1:colcon.colcon_core.environment:checking '/home/lukevizzini/arm_new/arm_code/install/arm_launch/bin'
[5.764s] INFO:colcon.colcon_core.shell:Creating package script '/home/lukevizzini/arm_new/arm_code/install/arm_launch/share/arm_launch/package.ps1'
[5.765s] INFO:colcon.colcon_core.shell:Creating package descriptor '/home/lukevizzini/arm_new/arm_code/install/arm_launch/share/arm_launch/package.dsv'
[5.766s] INFO:colcon.colcon_core.shell:Creating package script '/home/lukevizzini/arm_new/arm_code/install/arm_launch/share/arm_launch/package.sh'
[5.767s] INFO:colcon.colcon_core.shell:Creating package script '/home/lukevizzini/arm_new/arm_code/install/arm_launch/share/arm_launch/package.bash'
[5.768s] INFO:colcon.colcon_core.shell:Creating package script '/home/lukevizzini/arm_new/arm_code/install/arm_launch/share/arm_launch/package.zsh'
[5.769s] Level 1:colcon.colcon_core.environment:create_file_with_runtime_dependencies(/home/lukevizzini/arm_new/arm_code/install/arm_launch/share/colcon-core/packages/arm_launch)
[5.769s] DEBUG:colcon.colcon_parallel_executor.executor.parallel:closing loop
[5.770s] DEBUG:colcon.colcon_parallel_executor.executor.parallel:loop closed
[5.772s] DEBUG:colcon.colcon_parallel_executor.executor.parallel:run_until_complete finished with '0'
[5.772s] DEBUG:colcon.colcon_core.event_reactor:joining thread
[5.912s] INFO:colcon.colcon_core.plugin_system:Skipping extension 'colcon_notification.desktop_notification.notify_send': Could not find 'notify-send'
[5.912s] INFO:colcon.colcon_core.plugin_system:Skipping extension 'colcon_notification.desktop_notification.terminal_notifier': Not used on non-Darwin systems
[5.912s] INFO:colcon.colcon_core.plugin_system:Skipping extension 'colcon_notification.desktop_notification.win32': Not used on non-Windows systems
[5.912s] INFO:colcon.colcon_notification.desktop_notification:Sending desktop notification using 'notify2'
[5.916s] DEBUG:colcon.colcon_notification.desktop_notification.notify2:Failed to initialize notify2: org.freedesktop.DBus.Error.ServiceUnknown: The name org.freedesktop.Notifications was not provided by any .service files
[5.916s] DEBUG:colcon.colcon_core.event_reactor:joined thread
[5.917s] INFO:colcon.colcon_core.shell:Creating prefix script '/home/lukevizzini/arm_new/arm_code/install/local_setup.ps1'
[5.919s] INFO:colcon.colcon_core.shell:Creating prefix util module '/home/lukevizzini/arm_new/arm_code/install/_local_setup_util_ps1.py'
[5.922s] INFO:colcon.colcon_core.shell:Creating prefix chain script '/home/lukevizzini/arm_new/arm_code/install/setup.ps1'
[5.924s] INFO:colcon.colcon_core.shell:Creating prefix script '/home/lukevizzini/arm_new/arm_code/install/local_setup.sh'
[5.925s] INFO:colcon.colcon_core.shell:Creating prefix util module '/home/lukevizzini/arm_new/arm_code/install/_local_setup_util_sh.py'
[5.926s] INFO:colcon.colcon_core.shell:Creating prefix chain script '/home/lukevizzini/arm_new/arm_code/install/setup.sh'
[5.928s] INFO:colcon.colcon_core.shell:Creating prefix script '/home/lukevizzini/arm_new/arm_code/install/local_setup.bash'
[5.929s] INFO:colcon.colcon_core.shell:Creating prefix chain script '/home/lukevizzini/arm_new/arm_code/install/setup.bash'
[5.932s] INFO:colcon.colcon_core.shell:Creating prefix script '/home/lukevizzini/arm_new/arm_code/install/local_setup.zsh'
[5.933s] INFO:colcon.colcon_core.shell:Creating prefix chain script '/home/lukevizzini/arm_new/arm_code/install/setup.zsh'
