[0.254s] DEBUG:colcon:Command line arguments: ['/usr/bin/colcon', 'build', '--symlink-install']
[0.254s] DEBUG:colcon:Parsed command line arguments: Namespace(log_base=None, log_level=None, verb_name='build', build_base='build', install_base='install', merge_install=False, symlink_install=True, test_result_base=None, continue_on_error=False, executor='parallel', parallel_workers=8, event_handlers=None, ignore_user_meta=False, metas=['./colcon.meta'], base_paths=['.'], packages_ignore=None, packages_ignore_regex=None, paths=None, packages_up_to=None, packages_up_to_regex=None, packages_above=None, packages_above_and_dependencies=None, packages_above_depth=None, packages_select_by_dep=None, packages_skip_by_dep=None, packages_skip_up_to=None, packages_select_build_failed=False, packages_skip_build_finished=False, packages_select_test_failures=False, packages_skip_test_passed=False, packages_select=None, packages_skip=None, packages_select_regex=None, packages_skip_regex=None, packages_start=None, packages_end=None, allow_overriding=[], cmake_args=None, cmake_target=None, cmake_target_skip_unavailable=False, cmake_clean_cache=False, cmake_clean_first=False, cmake_force_configure=False, ament_cmake_args=None, catkin_cmake_args=None, catkin_skip_building_tests=False, verb_parser=<colcon_defaults.argument_parser.defaults.DefaultArgumentsDecorator object at 0x7fc94ae76b00>, verb_extension=<colcon_core.verb.build.BuildVerb object at 0x7fc94ae766b0>, main=<bound method BuildVerb.main of <colcon_core.verb.build.BuildVerb object at 0x7fc94ae766b0>>)
[0.543s] Level 1:colcon.colcon_core.package_discovery:discover_packages(colcon_meta) check parameters
[0.543s] Level 1:colcon.colcon_core.package_discovery:discover_packages(recursive) check parameters
[0.543s] Level 1:colcon.colcon_core.package_discovery:discover_packages(ignore) check parameters
[0.543s] Level 1:colcon.colcon_core.package_discovery:discover_packages(path) check parameters
[0.543s] Level 1:colcon.colcon_core.package_discovery:discover_packages(colcon_meta) discover
[0.543s] Level 1:colcon.colcon_core.package_discovery:discover_packages(recursive) discover
[0.544s] INFO:colcon.colcon_core.package_discovery:Crawling recursively for packages in '/home/lukevizzini/logitech_arm_code/arm_code/arm_code_logitech'
[0.544s] Level 1:colcon.colcon_core.package_identification:_identify(.) by extensions ['ignore', 'ignore_ament_install']
[0.544s] Level 1:colcon.colcon_core.package_identification:_identify(.) by extension 'ignore'
[0.544s] Level 1:colcon.colcon_core.package_identification:_identify(.) by extension 'ignore_ament_install'
[0.544s] Level 1:colcon.colcon_core.package_identification:_identify(.) by extensions ['colcon_pkg']
[0.544s] Level 1:colcon.colcon_core.package_identification:_identify(.) by extension 'colcon_pkg'
[0.544s] Level 1:colcon.colcon_core.package_identification:_identify(.) by extensions ['colcon_meta']
[0.544s] Level 1:colcon.colcon_core.package_identification:_identify(.) by extension 'colcon_meta'
[0.544s] Level 1:colcon.colcon_core.package_identification:_identify(.) by extensions ['ros']
[0.544s] Level 1:colcon.colcon_core.package_identification:_identify(.) by extension 'ros'
[0.558s] Level 1:colcon.colcon_core.package_identification:_identify(.) by extensions ['cmake', 'python']
[0.558s] Level 1:colcon.colcon_core.package_identification:_identify(.) by extension 'cmake'
[0.558s] Level 1:colcon.colcon_core.package_identification:_identify(.) by extension 'python'
[0.558s] Level 1:colcon.colcon_core.package_identification:_identify(.) by extensions ['python_setup_py']
[0.558s] Level 1:colcon.colcon_core.package_identification:_identify(.) by extension 'python_setup_py'
[0.559s] Level 1:colcon.colcon_core.package_identification:_identify(build) by extensions ['ignore', 'ignore_ament_install']
[0.559s] Level 1:colcon.colcon_core.package_identification:_identify(build) by extension 'ignore'
[0.559s] Level 1:colcon.colcon_core.package_identification:_identify(build) ignored
[0.559s] Level 1:colcon.colcon_core.package_identification:_identify(install) by extensions ['ignore', 'ignore_ament_install']
[0.559s] Level 1:colcon.colcon_core.package_identification:_identify(install) by extension 'ignore'
[0.559s] Level 1:colcon.colcon_core.package_identification:_identify(install) ignored
[0.559s] Level 1:colcon.colcon_core.package_identification:_identify(log) by extensions ['ignore', 'ignore_ament_install']
[0.559s] Level 1:colcon.colcon_core.package_identification:_identify(log) by extension 'ignore'
[0.559s] Level 1:colcon.colcon_core.package_identification:_identify(log) ignored
[0.559s] Level 1:colcon.colcon_core.package_identification:_identify(src) by extensions ['ignore', 'ignore_ament_install']
[0.559s] Level 1:colcon.colcon_core.package_identification:_identify(src) by extension 'ignore'
[0.560s] Level 1:colcon.colcon_core.package_identification:_identify(src) by extension 'ignore_ament_install'
[0.560s] Level 1:colcon.colcon_core.package_identification:_identify(src) by extensions ['colcon_pkg']
[0.560s] Level 1:colcon.colcon_core.package_identification:_identify(src) by extension 'colcon_pkg'
[0.560s] Level 1:colcon.colcon_core.package_identification:_identify(src) by extensions ['colcon_meta']
[0.560s] Level 1:colcon.colcon_core.package_identification:_identify(src) by extension 'colcon_meta'
[0.560s] Level 1:colcon.colcon_core.package_identification:_identify(src) by extensions ['ros']
[0.560s] Level 1:colcon.colcon_core.package_identification:_identify(src) by extension 'ros'
[0.560s] Level 1:colcon.colcon_core.package_identification:_identify(src) by extensions ['cmake', 'python']
[0.560s] Level 1:colcon.colcon_core.package_identification:_identify(src) by extension 'cmake'
[0.560s] Level 1:colcon.colcon_core.package_identification:_identify(src) by extension 'python'
[0.560s] Level 1:colcon.colcon_core.package_identification:_identify(src) by extensions ['python_setup_py']
[0.560s] Level 1:colcon.colcon_core.package_identification:_identify(src) by extension 'python_setup_py'
[0.560s] Level 1:colcon.colcon_core.package_identification:_identify(src/bringup) by extensions ['ignore', 'ignore_ament_install']
[0.560s] Level 1:colcon.colcon_core.package_identification:_identify(src/bringup) by extension 'ignore'
[0.560s] Level 1:colcon.colcon_core.package_identification:_identify(src/bringup) by extension 'ignore_ament_install'
[0.561s] Level 1:colcon.colcon_core.package_identification:_identify(src/bringup) by extensions ['colcon_pkg']
[0.561s] Level 1:colcon.colcon_core.package_identification:_identify(src/bringup) by extension 'colcon_pkg'
[0.561s] Level 1:colcon.colcon_core.package_identification:_identify(src/bringup) by extensions ['colcon_meta']
[0.561s] Level 1:colcon.colcon_core.package_identification:_identify(src/bringup) by extension 'colcon_meta'
[0.561s] Level 1:colcon.colcon_core.package_identification:_identify(src/bringup) by extensions ['ros']
[0.561s] Level 1:colcon.colcon_core.package_identification:_identify(src/bringup) by extension 'ros'
[0.567s] DEBUG:colcon.colcon_core.package_identification:Package 'src/bringup' with type 'ros.ament_cmake' and name 'arm_bringup'
[0.567s] Level 1:colcon.colcon_core.package_identification:_identify(src/config) by extensions ['ignore', 'ignore_ament_install']
[0.568s] Level 1:colcon.colcon_core.package_identification:_identify(src/config) by extension 'ignore'
[0.568s] Level 1:colcon.colcon_core.package_identification:_identify(src/config) by extension 'ignore_ament_install'
[0.568s] Level 1:colcon.colcon_core.package_identification:_identify(src/config) by extensions ['colcon_pkg']
[0.569s] Level 1:colcon.colcon_core.package_identification:_identify(src/config) by extension 'colcon_pkg'
[0.569s] Level 1:colcon.colcon_core.package_identification:_identify(src/config) by extensions ['colcon_meta']
[0.569s] Level 1:colcon.colcon_core.package_identification:_identify(src/config) by extension 'colcon_meta'
[0.569s] Level 1:colcon.colcon_core.package_identification:_identify(src/config) by extensions ['ros']
[0.569s] Level 1:colcon.colcon_core.package_identification:_identify(src/config) by extension 'ros'
[0.571s] DEBUG:colcon.colcon_core.package_identification:Package 'src/config' with type 'ros.ament_cmake' and name 'arm_config'
[0.571s] Level 1:colcon.colcon_core.package_identification:_identify(src/description) by extensions ['ignore', 'ignore_ament_install']
[0.572s] Level 1:colcon.colcon_core.package_identification:_identify(src/description) by extension 'ignore'
[0.572s] Level 1:colcon.colcon_core.package_identification:_identify(src/description) by extension 'ignore_ament_install'
[0.572s] Level 1:colcon.colcon_core.package_identification:_identify(src/description) by extensions ['colcon_pkg']
[0.572s] Level 1:colcon.colcon_core.package_identification:_identify(src/description) by extension 'colcon_pkg'
[0.573s] Level 1:colcon.colcon_core.package_identification:_identify(src/description) by extensions ['colcon_meta']
[0.573s] Level 1:colcon.colcon_core.package_identification:_identify(src/description) by extension 'colcon_meta'
[0.573s] Level 1:colcon.colcon_core.package_identification:_identify(src/description) by extensions ['ros']
[0.573s] Level 1:colcon.colcon_core.package_identification:_identify(src/description) by extension 'ros'
[0.574s] DEBUG:colcon.colcon_core.package_identification:Package 'src/description' with type 'ros.ament_cmake' and name 'arm_description'
[0.575s] Level 1:colcon.colcon_core.package_identification:_identify(src/launch) by extensions ['ignore', 'ignore_ament_install']
[0.575s] Level 1:colcon.colcon_core.package_identification:_identify(src/launch) by extension 'ignore'
[0.575s] Level 1:colcon.colcon_core.package_identification:_identify(src/launch) by extension 'ignore_ament_install'
[0.575s] Level 1:colcon.colcon_core.package_identification:_identify(src/launch) by extensions ['colcon_pkg']
[0.575s] Level 1:colcon.colcon_core.package_identification:_identify(src/launch) by extension 'colcon_pkg'
[0.575s] Level 1:colcon.colcon_core.package_identification:_identify(src/launch) by extensions ['colcon_meta']
[0.575s] Level 1:colcon.colcon_core.package_identification:_identify(src/launch) by extension 'colcon_meta'
[0.576s] Level 1:colcon.colcon_core.package_identification:_identify(src/launch) by extensions ['ros']
[0.576s] Level 1:colcon.colcon_core.package_identification:_identify(src/launch) by extension 'ros'
[0.577s] DEBUG:colcon.colcon_core.package_identification:Package 'src/launch' with type 'ros.ament_cmake' and name 'arm_launch'
[0.578s] Level 1:colcon.colcon_core.package_identification:_identify(src/pwm_bridge) by extensions ['ignore', 'ignore_ament_install']
[0.578s] Level 1:colcon.colcon_core.package_identification:_identify(src/pwm_bridge) by extension 'ignore'
[0.578s] Level 1:colcon.colcon_core.package_identification:_identify(src/pwm_bridge) by extension 'ignore_ament_install'
[0.578s] Level 1:colcon.colcon_core.package_identification:_identify(src/pwm_bridge) by extensions ['colcon_pkg']
[0.578s] Level 1:colcon.colcon_core.package_identification:_identify(src/pwm_bridge) by extension 'colcon_pkg'
[0.578s] Level 1:colcon.colcon_core.package_identification:_identify(src/pwm_bridge) by extensions ['colcon_meta']
[0.579s] Level 1:colcon.colcon_core.package_identification:_identify(src/pwm_bridge) by extension 'colcon_meta'
[0.579s] Level 1:colcon.colcon_core.package_identification:_identify(src/pwm_bridge) by extensions ['ros']
[0.579s] Level 1:colcon.colcon_core.package_identification:_identify(src/pwm_bridge) by extension 'ros'
[0.581s] DEBUG:colcon.colcon_core.package_identification:Package 'src/pwm_bridge' with type 'ros.ament_python' and name 'arm_pwm_bridge'
[0.581s] Level 1:colcon.colcon_core.package_identification:_identify(src/teleop) by extensions ['ignore', 'ignore_ament_install']
[0.581s] Level 1:colcon.colcon_core.package_identification:_identify(src/teleop) by extension 'ignore'
[0.581s] Level 1:colcon.colcon_core.package_identification:_identify(src/teleop) by extension 'ignore_ament_install'
[0.581s] Level 1:colcon.colcon_core.package_identification:_identify(src/teleop) by extensions ['colcon_pkg']
[0.582s] Level 1:colcon.colcon_core.package_identification:_identify(src/teleop) by extension 'colcon_pkg'
[0.582s] Level 1:colcon.colcon_core.package_identification:_identify(src/teleop) by extensions ['colcon_meta']
[0.582s] Level 1:colcon.colcon_core.package_identification:_identify(src/teleop) by extension 'colcon_meta'
[0.582s] Level 1:colcon.colcon_core.package_identification:_identify(src/teleop) by extensions ['ros']
[0.582s] Level 1:colcon.colcon_core.package_identification:_identify(src/teleop) by extension 'ros'
[0.584s] DEBUG:colcon.colcon_core.package_identification:Package 'src/teleop' with type 'ros.ament_python' and name 'arm_teleop'
[0.584s] Level 1:colcon.colcon_core.package_discovery:discover_packages(recursive) using defaults
[0.584s] Level 1:colcon.colcon_core.package_discovery:discover_packages(ignore) discover
[0.584s] Level 1:colcon.colcon_core.package_discovery:discover_packages(ignore) using defaults
[0.584s] Level 1:colcon.colcon_core.package_discovery:discover_packages(path) discover
[0.584s] Level 1:colcon.colcon_core.package_discovery:discover_packages(path) using defaults
[0.638s] Level 1:colcon.colcon_core.package_discovery:discover_packages(prefix_path) check parameters
[0.638s] Level 1:colcon.colcon_core.package_discovery:discover_packages(prefix_path) discover
[0.644s] DEBUG:colcon.colcon_installed_package_information.package_discovery:Found 6 installed packages in /home/lukevizzini/logitech_arm_code/arm_code/arm_code_logitech/install
[0.645s] DEBUG:colcon.colcon_installed_package_information.package_discovery:Found 6 installed packages in /home/lukevizzini/arm_v3/arm_code/install
[0.646s] DEBUG:colcon.colcon_installed_package_information.package_discovery:Found 6 installed packages in /home/lukevizzini/arm_new_v2/arm_code/install
[0.647s] DEBUG:colcon.colcon_installed_package_information.package_discovery:Found 421 installed packages in /opt/ros/humble
[0.649s] Level 1:colcon.colcon_core.package_discovery:discover_packages(prefix_path) using defaults
[0.727s] Level 5:colcon.colcon_core.verb:set package 'arm_config' build argument 'cmake_args' from command line to 'None'
[0.727s] Level 5:colcon.colcon_core.verb:set package 'arm_config' build argument 'cmake_target' from command line to 'None'
[0.727s] Level 5:colcon.colcon_core.verb:set package 'arm_config' build argument 'cmake_target_skip_unavailable' from command line to 'False'
[0.727s] Level 5:colcon.colcon_core.verb:set package 'arm_config' build argument 'cmake_clean_cache' from command line to 'False'
[0.728s] Level 5:colcon.colcon_core.verb:set package 'arm_config' build argument 'cmake_clean_first' from command line to 'False'
[0.728s] Level 5:colcon.colcon_core.verb:set package 'arm_config' build argument 'cmake_force_configure' from command line to 'False'
[0.728s] Level 5:colcon.colcon_core.verb:set package 'arm_config' build argument 'ament_cmake_args' from command line to 'None'
[0.728s] Level 5:colcon.colcon_core.verb:set package 'arm_config' build argument 'catkin_cmake_args' from command line to 'None'
[0.728s] Level 5:colcon.colcon_core.verb:set package 'arm_config' build argument 'catkin_skip_building_tests' from command line to 'False'
[0.728s] DEBUG:colcon.colcon_core.verb:Building package 'arm_config' with the following arguments: {'ament_cmake_args': None, 'build_base': '/home/lukevizzini/logitech_arm_code/arm_code/arm_code_logitech/build/arm_config', 'catkin_cmake_args': None, 'catkin_skip_building_tests': False, 'cmake_args': None, 'cmake_clean_cache': False, 'cmake_clean_first': False, 'cmake_force_configure': False, 'cmake_target': None, 'cmake_target_skip_unavailable': False, 'install_base': '/home/lukevizzini/logitech_arm_code/arm_code/arm_code_logitech/install/arm_config', 'merge_install': False, 'path': '/home/lukevizzini/logitech_arm_code/arm_code/arm_code_logitech/src/config', 'symlink_install': True, 'test_result_base': None}
[0.728s] Level 5:colcon.colcon_core.verb:set package 'arm_pwm_bridge' build argument 'cmake_args' from command line to 'None'
[0.728s] Level 5:colcon.colcon_core.verb:set package 'arm_pwm_bridge' build argument 'cmake_target' from command line to 'None'
[0.728s] Level 5:colcon.colcon_core.verb:set package 'arm_pwm_bridge' build argument 'cmake_target_skip_unavailable' from command line to 'False'
[0.728s] Level 5:colcon.colcon_core.verb:set package 'arm_pwm_bridge' build argument 'cmake_clean_cache' from command line to 'False'
[0.728s] Level 5:colcon.colcon_core.verb:set package 'arm_pwm_bridge' build argument 'cmake_clean_first' from command line to 'False'
[0.728s] Level 5:colcon.colcon_core.verb:set package 'arm_pwm_bridge' build argument 'cmake_force_configure' from command line to 'False'
[0.728s] Level 5:colcon.colcon_core.verb:set package 'arm_pwm_bridge' build argument 'ament_cmake_args' from command line to 'None'
[0.728s] Level 5:colcon.colcon_core.verb:set package 'arm_pwm_bridge' build argument 'catkin_cmake_args' from command line to 'None'
[0.728s] Level 5:colcon.colcon_core.verb:set package 'arm_pwm_bridge' build argument 'catkin_skip_building_tests' from command line to 'False'
[0.729s] DEBUG:colcon.colcon_core.verb:Building package 'arm_pwm_bridge' with the following arguments: {'ament_cmake_args': None, 'build_base': '/home/lukevizzini/logitech_arm_code/arm_code/arm_code_logitech/build/arm_pwm_bridge', 'catkin_cmake_args': None, 'catkin_skip_building_tests': False, 'cmake_args': None, 'cmake_clean_cache': False, 'cmake_clean_first': False, 'cmake_force_configure': False, 'cmake_target': None, 'cmake_target_skip_unavailable': False, 'install_base': '/home/lukevizzini/logitech_arm_code/arm_code/arm_code_logitech/install/arm_pwm_bridge', 'merge_install': False, 'path': '/home/lukevizzini/logitech_arm_code/arm_code/arm_code_logitech/src/pwm_bridge', 'symlink_install': True, 'test_result_base': None}
[0.729s] Level 5:colcon.colcon_core.verb:set package 'arm_teleop' build argument 'cmake_args' from command line to 'None'
[0.729s] Level 5:colcon.colcon_core.verb:set package 'arm_teleop' build argument 'cmake_target' from command line to 'None'
[0.729s] Level 5:colcon.colcon_core.verb:set package 'arm_teleop' build argument 'cmake_target_skip_unavailable' from command line to 'False'
[0.729s] Level 5:colcon.colcon_core.verb:set package 'arm_teleop' build argument 'cmake_clean_cache' from command line to 'False'
[0.729s] Level 5:colcon.colcon_core.verb:set package 'arm_teleop' build argument 'cmake_clean_first' from command line to 'False'
[0.729s] Level 5:colcon.colcon_core.verb:set package 'arm_teleop' build argument 'cmake_force_configure' from command line to 'False'
[0.729s] Level 5:colcon.colcon_core.verb:set package 'arm_teleop' build argument 'ament_cmake_args' from command line to 'None'
[0.729s] Level 5:colcon.colcon_core.verb:set package 'arm_teleop' build argument 'catkin_cmake_args' from command line to 'None'
[0.729s] Level 5:colcon.colcon_core.verb:set package 'arm_teleop' build argument 'catkin_skip_building_tests' from command line to 'False'
[0.729s] DEBUG:colcon.colcon_core.verb:Building package 'arm_teleop' with the following arguments: {'ament_cmake_args': None, 'build_base': '/home/lukevizzini/logitech_arm_code/arm_code/arm_code_logitech/build/arm_teleop', 'catkin_cmake_args': None, 'catkin_skip_building_tests': False, 'cmake_args': None, 'cmake_clean_cache': False, 'cmake_clean_first': False, 'cmake_force_configure': False, 'cmake_target': None, 'cmake_target_skip_unavailable': False, 'install_base': '/home/lukevizzini/logitech_arm_code/arm_code/arm_code_logitech/install/arm_teleop', 'merge_install': False, 'path': '/home/lukevizzini/logitech_arm_code/arm_code/arm_code_logitech/src/teleop', 'symlink_install': True, 'test_result_base': None}
[0.730s] Level 5:colcon.colcon_core.verb:set package 'arm_description' build argument 'cmake_args' from command line to 'None'
[0.730s] Level 5:colcon.colcon_core.verb:set package 'arm_description' build argument 'cmake_target' from command line to 'None'
[0.730s] Level 5:colcon.colcon_core.verb:set package 'arm_description' build argument 'cmake_target_skip_unavailable' from command line to 'False'
[0.730s] Level 5:colcon.colcon_core.verb:set package 'arm_description' build argument 'cmake_clean_cache' from command line to 'False'
[0.730s] Level 5:colcon.colcon_core.verb:set package 'arm_description' build argument 'cmake_clean_first' from command line to 'False'
[0.730s] Level 5:colcon.colcon_core.verb:set package 'arm_description' build argument 'cmake_force_configure' from command line to 'False'
[0.730s] Level 5:colcon.colcon_core.verb:set package 'arm_description' build argument 'ament_cmake_args' from command line to 'None'
[0.730s] Level 5:colcon.colcon_core.verb:set package 'arm_description' build argument 'catkin_cmake_args' from command line to 'None'
[0.730s] Level 5:colcon.colcon_core.verb:set package 'arm_description' build argument 'catkin_skip_building_tests' from command line to 'False'
[0.730s] DEBUG:colcon.colcon_core.verb:Building package 'arm_description' with the following arguments: {'ament_cmake_args': None, 'build_base': '/home/lukevizzini/logitech_arm_code/arm_code/arm_code_logitech/build/arm_description', 'catkin_cmake_args': None, 'catkin_skip_building_tests': False, 'cmake_args': None, 'cmake_clean_cache': False, 'cmake_clean_first': False, 'cmake_force_configure': False, 'cmake_target': None, 'cmake_target_skip_unavailable': False, 'install_base': '/home/lukevizzini/logitech_arm_code/arm_code/arm_code_logitech/install/arm_description', 'merge_install': False, 'path': '/home/lukevizzini/logitech_arm_code/arm_code/arm_code_logitech/src/description', 'symlink_install': True, 'test_result_base': None}
[0.730s] Level 5:colcon.colcon_core.verb:set package 'arm_bringup' build argument 'cmake_args' from command line to 'None'
[0.730s] Level 5:colcon.colcon_core.verb:set package 'arm_bringup' build argument 'cmake_target' from command line to 'None'
[0.730s] Level 5:colcon.colcon_core.verb:set package 'arm_bringup' build argument 'cmake_target_skip_unavailable' from command line to 'False'
[0.730s] Level 5:colcon.colcon_core.verb:set package 'arm_bringup' build argument 'cmake_clean_cache' from command line to 'False'
[0.730s] Level 5:colcon.colcon_core.verb:set package 'arm_bringup' build argument 'cmake_clean_first' from command line to 'False'
[0.730s] Level 5:colcon.colcon_core.verb:set package 'arm_bringup' build argument 'cmake_force_configure' from command line to 'False'
[0.730s] Level 5:colcon.colcon_core.verb:set package 'arm_bringup' build argument 'ament_cmake_args' from command line to 'None'
[0.730s] Level 5:colcon.colcon_core.verb:set package 'arm_bringup' build argument 'catkin_cmake_args' from command line to 'None'
[0.730s] Level 5:colcon.colcon_core.verb:set package 'arm_bringup' build argument 'catkin_skip_building_tests' from command line to 'False'
[0.730s] DEBUG:colcon.colcon_core.verb:Building package 'arm_bringup' with the following arguments: {'ament_cmake_args': None, 'build_base': '/home/lukevizzini/logitech_arm_code/arm_code/arm_code_logitech/build/arm_bringup', 'catkin_cmake_args': None, 'catkin_skip_building_tests': False, 'cmake_args': None, 'cmake_clean_cache': False, 'cmake_clean_first': False, 'cmake_force_configure': False, 'cmake_target': None, 'cmake_target_skip_unavailable': False, 'install_base': '/home/lukevizzini/logitech_arm_code/arm_code/arm_code_logitech/install/arm_bringup', 'merge_install': False, 'path': '/home/lukevizzini/logitech_arm_code/arm_code/arm_code_logitech/src/bringup', 'symlink_install': True, 'test_result_base': None}
[0.731s] Level 5:colcon.colcon_core.verb:set package 'arm_launch' build argument 'cmake_args' from command line to 'None'
[0.731s] Level 5:colcon.colcon_core.verb:set package 'arm_launch' build argument 'cmake_target' from command line to 'None'
[0.731s] Level 5:colcon.colcon_core.verb:set package 'arm_launch' build argument 'cmake_target_skip_unavailable' from command line to 'False'
[0.731s] Level 5:colcon.colcon_core.verb:set package 'arm_launch' build argument 'cmake_clean_cache' from command line to 'False'
[0.731s] Level 5:colcon.colcon_core.verb:set package 'arm_launch' build argument 'cmake_clean_first' from command line to 'False'
[0.731s] Level 5:colcon.colcon_core.verb:set package 'arm_launch' build argument 'cmake_force_configure' from command line to 'False'
[0.731s] Level 5:colcon.colcon_core.verb:set package 'arm_launch' build argument 'ament_cmake_args' from command line to 'None'
[0.731s] Level 5:colcon.colcon_core.verb:set package 'arm_launch' build argument 'catkin_cmake_args' from command line to 'None'
[0.731s] Level 5:colcon.colcon_core.verb:set package 'arm_launch' build argument 'catkin_skip_building_tests' from command line to 'False'
[0.731s] DEBUG:colcon.colcon_core.verb:Building package 'arm_launch' with the following arguments: {'ament_cmake_args': None, 'build_base': '/home/lukevizzini/logitech_arm_code/arm_code/arm_code_logitech/build/arm_launch', 'catkin_cmake_args': None, 'catkin_skip_building_tests': False, 'cmake_args': None, 'cmake_clean_cache': False, 'cmake_clean_first': False, 'cmake_force_configure': False, 'cmake_target': None, 'cmake_target_skip_unavailable': False, 'install_base': '/home/lukevizzini/logitech_arm_code/arm_code/arm_code_logitech/install/arm_launch', 'merge_install': False, 'path': '/home/lukevizzini/logitech_arm_code/arm_code/arm_code_logitech/src/launch', 'symlink_install': True, 'test_result_base': None}
[0.731s] INFO:colcon.colcon_core.executor:Executing jobs using 'parallel' executor
[0.732s] DEBUG:colcon.colcon_parallel_executor.executor.parallel:run_until_complete
[0.733s] INFO:colcon.colcon_ros.task.ament_cmake.build:Building ROS package in '/home/lukevizzini/logitech_arm_code/arm_code/arm_code_logitech/src/config' with build type 'ament_cmake'
[0.733s] INFO:colcon.colcon_cmake.task.cmake.build:Building CMake package in '/home/lukevizzini/logitech_arm_code/arm_code/arm_code_logitech/src/config'
[0.742s] INFO:colcon.colcon_core.plugin_system:Skipping extension 'colcon_core.shell.bat': Not used on non-Windows systems
[0.742s] INFO:colcon.colcon_core.shell:Skip shell extension 'powershell' for command environment: Not usable outside of PowerShell
[0.742s] DEBUG:colcon.colcon_core.shell:Skip shell extension 'dsv' for command environment
[0.747s] INFO:colcon.colcon_ros.task.ament_python.build:Building ROS package in '/home/lukevizzini/logitech_arm_code/arm_code/arm_code_logitech/src/pwm_bridge' with build type 'ament_python'
[0.748s] Level 1:colcon.colcon_core.shell:create_environment_hook('arm_pwm_bridge', 'ament_prefix_path')
[0.748s] INFO:colcon.colcon_core.shell:Creating environment hook '/home/lukevizzini/logitech_arm_code/arm_code/arm_code_logitech/install/arm_pwm_bridge/share/arm_pwm_bridge/hook/ament_prefix_path.ps1'
[0.749s] INFO:colcon.colcon_core.shell:Creating environment descriptor '/home/lukevizzini/logitech_arm_code/arm_code/arm_code_logitech/install/arm_pwm_bridge/share/arm_pwm_bridge/hook/ament_prefix_path.dsv'
[0.751s] INFO:colcon.colcon_core.shell:Creating environment hook '/home/lukevizzini/logitech_arm_code/arm_code/arm_code_logitech/install/arm_pwm_bridge/share/arm_pwm_bridge/hook/ament_prefix_path.sh'
[0.752s] INFO:colcon.colcon_core.shell:Skip shell extension 'powershell' for command environment: Not usable outside of PowerShell
[0.752s] DEBUG:colcon.colcon_core.shell:Skip shell extension 'dsv' for command environment
[0.756s] INFO:colcon.colcon_ros.task.ament_python.build:Building ROS package in '/home/lukevizzini/logitech_arm_code/arm_code/arm_code_logitech/src/teleop' with build type 'ament_python'
[0.756s] Level 1:colcon.colcon_core.shell:create_environment_hook('arm_teleop', 'ament_prefix_path')
[0.756s] INFO:colcon.colcon_core.shell:Creating environment hook '/home/lukevizzini/logitech_arm_code/arm_code/arm_code_logitech/install/arm_teleop/share/arm_teleop/hook/ament_prefix_path.ps1'
[0.757s] INFO:colcon.colcon_core.shell:Creating environment descriptor '/home/lukevizzini/logitech_arm_code/arm_code/arm_code_logitech/install/arm_teleop/share/arm_teleop/hook/ament_prefix_path.dsv'
[0.757s] INFO:colcon.colcon_core.shell:Creating environment hook '/home/lukevizzini/logitech_arm_code/arm_code/arm_code_logitech/install/arm_teleop/share/arm_teleop/hook/ament_prefix_path.sh'
[0.758s] INFO:colcon.colcon_core.shell:Skip shell extension 'powershell' for command environment: Not usable outside of PowerShell
[0.758s] DEBUG:colcon.colcon_core.shell:Skip shell extension 'dsv' for command environment
[0.770s] DEBUG:colcon.colcon_core.event_handler.log_command:Invoking command in '/home/lukevizzini/logitech_arm_code/arm_code/arm_code_logitech/build/arm_config': CMAKE_PREFIX_PATH=${CMAKE_PREFIX_PATH}:/home/lukevizzini/logitech_arm_code/arm_code/arm_code_logitech/install/arm_teleop:/home/lukevizzini/logitech_arm_code/arm_code/arm_code_logitech/install/arm_pwm_bridge:/home/lukevizzini/arm_v3/arm_code/install/arm_teleop:/home/lukevizzini/arm_v3/arm_code/install/arm_pwm_bridge:/home/lukevizzini/arm_new_v2/arm_code/install/arm_teleop:/home/lukevizzini/arm_new_v2/arm_code/install/arm_pwm_bridge:/opt/ros/humble /usr/bin/cmake --build /home/lukevizzini/logitech_arm_code/arm_code/arm_code_logitech/build/arm_config -- -j8 -l8
[0.985s] INFO:colcon.colcon_core.task.python.build:Building Python package in '/home/lukevizzini/logitech_arm_code/arm_code/arm_code_logitech/src/pwm_bridge'
[0.985s] INFO:colcon.colcon_core.shell:Skip shell extension 'powershell' for command environment: Not usable outside of PowerShell
[0.985s] DEBUG:colcon.colcon_core.shell:Skip shell extension 'dsv' for command environment
[1.203s] INFO:colcon.colcon_core.task.python.build:Building Python package in '/home/lukevizzini/logitech_arm_code/arm_code/arm_code_logitech/src/teleop'
[1.203s] INFO:colcon.colcon_core.shell:Skip shell extension 'powershell' for command environment: Not usable outside of PowerShell
[1.203s] DEBUG:colcon.colcon_core.shell:Skip shell extension 'dsv' for command environment
[1.209s] DEBUG:colcon.colcon_core.event_handler.log_command:Invoked command in '/home/lukevizzini/logitech_arm_code/arm_code/arm_code_logitech/build/arm_config' returned '0': CMAKE_PREFIX_PATH=${CMAKE_PREFIX_PATH}:/home/lukevizzini/logitech_arm_code/arm_code/arm_code_logitech/install/arm_teleop:/home/lukevizzini/logitech_arm_code/arm_code/arm_code_logitech/install/arm_pwm_bridge:/home/lukevizzini/arm_v3/arm_code/install/arm_teleop:/home/lukevizzini/arm_v3/arm_code/install/arm_pwm_bridge:/home/lukevizzini/arm_new_v2/arm_code/install/arm_teleop:/home/lukevizzini/arm_new_v2/arm_code/install/arm_pwm_bridge:/opt/ros/humble /usr/bin/cmake --build /home/lukevizzini/logitech_arm_code/arm_code/arm_code_logitech/build/arm_config -- -j8 -l8
[1.218s] DEBUG:colcon.colcon_core.event_handler.log_command:Invoking command in '/home/lukevizzini/logitech_arm_code/arm_code/arm_code_logitech/build/arm_config': CMAKE_PREFIX_PATH=${CMAKE_PREFIX_PATH}:/home/lukevizzini/logitech_arm_code/arm_code/arm_code_logitech/install/arm_teleop:/home/lukevizzini/logitech_arm_code/arm_code/arm_code_logitech/install/arm_pwm_bridge:/home/lukevizzini/arm_v3/arm_code/install/arm_teleop:/home/lukevizzini/arm_v3/arm_code/install/arm_pwm_bridge:/home/lukevizzini/arm_new_v2/arm_code/install/arm_teleop:/home/lukevizzini/arm_new_v2/arm_code/install/arm_pwm_bridge:/opt/ros/humble /usr/bin/cmake --install /home/lukevizzini/logitech_arm_code/arm_code/arm_code_logitech/build/arm_config
[1.246s] Level 1:colcon.colcon_core.environment:create_environment_scripts_only(arm_config)
[1.247s] DEBUG:colcon.colcon_core.event_handler.log_command:Invoked command in '/home/lukevizzini/logitech_arm_code/arm_code/arm_code_logitech/build/arm_config' returned '0': CMAKE_PREFIX_PATH=${CMAKE_PREFIX_PATH}:/home/lukevizzini/logitech_arm_code/arm_code/arm_code_logitech/install/arm_teleop:/home/lukevizzini/logitech_arm_code/arm_code/arm_code_logitech/install/arm_pwm_bridge:/home/lukevizzini/arm_v3/arm_code/install/arm_teleop:/home/lukevizzini/arm_v3/arm_code/install/arm_pwm_bridge:/home/lukevizzini/arm_new_v2/arm_code/install/arm_teleop:/home/lukevizzini/arm_new_v2/arm_code/install/arm_pwm_bridge:/opt/ros/humble /usr/bin/cmake --install /home/lukevizzini/logitech_arm_code/arm_code/arm_code_logitech/build/arm_config
[1.256s] Level 1:colcon.colcon_core.environment:checking '/home/lukevizzini/logitech_arm_code/arm_code/arm_code_logitech/install/arm_config' for CMake module files
[1.257s] Level 1:colcon.colcon_core.environment:checking '/home/lukevizzini/logitech_arm_code/arm_code/arm_code_logitech/install/arm_config' for CMake config files
[1.257s] Level 1:colcon.colcon_core.shell:create_environment_hook('arm_config', 'cmake_prefix_path')
[1.257s] INFO:colcon.colcon_core.shell:Creating environment hook '/home/lukevizzini/logitech_arm_code/arm_code/arm_code_logitech/install/arm_config/share/arm_config/hook/cmake_prefix_path.ps1'
[1.258s] INFO:colcon.colcon_core.shell:Creating environment descriptor '/home/lukevizzini/logitech_arm_code/arm_code/arm_code_logitech/install/arm_config/share/arm_config/hook/cmake_prefix_path.dsv'
[1.258s] INFO:colcon.colcon_core.shell:Creating environment hook '/home/lukevizzini/logitech_arm_code/arm_code/arm_code_logitech/install/arm_config/share/arm_config/hook/cmake_prefix_path.sh'
[1.259s] Level 1:colcon.colcon_core.environment:checking '/home/lukevizzini/logitech_arm_code/arm_code/arm_code_logitech/install/arm_config/bin'
[1.259s] Level 1:colcon.colcon_core.environment:checking '/home/lukevizzini/logitech_arm_code/arm_code/arm_code_logitech/install/arm_config/lib/pkgconfig/arm_config.pc'
[1.259s] Level 1:colcon.colcon_core.environment:checking '/home/lukevizzini/logitech_arm_code/arm_code/arm_code_logitech/install/arm_config/lib/python3.10/site-packages'
[1.259s] Level 1:colcon.colcon_core.environment:checking '/home/lukevizzini/logitech_arm_code/arm_code/arm_code_logitech/install/arm_config/bin'
[1.260s] INFO:colcon.colcon_core.shell:Creating package script '/home/lukevizzini/logitech_arm_code/arm_code/arm_code_logitech/install/arm_config/share/arm_config/package.ps1'
[1.261s] INFO:colcon.colcon_core.shell:Creating package descriptor '/home/lukevizzini/logitech_arm_code/arm_code/arm_code_logitech/install/arm_config/share/arm_config/package.dsv'
[1.263s] INFO:colcon.colcon_core.shell:Creating package script '/home/lukevizzini/logitech_arm_code/arm_code/arm_code_logitech/install/arm_config/share/arm_config/package.sh'
[1.264s] INFO:colcon.colcon_core.shell:Creating package script '/home/lukevizzini/logitech_arm_code/arm_code/arm_code_logitech/install/arm_config/share/arm_config/package.bash'
[1.265s] INFO:colcon.colcon_core.shell:Creating package script '/home/lukevizzini/logitech_arm_code/arm_code/arm_code_logitech/install/arm_config/share/arm_config/package.zsh'
[1.266s] Level 1:colcon.colcon_core.environment:create_file_with_runtime_dependencies(/home/lukevizzini/logitech_arm_code/arm_code/arm_code_logitech/install/arm_config/share/colcon-core/packages/arm_config)
[1.267s] Level 1:colcon.colcon_core.environment:create_environment_scripts_only(arm_config)
[1.268s] Level 1:colcon.colcon_core.environment:checking '/home/lukevizzini/logitech_arm_code/arm_code/arm_code_logitech/install/arm_config' for CMake module files
[1.268s] Level 1:colcon.colcon_core.environment:checking '/home/lukevizzini/logitech_arm_code/arm_code/arm_code_logitech/install/arm_config' for CMake config files
[1.269s] Level 1:colcon.colcon_core.shell:create_environment_hook('arm_config', 'cmake_prefix_path')
[1.269s] INFO:colcon.colcon_core.shell:Creating environment hook '/home/lukevizzini/logitech_arm_code/arm_code/arm_code_logitech/install/arm_config/share/arm_config/hook/cmake_prefix_path.ps1'
[1.269s] INFO:colcon.colcon_core.shell:Creating environment descriptor '/home/lukevizzini/logitech_arm_code/arm_code/arm_code_logitech/install/arm_config/share/arm_config/hook/cmake_prefix_path.dsv'
[1.270s] INFO:colcon.colcon_core.shell:Creating environment hook '/home/lukevizzini/logitech_arm_code/arm_code/arm_code_logitech/install/arm_config/share/arm_config/hook/cmake_prefix_path.sh'
[1.270s] Level 1:colcon.colcon_core.environment:checking '/home/lukevizzini/logitech_arm_code/arm_code/arm_code_logitech/install/arm_config/bin'
[1.270s] Level 1:colcon.colcon_core.environment:checking '/home/lukevizzini/logitech_arm_code/arm_code/arm_code_logitech/install/arm_config/lib/pkgconfig/arm_config.pc'
[1.270s] Level 1:colcon.colcon_core.environment:checking '/home/lukevizzini/logitech_arm_code/arm_code/arm_code_logitech/install/arm_config/lib/python3.10/site-packages'
[1.271s] Level 1:colcon.colcon_core.environment:checking '/home/lukevizzini/logitech_arm_code/arm_code/arm_code_logitech/install/arm_config/bin'
[1.271s] INFO:colcon.colcon_core.shell:Creating package script '/home/lukevizzini/logitech_arm_code/arm_code/arm_code_logitech/install/arm_config/share/arm_config/package.ps1'
[1.271s] INFO:colcon.colcon_core.shell:Creating package descriptor '/home/lukevizzini/logitech_arm_code/arm_code/arm_code_logitech/install/arm_config/share/arm_config/package.dsv'
[1.272s] INFO:colcon.colcon_core.shell:Creating package script '/home/lukevizzini/logitech_arm_code/arm_code/arm_code_logitech/install/arm_config/share/arm_config/package.sh'
[1.272s] INFO:colcon.colcon_core.shell:Creating package script '/home/lukevizzini/logitech_arm_code/arm_code/arm_code_logitech/install/arm_config/share/arm_config/package.bash'
[1.273s] INFO:colcon.colcon_core.shell:Creating package script '/home/lukevizzini/logitech_arm_code/arm_code/arm_code_logitech/install/arm_config/share/arm_config/package.zsh'
[1.273s] Level 1:colcon.colcon_core.environment:create_file_with_runtime_dependencies(/home/lukevizzini/logitech_arm_code/arm_code/arm_code_logitech/install/arm_config/share/colcon-core/packages/arm_config)
[1.274s] INFO:colcon.colcon_ros.task.ament_cmake.build:Building ROS package in '/home/lukevizzini/logitech_arm_code/arm_code/arm_code_logitech/src/description' with build type 'ament_cmake'
[1.274s] INFO:colcon.colcon_cmake.task.cmake.build:Building CMake package in '/home/lukevizzini/logitech_arm_code/arm_code/arm_code_logitech/src/description'
[1.274s] INFO:colcon.colcon_core.shell:Skip shell extension 'powershell' for command environment: Not usable outside of PowerShell
[1.275s] DEBUG:colcon.colcon_core.shell:Skip shell extension 'dsv' for command environment
[1.345s] DEBUG:colcon.colcon_core.event_handler.log_command:Invoking command in '/home/lukevizzini/logitech_arm_code/arm_code/arm_code_logitech/build/arm_description': CMAKE_PREFIX_PATH=/home/lukevizzini/logitech_arm_code/arm_code/arm_code_logitech/install/arm_config:/home/lukevizzini/logitech_arm_code/arm_code/arm_code_logitech/install/arm_launch:/home/lukevizzini/logitech_arm_code/arm_code/arm_code_logitech/install/arm_bringup:/home/lukevizzini/logitech_arm_code/arm_code/arm_code_logitech/install/arm_description:/home/lukevizzini/arm_v3/arm_code/install/arm_launch:/home/lukevizzini/arm_v3/arm_code/install/arm_bringup:/home/lukevizzini/arm_v3/arm_code/install/arm_description:/home/lukevizzini/arm_v3/arm_code/install/arm_config:/home/lukevizzini/arm_new_v2/arm_code/install/arm_launch:/home/lukevizzini/arm_new_v2/arm_code/install/arm_bringup:/home/lukevizzini/arm_new_v2/arm_code/install/arm_description:/home/lukevizzini/arm_new_v2/arm_code/install/arm_config:/home/lukevizzini/logitech_arm_code/arm_code/arm_code_logitech/install/arm_teleop:/home/lukevizzini/logitech_arm_code/arm_code/arm_code_logitech/install/arm_pwm_bridge:/home/lukevizzini/arm_v3/arm_code/install/arm_teleop:/home/lukevizzini/arm_v3/arm_code/install/arm_pwm_bridge:/home/lukevizzini/arm_new_v2/arm_code/install/arm_teleop:/home/lukevizzini/arm_new_v2/arm_code/install/arm_pwm_bridge:/opt/ros/humble /usr/bin/cmake --build /home/lukevizzini/logitech_arm_code/arm_code/arm_code_logitech/build/arm_description -- -j8 -l8
[1.387s] DEBUG:colcon.colcon_core.event_handler.log_command:Invoked command in '/home/lukevizzini/logitech_arm_code/arm_code/arm_code_logitech/build/arm_description' returned '0': CMAKE_PREFIX_PATH=/home/lukevizzini/logitech_arm_code/arm_code/arm_code_logitech/install/arm_config:/home/lukevizzini/logitech_arm_code/arm_code/arm_code_logitech/install/arm_launch:/home/lukevizzini/logitech_arm_code/arm_code/arm_code_logitech/install/arm_bringup:/home/lukevizzini/logitech_arm_code/arm_code/arm_code_logitech/install/arm_description:/home/lukevizzini/arm_v3/arm_code/install/arm_launch:/home/lukevizzini/arm_v3/arm_code/install/arm_bringup:/home/lukevizzini/arm_v3/arm_code/install/arm_description:/home/lukevizzini/arm_v3/arm_code/install/arm_config:/home/lukevizzini/arm_new_v2/arm_code/install/arm_launch:/home/lukevizzini/arm_new_v2/arm_code/install/arm_bringup:/home/lukevizzini/arm_new_v2/arm_code/install/arm_description:/home/lukevizzini/arm_new_v2/arm_code/install/arm_config:/home/lukevizzini/logitech_arm_code/arm_code/arm_code_logitech/install/arm_teleop:/home/lukevizzini/logitech_arm_code/arm_code/arm_code_logitech/install/arm_pwm_bridge:/home/lukevizzini/arm_v3/arm_code/install/arm_teleop:/home/lukevizzini/arm_v3/arm_code/install/arm_pwm_bridge:/home/lukevizzini/arm_new_v2/arm_code/install/arm_teleop:/home/lukevizzini/arm_new_v2/arm_code/install/arm_pwm_bridge:/opt/ros/humble /usr/bin/cmake --build /home/lukevizzini/logitech_arm_code/arm_code/arm_code_logitech/build/arm_description -- -j8 -l8
[1.397s] DEBUG:colcon.colcon_core.event_handler.log_command:Invoking command in '/home/lukevizzini/logitech_arm_code/arm_code/arm_code_logitech/build/arm_description': CMAKE_PREFIX_PATH=/home/lukevizzini/logitech_arm_code/arm_code/arm_code_logitech/install/arm_config:/home/lukevizzini/logitech_arm_code/arm_code/arm_code_logitech/install/arm_launch:/home/lukevizzini/logitech_arm_code/arm_code/arm_code_logitech/install/arm_bringup:/home/lukevizzini/logitech_arm_code/arm_code/arm_code_logitech/install/arm_description:/home/lukevizzini/arm_v3/arm_code/install/arm_launch:/home/lukevizzini/arm_v3/arm_code/install/arm_bringup:/home/lukevizzini/arm_v3/arm_code/install/arm_description:/home/lukevizzini/arm_v3/arm_code/install/arm_config:/home/lukevizzini/arm_new_v2/arm_code/install/arm_launch:/home/lukevizzini/arm_new_v2/arm_code/install/arm_bringup:/home/lukevizzini/arm_new_v2/arm_code/install/arm_description:/home/lukevizzini/arm_new_v2/arm_code/install/arm_config:/home/lukevizzini/logitech_arm_code/arm_code/arm_code_logitech/install/arm_teleop:/home/lukevizzini/logitech_arm_code/arm_code/arm_code_logitech/install/arm_pwm_bridge:/home/lukevizzini/arm_v3/arm_code/install/arm_teleop:/home/lukevizzini/arm_v3/arm_code/install/arm_pwm_bridge:/home/lukevizzini/arm_new_v2/arm_code/install/arm_teleop:/home/lukevizzini/arm_new_v2/arm_code/install/arm_pwm_bridge:/opt/ros/humble /usr/bin/cmake --install /home/lukevizzini/logitech_arm_code/arm_code/arm_code_logitech/build/arm_description
[1.415s] Level 1:colcon.colcon_core.environment:create_environment_scripts_only(arm_description)
[1.416s] Level 1:colcon.colcon_core.environment:checking '/home/lukevizzini/logitech_arm_code/arm_code/arm_code_logitech/install/arm_description' for CMake module files
[1.416s] DEBUG:colcon.colcon_core.event_handler.log_command:Invoked command in '/home/lukevizzini/logitech_arm_code/arm_code/arm_code_logitech/build/arm_description' returned '0': CMAKE_PREFIX_PATH=/home/lukevizzini/logitech_arm_code/arm_code/arm_code_logitech/install/arm_config:/home/lukevizzini/logitech_arm_code/arm_code/arm_code_logitech/install/arm_launch:/home/lukevizzini/logitech_arm_code/arm_code/arm_code_logitech/install/arm_bringup:/home/lukevizzini/logitech_arm_code/arm_code/arm_code_logitech/install/arm_description:/home/lukevizzini/arm_v3/arm_code/install/arm_launch:/home/lukevizzini/arm_v3/arm_code/install/arm_bringup:/home/lukevizzini/arm_v3/arm_code/install/arm_description:/home/lukevizzini/arm_v3/arm_code/install/arm_config:/home/lukevizzini/arm_new_v2/arm_code/install/arm_launch:/home/lukevizzini/arm_new_v2/arm_code/install/arm_bringup:/home/lukevizzini/arm_new_v2/arm_code/install/arm_description:/home/lukevizzini/arm_new_v2/arm_code/install/arm_config:/home/lukevizzini/logitech_arm_code/arm_code/arm_code_logitech/install/arm_teleop:/home/lukevizzini/logitech_arm_code/arm_code/arm_code_logitech/install/arm_pwm_bridge:/home/lukevizzini/arm_v3/arm_code/install/arm_teleop:/home/lukevizzini/arm_v3/arm_code/install/arm_pwm_bridge:/home/lukevizzini/arm_new_v2/arm_code/install/arm_teleop:/home/lukevizzini/arm_new_v2/arm_code/install/arm_pwm_bridge:/opt/ros/humble /usr/bin/cmake --install /home/lukevizzini/logitech_arm_code/arm_code/arm_code_logitech/build/arm_description
[1.417s] Level 1:colcon.colcon_core.environment:checking '/home/lukevizzini/logitech_arm_code/arm_code/arm_code_logitech/install/arm_description' for CMake config files
[1.417s] Level 1:colcon.colcon_core.shell:create_environment_hook('arm_description', 'cmake_prefix_path')
[1.418s] INFO:colcon.colcon_core.shell:Creating environment hook '/home/lukevizzini/logitech_arm_code/arm_code/arm_code_logitech/install/arm_description/share/arm_description/hook/cmake_prefix_path.ps1'
[1.418s] INFO:colcon.colcon_core.shell:Creating environment descriptor '/home/lukevizzini/logitech_arm_code/arm_code/arm_code_logitech/install/arm_description/share/arm_description/hook/cmake_prefix_path.dsv'
[1.419s] INFO:colcon.colcon_core.shell:Creating environment hook '/home/lukevizzini/logitech_arm_code/arm_code/arm_code_logitech/install/arm_description/share/arm_description/hook/cmake_prefix_path.sh'
[1.419s] Level 1:colcon.colcon_core.environment:checking '/home/lukevizzini/logitech_arm_code/arm_code/arm_code_logitech/install/arm_description/bin'
[1.420s] Level 1:colcon.colcon_core.environment:checking '/home/lukevizzini/logitech_arm_code/arm_code/arm_code_logitech/install/arm_description/lib/pkgconfig/arm_description.pc'
[1.420s] Level 1:colcon.colcon_core.environment:checking '/home/lukevizzini/logitech_arm_code/arm_code/arm_code_logitech/install/arm_description/lib/python3.10/site-packages'
[1.420s] Level 1:colcon.colcon_core.environment:checking '/home/lukevizzini/logitech_arm_code/arm_code/arm_code_logitech/install/arm_description/bin'
[1.421s] INFO:colcon.colcon_core.shell:Creating package script '/home/lukevizzini/logitech_arm_code/arm_code/arm_code_logitech/install/arm_description/share/arm_description/package.ps1'
[1.421s] INFO:colcon.colcon_core.shell:Creating package descriptor '/home/lukevizzini/logitech_arm_code/arm_code/arm_code_logitech/install/arm_description/share/arm_description/package.dsv'
[1.422s] INFO:colcon.colcon_core.shell:Creating package script '/home/lukevizzini/logitech_arm_code/arm_code/arm_code_logitech/install/arm_description/share/arm_description/package.sh'
[1.422s] INFO:colcon.colcon_core.shell:Creating package script '/home/lukevizzini/logitech_arm_code/arm_code/arm_code_logitech/install/arm_description/share/arm_description/package.bash'
[1.423s] INFO:colcon.colcon_core.shell:Creating package script '/home/lukevizzini/logitech_arm_code/arm_code/arm_code_logitech/install/arm_description/share/arm_description/package.zsh'
[1.423s] Level 1:colcon.colcon_core.environment:create_file_with_runtime_dependencies(/home/lukevizzini/logitech_arm_code/arm_code/arm_code_logitech/install/arm_description/share/colcon-core/packages/arm_description)
[1.424s] Level 1:colcon.colcon_core.environment:create_environment_scripts_only(arm_description)
[1.424s] Level 1:colcon.colcon_core.environment:checking '/home/lukevizzini/logitech_arm_code/arm_code/arm_code_logitech/install/arm_description' for CMake module files
[1.424s] Level 1:colcon.colcon_core.environment:checking '/home/lukevizzini/logitech_arm_code/arm_code/arm_code_logitech/install/arm_description' for CMake config files
[1.425s] Level 1:colcon.colcon_core.shell:create_environment_hook('arm_description', 'cmake_prefix_path')
[1.425s] INFO:colcon.colcon_core.shell:Creating environment hook '/home/lukevizzini/logitech_arm_code/arm_code/arm_code_logitech/install/arm_description/share/arm_description/hook/cmake_prefix_path.ps1'
[1.426s] INFO:colcon.colcon_core.shell:Creating environment descriptor '/home/lukevizzini/logitech_arm_code/arm_code/arm_code_logitech/install/arm_description/share/arm_description/hook/cmake_prefix_path.dsv'
[1.426s] INFO:colcon.colcon_core.shell:Creating environment hook '/home/lukevizzini/logitech_arm_code/arm_code/arm_code_logitech/install/arm_description/share/arm_description/hook/cmake_prefix_path.sh'
[1.427s] Level 1:colcon.colcon_core.environment:checking '/home/lukevizzini/logitech_arm_code/arm_code/arm_code_logitech/install/arm_description/bin'
[1.427s] Level 1:colcon.colcon_core.environment:checking '/home/lukevizzini/logitech_arm_code/arm_code/arm_code_logitech/install/arm_description/lib/pkgconfig/arm_description.pc'
[1.427s] Level 1:colcon.colcon_core.environment:checking '/home/lukevizzini/logitech_arm_code/arm_code/arm_code_logitech/install/arm_description/lib/python3.10/site-packages'
[1.427s] Level 1:colcon.colcon_core.environment:checking '/home/lukevizzini/logitech_arm_code/arm_code/arm_code_logitech/install/arm_description/bin'
[1.428s] INFO:colcon.colcon_core.shell:Creating package script '/home/lukevizzini/logitech_arm_code/arm_code/arm_code_logitech/install/arm_description/share/arm_description/package.ps1'
[1.428s] INFO:colcon.colcon_core.shell:Creating package descriptor '/home/lukevizzini/logitech_arm_code/arm_code/arm_code_logitech/install/arm_description/share/arm_description/package.dsv'
[1.429s] INFO:colcon.colcon_core.shell:Creating package script '/home/lukevizzini/logitech_arm_code/arm_code/arm_code_logitech/install/arm_description/share/arm_description/package.sh'
[1.429s] INFO:colcon.colcon_core.shell:Creating package script '/home/lukevizzini/logitech_arm_code/arm_code/arm_code_logitech/install/arm_description/share/arm_description/package.bash'
[1.430s] INFO:colcon.colcon_core.shell:Creating package script '/home/lukevizzini/logitech_arm_code/arm_code/arm_code_logitech/install/arm_description/share/arm_description/package.zsh'
[1.430s] Level 1:colcon.colcon_core.environment:create_file_with_runtime_dependencies(/home/lukevizzini/logitech_arm_code/arm_code/arm_code_logitech/install/arm_description/share/colcon-core/packages/arm_description)
[1.430s] INFO:colcon.colcon_ros.task.ament_cmake.build:Building ROS package in '/home/lukevizzini/logitech_arm_code/arm_code/arm_code_logitech/src/bringup' with build type 'ament_cmake'
[1.431s] INFO:colcon.colcon_cmake.task.cmake.build:Building CMake package in '/home/lukevizzini/logitech_arm_code/arm_code/arm_code_logitech/src/bringup'
[1.431s] INFO:colcon.colcon_core.shell:Skip shell extension 'powershell' for command environment: Not usable outside of PowerShell
[1.431s] DEBUG:colcon.colcon_core.shell:Skip shell extension 'dsv' for command environment
[1.559s] DEBUG:colcon.colcon_core.event_handler.log_command:Invoking command in '/home/lukevizzini/logitech_arm_code/arm_code/arm_code_logitech/build/arm_bringup': CMAKE_PREFIX_PATH=/home/lukevizzini/logitech_arm_code/arm_code/arm_code_logitech/install/arm_description:/home/lukevizzini/logitech_arm_code/arm_code/arm_code_logitech/install/arm_config:/home/lukevizzini/logitech_arm_code/arm_code/arm_code_logitech/install/arm_launch:/home/lukevizzini/logitech_arm_code/arm_code/arm_code_logitech/install/arm_bringup:/home/lukevizzini/arm_v3/arm_code/install/arm_launch:/home/lukevizzini/arm_v3/arm_code/install/arm_bringup:/home/lukevizzini/arm_v3/arm_code/install/arm_description:/home/lukevizzini/arm_v3/arm_code/install/arm_config:/home/lukevizzini/arm_new_v2/arm_code/install/arm_launch:/home/lukevizzini/arm_new_v2/arm_code/install/arm_bringup:/home/lukevizzini/arm_new_v2/arm_code/install/arm_description:/home/lukevizzini/arm_new_v2/arm_code/install/arm_config:/home/lukevizzini/logitech_arm_code/arm_code/arm_code_logitech/install/arm_teleop:/home/lukevizzini/logitech_arm_code/arm_code/arm_code_logitech/install/arm_pwm_bridge:/home/lukevizzini/arm_v3/arm_code/install/arm_teleop:/home/lukevizzini/arm_v3/arm_code/install/arm_pwm_bridge:/home/lukevizzini/arm_new_v2/arm_code/install/arm_teleop:/home/lukevizzini/arm_new_v2/arm_code/install/arm_pwm_bridge:/opt/ros/humble /usr/bin/cmake --build /home/lukevizzini/logitech_arm_code/arm_code/arm_code_logitech/build/arm_bringup -- -j8 -l8
[1.608s] DEBUG:colcon.colcon_core.event_handler.log_command:Invoked command in '/home/lukevizzini/logitech_arm_code/arm_code/arm_code_logitech/build/arm_bringup' returned '0': CMAKE_PREFIX_PATH=/home/lukevizzini/logitech_arm_code/arm_code/arm_code_logitech/install/arm_description:/home/lukevizzini/logitech_arm_code/arm_code/arm_code_logitech/install/arm_config:/home/lukevizzini/logitech_arm_code/arm_code/arm_code_logitech/install/arm_launch:/home/lukevizzini/logitech_arm_code/arm_code/arm_code_logitech/install/arm_bringup:/home/lukevizzini/arm_v3/arm_code/install/arm_launch:/home/lukevizzini/arm_v3/arm_code/install/arm_bringup:/home/lukevizzini/arm_v3/arm_code/install/arm_description:/home/lukevizzini/arm_v3/arm_code/install/arm_config:/home/lukevizzini/arm_new_v2/arm_code/install/arm_launch:/home/lukevizzini/arm_new_v2/arm_code/install/arm_bringup:/home/lukevizzini/arm_new_v2/arm_code/install/arm_description:/home/lukevizzini/arm_new_v2/arm_code/install/arm_config:/home/lukevizzini/logitech_arm_code/arm_code/arm_code_logitech/install/arm_teleop:/home/lukevizzini/logitech_arm_code/arm_code/arm_code_logitech/install/arm_pwm_bridge:/home/lukevizzini/arm_v3/arm_code/install/arm_teleop:/home/lukevizzini/arm_v3/arm_code/install/arm_pwm_bridge:/home/lukevizzini/arm_new_v2/arm_code/install/arm_teleop:/home/lukevizzini/arm_new_v2/arm_code/install/arm_pwm_bridge:/opt/ros/humble /usr/bin/cmake --build /home/lukevizzini/logitech_arm_code/arm_code/arm_code_logitech/build/arm_bringup -- -j8 -l8
[1.611s] DEBUG:colcon.colcon_core.event_handler.log_command:Invoking command in '/home/lukevizzini/logitech_arm_code/arm_code/arm_code_logitech/build/arm_bringup': CMAKE_PREFIX_PATH=/home/lukevizzini/logitech_arm_code/arm_code/arm_code_logitech/install/arm_description:/home/lukevizzini/logitech_arm_code/arm_code/arm_code_logitech/install/arm_config:/home/lukevizzini/logitech_arm_code/arm_code/arm_code_logitech/install/arm_launch:/home/lukevizzini/logitech_arm_code/arm_code/arm_code_logitech/install/arm_bringup:/home/lukevizzini/arm_v3/arm_code/install/arm_launch:/home/lukevizzini/arm_v3/arm_code/install/arm_bringup:/home/lukevizzini/arm_v3/arm_code/install/arm_description:/home/lukevizzini/arm_v3/arm_code/install/arm_config:/home/lukevizzini/arm_new_v2/arm_code/install/arm_launch:/home/lukevizzini/arm_new_v2/arm_code/install/arm_bringup:/home/lukevizzini/arm_new_v2/arm_code/install/arm_description:/home/lukevizzini/arm_new_v2/arm_code/install/arm_config:/home/lukevizzini/logitech_arm_code/arm_code/arm_code_logitech/install/arm_teleop:/home/lukevizzini/logitech_arm_code/arm_code/arm_code_logitech/install/arm_pwm_bridge:/home/lukevizzini/arm_v3/arm_code/install/arm_teleop:/home/lukevizzini/arm_v3/arm_code/install/arm_pwm_bridge:/home/lukevizzini/arm_new_v2/arm_code/install/arm_teleop:/home/lukevizzini/arm_new_v2/arm_code/install/arm_pwm_bridge:/opt/ros/humble /usr/bin/cmake --install /home/lukevizzini/logitech_arm_code/arm_code/arm_code_logitech/build/arm_bringup
[1.637s] Level 1:colcon.colcon_core.environment:create_environment_scripts_only(arm_bringup)
[1.638s] Level 1:colcon.colcon_core.environment:checking '/home/lukevizzini/logitech_arm_code/arm_code/arm_code_logitech/install/arm_bringup' for CMake module files
[1.638s] DEBUG:colcon.colcon_core.event_handler.log_command:Invoked command in '/home/lukevizzini/logitech_arm_code/arm_code/arm_code_logitech/build/arm_bringup' returned '0': CMAKE_PREFIX_PATH=/home/lukevizzini/logitech_arm_code/arm_code/arm_code_logitech/install/arm_description:/home/lukevizzini/logitech_arm_code/arm_code/arm_code_logitech/install/arm_config:/home/lukevizzini/logitech_arm_code/arm_code/arm_code_logitech/install/arm_launch:/home/lukevizzini/logitech_arm_code/arm_code/arm_code_logitech/install/arm_bringup:/home/lukevizzini/arm_v3/arm_code/install/arm_launch:/home/lukevizzini/arm_v3/arm_code/install/arm_bringup:/home/lukevizzini/arm_v3/arm_code/install/arm_description:/home/lukevizzini/arm_v3/arm_code/install/arm_config:/home/lukevizzini/arm_new_v2/arm_code/install/arm_launch:/home/lukevizzini/arm_new_v2/arm_code/install/arm_bringup:/home/lukevizzini/arm_new_v2/arm_code/install/arm_description:/home/lukevizzini/arm_new_v2/arm_code/install/arm_config:/home/lukevizzini/logitech_arm_code/arm_code/arm_code_logitech/install/arm_teleop:/home/lukevizzini/logitech_arm_code/arm_code/arm_code_logitech/install/arm_pwm_bridge:/home/lukevizzini/arm_v3/arm_code/install/arm_teleop:/home/lukevizzini/arm_v3/arm_code/install/arm_pwm_bridge:/home/lukevizzini/arm_new_v2/arm_code/install/arm_teleop:/home/lukevizzini/arm_new_v2/arm_code/install/arm_pwm_bridge:/opt/ros/humble /usr/bin/cmake --install /home/lukevizzini/logitech_arm_code/arm_code/arm_code_logitech/build/arm_bringup
[1.639s] Level 1:colcon.colcon_core.environment:checking '/home/lukevizzini/logitech_arm_code/arm_code/arm_code_logitech/install/arm_bringup' for CMake config files
[1.640s] Level 1:colcon.colcon_core.shell:create_environment_hook('arm_bringup', 'cmake_prefix_path')
[1.640s] INFO:colcon.colcon_core.shell:Creating environment hook '/home/lukevizzini/logitech_arm_code/arm_code/arm_code_logitech/install/arm_bringup/share/arm_bringup/hook/cmake_prefix_path.ps1'
[1.641s] INFO:colcon.colcon_core.shell:Creating environment descriptor '/home/lukevizzini/logitech_arm_code/arm_code/arm_code_logitech/install/arm_bringup/share/arm_bringup/hook/cmake_prefix_path.dsv'
[1.642s] INFO:colcon.colcon_core.shell:Creating environment hook '/home/lukevizzini/logitech_arm_code/arm_code/arm_code_logitech/install/arm_bringup/share/arm_bringup/hook/cmake_prefix_path.sh'
[1.643s] Level 1:colcon.colcon_core.environment:checking '/home/lukevizzini/logitech_arm_code/arm_code/arm_code_logitech/install/arm_bringup/bin'
[1.643s] Level 1:colcon.colcon_core.environment:checking '/home/lukevizzini/logitech_arm_code/arm_code/arm_code_logitech/install/arm_bringup/lib/pkgconfig/arm_bringup.pc'
[1.643s] Level 1:colcon.colcon_core.environment:checking '/home/lukevizzini/logitech_arm_code/arm_code/arm_code_logitech/install/arm_bringup/lib/python3.10/site-packages'
[1.643s] Level 1:colcon.colcon_core.environment:checking '/home/lukevizzini/logitech_arm_code/arm_code/arm_code_logitech/install/arm_bringup/bin'
[1.644s] INFO:colcon.colcon_core.shell:Creating package script '/home/lukevizzini/logitech_arm_code/arm_code/arm_code_logitech/install/arm_bringup/share/arm_bringup/package.ps1'
[1.645s] INFO:colcon.colcon_core.shell:Creating package descriptor '/home/lukevizzini/logitech_arm_code/arm_code/arm_code_logitech/install/arm_bringup/share/arm_bringup/package.dsv'
[1.646s] INFO:colcon.colcon_core.shell:Creating package script '/home/lukevizzini/logitech_arm_code/arm_code/arm_code_logitech/install/arm_bringup/share/arm_bringup/package.sh'
[1.646s] INFO:colcon.colcon_core.shell:Creating package script '/home/lukevizzini/logitech_arm_code/arm_code/arm_code_logitech/install/arm_bringup/share/arm_bringup/package.bash'
[1.647s] INFO:colcon.colcon_core.shell:Creating package script '/home/lukevizzini/logitech_arm_code/arm_code/arm_code_logitech/install/arm_bringup/share/arm_bringup/package.zsh'
[1.647s] Level 1:colcon.colcon_core.environment:create_file_with_runtime_dependencies(/home/lukevizzini/logitech_arm_code/arm_code/arm_code_logitech/install/arm_bringup/share/colcon-core/packages/arm_bringup)
[1.648s] Level 1:colcon.colcon_core.environment:create_environment_scripts_only(arm_bringup)
[1.649s] Level 1:colcon.colcon_core.environment:checking '/home/lukevizzini/logitech_arm_code/arm_code/arm_code_logitech/install/arm_bringup' for CMake module files
[1.650s] Level 1:colcon.colcon_core.environment:checking '/home/lukevizzini/logitech_arm_code/arm_code/arm_code_logitech/install/arm_bringup' for CMake config files
[1.651s] Level 1:colcon.colcon_core.shell:create_environment_hook('arm_bringup', 'cmake_prefix_path')
[1.651s] INFO:colcon.colcon_core.shell:Creating environment hook '/home/lukevizzini/logitech_arm_code/arm_code/arm_code_logitech/install/arm_bringup/share/arm_bringup/hook/cmake_prefix_path.ps1'
[1.652s] INFO:colcon.colcon_core.shell:Creating environment descriptor '/home/lukevizzini/logitech_arm_code/arm_code/arm_code_logitech/install/arm_bringup/share/arm_bringup/hook/cmake_prefix_path.dsv'
[1.653s] INFO:colcon.colcon_core.shell:Creating environment hook '/home/lukevizzini/logitech_arm_code/arm_code/arm_code_logitech/install/arm_bringup/share/arm_bringup/hook/cmake_prefix_path.sh'
[1.654s] Level 1:colcon.colcon_core.environment:checking '/home/lukevizzini/logitech_arm_code/arm_code/arm_code_logitech/install/arm_bringup/bin'
[1.655s] Level 1:colcon.colcon_core.environment:checking '/home/lukevizzini/logitech_arm_code/arm_code/arm_code_logitech/install/arm_bringup/lib/pkgconfig/arm_bringup.pc'
[1.655s] Level 1:colcon.colcon_core.environment:checking '/home/lukevizzini/logitech_arm_code/arm_code/arm_code_logitech/install/arm_bringup/lib/python3.10/site-packages'
[1.655s] Level 1:colcon.colcon_core.environment:checking '/home/lukevizzini/logitech_arm_code/arm_code/arm_code_logitech/install/arm_bringup/bin'
[1.656s] INFO:colcon.colcon_core.shell:Creating package script '/home/lukevizzini/logitech_arm_code/arm_code/arm_code_logitech/install/arm_bringup/share/arm_bringup/package.ps1'
[1.657s] INFO:colcon.colcon_core.shell:Creating package descriptor '/home/lukevizzini/logitech_arm_code/arm_code/arm_code_logitech/install/arm_bringup/share/arm_bringup/package.dsv'
[1.658s] INFO:colcon.colcon_core.shell:Creating package script '/home/lukevizzini/logitech_arm_code/arm_code/arm_code_logitech/install/arm_bringup/share/arm_bringup/package.sh'
[1.658s] INFO:colcon.colcon_core.shell:Creating package script '/home/lukevizzini/logitech_arm_code/arm_code/arm_code_logitech/install/arm_bringup/share/arm_bringup/package.bash'
[1.659s] INFO:colcon.colcon_core.shell:Creating package script '/home/lukevizzini/logitech_arm_code/arm_code/arm_code_logitech/install/arm_bringup/share/arm_bringup/package.zsh'
[1.659s] Level 1:colcon.colcon_core.environment:create_file_with_runtime_dependencies(/home/lukevizzini/logitech_arm_code/arm_code/arm_code_logitech/install/arm_bringup/share/colcon-core/packages/arm_bringup)
[1.686s] DEBUG:colcon.colcon_core.event_handler.log_command:Invoking command in '/home/lukevizzini/logitech_arm_code/arm_code/arm_code_logitech/build/arm_pwm_bridge': PYTHONPATH=/home/lukevizzini/logitech_arm_code/arm_code/arm_code_logitech/build/arm_pwm_bridge/prefix_override:/usr/lib/python3/dist-packages/colcon_core/task/python/colcon_distutils_commands:/home/lukevizzini/logitech_arm_code/arm_code/arm_code_logitech/install/arm_pwm_bridge/lib/python3.10/site-packages:${PYTHONPATH} /usr/bin/python3 -W ignore:setup.py install is deprecated -W ignore:easy_install command is deprecated setup.py develop --editable --build-directory /home/lukevizzini/logitech_arm_code/arm_code/arm_code_logitech/build/arm_pwm_bridge/build --no-deps symlink_data
[1.688s] DEBUG:colcon.colcon_core.event_handler.log_command:Invoking command in '/home/lukevizzini/logitech_arm_code/arm_code/arm_code_logitech/build/arm_teleop': PYTHONPATH=/home/lukevizzini/logitech_arm_code/arm_code/arm_code_logitech/build/arm_teleop/prefix_override:/usr/lib/python3/dist-packages/colcon_core/task/python/colcon_distutils_commands:/home/lukevizzini/logitech_arm_code/arm_code/arm_code_logitech/install/arm_teleop/lib/python3.10/site-packages:${PYTHONPATH} /usr/bin/python3 -W ignore:setup.py install is deprecated -W ignore:easy_install command is deprecated setup.py develop --editable --build-directory /home/lukevizzini/logitech_arm_code/arm_code/arm_code_logitech/build/arm_teleop/build --no-deps symlink_data
[2.168s] Level 1:colcon.colcon_core.shell:create_environment_hook('arm_pwm_bridge', 'pythonpath_develop')
[2.168s] INFO:colcon.colcon_core.shell:Creating environment hook '/home/lukevizzini/logitech_arm_code/arm_code/arm_code_logitech/build/arm_pwm_bridge/share/arm_pwm_bridge/hook/pythonpath_develop.ps1'
[2.169s] DEBUG:colcon.colcon_core.event_handler.log_command:Invoked command in '/home/lukevizzini/logitech_arm_code/arm_code/arm_code_logitech/build/arm_pwm_bridge' returned '0': PYTHONPATH=/home/lukevizzini/logitech_arm_code/arm_code/arm_code_logitech/build/arm_pwm_bridge/prefix_override:/usr/lib/python3/dist-packages/colcon_core/task/python/colcon_distutils_commands:/home/lukevizzini/logitech_arm_code/arm_code/arm_code_logitech/install/arm_pwm_bridge/lib/python3.10/site-packages:${PYTHONPATH} /usr/bin/python3 -W ignore:setup.py install is deprecated -W ignore:easy_install command is deprecated setup.py develop --editable --build-directory /home/lukevizzini/logitech_arm_code/arm_code/arm_code_logitech/build/arm_pwm_bridge/build --no-deps symlink_data
[2.170s] INFO:colcon.colcon_core.shell:Creating environment descriptor '/home/lukevizzini/logitech_arm_code/arm_code/arm_code_logitech/build/arm_pwm_bridge/share/arm_pwm_bridge/hook/pythonpath_develop.dsv'
[2.170s] INFO:colcon.colcon_core.shell:Creating environment hook '/home/lukevizzini/logitech_arm_code/arm_code/arm_code_logitech/build/arm_pwm_bridge/share/arm_pwm_bridge/hook/pythonpath_develop.sh'
[2.171s] Level 1:colcon.colcon_core.environment:checking '/home/lukevizzini/logitech_arm_code/arm_code/arm_code_logitech/install/arm_pwm_bridge' for CMake module files
[2.171s] Level 1:colcon.colcon_core.environment:checking '/home/lukevizzini/logitech_arm_code/arm_code/arm_code_logitech/install/arm_pwm_bridge' for CMake config files
[2.172s] Level 1:colcon.colcon_core.environment:checking '/home/lukevizzini/logitech_arm_code/arm_code/arm_code_logitech/install/arm_pwm_bridge/lib'
[2.172s] Level 1:colcon.colcon_core.environment:checking '/home/lukevizzini/logitech_arm_code/arm_code/arm_code_logitech/install/arm_pwm_bridge/bin'
[2.172s] Level 1:colcon.colcon_core.environment:checking '/home/lukevizzini/logitech_arm_code/arm_code/arm_code_logitech/install/arm_pwm_bridge/lib/pkgconfig/arm_pwm_bridge.pc'
[2.172s] Level 1:colcon.colcon_core.environment:checking '/home/lukevizzini/logitech_arm_code/arm_code/arm_code_logitech/install/arm_pwm_bridge/lib/python3.10/site-packages'
[2.172s] Level 1:colcon.colcon_core.shell:create_environment_hook('arm_pwm_bridge', 'pythonpath')
[2.172s] INFO:colcon.colcon_core.shell:Creating environment hook '/home/lukevizzini/logitech_arm_code/arm_code/arm_code_logitech/install/arm_pwm_bridge/share/arm_pwm_bridge/hook/pythonpath.ps1'
[2.173s] INFO:colcon.colcon_core.shell:Creating environment descriptor '/home/lukevizzini/logitech_arm_code/arm_code/arm_code_logitech/install/arm_pwm_bridge/share/arm_pwm_bridge/hook/pythonpath.dsv'
[2.173s] INFO:colcon.colcon_core.shell:Creating environment hook '/home/lukevizzini/logitech_arm_code/arm_code/arm_code_logitech/install/arm_pwm_bridge/share/arm_pwm_bridge/hook/pythonpath.sh'
[2.174s] Level 1:colcon.colcon_core.environment:checking '/home/lukevizzini/logitech_arm_code/arm_code/arm_code_logitech/install/arm_pwm_bridge/bin'
[2.174s] Level 1:colcon.colcon_core.environment:create_environment_scripts_only(arm_pwm_bridge)
[2.174s] INFO:colcon.colcon_core.shell:Creating package script '/home/lukevizzini/logitech_arm_code/arm_code/arm_code_logitech/install/arm_pwm_bridge/share/arm_pwm_bridge/package.ps1'
[2.175s] INFO:colcon.colcon_core.shell:Creating package descriptor '/home/lukevizzini/logitech_arm_code/arm_code/arm_code_logitech/install/arm_pwm_bridge/share/arm_pwm_bridge/package.dsv'
[2.175s] INFO:colcon.colcon_core.shell:Creating package script '/home/lukevizzini/logitech_arm_code/arm_code/arm_code_logitech/install/arm_pwm_bridge/share/arm_pwm_bridge/package.sh'
[2.176s] INFO:colcon.colcon_core.shell:Creating package script '/home/lukevizzini/logitech_arm_code/arm_code/arm_code_logitech/install/arm_pwm_bridge/share/arm_pwm_bridge/package.bash'
[2.176s] INFO:colcon.colcon_core.shell:Creating package script '/home/lukevizzini/logitech_arm_code/arm_code/arm_code_logitech/install/arm_pwm_bridge/share/arm_pwm_bridge/package.zsh'
[2.176s] Level 1:colcon.colcon_core.environment:create_file_with_runtime_dependencies(/home/lukevizzini/logitech_arm_code/arm_code/arm_code_logitech/install/arm_pwm_bridge/share/colcon-core/packages/arm_pwm_bridge)
[2.178s] Level 1:colcon.colcon_core.shell:create_environment_hook('arm_teleop', 'pythonpath_develop')
[2.179s] INFO:colcon.colcon_core.shell:Creating environment hook '/home/lukevizzini/logitech_arm_code/arm_code/arm_code_logitech/build/arm_teleop/share/arm_teleop/hook/pythonpath_develop.ps1'
[2.179s] DEBUG:colcon.colcon_core.event_handler.log_command:Invoked command in '/home/lukevizzini/logitech_arm_code/arm_code/arm_code_logitech/build/arm_teleop' returned '0': PYTHONPATH=/home/lukevizzini/logitech_arm_code/arm_code/arm_code_logitech/build/arm_teleop/prefix_override:/usr/lib/python3/dist-packages/colcon_core/task/python/colcon_distutils_commands:/home/lukevizzini/logitech_arm_code/arm_code/arm_code_logitech/install/arm_teleop/lib/python3.10/site-packages:${PYTHONPATH} /usr/bin/python3 -W ignore:setup.py install is deprecated -W ignore:easy_install command is deprecated setup.py develop --editable --build-directory /home/lukevizzini/logitech_arm_code/arm_code/arm_code_logitech/build/arm_teleop/build --no-deps symlink_data
[2.180s] INFO:colcon.colcon_core.shell:Creating environment descriptor '/home/lukevizzini/logitech_arm_code/arm_code/arm_code_logitech/build/arm_teleop/share/arm_teleop/hook/pythonpath_develop.dsv'
[2.180s] INFO:colcon.colcon_core.shell:Creating environment hook '/home/lukevizzini/logitech_arm_code/arm_code/arm_code_logitech/build/arm_teleop/share/arm_teleop/hook/pythonpath_develop.sh'
[2.181s] Level 1:colcon.colcon_core.environment:checking '/home/lukevizzini/logitech_arm_code/arm_code/arm_code_logitech/install/arm_teleop' for CMake module files
[2.181s] Level 1:colcon.colcon_core.environment:checking '/home/lukevizzini/logitech_arm_code/arm_code/arm_code_logitech/install/arm_teleop' for CMake config files
[2.181s] Level 1:colcon.colcon_core.environment:checking '/home/lukevizzini/logitech_arm_code/arm_code/arm_code_logitech/install/arm_teleop/lib'
[2.181s] Level 1:colcon.colcon_core.environment:checking '/home/lukevizzini/logitech_arm_code/arm_code/arm_code_logitech/install/arm_teleop/bin'
[2.181s] Level 1:colcon.colcon_core.environment:checking '/home/lukevizzini/logitech_arm_code/arm_code/arm_code_logitech/install/arm_teleop/lib/pkgconfig/arm_teleop.pc'
[2.182s] Level 1:colcon.colcon_core.environment:checking '/home/lukevizzini/logitech_arm_code/arm_code/arm_code_logitech/install/arm_teleop/lib/python3.10/site-packages'
[2.182s] Level 1:colcon.colcon_core.shell:create_environment_hook('arm_teleop', 'pythonpath')
[2.182s] INFO:colcon.colcon_core.shell:Creating environment hook '/home/lukevizzini/logitech_arm_code/arm_code/arm_code_logitech/install/arm_teleop/share/arm_teleop/hook/pythonpath.ps1'
[2.182s] INFO:colcon.colcon_core.shell:Creating environment descriptor '/home/lukevizzini/logitech_arm_code/arm_code/arm_code_logitech/install/arm_teleop/share/arm_teleop/hook/pythonpath.dsv'
[2.182s] INFO:colcon.colcon_core.shell:Creating environment hook '/home/lukevizzini/logitech_arm_code/arm_code/arm_code_logitech/install/arm_teleop/share/arm_teleop/hook/pythonpath.sh'
[2.183s] Level 1:colcon.colcon_core.environment:checking '/home/lukevizzini/logitech_arm_code/arm_code/arm_code_logitech/install/arm_teleop/bin'
[2.183s] Level 1:colcon.colcon_core.environment:create_environment_scripts_only(arm_teleop)
[2.183s] INFO:colcon.colcon_core.shell:Creating package script '/home/lukevizzini/logitech_arm_code/arm_code/arm_code_logitech/install/arm_teleop/share/arm_teleop/package.ps1'
[2.184s] INFO:colcon.colcon_core.shell:Creating package descriptor '/home/lukevizzini/logitech_arm_code/arm_code/arm_code_logitech/install/arm_teleop/share/arm_teleop/package.dsv'
[2.184s] INFO:colcon.colcon_core.shell:Creating package script '/home/lukevizzini/logitech_arm_code/arm_code/arm_code_logitech/install/arm_teleop/share/arm_teleop/package.sh'
[2.184s] INFO:colcon.colcon_core.shell:Creating package script '/home/lukevizzini/logitech_arm_code/arm_code/arm_code_logitech/install/arm_teleop/share/arm_teleop/package.bash'
[2.185s] INFO:colcon.colcon_core.shell:Creating package script '/home/lukevizzini/logitech_arm_code/arm_code/arm_code_logitech/install/arm_teleop/share/arm_teleop/package.zsh'
[2.185s] Level 1:colcon.colcon_core.environment:create_file_with_runtime_dependencies(/home/lukevizzini/logitech_arm_code/arm_code/arm_code_logitech/install/arm_teleop/share/colcon-core/packages/arm_teleop)
[2.185s] INFO:colcon.colcon_ros.task.ament_cmake.build:Building ROS package in '/home/lukevizzini/logitech_arm_code/arm_code/arm_code_logitech/src/launch' with build type 'ament_cmake'
[2.185s] INFO:colcon.colcon_cmake.task.cmake.build:Building CMake package in '/home/lukevizzini/logitech_arm_code/arm_code/arm_code_logitech/src/launch'
[2.186s] INFO:colcon.colcon_core.shell:Skip shell extension 'powershell' for command environment: Not usable outside of PowerShell
[2.186s] DEBUG:colcon.colcon_core.shell:Skip shell extension 'dsv' for command environment
[2.724s] DEBUG:colcon.colcon_core.event_handler.log_command:Invoking command in '/home/lukevizzini/logitech_arm_code/arm_code/arm_code_logitech/build/arm_launch': AMENT_PREFIX_PATH=/home/lukevizzini/logitech_arm_code/arm_code/arm_code_logitech/install/arm_teleop:/home/lukevizzini/logitech_arm_code/arm_code/arm_code_logitech/install/arm_pwm_bridge:/home/lukevizzini/logitech_arm_code/arm_code/arm_code_logitech/install/arm_launch:/home/lukevizzini/logitech_arm_code/arm_code/arm_code_logitech/install/arm_bringup:/home/lukevizzini/logitech_arm_code/arm_code/arm_code_logitech/install/arm_description:/home/lukevizzini/logitech_arm_code/arm_code/arm_code_logitech/install/arm_config:/home/lukevizzini/arm_v3/arm_code/install/arm_launch:/home/lukevizzini/arm_v3/arm_code/install/arm_teleop:/home/lukevizzini/arm_v3/arm_code/install/arm_pwm_bridge:/home/lukevizzini/arm_v3/arm_code/install/arm_bringup:/home/lukevizzini/arm_v3/arm_code/install/arm_description:/home/lukevizzini/arm_v3/arm_code/install/arm_config:/home/lukevizzini/arm_new_v2/arm_code/install/arm_launch:/home/lukevizzini/arm_new_v2/arm_code/install/arm_teleop:/home/lukevizzini/arm_new_v2/arm_code/install/arm_pwm_bridge:/home/lukevizzini/arm_new_v2/arm_code/install/arm_bringup:/home/lukevizzini/arm_new_v2/arm_code/install/arm_description:/home/lukevizzini/arm_new_v2/arm_code/install/arm_config:/opt/ros/humble CMAKE_PREFIX_PATH=/home/lukevizzini/logitech_arm_code/arm_code/arm_code_logitech/install/arm_bringup:/home/lukevizzini/logitech_arm_code/arm_code/arm_code_logitech/install/arm_description:/home/lukevizzini/logitech_arm_code/arm_code/arm_code_logitech/install/arm_config:/home/lukevizzini/logitech_arm_code/arm_code/arm_code_logitech/install/arm_launch:/home/lukevizzini/arm_v3/arm_code/install/arm_launch:/home/lukevizzini/arm_v3/arm_code/install/arm_bringup:/home/lukevizzini/arm_v3/arm_code/install/arm_description:/home/lukevizzini/arm_v3/arm_code/install/arm_config:/home/lukevizzini/arm_new_v2/arm_code/install/arm_launch:/home/lukevizzini/arm_new_v2/arm_code/install/arm_bringup:/home/lukevizzini/arm_new_v2/arm_code/install/arm_description:/home/lukevizzini/arm_new_v2/arm_code/install/arm_config:/home/lukevizzini/logitech_arm_code/arm_code/arm_code_logitech/install/arm_teleop:/home/lukevizzini/logitech_arm_code/arm_code/arm_code_logitech/install/arm_pwm_bridge:/home/lukevizzini/arm_v3/arm_code/install/arm_teleop:/home/lukevizzini/arm_v3/arm_code/install/arm_pwm_bridge:/home/lukevizzini/arm_new_v2/arm_code/install/arm_teleop:/home/lukevizzini/arm_new_v2/arm_code/install/arm_pwm_bridge:/opt/ros/humble /usr/bin/cmake --build /home/lukevizzini/logitech_arm_code/arm_code/arm_code_logitech/build/arm_launch -- -j8 -l8
[2.761s] DEBUG:colcon.colcon_core.event_handler.log_command:Invoked command in '/home/lukevizzini/logitech_arm_code/arm_code/arm_code_logitech/build/arm_launch' returned '0': AMENT_PREFIX_PATH=/home/lukevizzini/logitech_arm_code/arm_code/arm_code_logitech/install/arm_teleop:/home/lukevizzini/logitech_arm_code/arm_code/arm_code_logitech/install/arm_pwm_bridge:/home/lukevizzini/logitech_arm_code/arm_code/arm_code_logitech/install/arm_launch:/home/lukevizzini/logitech_arm_code/arm_code/arm_code_logitech/install/arm_bringup:/home/lukevizzini/logitech_arm_code/arm_code/arm_code_logitech/install/arm_description:/home/lukevizzini/logitech_arm_code/arm_code/arm_code_logitech/install/arm_config:/home/lukevizzini/arm_v3/arm_code/install/arm_launch:/home/lukevizzini/arm_v3/arm_code/install/arm_teleop:/home/lukevizzini/arm_v3/arm_code/install/arm_pwm_bridge:/home/lukevizzini/arm_v3/arm_code/install/arm_bringup:/home/lukevizzini/arm_v3/arm_code/install/arm_description:/home/lukevizzini/arm_v3/arm_code/install/arm_config:/home/lukevizzini/arm_new_v2/arm_code/install/arm_launch:/home/lukevizzini/arm_new_v2/arm_code/install/arm_teleop:/home/lukevizzini/arm_new_v2/arm_code/install/arm_pwm_bridge:/home/lukevizzini/arm_new_v2/arm_code/install/arm_bringup:/home/lukevizzini/arm_new_v2/arm_code/install/arm_description:/home/lukevizzini/arm_new_v2/arm_code/install/arm_config:/opt/ros/humble CMAKE_PREFIX_PATH=/home/lukevizzini/logitech_arm_code/arm_code/arm_code_logitech/install/arm_bringup:/home/lukevizzini/logitech_arm_code/arm_code/arm_code_logitech/install/arm_description:/home/lukevizzini/logitech_arm_code/arm_code/arm_code_logitech/install/arm_config:/home/lukevizzini/logitech_arm_code/arm_code/arm_code_logitech/install/arm_launch:/home/lukevizzini/arm_v3/arm_code/install/arm_launch:/home/lukevizzini/arm_v3/arm_code/install/arm_bringup:/home/lukevizzini/arm_v3/arm_code/install/arm_description:/home/lukevizzini/arm_v3/arm_code/install/arm_config:/home/lukevizzini/arm_new_v2/arm_code/install/arm_launch:/home/lukevizzini/arm_new_v2/arm_code/install/arm_bringup:/home/lukevizzini/arm_new_v2/arm_code/install/arm_description:/home/lukevizzini/arm_new_v2/arm_code/install/arm_config:/home/lukevizzini/logitech_arm_code/arm_code/arm_code_logitech/install/arm_teleop:/home/lukevizzini/logitech_arm_code/arm_code/arm_code_logitech/install/arm_pwm_bridge:/home/lukevizzini/arm_v3/arm_code/install/arm_teleop:/home/lukevizzini/arm_v3/arm_code/install/arm_pwm_bridge:/home/lukevizzini/arm_new_v2/arm_code/install/arm_teleop:/home/lukevizzini/arm_new_v2/arm_code/install/arm_pwm_bridge:/opt/ros/humble /usr/bin/cmake --build /home/lukevizzini/logitech_arm_code/arm_code/arm_code_logitech/build/arm_launch -- -j8 -l8
[2.765s] DEBUG:colcon.colcon_core.event_handler.log_command:Invoking command in '/home/lukevizzini/logitech_arm_code/arm_code/arm_code_logitech/build/arm_launch': AMENT_PREFIX_PATH=/home/lukevizzini/logitech_arm_code/arm_code/arm_code_logitech/install/arm_teleop:/home/lukevizzini/logitech_arm_code/arm_code/arm_code_logitech/install/arm_pwm_bridge:/home/lukevizzini/logitech_arm_code/arm_code/arm_code_logitech/install/arm_launch:/home/lukevizzini/logitech_arm_code/arm_code/arm_code_logitech/install/arm_bringup:/home/lukevizzini/logitech_arm_code/arm_code/arm_code_logitech/install/arm_description:/home/lukevizzini/logitech_arm_code/arm_code/arm_code_logitech/install/arm_config:/home/lukevizzini/arm_v3/arm_code/install/arm_launch:/home/lukevizzini/arm_v3/arm_code/install/arm_teleop:/home/lukevizzini/arm_v3/arm_code/install/arm_pwm_bridge:/home/lukevizzini/arm_v3/arm_code/install/arm_bringup:/home/lukevizzini/arm_v3/arm_code/install/arm_description:/home/lukevizzini/arm_v3/arm_code/install/arm_config:/home/lukevizzini/arm_new_v2/arm_code/install/arm_launch:/home/lukevizzini/arm_new_v2/arm_code/install/arm_teleop:/home/lukevizzini/arm_new_v2/arm_code/install/arm_pwm_bridge:/home/lukevizzini/arm_new_v2/arm_code/install/arm_bringup:/home/lukevizzini/arm_new_v2/arm_code/install/arm_description:/home/lukevizzini/arm_new_v2/arm_code/install/arm_config:/opt/ros/humble CMAKE_PREFIX_PATH=/home/lukevizzini/logitech_arm_code/arm_code/arm_code_logitech/install/arm_bringup:/home/lukevizzini/logitech_arm_code/arm_code/arm_code_logitech/install/arm_description:/home/lukevizzini/logitech_arm_code/arm_code/arm_code_logitech/install/arm_config:/home/lukevizzini/logitech_arm_code/arm_code/arm_code_logitech/install/arm_launch:/home/lukevizzini/arm_v3/arm_code/install/arm_launch:/home/lukevizzini/arm_v3/arm_code/install/arm_bringup:/home/lukevizzini/arm_v3/arm_code/install/arm_description:/home/lukevizzini/arm_v3/arm_code/install/arm_config:/home/lukevizzini/arm_new_v2/arm_code/install/arm_launch:/home/lukevizzini/arm_new_v2/arm_code/install/arm_bringup:/home/lukevizzini/arm_new_v2/arm_code/install/arm_description:/home/lukevizzini/arm_new_v2/arm_code/install/arm_config:/home/lukevizzini/logitech_arm_code/arm_code/arm_code_logitech/install/arm_teleop:/home/lukevizzini/logitech_arm_code/arm_code/arm_code_logitech/install/arm_pwm_bridge:/home/lukevizzini/arm_v3/arm_code/install/arm_teleop:/home/lukevizzini/arm_v3/arm_code/install/arm_pwm_bridge:/home/lukevizzini/arm_new_v2/arm_code/install/arm_teleop:/home/lukevizzini/arm_new_v2/arm_code/install/arm_pwm_bridge:/opt/ros/humble /usr/bin/cmake --install /home/lukevizzini/logitech_arm_code/arm_code/arm_code_logitech/build/arm_launch
[2.791s] Level 1:colcon.colcon_core.environment:create_environment_scripts_only(arm_launch)
[2.792s] Level 1:colcon.colcon_core.environment:checking '/home/lukevizzini/logitech_arm_code/arm_code/arm_code_logitech/install/arm_launch' for CMake module files
[2.792s] DEBUG:colcon.colcon_core.event_handler.log_command:Invoked command in '/home/lukevizzini/logitech_arm_code/arm_code/arm_code_logitech/build/arm_launch' returned '0': AMENT_PREFIX_PATH=/home/lukevizzini/logitech_arm_code/arm_code/arm_code_logitech/install/arm_teleop:/home/lukevizzini/logitech_arm_code/arm_code/arm_code_logitech/install/arm_pwm_bridge:/home/lukevizzini/logitech_arm_code/arm_code/arm_code_logitech/install/arm_launch:/home/lukevizzini/logitech_arm_code/arm_code/arm_code_logitech/install/arm_bringup:/home/lukevizzini/logitech_arm_code/arm_code/arm_code_logitech/install/arm_description:/home/lukevizzini/logitech_arm_code/arm_code/arm_code_logitech/install/arm_config:/home/lukevizzini/arm_v3/arm_code/install/arm_launch:/home/lukevizzini/arm_v3/arm_code/install/arm_teleop:/home/lukevizzini/arm_v3/arm_code/install/arm_pwm_bridge:/home/lukevizzini/arm_v3/arm_code/install/arm_bringup:/home/lukevizzini/arm_v3/arm_code/install/arm_description:/home/lukevizzini/arm_v3/arm_code/install/arm_config:/home/lukevizzini/arm_new_v2/arm_code/install/arm_launch:/home/lukevizzini/arm_new_v2/arm_code/install/arm_teleop:/home/lukevizzini/arm_new_v2/arm_code/install/arm_pwm_bridge:/home/lukevizzini/arm_new_v2/arm_code/install/arm_bringup:/home/lukevizzini/arm_new_v2/arm_code/install/arm_description:/home/lukevizzini/arm_new_v2/arm_code/install/arm_config:/opt/ros/humble CMAKE_PREFIX_PATH=/home/lukevizzini/logitech_arm_code/arm_code/arm_code_logitech/install/arm_bringup:/home/lukevizzini/logitech_arm_code/arm_code/arm_code_logitech/install/arm_description:/home/lukevizzini/logitech_arm_code/arm_code/arm_code_logitech/install/arm_config:/home/lukevizzini/logitech_arm_code/arm_code/arm_code_logitech/install/arm_launch:/home/lukevizzini/arm_v3/arm_code/install/arm_launch:/home/lukevizzini/arm_v3/arm_code/install/arm_bringup:/home/lukevizzini/arm_v3/arm_code/install/arm_description:/home/lukevizzini/arm_v3/arm_code/install/arm_config:/home/lukevizzini/arm_new_v2/arm_code/install/arm_launch:/home/lukevizzini/arm_new_v2/arm_code/install/arm_bringup:/home/lukevizzini/arm_new_v2/arm_code/install/arm_description:/home/lukevizzini/arm_new_v2/arm_code/install/arm_config:/home/lukevizzini/logitech_arm_code/arm_code/arm_code_logitech/install/arm_teleop:/home/lukevizzini/logitech_arm_code/arm_code/arm_code_logitech/install/arm_pwm_bridge:/home/lukevizzini/arm_v3/arm_code/install/arm_teleop:/home/lukevizzini/arm_v3/arm_code/install/arm_pwm_bridge:/home/lukevizzini/arm_new_v2/arm_code/install/arm_teleop:/home/lukevizzini/arm_new_v2/arm_code/install/arm_pwm_bridge:/opt/ros/humble /usr/bin/cmake --install /home/lukevizzini/logitech_arm_code/arm_code/arm_code_logitech/build/arm_launch
[2.793s] Level 1:colcon.colcon_core.environment:checking '/home/lukevizzini/logitech_arm_code/arm_code/arm_code_logitech/install/arm_launch' for CMake config files
[2.793s] Level 1:colcon.colcon_core.shell:create_environment_hook('arm_launch', 'cmake_prefix_path')
[2.793s] INFO:colcon.colcon_core.shell:Creating environment hook '/home/lukevizzini/logitech_arm_code/arm_code/arm_code_logitech/install/arm_launch/share/arm_launch/hook/cmake_prefix_path.ps1'
[2.794s] INFO:colcon.colcon_core.shell:Creating environment descriptor '/home/lukevizzini/logitech_arm_code/arm_code/arm_code_logitech/install/arm_launch/share/arm_launch/hook/cmake_prefix_path.dsv'
[2.794s] INFO:colcon.colcon_core.shell:Creating environment hook '/home/lukevizzini/logitech_arm_code/arm_code/arm_code_logitech/install/arm_launch/share/arm_launch/hook/cmake_prefix_path.sh'
[2.795s] Level 1:colcon.colcon_core.environment:checking '/home/lukevizzini/logitech_arm_code/arm_code/arm_code_logitech/install/arm_launch/bin'
[2.795s] Level 1:colcon.colcon_core.environment:checking '/home/lukevizzini/logitech_arm_code/arm_code/arm_code_logitech/install/arm_launch/lib/pkgconfig/arm_launch.pc'
[2.795s] Level 1:colcon.colcon_core.environment:checking '/home/lukevizzini/logitech_arm_code/arm_code/arm_code_logitech/install/arm_launch/lib/python3.10/site-packages'
[2.795s] Level 1:colcon.colcon_core.environment:checking '/home/lukevizzini/logitech_arm_code/arm_code/arm_code_logitech/install/arm_launch/bin'
[2.795s] INFO:colcon.colcon_core.shell:Creating package script '/home/lukevizzini/logitech_arm_code/arm_code/arm_code_logitech/install/arm_launch/share/arm_launch/package.ps1'
[2.796s] INFO:colcon.colcon_core.shell:Creating package descriptor '/home/lukevizzini/logitech_arm_code/arm_code/arm_code_logitech/install/arm_launch/share/arm_launch/package.dsv'
[2.796s] INFO:colcon.colcon_core.shell:Creating package script '/home/lukevizzini/logitech_arm_code/arm_code/arm_code_logitech/install/arm_launch/share/arm_launch/package.sh'
[2.796s] INFO:colcon.colcon_core.shell:Creating package script '/home/lukevizzini/logitech_arm_code/arm_code/arm_code_logitech/install/arm_launch/share/arm_launch/package.bash'
[2.797s] INFO:colcon.colcon_core.shell:Creating package script '/home/lukevizzini/logitech_arm_code/arm_code/arm_code_logitech/install/arm_launch/share/arm_launch/package.zsh'
[2.797s] Level 1:colcon.colcon_core.environment:create_file_with_runtime_dependencies(/home/lukevizzini/logitech_arm_code/arm_code/arm_code_logitech/install/arm_launch/share/colcon-core/packages/arm_launch)
[2.797s] Level 1:colcon.colcon_core.environment:create_environment_scripts_only(arm_launch)
[2.798s] Level 1:colcon.colcon_core.environment:checking '/home/lukevizzini/logitech_arm_code/arm_code/arm_code_logitech/install/arm_launch' for CMake module files
[2.798s] Level 1:colcon.colcon_core.environment:checking '/home/lukevizzini/logitech_arm_code/arm_code/arm_code_logitech/install/arm_launch' for CMake config files
[2.798s] Level 1:colcon.colcon_core.shell:create_environment_hook('arm_launch', 'cmake_prefix_path')
[2.798s] INFO:colcon.colcon_core.shell:Creating environment hook '/home/lukevizzini/logitech_arm_code/arm_code/arm_code_logitech/install/arm_launch/share/arm_launch/hook/cmake_prefix_path.ps1'
[2.799s] INFO:colcon.colcon_core.shell:Creating environment descriptor '/home/lukevizzini/logitech_arm_code/arm_code/arm_code_logitech/install/arm_launch/share/arm_launch/hook/cmake_prefix_path.dsv'
[2.799s] INFO:colcon.colcon_core.shell:Creating environment hook '/home/lukevizzini/logitech_arm_code/arm_code/arm_code_logitech/install/arm_launch/share/arm_launch/hook/cmake_prefix_path.sh'
[2.799s] Level 1:colcon.colcon_core.environment:checking '/home/lukevizzini/logitech_arm_code/arm_code/arm_code_logitech/install/arm_launch/bin'
[2.799s] Level 1:colcon.colcon_core.environment:checking '/home/lukevizzini/logitech_arm_code/arm_code/arm_code_logitech/install/arm_launch/lib/pkgconfig/arm_launch.pc'
[2.800s] Level 1:colcon.colcon_core.environment:checking '/home/lukevizzini/logitech_arm_code/arm_code/arm_code_logitech/install/arm_launch/lib/python3.10/site-packages'
[2.800s] Level 1:colcon.colcon_core.environment:checking '/home/lukevizzini/logitech_arm_code/arm_code/arm_code_logitech/install/arm_launch/bin'
[2.800s] INFO:colcon.colcon_core.shell:Creating package script '/home/lukevizzini/logitech_arm_code/arm_code/arm_code_logitech/install/arm_launch/share/arm_launch/package.ps1'
[2.800s] INFO:colcon.colcon_core.shell:Creating package descriptor '/home/lukevizzini/logitech_arm_code/arm_code/arm_code_logitech/install/arm_launch/share/arm_launch/package.dsv'
[2.801s] INFO:colcon.colcon_core.shell:Creating package script '/home/lukevizzini/logitech_arm_code/arm_code/arm_code_logitech/install/arm_launch/share/arm_launch/package.sh'
[2.801s] INFO:colcon.colcon_core.shell:Creating package script '/home/lukevizzini/logitech_arm_code/arm_code/arm_code_logitech/install/arm_launch/share/arm_launch/package.bash'
[2.801s] INFO:colcon.colcon_core.shell:Creating package script '/home/lukevizzini/logitech_arm_code/arm_code/arm_code_logitech/install/arm_launch/share/arm_launch/package.zsh'
[2.802s] Level 1:colcon.colcon_core.environment:create_file_with_runtime_dependencies(/home/lukevizzini/logitech_arm_code/arm_code/arm_code_logitech/install/arm_launch/share/colcon-core/packages/arm_launch)
[2.802s] DEBUG:colcon.colcon_parallel_executor.executor.parallel:closing loop
[2.803s] DEBUG:colcon.colcon_parallel_executor.executor.parallel:loop closed
[2.803s] DEBUG:colcon.colcon_parallel_executor.executor.parallel:run_until_complete finished with '0'
[2.803s] DEBUG:colcon.colcon_core.event_reactor:joining thread
[2.812s] INFO:colcon.colcon_core.plugin_system:Skipping extension 'colcon_notification.desktop_notification.terminal_notifier': Not used on non-Darwin systems
[2.813s] INFO:colcon.colcon_core.plugin_system:Skipping extension 'colcon_notification.desktop_notification.win32': Not used on non-Windows systems
[2.813s] INFO:colcon.colcon_notification.desktop_notification:Sending desktop notification using 'notify2'
[2.814s] DEBUG:colcon.colcon_notification.desktop_notification.notify2:Failed to initialize notify2: org.freedesktop.DBus.Error.ServiceUnknown: The name org.freedesktop.Notifications was not provided by any .service files
[2.814s] DEBUG:colcon.colcon_core.event_reactor:joined thread
[2.814s] INFO:colcon.colcon_core.shell:Creating prefix script '/home/lukevizzini/logitech_arm_code/arm_code/arm_code_logitech/install/local_setup.ps1'
[2.816s] INFO:colcon.colcon_core.shell:Creating prefix util module '/home/lukevizzini/logitech_arm_code/arm_code/arm_code_logitech/install/_local_setup_util_ps1.py'
[2.817s] INFO:colcon.colcon_core.shell:Creating prefix chain script '/home/lukevizzini/logitech_arm_code/arm_code/arm_code_logitech/install/setup.ps1'
[2.819s] INFO:colcon.colcon_core.shell:Creating prefix script '/home/lukevizzini/logitech_arm_code/arm_code/arm_code_logitech/install/local_setup.sh'
[2.821s] INFO:colcon.colcon_core.shell:Creating prefix util module '/home/lukevizzini/logitech_arm_code/arm_code/arm_code_logitech/install/_local_setup_util_sh.py'
[2.821s] INFO:colcon.colcon_core.shell:Creating prefix chain script '/home/lukevizzini/logitech_arm_code/arm_code/arm_code_logitech/install/setup.sh'
[2.823s] INFO:colcon.colcon_core.shell:Creating prefix script '/home/lukevizzini/logitech_arm_code/arm_code/arm_code_logitech/install/local_setup.bash'
[2.824s] INFO:colcon.colcon_core.shell:Creating prefix chain script '/home/lukevizzini/logitech_arm_code/arm_code/arm_code_logitech/install/setup.bash'
[2.826s] INFO:colcon.colcon_core.shell:Creating prefix script '/home/lukevizzini/logitech_arm_code/arm_code/arm_code_logitech/install/local_setup.zsh'
[2.828s] INFO:colcon.colcon_core.shell:Creating prefix chain script '/home/lukevizzini/logitech_arm_code/arm_code/arm_code_logitech/install/setup.zsh'
