[0.073s] Invoking command in '/home/lukevizzini/arm_v3/arm_code/build/arm_description': CMAKE_PREFIX_PATH=/home/lukevizzini/arm_v3/arm_code/install/arm_config:/home/lukevizzini/arm_new_v2/arm_code/install/arm_launch:/home/lukevizzini/arm_new_v2/arm_code/install/arm_bringup:/home/lukevizzini/arm_new_v2/arm_code/install/arm_description:/home/lukevizzini/arm_new_v2/arm_code/install/arm_config:/home/lukevizzini/arm_v3/arm_code/install/arm_launch:/home/lukevizzini/arm_v3/arm_code/install/arm_bringup:/home/lukevizzini/arm_v3/arm_code/install/arm_description:/home/lukevizzini/arm_new_v2/arm_code/install/arm_teleop:/home/lukevizzini/arm_new_v2/arm_code/install/arm_pwm_bridge:/home/lukevizzini/arm_v3/arm_code/install/arm_teleop:/home/lukevizzini/arm_v3/arm_code/install/arm_pwm_bridge:/opt/ros/humble /usr/bin/cmake /home/lukevizzini/arm_v3/arm_code/src/description -DAMENT_CMAKE_SYMLINK_INSTALL=1 -DCMAKE_INSTALL_PREFIX=/home/lukevizzini/arm_v3/arm_code/install/arm_description
[0.241s] -- The C compiler identification is GNU 11.4.0
[0.915s] -- The CXX compiler identification is GNU 11.4.0
[1.281s] -- Detecting C compiler ABI info
[1.478s] -- Detecting C compiler ABI info - done
[1.484s] -- Check for working C compiler: /usr/bin/cc - skipped
[1.484s] -- Detecting C compile features
[1.484s] -- Detecting C compile features - done
[1.488s] -- Detecting CXX compiler ABI info
[1.710s] -- Detecting CXX compiler ABI info - done
[1.716s] -- Check for working CXX compiler: /usr/bin/c++ - skipped
[1.716s] -- Detecting CXX compile features
[1.717s] -- Detecting CXX compile features - done
[1.720s] -- Found ament_cmake: 1.3.11 (/opt/ros/humble/share/ament_cmake/cmake)
[1.958s] -- Found Python3: /usr/bin/python3 (found version "3.10.12") found components: Interpreter 
[2.038s] -- Override CMake install command with custom implementation using symlinks instead of copying resources
[2.145s] -- Configuring done
[2.150s] -- Generating done
[2.151s] -- Build files have been written to: /home/lukevizzini/arm_v3/arm_code/build/arm_description
[2.156s] Invoked command in '/home/lukevizzini/arm_v3/arm_code/build/arm_description' returned '0': CMAKE_PREFIX_PATH=/home/lukevizzini/arm_v3/arm_code/install/arm_config:/home/lukevizzini/arm_new_v2/arm_code/install/arm_launch:/home/lukevizzini/arm_new_v2/arm_code/install/arm_bringup:/home/lukevizzini/arm_new_v2/arm_code/install/arm_description:/home/lukevizzini/arm_new_v2/arm_code/install/arm_config:/home/lukevizzini/arm_v3/arm_code/install/arm_launch:/home/lukevizzini/arm_v3/arm_code/install/arm_bringup:/home/lukevizzini/arm_v3/arm_code/install/arm_description:/home/lukevizzini/arm_new_v2/arm_code/install/arm_teleop:/home/lukevizzini/arm_new_v2/arm_code/install/arm_pwm_bridge:/home/lukevizzini/arm_v3/arm_code/install/arm_teleop:/home/lukevizzini/arm_v3/arm_code/install/arm_pwm_bridge:/opt/ros/humble /usr/bin/cmake /home/lukevizzini/arm_v3/arm_code/src/description -DAMENT_CMAKE_SYMLINK_INSTALL=1 -DCMAKE_INSTALL_PREFIX=/home/lukevizzini/arm_v3/arm_code/install/arm_description
[2.158s] Invoking command in '/home/lukevizzini/arm_v3/arm_code/build/arm_description': CMAKE_PREFIX_PATH=/home/lukevizzini/arm_v3/arm_code/install/arm_config:/home/lukevizzini/arm_new_v2/arm_code/install/arm_launch:/home/lukevizzini/arm_new_v2/arm_code/install/arm_bringup:/home/lukevizzini/arm_new_v2/arm_code/install/arm_description:/home/lukevizzini/arm_new_v2/arm_code/install/arm_config:/home/lukevizzini/arm_v3/arm_code/install/arm_launch:/home/lukevizzini/arm_v3/arm_code/install/arm_bringup:/home/lukevizzini/arm_v3/arm_code/install/arm_description:/home/lukevizzini/arm_new_v2/arm_code/install/arm_teleop:/home/lukevizzini/arm_new_v2/arm_code/install/arm_pwm_bridge:/home/lukevizzini/arm_v3/arm_code/install/arm_teleop:/home/lukevizzini/arm_v3/arm_code/install/arm_pwm_bridge:/opt/ros/humble /usr/bin/cmake --build /home/lukevizzini/arm_v3/arm_code/build/arm_description -- -j8 -l8
[2.192s] Invoked command in '/home/lukevizzini/arm_v3/arm_code/build/arm_description' returned '0': CMAKE_PREFIX_PATH=/home/lukevizzini/arm_v3/arm_code/install/arm_config:/home/lukevizzini/arm_new_v2/arm_code/install/arm_launch:/home/lukevizzini/arm_new_v2/arm_code/install/arm_bringup:/home/lukevizzini/arm_new_v2/arm_code/install/arm_description:/home/lukevizzini/arm_new_v2/arm_code/install/arm_config:/home/lukevizzini/arm_v3/arm_code/install/arm_launch:/home/lukevizzini/arm_v3/arm_code/install/arm_bringup:/home/lukevizzini/arm_v3/arm_code/install/arm_description:/home/lukevizzini/arm_new_v2/arm_code/install/arm_teleop:/home/lukevizzini/arm_new_v2/arm_code/install/arm_pwm_bridge:/home/lukevizzini/arm_v3/arm_code/install/arm_teleop:/home/lukevizzini/arm_v3/arm_code/install/arm_pwm_bridge:/opt/ros/humble /usr/bin/cmake --build /home/lukevizzini/arm_v3/arm_code/build/arm_description -- -j8 -l8
[2.194s] Invoking command in '/home/lukevizzini/arm_v3/arm_code/build/arm_description': CMAKE_PREFIX_PATH=/home/lukevizzini/arm_v3/arm_code/install/arm_config:/home/lukevizzini/arm_new_v2/arm_code/install/arm_launch:/home/lukevizzini/arm_new_v2/arm_code/install/arm_bringup:/home/lukevizzini/arm_new_v2/arm_code/install/arm_description:/home/lukevizzini/arm_new_v2/arm_code/install/arm_config:/home/lukevizzini/arm_v3/arm_code/install/arm_launch:/home/lukevizzini/arm_v3/arm_code/install/arm_bringup:/home/lukevizzini/arm_v3/arm_code/install/arm_description:/home/lukevizzini/arm_new_v2/arm_code/install/arm_teleop:/home/lukevizzini/arm_new_v2/arm_code/install/arm_pwm_bridge:/home/lukevizzini/arm_v3/arm_code/install/arm_teleop:/home/lukevizzini/arm_v3/arm_code/install/arm_pwm_bridge:/opt/ros/humble /usr/bin/cmake --install /home/lukevizzini/arm_v3/arm_code/build/arm_description
[2.201s] -- Install configuration: ""
[2.201s] -- Execute custom install script
[2.203s] -- Symlinking: /home/lukevizzini/arm_v3/arm_code/install/arm_description/share/arm_description/urdf/four_dof_arm.urdf.xacro
[2.214s] -- Symlinking: /home/lukevizzini/arm_v3/arm_code/install/arm_description/share/arm_description/urdf/ros2_control.xacro
[2.223s] -- Symlinking: /home/lukevizzini/arm_v3/arm_code/install/arm_description/share/arm_description/meshes/Link.STL
[2.232s] -- Symlinking: /home/lukevizzini/arm_v3/arm_code/install/arm_description/share/arm_description/meshes/base_placeholder.stl
[2.241s] -- Symlinking: /home/lukevizzini/arm_v3/arm_code/install/arm_description/share/arm_description/meshes/ee_placeholder.stl
[2.250s] -- Symlinking: /home/lukevizzini/arm_v3/arm_code/install/arm_description/share/arm_description/meshes/link1_placeholder.stl
[2.264s] -- Symlinking: /home/lukevizzini/arm_v3/arm_code/install/arm_description/share/arm_description/meshes/link2_placeholder.stl
[2.276s] -- Symlinking: /home/lukevizzini/arm_v3/arm_code/install/arm_description/share/arm_description/meshes/link3_placeholder.stl
[2.290s] -- Symlinking: /home/lukevizzini/arm_v3/arm_code/install/arm_description/share/arm_description/meshes/link4_placeholder.stl
[2.306s] -- Symlinking: /home/lukevizzini/arm_v3/arm_code/install/arm_description/share/ament_index/resource_index/package_run_dependencies/arm_description
[2.320s] -- Symlinking: /home/lukevizzini/arm_v3/arm_code/install/arm_description/share/ament_index/resource_index/parent_prefix_path/arm_description
[2.335s] -- Symlinking: /home/lukevizzini/arm_v3/arm_code/install/arm_description/share/arm_description/environment/ament_prefix_path.sh
[2.348s] -- Symlinking: /home/lukevizzini/arm_v3/arm_code/install/arm_description/share/arm_description/environment/ament_prefix_path.dsv
[2.361s] -- Symlinking: /home/lukevizzini/arm_v3/arm_code/install/arm_description/share/arm_description/environment/path.sh
[2.371s] -- Symlinking: /home/lukevizzini/arm_v3/arm_code/install/arm_description/share/arm_description/environment/path.dsv
[2.382s] -- Symlinking: /home/lukevizzini/arm_v3/arm_code/install/arm_description/share/arm_description/local_setup.bash
[2.395s] -- Symlinking: /home/lukevizzini/arm_v3/arm_code/install/arm_description/share/arm_description/local_setup.sh
[2.408s] -- Symlinking: /home/lukevizzini/arm_v3/arm_code/install/arm_description/share/arm_description/local_setup.zsh
[2.430s] -- Symlinking: /home/lukevizzini/arm_v3/arm_code/install/arm_description/share/arm_description/local_setup.dsv
[2.452s] -- Symlinking: /home/lukevizzini/arm_v3/arm_code/install/arm_description/share/arm_description/package.dsv
[2.468s] -- Symlinking: /home/lukevizzini/arm_v3/arm_code/install/arm_description/share/ament_index/resource_index/packages/arm_description
[2.483s] -- Symlinking: /home/lukevizzini/arm_v3/arm_code/install/arm_description/share/arm_description/cmake/arm_descriptionConfig.cmake
[2.496s] -- Symlinking: /home/lukevizzini/arm_v3/arm_code/install/arm_description/share/arm_description/cmake/arm_descriptionConfig-version.cmake
[2.507s] -- Symlinking: /home/lukevizzini/arm_v3/arm_code/install/arm_description/share/arm_description/package.xml
[2.524s] Invoked command in '/home/lukevizzini/arm_v3/arm_code/build/arm_description' returned '0': CMAKE_PREFIX_PATH=/home/lukevizzini/arm_v3/arm_code/install/arm_config:/home/lukevizzini/arm_new_v2/arm_code/install/arm_launch:/home/lukevizzini/arm_new_v2/arm_code/install/arm_bringup:/home/lukevizzini/arm_new_v2/arm_code/install/arm_description:/home/lukevizzini/arm_new_v2/arm_code/install/arm_config:/home/lukevizzini/arm_v3/arm_code/install/arm_launch:/home/lukevizzini/arm_v3/arm_code/install/arm_bringup:/home/lukevizzini/arm_v3/arm_code/install/arm_description:/home/lukevizzini/arm_new_v2/arm_code/install/arm_teleop:/home/lukevizzini/arm_new_v2/arm_code/install/arm_pwm_bridge:/home/lukevizzini/arm_v3/arm_code/install/arm_teleop:/home/lukevizzini/arm_v3/arm_code/install/arm_pwm_bridge:/opt/ros/humble /usr/bin/cmake --install /home/lukevizzini/arm_v3/arm_code/build/arm_description
