[0.074s] Invoking command in '/home/lukevizzini/arm_new/arm_code/build/arm_description': CMAKE_PREFIX_PATH=/home/lukevizzini/arm_new/arm_code/install/arm_config:/home/lukevizzini/arm_new_v2/arm_code/install/arm_launch:/home/lukevizzini/arm_new_v2/arm_code/install/arm_bringup:/home/lukevizzini/arm_new_v2/arm_code/install/arm_description:/home/lukevizzini/arm_new_v2/arm_code/install/arm_config:/home/lukevizzini/arm_new/arm_code/install/arm_launch:/home/lukevizzini/arm_new/arm_code/install/arm_bringup:/home/lukevizzini/arm_new/arm_code/install/arm_description:/home/lukevizzini/arm_new_v2/arm_code/install/arm_teleop:/home/lukevizzini/arm_new_v2/arm_code/install/arm_pwm_bridge:/home/lukevizzini/arm_new/arm_code/install/arm_teleop:/home/lukevizzini/arm_new/arm_code/install/arm_pwm_bridge:/opt/ros/humble /usr/bin/cmake /home/lukevizzini/arm_new/arm_code/src/description -DAMENT_CMAKE_SYMLINK_INSTALL=1 -DCMAKE_INSTALL_PREFIX=/home/lukevizzini/arm_new/arm_code/install/arm_description
[0.267s] -- The C compiler identification is GNU 11.4.0
[0.804s] -- The CXX compiler identification is GNU 11.4.0
[1.152s] -- Detecting C compiler ABI info
[1.299s] -- Detecting C compiler ABI info - done
[1.305s] -- Check for working C compiler: /usr/bin/cc - skipped
[1.305s] -- Detecting C compile features
[1.305s] -- Detecting C compile features - done
[1.308s] -- Detecting CXX compiler ABI info
[1.463s] -- Detecting CXX compiler ABI info - done
[1.469s] -- Check for working CXX compiler: /usr/bin/c++ - skipped
[1.469s] -- Detecting CXX compile features
[1.469s] -- Detecting CXX compile features - done
[1.472s] -- Found ament_cmake: 1.3.11 (/opt/ros/humble/share/ament_cmake/cmake)
[1.627s] -- Found Python3: /usr/bin/python3 (found version "3.10.12") found components: Interpreter 
[1.681s] -- Override CMake install command with custom implementation using symlinks instead of copying resources
[1.776s] -- Configuring done
[1.779s] -- Generating done
[1.780s] -- Build files have been written to: /home/lukevizzini/arm_new/arm_code/build/arm_description
[1.786s] Invoked command in '/home/lukevizzini/arm_new/arm_code/build/arm_description' returned '0': CMAKE_PREFIX_PATH=/home/lukevizzini/arm_new/arm_code/install/arm_config:/home/lukevizzini/arm_new_v2/arm_code/install/arm_launch:/home/lukevizzini/arm_new_v2/arm_code/install/arm_bringup:/home/lukevizzini/arm_new_v2/arm_code/install/arm_description:/home/lukevizzini/arm_new_v2/arm_code/install/arm_config:/home/lukevizzini/arm_new/arm_code/install/arm_launch:/home/lukevizzini/arm_new/arm_code/install/arm_bringup:/home/lukevizzini/arm_new/arm_code/install/arm_description:/home/lukevizzini/arm_new_v2/arm_code/install/arm_teleop:/home/lukevizzini/arm_new_v2/arm_code/install/arm_pwm_bridge:/home/lukevizzini/arm_new/arm_code/install/arm_teleop:/home/lukevizzini/arm_new/arm_code/install/arm_pwm_bridge:/opt/ros/humble /usr/bin/cmake /home/lukevizzini/arm_new/arm_code/src/description -DAMENT_CMAKE_SYMLINK_INSTALL=1 -DCMAKE_INSTALL_PREFIX=/home/lukevizzini/arm_new/arm_code/install/arm_description
[1.787s] Invoking command in '/home/lukevizzini/arm_new/arm_code/build/arm_description': CMAKE_PREFIX_PATH=/home/lukevizzini/arm_new/arm_code/install/arm_config:/home/lukevizzini/arm_new_v2/arm_code/install/arm_launch:/home/lukevizzini/arm_new_v2/arm_code/install/arm_bringup:/home/lukevizzini/arm_new_v2/arm_code/install/arm_description:/home/lukevizzini/arm_new_v2/arm_code/install/arm_config:/home/lukevizzini/arm_new/arm_code/install/arm_launch:/home/lukevizzini/arm_new/arm_code/install/arm_bringup:/home/lukevizzini/arm_new/arm_code/install/arm_description:/home/lukevizzini/arm_new_v2/arm_code/install/arm_teleop:/home/lukevizzini/arm_new_v2/arm_code/install/arm_pwm_bridge:/home/lukevizzini/arm_new/arm_code/install/arm_teleop:/home/lukevizzini/arm_new/arm_code/install/arm_pwm_bridge:/opt/ros/humble /usr/bin/cmake --build /home/lukevizzini/arm_new/arm_code/build/arm_description -- -j8 -l8
[1.821s] Invoked command in '/home/lukevizzini/arm_new/arm_code/build/arm_description' returned '0': CMAKE_PREFIX_PATH=/home/lukevizzini/arm_new/arm_code/install/arm_config:/home/lukevizzini/arm_new_v2/arm_code/install/arm_launch:/home/lukevizzini/arm_new_v2/arm_code/install/arm_bringup:/home/lukevizzini/arm_new_v2/arm_code/install/arm_description:/home/lukevizzini/arm_new_v2/arm_code/install/arm_config:/home/lukevizzini/arm_new/arm_code/install/arm_launch:/home/lukevizzini/arm_new/arm_code/install/arm_bringup:/home/lukevizzini/arm_new/arm_code/install/arm_description:/home/lukevizzini/arm_new_v2/arm_code/install/arm_teleop:/home/lukevizzini/arm_new_v2/arm_code/install/arm_pwm_bridge:/home/lukevizzini/arm_new/arm_code/install/arm_teleop:/home/lukevizzini/arm_new/arm_code/install/arm_pwm_bridge:/opt/ros/humble /usr/bin/cmake --build /home/lukevizzini/arm_new/arm_code/build/arm_description -- -j8 -l8
[1.823s] Invoking command in '/home/lukevizzini/arm_new/arm_code/build/arm_description': CMAKE_PREFIX_PATH=/home/lukevizzini/arm_new/arm_code/install/arm_config:/home/lukevizzini/arm_new_v2/arm_code/install/arm_launch:/home/lukevizzini/arm_new_v2/arm_code/install/arm_bringup:/home/lukevizzini/arm_new_v2/arm_code/install/arm_description:/home/lukevizzini/arm_new_v2/arm_code/install/arm_config:/home/lukevizzini/arm_new/arm_code/install/arm_launch:/home/lukevizzini/arm_new/arm_code/install/arm_bringup:/home/lukevizzini/arm_new/arm_code/install/arm_description:/home/lukevizzini/arm_new_v2/arm_code/install/arm_teleop:/home/lukevizzini/arm_new_v2/arm_code/install/arm_pwm_bridge:/home/lukevizzini/arm_new/arm_code/install/arm_teleop:/home/lukevizzini/arm_new/arm_code/install/arm_pwm_bridge:/opt/ros/humble /usr/bin/cmake --install /home/lukevizzini/arm_new/arm_code/build/arm_description
[1.831s] -- Install configuration: ""
[1.831s] -- Execute custom install script
[1.833s] -- Symlinking: /home/lukevizzini/arm_new/arm_code/install/arm_description/share/arm_description/urdf/four_dof_arm.urdf.xacro
[1.845s] -- Symlinking: /home/lukevizzini/arm_new/arm_code/install/arm_description/share/arm_description/urdf/ros2_control.xacro
[1.854s] -- Symlinking: /home/lukevizzini/arm_new/arm_code/install/arm_description/share/arm_description/meshes/Link.STL
[1.861s] -- Symlinking: /home/lukevizzini/arm_new/arm_code/install/arm_description/share/arm_description/meshes/base_placeholder.stl
[1.869s] -- Symlinking: /home/lukevizzini/arm_new/arm_code/install/arm_description/share/arm_description/meshes/ee_placeholder.stl
[1.876s] -- Symlinking: /home/lukevizzini/arm_new/arm_code/install/arm_description/share/arm_description/meshes/link1_placeholder.stl
[1.886s] -- Symlinking: /home/lukevizzini/arm_new/arm_code/install/arm_description/share/arm_description/meshes/link2_placeholder.stl
[1.896s] -- Symlinking: /home/lukevizzini/arm_new/arm_code/install/arm_description/share/arm_description/meshes/link3_placeholder.stl
[1.904s] -- Symlinking: /home/lukevizzini/arm_new/arm_code/install/arm_description/share/arm_description/meshes/link4_placeholder.stl
[1.913s] -- Symlinking: /home/lukevizzini/arm_new/arm_code/install/arm_description/share/ament_index/resource_index/package_run_dependencies/arm_description
[1.921s] -- Symlinking: /home/lukevizzini/arm_new/arm_code/install/arm_description/share/ament_index/resource_index/parent_prefix_path/arm_description
[1.929s] -- Symlinking: /home/lukevizzini/arm_new/arm_code/install/arm_description/share/arm_description/environment/ament_prefix_path.sh
[1.936s] -- Symlinking: /home/lukevizzini/arm_new/arm_code/install/arm_description/share/arm_description/environment/ament_prefix_path.dsv
[1.944s] -- Symlinking: /home/lukevizzini/arm_new/arm_code/install/arm_description/share/arm_description/environment/path.sh
[1.952s] -- Symlinking: /home/lukevizzini/arm_new/arm_code/install/arm_description/share/arm_description/environment/path.dsv
[1.960s] -- Symlinking: /home/lukevizzini/arm_new/arm_code/install/arm_description/share/arm_description/local_setup.bash
[1.967s] -- Symlinking: /home/lukevizzini/arm_new/arm_code/install/arm_description/share/arm_description/local_setup.sh
[1.975s] -- Symlinking: /home/lukevizzini/arm_new/arm_code/install/arm_description/share/arm_description/local_setup.zsh
[1.982s] -- Symlinking: /home/lukevizzini/arm_new/arm_code/install/arm_description/share/arm_description/local_setup.dsv
[1.990s] -- Symlinking: /home/lukevizzini/arm_new/arm_code/install/arm_description/share/arm_description/package.dsv
[1.997s] -- Symlinking: /home/lukevizzini/arm_new/arm_code/install/arm_description/share/ament_index/resource_index/packages/arm_description
[2.005s] -- Symlinking: /home/lukevizzini/arm_new/arm_code/install/arm_description/share/arm_description/cmake/arm_descriptionConfig.cmake
[2.013s] -- Symlinking: /home/lukevizzini/arm_new/arm_code/install/arm_description/share/arm_description/cmake/arm_descriptionConfig-version.cmake
[2.025s] -- Symlinking: /home/lukevizzini/arm_new/arm_code/install/arm_description/share/arm_description/package.xml
[2.037s] Invoked command in '/home/lukevizzini/arm_new/arm_code/build/arm_description' returned '0': CMAKE_PREFIX_PATH=/home/lukevizzini/arm_new/arm_code/install/arm_config:/home/lukevizzini/arm_new_v2/arm_code/install/arm_launch:/home/lukevizzini/arm_new_v2/arm_code/install/arm_bringup:/home/lukevizzini/arm_new_v2/arm_code/install/arm_description:/home/lukevizzini/arm_new_v2/arm_code/install/arm_config:/home/lukevizzini/arm_new/arm_code/install/arm_launch:/home/lukevizzini/arm_new/arm_code/install/arm_bringup:/home/lukevizzini/arm_new/arm_code/install/arm_description:/home/lukevizzini/arm_new_v2/arm_code/install/arm_teleop:/home/lukevizzini/arm_new_v2/arm_code/install/arm_pwm_bridge:/home/lukevizzini/arm_new/arm_code/install/arm_teleop:/home/lukevizzini/arm_new/arm_code/install/arm_pwm_bridge:/opt/ros/humble /usr/bin/cmake --install /home/lukevizzini/arm_new/arm_code/build/arm_description
