[1.607s] Invoking command in '/home/lukevizzini/logitech_arm_code/arm_code/arm_code_logitech/build/arm_teleop': PYTHONPATH=/home/lukevizzini/logitech_arm_code/arm_code/arm_code_logitech/build/arm_teleop/prefix_override:/usr/lib/python3/dist-packages/colcon_core/task/python/colcon_distutils_commands:/home/lukevizzini/logitech_arm_code/arm_code/arm_code_logitech/install/arm_teleop/lib/python3.10/site-packages:${PYTHONPATH} /usr/bin/python3 -W ignore:setup.py install is deprecated -W ignore:easy_install command is deprecated setup.py develop --editable --build-directory /home/lukevizzini/logitech_arm_code/arm_code/arm_code_logitech/build/arm_teleop/build --no-deps symlink_data
[2.052s] running develop
[2.334s] running egg_info
[2.334s] writing arm_teleop.egg-info/PKG-INFO
[2.335s] writing dependency_links to arm_teleop.egg-info/dependency_links.txt
[2.336s] writing entry points to arm_teleop.egg-info/entry_points.txt
[2.336s] writing requirements to arm_teleop.egg-info/requires.txt
[2.336s] writing top-level names to arm_teleop.egg-info/top_level.txt
[2.339s] reading manifest file 'arm_teleop.egg-info/SOURCES.txt'
[2.340s] writing manifest file 'arm_teleop.egg-info/SOURCES.txt'
[2.342s] running build_ext
[2.343s] Creating /home/lukevizzini/logitech_arm_code/arm_code/arm_code_logitech/install/arm_teleop/lib/python3.10/site-packages/arm-teleop.egg-link (link to .)
[2.345s] Installing event_to_joy script to /home/lukevizzini/logitech_arm_code/arm_code/arm_code_logitech/install/arm_teleop/lib/arm_teleop
[2.346s] Installing joy_to_trajectory script to /home/lukevizzini/logitech_arm_code/arm_code/arm_code_logitech/install/arm_teleop/lib/arm_teleop
[2.346s] Installing keyboard_to_joy script to /home/lukevizzini/logitech_arm_code/arm_code/arm_code_logitech/install/arm_teleop/lib/arm_teleop
[2.346s] Installing logitech_ik_to_trajectory script to /home/lukevizzini/logitech_arm_code/arm_code/arm_code_logitech/install/arm_teleop/lib/arm_teleop
[2.347s] Installing logitech_to_ik script to /home/lukevizzini/logitech_arm_code/arm_code/arm_code_logitech/install/arm_teleop/lib/arm_teleop
[2.347s] 
[2.347s] Installed /home/lukevizzini/logitech_arm_code/arm_code/arm_code_logitech/build/arm_teleop
[2.347s] running symlink_data
[2.387s] Invoked command in '/home/lukevizzini/logitech_arm_code/arm_code/arm_code_logitech/build/arm_teleop' returned '0': PYTHONPATH=/home/lukevizzini/logitech_arm_code/arm_code/arm_code_logitech/build/arm_teleop/prefix_override:/usr/lib/python3/dist-packages/colcon_core/task/python/colcon_distutils_commands:/home/lukevizzini/logitech_arm_code/arm_code/arm_code_logitech/install/arm_teleop/lib/python3.10/site-packages:${PYTHONPATH} /usr/bin/python3 -W ignore:setup.py install is deprecated -W ignore:easy_install command is deprecated setup.py develop --editable --build-directory /home/lukevizzini/logitech_arm_code/arm_code/arm_code_logitech/build/arm_teleop/build --no-deps symlink_data
