[0.075s] Invoking command in '/home/lukevizzini/arm_v3/arm_code/build/arm_description': CMAKE_PREFIX_PATH=/home/lukevizzini/arm_v3/arm_code/install/arm_config:/home/lukevizzini/arm_new_v2/arm_code/install/arm_launch:/home/lukevizzini/arm_new_v2/arm_code/install/arm_bringup:/home/lukevizzini/arm_new_v2/arm_code/install/arm_description:/home/lukevizzini/arm_new_v2/arm_code/install/arm_config:/home/lukevizzini/arm_v3/arm_code/install/arm_launch:/home/lukevizzini/arm_v3/arm_code/install/arm_bringup:/home/lukevizzini/arm_v3/arm_code/install/arm_description:/home/lukevizzini/arm_new_v2/arm_code/install/arm_teleop:/home/lukevizzini/arm_new_v2/arm_code/install/arm_pwm_bridge:/home/lukevizzini/arm_v3/arm_code/install/arm_teleop:/home/lukevizzini/arm_v3/arm_code/install/arm_pwm_bridge:/opt/ros/humble /usr/bin/cmake --build /home/lukevizzini/arm_v3/arm_code/build/arm_description -- -j8 -l8
[0.119s] Invoked command in '/home/lukevizzini/arm_v3/arm_code/build/arm_description' returned '0': CMAKE_PREFIX_PATH=/home/lukevizzini/arm_v3/arm_code/install/arm_config:/home/lukevizzini/arm_new_v2/arm_code/install/arm_launch:/home/lukevizzini/arm_new_v2/arm_code/install/arm_bringup:/home/lukevizzini/arm_new_v2/arm_code/install/arm_description:/home/lukevizzini/arm_new_v2/arm_code/install/arm_config:/home/lukevizzini/arm_v3/arm_code/install/arm_launch:/home/lukevizzini/arm_v3/arm_code/install/arm_bringup:/home/lukevizzini/arm_v3/arm_code/install/arm_description:/home/lukevizzini/arm_new_v2/arm_code/install/arm_teleop:/home/lukevizzini/arm_new_v2/arm_code/install/arm_pwm_bridge:/home/lukevizzini/arm_v3/arm_code/install/arm_teleop:/home/lukevizzini/arm_v3/arm_code/install/arm_pwm_bridge:/opt/ros/humble /usr/bin/cmake --build /home/lukevizzini/arm_v3/arm_code/build/arm_description -- -j8 -l8
[0.122s] Invoking command in '/home/lukevizzini/arm_v3/arm_code/build/arm_description': CMAKE_PREFIX_PATH=/home/lukevizzini/arm_v3/arm_code/install/arm_config:/home/lukevizzini/arm_new_v2/arm_code/install/arm_launch:/home/lukevizzini/arm_new_v2/arm_code/install/arm_bringup:/home/lukevizzini/arm_new_v2/arm_code/install/arm_description:/home/lukevizzini/arm_new_v2/arm_code/install/arm_config:/home/lukevizzini/arm_v3/arm_code/install/arm_launch:/home/lukevizzini/arm_v3/arm_code/install/arm_bringup:/home/lukevizzini/arm_v3/arm_code/install/arm_description:/home/lukevizzini/arm_new_v2/arm_code/install/arm_teleop:/home/lukevizzini/arm_new_v2/arm_code/install/arm_pwm_bridge:/home/lukevizzini/arm_v3/arm_code/install/arm_teleop:/home/lukevizzini/arm_v3/arm_code/install/arm_pwm_bridge:/opt/ros/humble /usr/bin/cmake --install /home/lukevizzini/arm_v3/arm_code/build/arm_description
[0.127s] -- Install configuration: ""
[0.128s] -- Execute custom install script
[0.128s] -- Up-to-date symlink: /home/lukevizzini/arm_v3/arm_code/install/arm_description/share/arm_description/urdf/four_dof_arm.urdf.xacro
[0.128s] -- Up-to-date symlink: /home/lukevizzini/arm_v3/arm_code/install/arm_description/share/arm_description/urdf/ros2_control.xacro
[0.129s] -- Up-to-date symlink: /home/lukevizzini/arm_v3/arm_code/install/arm_description/share/arm_description/meshes/Link.STL
[0.129s] -- Up-to-date symlink: /home/lukevizzini/arm_v3/arm_code/install/arm_description/share/arm_description/meshes/base_placeholder.stl
[0.129s] -- Up-to-date symlink: /home/lukevizzini/arm_v3/arm_code/install/arm_description/share/arm_description/meshes/ee_placeholder.stl
[0.129s] -- Up-to-date symlink: /home/lukevizzini/arm_v3/arm_code/install/arm_description/share/arm_description/meshes/link1_placeholder.stl
[0.129s] -- Up-to-date symlink: /home/lukevizzini/arm_v3/arm_code/install/arm_description/share/arm_description/meshes/link2_placeholder.stl
[0.130s] -- Up-to-date symlink: /home/lukevizzini/arm_v3/arm_code/install/arm_description/share/arm_description/meshes/link3_placeholder.stl
[0.130s] -- Up-to-date symlink: /home/lukevizzini/arm_v3/arm_code/install/arm_description/share/arm_description/meshes/link4_placeholder.stl
[0.130s] -- Up-to-date symlink: /home/lukevizzini/arm_v3/arm_code/install/arm_description/share/ament_index/resource_index/package_run_dependencies/arm_description
[0.130s] -- Up-to-date symlink: /home/lukevizzini/arm_v3/arm_code/install/arm_description/share/ament_index/resource_index/parent_prefix_path/arm_description
[0.130s] -- Up-to-date symlink: /home/lukevizzini/arm_v3/arm_code/install/arm_description/share/arm_description/environment/ament_prefix_path.sh
[0.130s] -- Up-to-date symlink: /home/lukevizzini/arm_v3/arm_code/install/arm_description/share/arm_description/environment/ament_prefix_path.dsv
[0.130s] -- Up-to-date symlink: /home/lukevizzini/arm_v3/arm_code/install/arm_description/share/arm_description/environment/path.sh
[0.131s] -- Up-to-date symlink: /home/lukevizzini/arm_v3/arm_code/install/arm_description/share/arm_description/environment/path.dsv
[0.131s] -- Up-to-date symlink: /home/lukevizzini/arm_v3/arm_code/install/arm_description/share/arm_description/local_setup.bash
[0.131s] -- Up-to-date symlink: /home/lukevizzini/arm_v3/arm_code/install/arm_description/share/arm_description/local_setup.sh
[0.131s] -- Up-to-date symlink: /home/lukevizzini/arm_v3/arm_code/install/arm_description/share/arm_description/local_setup.zsh
[0.131s] -- Up-to-date symlink: /home/lukevizzini/arm_v3/arm_code/install/arm_description/share/arm_description/local_setup.dsv
[0.131s] -- Symlinking: /home/lukevizzini/arm_v3/arm_code/install/arm_description/share/arm_description/package.dsv
[0.142s] -- Up-to-date symlink: /home/lukevizzini/arm_v3/arm_code/install/arm_description/share/ament_index/resource_index/packages/arm_description
[0.142s] -- Up-to-date symlink: /home/lukevizzini/arm_v3/arm_code/install/arm_description/share/arm_description/cmake/arm_descriptionConfig.cmake
[0.142s] -- Up-to-date symlink: /home/lukevizzini/arm_v3/arm_code/install/arm_description/share/arm_description/cmake/arm_descriptionConfig-version.cmake
[0.142s] -- Up-to-date symlink: /home/lukevizzini/arm_v3/arm_code/install/arm_description/share/arm_description/package.xml
[0.145s] Invoked command in '/home/lukevizzini/arm_v3/arm_code/build/arm_description' returned '0': CMAKE_PREFIX_PATH=/home/lukevizzini/arm_v3/arm_code/install/arm_config:/home/lukevizzini/arm_new_v2/arm_code/install/arm_launch:/home/lukevizzini/arm_new_v2/arm_code/install/arm_bringup:/home/lukevizzini/arm_new_v2/arm_code/install/arm_description:/home/lukevizzini/arm_new_v2/arm_code/install/arm_config:/home/lukevizzini/arm_v3/arm_code/install/arm_launch:/home/lukevizzini/arm_v3/arm_code/install/arm_bringup:/home/lukevizzini/arm_v3/arm_code/install/arm_description:/home/lukevizzini/arm_new_v2/arm_code/install/arm_teleop:/home/lukevizzini/arm_new_v2/arm_code/install/arm_pwm_bridge:/home/lukevizzini/arm_v3/arm_code/install/arm_teleop:/home/lukevizzini/arm_v3/arm_code/install/arm_pwm_bridge:/opt/ros/humble /usr/bin/cmake --install /home/lukevizzini/arm_v3/arm_code/build/arm_description
