[0.076s] Invoking command in '/home/lukevizzini/arm_new/arm_code/build/arm_config': CMAKE_PREFIX_PATH=${CMAKE_PREFIX_PATH}:/home/lukevizzini/arm_new/arm_code/install/arm_teleop:/home/lukevizzini/arm_new/arm_code/install/arm_pwm_bridge:/opt/ros/humble /usr/bin/cmake --build /home/lukevizzini/arm_new/arm_code/build/arm_config -- -j8 -l8
[0.525s] -- Found ament_cmake: 1.3.11 (/opt/ros/humble/share/ament_cmake/cmake)
[0.694s] -- Override CMake install command with custom implementation using symlinks instead of copying resources
[0.954s] -- Configuring done
[0.971s] -- Generating done
[0.976s] -- Build files have been written to: /home/lukevizzini/arm_new/arm_code/build/arm_config
[1.129s] Invoked command in '/home/lukevizzini/arm_new/arm_code/build/arm_config' returned '0': CMAKE_PREFIX_PATH=${CMAKE_PREFIX_PATH}:/home/lukevizzini/arm_new/arm_code/install/arm_teleop:/home/lukevizzini/arm_new/arm_code/install/arm_pwm_bridge:/opt/ros/humble /usr/bin/cmake --build /home/lukevizzini/arm_new/arm_code/build/arm_config -- -j8 -l8
[1.151s] Invoking command in '/home/lukevizzini/arm_new/arm_code/build/arm_config': CMAKE_PREFIX_PATH=${CMAKE_PREFIX_PATH}:/home/lukevizzini/arm_new/arm_code/install/arm_teleop:/home/lukevizzini/arm_new/arm_code/install/arm_pwm_bridge:/opt/ros/humble /usr/bin/cmake --install /home/lukevizzini/arm_new/arm_code/build/arm_config
[1.165s] -- Install configuration: ""
[1.166s] -- Execute custom install script
[1.171s] -- Up-to-date symlink: /home/lukevizzini/arm_new/arm_code/install/arm_config/share/arm_config/config/four_dof_arm.srdf
[1.173s] -- Up-to-date symlink: /home/lukevizzini/arm_new/arm_code/install/arm_config/share/arm_config/config/initial_positions.yaml
[1.173s] -- Up-to-date symlink: /home/lukevizzini/arm_new/arm_code/install/arm_config/share/arm_config/config/joint_limits.yaml
[1.174s] -- Up-to-date symlink: /home/lukevizzini/arm_new/arm_code/install/arm_config/share/arm_config/config/kinematics.yaml
[1.177s] -- Up-to-date symlink: /home/lukevizzini/arm_new/arm_code/install/arm_config/share/arm_config/config/moveit_controllers.yaml
[1.178s] -- Up-to-date symlink: /home/lukevizzini/arm_new/arm_code/install/arm_config/share/arm_config/config/ompl_planning.yaml
[1.179s] -- Up-to-date symlink: /home/lukevizzini/arm_new/arm_code/install/arm_config/share/arm_config/config/ros2_controllers.yaml
[1.179s] -- Up-to-date symlink: /home/lukevizzini/arm_new/arm_code/install/arm_config/share/ament_index/resource_index/package_run_dependencies/arm_config
[1.181s] -- Up-to-date symlink: /home/lukevizzini/arm_new/arm_code/install/arm_config/share/ament_index/resource_index/parent_prefix_path/arm_config
[1.183s] -- Up-to-date symlink: /home/lukevizzini/arm_new/arm_code/install/arm_config/share/arm_config/environment/ament_prefix_path.sh
[1.185s] -- Up-to-date symlink: /home/lukevizzini/arm_new/arm_code/install/arm_config/share/arm_config/environment/ament_prefix_path.dsv
[1.186s] -- Up-to-date symlink: /home/lukevizzini/arm_new/arm_code/install/arm_config/share/arm_config/environment/path.sh
[1.187s] -- Up-to-date symlink: /home/lukevizzini/arm_new/arm_code/install/arm_config/share/arm_config/environment/path.dsv
[1.188s] -- Up-to-date symlink: /home/lukevizzini/arm_new/arm_code/install/arm_config/share/arm_config/local_setup.bash
[1.189s] -- Up-to-date symlink: /home/lukevizzini/arm_new/arm_code/install/arm_config/share/arm_config/local_setup.sh
[1.191s] -- Up-to-date symlink: /home/lukevizzini/arm_new/arm_code/install/arm_config/share/arm_config/local_setup.zsh
[1.192s] -- Up-to-date symlink: /home/lukevizzini/arm_new/arm_code/install/arm_config/share/arm_config/local_setup.dsv
[1.192s] -- Symlinking: /home/lukevizzini/arm_new/arm_code/install/arm_config/share/arm_config/package.dsv
[1.209s] -- Up-to-date symlink: /home/lukevizzini/arm_new/arm_code/install/arm_config/share/ament_index/resource_index/packages/arm_config
[1.211s] -- Up-to-date symlink: /home/lukevizzini/arm_new/arm_code/install/arm_config/share/arm_config/cmake/arm_configConfig.cmake
[1.212s] -- Up-to-date symlink: /home/lukevizzini/arm_new/arm_code/install/arm_config/share/arm_config/cmake/arm_configConfig-version.cmake
[1.212s] -- Up-to-date symlink: /home/lukevizzini/arm_new/arm_code/install/arm_config/share/arm_config/package.xml
[1.217s] Invoked command in '/home/lukevizzini/arm_new/arm_code/build/arm_config' returned '0': CMAKE_PREFIX_PATH=${CMAKE_PREFIX_PATH}:/home/lukevizzini/arm_new/arm_code/install/arm_teleop:/home/lukevizzini/arm_new/arm_code/install/arm_pwm_bridge:/opt/ros/humble /usr/bin/cmake --install /home/lukevizzini/arm_new/arm_code/build/arm_config
