[0.332s] DEBUG:colcon:Command line arguments: ['/usr/bin/colcon', 'build', '--symlink-install']
[0.332s] DEBUG:colcon:Parsed command line arguments: Namespace(log_base=None, log_level=None, verb_name='build', build_base='build', install_base='install', merge_install=False, symlink_install=True, test_result_base=None, continue_on_error=False, executor='parallel', parallel_workers=8, event_handlers=None, ignore_user_meta=False, metas=['./colcon.meta'], base_paths=['.'], packages_ignore=None, packages_ignore_regex=None, paths=None, packages_up_to=None, packages_up_to_regex=None, packages_above=None, packages_above_and_dependencies=None, packages_above_depth=None, packages_select_by_dep=None, packages_skip_by_dep=None, packages_skip_up_to=None, packages_select_build_failed=False, packages_skip_build_finished=False, packages_select_test_failures=False, packages_skip_test_passed=False, packages_select=None, packages_skip=None, packages_select_regex=None, packages_skip_regex=None, packages_start=None, packages_end=None, allow_overriding=[], cmake_args=None, cmake_target=None, cmake_target_skip_unavailable=False, cmake_clean_cache=False, cmake_clean_first=False, cmake_force_configure=False, ament_cmake_args=None, catkin_cmake_args=None, catkin_skip_building_tests=False, verb_parser=<colcon_defaults.argument_parser.defaults.DefaultArgumentsDecorator object at 0x77858e362b60>, verb_extension=<colcon_core.verb.build.BuildVerb object at 0x77858e362710>, main=<bound method BuildVerb.main of <colcon_core.verb.build.BuildVerb object at 0x77858e362710>>)
[0.562s] Level 1:colcon.colcon_core.package_discovery:discover_packages(colcon_meta) check parameters
[0.562s] Level 1:colcon.colcon_core.package_discovery:discover_packages(recursive) check parameters
[0.562s] Level 1:colcon.colcon_core.package_discovery:discover_packages(ignore) check parameters
[0.563s] Level 1:colcon.colcon_core.package_discovery:discover_packages(path) check parameters
[0.563s] Level 1:colcon.colcon_core.package_discovery:discover_packages(colcon_meta) discover
[0.563s] Level 1:colcon.colcon_core.package_discovery:discover_packages(recursive) discover
[0.564s] INFO:colcon.colcon_core.package_discovery:Crawling recursively for packages in '/home/lukevizzini/logitech_arm_code/arm_code/arm_code_logitech'
[0.564s] Level 1:colcon.colcon_core.package_identification:_identify(.) by extensions ['ignore', 'ignore_ament_install']
[0.564s] Level 1:colcon.colcon_core.package_identification:_identify(.) by extension 'ignore'
[0.564s] Level 1:colcon.colcon_core.package_identification:_identify(.) by extension 'ignore_ament_install'
[0.564s] Level 1:colcon.colcon_core.package_identification:_identify(.) by extensions ['colcon_pkg']
[0.565s] Level 1:colcon.colcon_core.package_identification:_identify(.) by extension 'colcon_pkg'
[0.565s] Level 1:colcon.colcon_core.package_identification:_identify(.) by extensions ['colcon_meta']
[0.565s] Level 1:colcon.colcon_core.package_identification:_identify(.) by extension 'colcon_meta'
[0.565s] Level 1:colcon.colcon_core.package_identification:_identify(.) by extensions ['ros']
[0.565s] Level 1:colcon.colcon_core.package_identification:_identify(.) by extension 'ros'
[0.578s] Level 1:colcon.colcon_core.package_identification:_identify(.) by extensions ['cmake', 'python']
[0.578s] Level 1:colcon.colcon_core.package_identification:_identify(.) by extension 'cmake'
[0.578s] Level 1:colcon.colcon_core.package_identification:_identify(.) by extension 'python'
[0.578s] Level 1:colcon.colcon_core.package_identification:_identify(.) by extensions ['python_setup_py']
[0.578s] Level 1:colcon.colcon_core.package_identification:_identify(.) by extension 'python_setup_py'
[0.578s] Level 1:colcon.colcon_core.package_identification:_identify(build) by extensions ['ignore', 'ignore_ament_install']
[0.578s] Level 1:colcon.colcon_core.package_identification:_identify(build) by extension 'ignore'
[0.578s] Level 1:colcon.colcon_core.package_identification:_identify(build) ignored
[0.579s] Level 1:colcon.colcon_core.package_identification:_identify(install) by extensions ['ignore', 'ignore_ament_install']
[0.579s] Level 1:colcon.colcon_core.package_identification:_identify(install) by extension 'ignore'
[0.579s] Level 1:colcon.colcon_core.package_identification:_identify(install) ignored
[0.579s] Level 1:colcon.colcon_core.package_identification:_identify(log) by extensions ['ignore', 'ignore_ament_install']
[0.579s] Level 1:colcon.colcon_core.package_identification:_identify(log) by extension 'ignore'
[0.579s] Level 1:colcon.colcon_core.package_identification:_identify(log) ignored
[0.579s] Level 1:colcon.colcon_core.package_identification:_identify(src) by extensions ['ignore', 'ignore_ament_install']
[0.579s] Level 1:colcon.colcon_core.package_identification:_identify(src) by extension 'ignore'
[0.579s] Level 1:colcon.colcon_core.package_identification:_identify(src) by extension 'ignore_ament_install'
[0.579s] Level 1:colcon.colcon_core.package_identification:_identify(src) by extensions ['colcon_pkg']
[0.580s] Level 1:colcon.colcon_core.package_identification:_identify(src) by extension 'colcon_pkg'
[0.580s] Level 1:colcon.colcon_core.package_identification:_identify(src) by extensions ['colcon_meta']
[0.580s] Level 1:colcon.colcon_core.package_identification:_identify(src) by extension 'colcon_meta'
[0.580s] Level 1:colcon.colcon_core.package_identification:_identify(src) by extensions ['ros']
[0.580s] Level 1:colcon.colcon_core.package_identification:_identify(src) by extension 'ros'
[0.580s] Level 1:colcon.colcon_core.package_identification:_identify(src) by extensions ['cmake', 'python']
[0.580s] Level 1:colcon.colcon_core.package_identification:_identify(src) by extension 'cmake'
[0.580s] Level 1:colcon.colcon_core.package_identification:_identify(src) by extension 'python'
[0.580s] Level 1:colcon.colcon_core.package_identification:_identify(src) by extensions ['python_setup_py']
[0.580s] Level 1:colcon.colcon_core.package_identification:_identify(src) by extension 'python_setup_py'
[0.580s] Level 1:colcon.colcon_core.package_identification:_identify(src/bringup) by extensions ['ignore', 'ignore_ament_install']
[0.580s] Level 1:colcon.colcon_core.package_identification:_identify(src/bringup) by extension 'ignore'
[0.580s] Level 1:colcon.colcon_core.package_identification:_identify(src/bringup) by extension 'ignore_ament_install'
[0.580s] Level 1:colcon.colcon_core.package_identification:_identify(src/bringup) by extensions ['colcon_pkg']
[0.580s] Level 1:colcon.colcon_core.package_identification:_identify(src/bringup) by extension 'colcon_pkg'
[0.580s] Level 1:colcon.colcon_core.package_identification:_identify(src/bringup) by extensions ['colcon_meta']
[0.581s] Level 1:colcon.colcon_core.package_identification:_identify(src/bringup) by extension 'colcon_meta'
[0.581s] Level 1:colcon.colcon_core.package_identification:_identify(src/bringup) by extensions ['ros']
[0.581s] Level 1:colcon.colcon_core.package_identification:_identify(src/bringup) by extension 'ros'
[0.583s] DEBUG:colcon.colcon_core.package_identification:Package 'src/bringup' with type 'ros.ament_cmake' and name 'arm_bringup'
[0.584s] Level 1:colcon.colcon_core.package_identification:_identify(src/config) by extensions ['ignore', 'ignore_ament_install']
[0.584s] Level 1:colcon.colcon_core.package_identification:_identify(src/config) by extension 'ignore'
[0.585s] Level 1:colcon.colcon_core.package_identification:_identify(src/config) by extension 'ignore_ament_install'
[0.585s] Level 1:colcon.colcon_core.package_identification:_identify(src/config) by extensions ['colcon_pkg']
[0.585s] Level 1:colcon.colcon_core.package_identification:_identify(src/config) by extension 'colcon_pkg'
[0.585s] Level 1:colcon.colcon_core.package_identification:_identify(src/config) by extensions ['colcon_meta']
[0.585s] Level 1:colcon.colcon_core.package_identification:_identify(src/config) by extension 'colcon_meta'
[0.585s] Level 1:colcon.colcon_core.package_identification:_identify(src/config) by extensions ['ros']
[0.585s] Level 1:colcon.colcon_core.package_identification:_identify(src/config) by extension 'ros'
[0.585s] DEBUG:colcon.colcon_core.package_identification:Package 'src/config' with type 'ros.ament_cmake' and name 'arm_config'
[0.585s] Level 1:colcon.colcon_core.package_identification:_identify(src/description) by extensions ['ignore', 'ignore_ament_install']
[0.586s] Level 1:colcon.colcon_core.package_identification:_identify(src/description) by extension 'ignore'
[0.586s] Level 1:colcon.colcon_core.package_identification:_identify(src/description) by extension 'ignore_ament_install'
[0.586s] Level 1:colcon.colcon_core.package_identification:_identify(src/description) by extensions ['colcon_pkg']
[0.586s] Level 1:colcon.colcon_core.package_identification:_identify(src/description) by extension 'colcon_pkg'
[0.586s] Level 1:colcon.colcon_core.package_identification:_identify(src/description) by extensions ['colcon_meta']
[0.586s] Level 1:colcon.colcon_core.package_identification:_identify(src/description) by extension 'colcon_meta'
[0.586s] Level 1:colcon.colcon_core.package_identification:_identify(src/description) by extensions ['ros']
[0.586s] Level 1:colcon.colcon_core.package_identification:_identify(src/description) by extension 'ros'
[0.587s] DEBUG:colcon.colcon_core.package_identification:Package 'src/description' with type 'ros.ament_cmake' and name 'arm_description'
[0.587s] Level 1:colcon.colcon_core.package_identification:_identify(src/launch) by extensions ['ignore', 'ignore_ament_install']
[0.587s] Level 1:colcon.colcon_core.package_identification:_identify(src/launch) by extension 'ignore'
[0.587s] Level 1:colcon.colcon_core.package_identification:_identify(src/launch) by extension 'ignore_ament_install'
[0.587s] Level 1:colcon.colcon_core.package_identification:_identify(src/launch) by extensions ['colcon_pkg']
[0.587s] Level 1:colcon.colcon_core.package_identification:_identify(src/launch) by extension 'colcon_pkg'
[0.587s] Level 1:colcon.colcon_core.package_identification:_identify(src/launch) by extensions ['colcon_meta']
[0.587s] Level 1:colcon.colcon_core.package_identification:_identify(src/launch) by extension 'colcon_meta'
[0.587s] Level 1:colcon.colcon_core.package_identification:_identify(src/launch) by extensions ['ros']
[0.587s] Level 1:colcon.colcon_core.package_identification:_identify(src/launch) by extension 'ros'
[0.588s] DEBUG:colcon.colcon_core.package_identification:Package 'src/launch' with type 'ros.ament_cmake' and name 'arm_launch'
[0.588s] Level 1:colcon.colcon_core.package_identification:_identify(src/pwm_bridge) by extensions ['ignore', 'ignore_ament_install']
[0.588s] Level 1:colcon.colcon_core.package_identification:_identify(src/pwm_bridge) by extension 'ignore'
[0.588s] Level 1:colcon.colcon_core.package_identification:_identify(src/pwm_bridge) by extension 'ignore_ament_install'
[0.588s] Level 1:colcon.colcon_core.package_identification:_identify(src/pwm_bridge) by extensions ['colcon_pkg']
[0.588s] Level 1:colcon.colcon_core.package_identification:_identify(src/pwm_bridge) by extension 'colcon_pkg'
[0.588s] Level 1:colcon.colcon_core.package_identification:_identify(src/pwm_bridge) by extensions ['colcon_meta']
[0.588s] Level 1:colcon.colcon_core.package_identification:_identify(src/pwm_bridge) by extension 'colcon_meta'
[0.588s] Level 1:colcon.colcon_core.package_identification:_identify(src/pwm_bridge) by extensions ['ros']
[0.588s] Level 1:colcon.colcon_core.package_identification:_identify(src/pwm_bridge) by extension 'ros'
[0.589s] DEBUG:colcon.colcon_core.package_identification:Package 'src/pwm_bridge' with type 'ros.ament_python' and name 'arm_pwm_bridge'
[0.590s] Level 1:colcon.colcon_core.package_identification:_identify(src/teleop) by extensions ['ignore', 'ignore_ament_install']
[0.590s] Level 1:colcon.colcon_core.package_identification:_identify(src/teleop) by extension 'ignore'
[0.590s] Level 1:colcon.colcon_core.package_identification:_identify(src/teleop) by extension 'ignore_ament_install'
[0.590s] Level 1:colcon.colcon_core.package_identification:_identify(src/teleop) by extensions ['colcon_pkg']
[0.590s] Level 1:colcon.colcon_core.package_identification:_identify(src/teleop) by extension 'colcon_pkg'
[0.590s] Level 1:colcon.colcon_core.package_identification:_identify(src/teleop) by extensions ['colcon_meta']
[0.590s] Level 1:colcon.colcon_core.package_identification:_identify(src/teleop) by extension 'colcon_meta'
[0.590s] Level 1:colcon.colcon_core.package_identification:_identify(src/teleop) by extensions ['ros']
[0.590s] Level 1:colcon.colcon_core.package_identification:_identify(src/teleop) by extension 'ros'
[0.591s] DEBUG:colcon.colcon_core.package_identification:Package 'src/teleop' with type 'ros.ament_python' and name 'arm_teleop'
[0.591s] Level 1:colcon.colcon_core.package_discovery:discover_packages(recursive) using defaults
[0.591s] Level 1:colcon.colcon_core.package_discovery:discover_packages(ignore) discover
[0.591s] Level 1:colcon.colcon_core.package_discovery:discover_packages(ignore) using defaults
[0.591s] Level 1:colcon.colcon_core.package_discovery:discover_packages(path) discover
[0.591s] Level 1:colcon.colcon_core.package_discovery:discover_packages(path) using defaults
[0.634s] Level 1:colcon.colcon_core.package_discovery:discover_packages(prefix_path) check parameters
[0.635s] Level 1:colcon.colcon_core.package_discovery:discover_packages(prefix_path) discover
[0.638s] DEBUG:colcon.colcon_installed_package_information.package_discovery:Found 6 installed packages in /home/lukevizzini/logitech_arm_code/arm_code/arm_code_logitech/install
[0.638s] DEBUG:colcon.colcon_installed_package_information.package_discovery:Found 6 installed packages in /home/lukevizzini/arm_v3/arm_code/install
[0.640s] DEBUG:colcon.colcon_installed_package_information.package_discovery:Found 6 installed packages in /home/lukevizzini/arm_new_v2/arm_code/install
[0.643s] DEBUG:colcon.colcon_installed_package_information.package_discovery:Found 421 installed packages in /opt/ros/humble
[0.645s] Level 1:colcon.colcon_core.package_discovery:discover_packages(prefix_path) using defaults
[0.703s] Level 5:colcon.colcon_core.verb:set package 'arm_config' build argument 'cmake_args' from command line to 'None'
[0.703s] Level 5:colcon.colcon_core.verb:set package 'arm_config' build argument 'cmake_target' from command line to 'None'
[0.703s] Level 5:colcon.colcon_core.verb:set package 'arm_config' build argument 'cmake_target_skip_unavailable' from command line to 'False'
[0.703s] Level 5:colcon.colcon_core.verb:set package 'arm_config' build argument 'cmake_clean_cache' from command line to 'False'
[0.703s] Level 5:colcon.colcon_core.verb:set package 'arm_config' build argument 'cmake_clean_first' from command line to 'False'
[0.703s] Level 5:colcon.colcon_core.verb:set package 'arm_config' build argument 'cmake_force_configure' from command line to 'False'
[0.703s] Level 5:colcon.colcon_core.verb:set package 'arm_config' build argument 'ament_cmake_args' from command line to 'None'
[0.703s] Level 5:colcon.colcon_core.verb:set package 'arm_config' build argument 'catkin_cmake_args' from command line to 'None'
[0.703s] Level 5:colcon.colcon_core.verb:set package 'arm_config' build argument 'catkin_skip_building_tests' from command line to 'False'
[0.703s] DEBUG:colcon.colcon_core.verb:Building package 'arm_config' with the following arguments: {'ament_cmake_args': None, 'build_base': '/home/lukevizzini/logitech_arm_code/arm_code/arm_code_logitech/build/arm_config', 'catkin_cmake_args': None, 'catkin_skip_building_tests': False, 'cmake_args': None, 'cmake_clean_cache': False, 'cmake_clean_first': False, 'cmake_force_configure': False, 'cmake_target': None, 'cmake_target_skip_unavailable': False, 'install_base': '/home/lukevizzini/logitech_arm_code/arm_code/arm_code_logitech/install/arm_config', 'merge_install': False, 'path': '/home/lukevizzini/logitech_arm_code/arm_code/arm_code_logitech/src/config', 'symlink_install': True, 'test_result_base': None}
[0.704s] Level 5:colcon.colcon_core.verb:set package 'arm_pwm_bridge' build argument 'cmake_args' from command line to 'None'
[0.704s] Level 5:colcon.colcon_core.verb:set package 'arm_pwm_bridge' build argument 'cmake_target' from command line to 'None'
[0.704s] Level 5:colcon.colcon_core.verb:set package 'arm_pwm_bridge' build argument 'cmake_target_skip_unavailable' from command line to 'False'
[0.704s] Level 5:colcon.colcon_core.verb:set package 'arm_pwm_bridge' build argument 'cmake_clean_cache' from command line to 'False'
[0.704s] Level 5:colcon.colcon_core.verb:set package 'arm_pwm_bridge' build argument 'cmake_clean_first' from command line to 'False'
[0.704s] Level 5:colcon.colcon_core.verb:set package 'arm_pwm_bridge' build argument 'cmake_force_configure' from command line to 'False'
[0.704s] Level 5:colcon.colcon_core.verb:set package 'arm_pwm_bridge' build argument 'ament_cmake_args' from command line to 'None'
[0.704s] Level 5:colcon.colcon_core.verb:set package 'arm_pwm_bridge' build argument 'catkin_cmake_args' from command line to 'None'
[0.704s] Level 5:colcon.colcon_core.verb:set package 'arm_pwm_bridge' build argument 'catkin_skip_building_tests' from command line to 'False'
[0.704s] DEBUG:colcon.colcon_core.verb:Building package 'arm_pwm_bridge' with the following arguments: {'ament_cmake_args': None, 'build_base': '/home/lukevizzini/logitech_arm_code/arm_code/arm_code_logitech/build/arm_pwm_bridge', 'catkin_cmake_args': None, 'catkin_skip_building_tests': False, 'cmake_args': None, 'cmake_clean_cache': False, 'cmake_clean_first': False, 'cmake_force_configure': False, 'cmake_target': None, 'cmake_target_skip_unavailable': False, 'install_base': '/home/lukevizzini/logitech_arm_code/arm_code/arm_code_logitech/install/arm_pwm_bridge', 'merge_install': False, 'path': '/home/lukevizzini/logitech_arm_code/arm_code/arm_code_logitech/src/pwm_bridge', 'symlink_install': True, 'test_result_base': None}
[0.705s] Level 5:colcon.colcon_core.verb:set package 'arm_teleop' build argument 'cmake_args' from command line to 'None'
[0.705s] Level 5:colcon.colcon_core.verb:set package 'arm_teleop' build argument 'cmake_target' from command line to 'None'
[0.705s] Level 5:colcon.colcon_core.verb:set package 'arm_teleop' build argument 'cmake_target_skip_unavailable' from command line to 'False'
[0.705s] Level 5:colcon.colcon_core.verb:set package 'arm_teleop' build argument 'cmake_clean_cache' from command line to 'False'
[0.705s] Level 5:colcon.colcon_core.verb:set package 'arm_teleop' build argument 'cmake_clean_first' from command line to 'False'
[0.705s] Level 5:colcon.colcon_core.verb:set package 'arm_teleop' build argument 'cmake_force_configure' from command line to 'False'
[0.705s] Level 5:colcon.colcon_core.verb:set package 'arm_teleop' build argument 'ament_cmake_args' from command line to 'None'
[0.705s] Level 5:colcon.colcon_core.verb:set package 'arm_teleop' build argument 'catkin_cmake_args' from command line to 'None'
[0.705s] Level 5:colcon.colcon_core.verb:set package 'arm_teleop' build argument 'catkin_skip_building_tests' from command line to 'False'
[0.705s] DEBUG:colcon.colcon_core.verb:Building package 'arm_teleop' with the following arguments: {'ament_cmake_args': None, 'build_base': '/home/lukevizzini/logitech_arm_code/arm_code/arm_code_logitech/build/arm_teleop', 'catkin_cmake_args': None, 'catkin_skip_building_tests': False, 'cmake_args': None, 'cmake_clean_cache': False, 'cmake_clean_first': False, 'cmake_force_configure': False, 'cmake_target': None, 'cmake_target_skip_unavailable': False, 'install_base': '/home/lukevizzini/logitech_arm_code/arm_code/arm_code_logitech/install/arm_teleop', 'merge_install': False, 'path': '/home/lukevizzini/logitech_arm_code/arm_code/arm_code_logitech/src/teleop', 'symlink_install': True, 'test_result_base': None}
[0.706s] Level 5:colcon.colcon_core.verb:set package 'arm_description' build argument 'cmake_args' from command line to 'None'
[0.706s] Level 5:colcon.colcon_core.verb:set package 'arm_description' build argument 'cmake_target' from command line to 'None'
[0.706s] Level 5:colcon.colcon_core.verb:set package 'arm_description' build argument 'cmake_target_skip_unavailable' from command line to 'False'
[0.706s] Level 5:colcon.colcon_core.verb:set package 'arm_description' build argument 'cmake_clean_cache' from command line to 'False'
[0.706s] Level 5:colcon.colcon_core.verb:set package 'arm_description' build argument 'cmake_clean_first' from command line to 'False'
[0.706s] Level 5:colcon.colcon_core.verb:set package 'arm_description' build argument 'cmake_force_configure' from command line to 'False'
[0.706s] Level 5:colcon.colcon_core.verb:set package 'arm_description' build argument 'ament_cmake_args' from command line to 'None'
[0.706s] Level 5:colcon.colcon_core.verb:set package 'arm_description' build argument 'catkin_cmake_args' from command line to 'None'
[0.706s] Level 5:colcon.colcon_core.verb:set package 'arm_description' build argument 'catkin_skip_building_tests' from command line to 'False'
[0.706s] DEBUG:colcon.colcon_core.verb:Building package 'arm_description' with the following arguments: {'ament_cmake_args': None, 'build_base': '/home/lukevizzini/logitech_arm_code/arm_code/arm_code_logitech/build/arm_description', 'catkin_cmake_args': None, 'catkin_skip_building_tests': False, 'cmake_args': None, 'cmake_clean_cache': False, 'cmake_clean_first': False, 'cmake_force_configure': False, 'cmake_target': None, 'cmake_target_skip_unavailable': False, 'install_base': '/home/lukevizzini/logitech_arm_code/arm_code/arm_code_logitech/install/arm_description', 'merge_install': False, 'path': '/home/lukevizzini/logitech_arm_code/arm_code/arm_code_logitech/src/description', 'symlink_install': True, 'test_result_base': None}
[0.707s] Level 5:colcon.colcon_core.verb:set package 'arm_bringup' build argument 'cmake_args' from command line to 'None'
[0.707s] Level 5:colcon.colcon_core.verb:set package 'arm_bringup' build argument 'cmake_target' from command line to 'None'
[0.707s] Level 5:colcon.colcon_core.verb:set package 'arm_bringup' build argument 'cmake_target_skip_unavailable' from command line to 'False'
[0.707s] Level 5:colcon.colcon_core.verb:set package 'arm_bringup' build argument 'cmake_clean_cache' from command line to 'False'
[0.707s] Level 5:colcon.colcon_core.verb:set package 'arm_bringup' build argument 'cmake_clean_first' from command line to 'False'
[0.707s] Level 5:colcon.colcon_core.verb:set package 'arm_bringup' build argument 'cmake_force_configure' from command line to 'False'
[0.707s] Level 5:colcon.colcon_core.verb:set package 'arm_bringup' build argument 'ament_cmake_args' from command line to 'None'
[0.707s] Level 5:colcon.colcon_core.verb:set package 'arm_bringup' build argument 'catkin_cmake_args' from command line to 'None'
[0.707s] Level 5:colcon.colcon_core.verb:set package 'arm_bringup' build argument 'catkin_skip_building_tests' from command line to 'False'
[0.707s] DEBUG:colcon.colcon_core.verb:Building package 'arm_bringup' with the following arguments: {'ament_cmake_args': None, 'build_base': '/home/lukevizzini/logitech_arm_code/arm_code/arm_code_logitech/build/arm_bringup', 'catkin_cmake_args': None, 'catkin_skip_building_tests': False, 'cmake_args': None, 'cmake_clean_cache': False, 'cmake_clean_first': False, 'cmake_force_configure': False, 'cmake_target': None, 'cmake_target_skip_unavailable': False, 'install_base': '/home/lukevizzini/logitech_arm_code/arm_code/arm_code_logitech/install/arm_bringup', 'merge_install': False, 'path': '/home/lukevizzini/logitech_arm_code/arm_code/arm_code_logitech/src/bringup', 'symlink_install': True, 'test_result_base': None}
[0.707s] Level 5:colcon.colcon_core.verb:set package 'arm_launch' build argument 'cmake_args' from command line to 'None'
[0.708s] Level 5:colcon.colcon_core.verb:set package 'arm_launch' build argument 'cmake_target' from command line to 'None'
[0.708s] Level 5:colcon.colcon_core.verb:set package 'arm_launch' build argument 'cmake_target_skip_unavailable' from command line to 'False'
[0.708s] Level 5:colcon.colcon_core.verb:set package 'arm_launch' build argument 'cmake_clean_cache' from command line to 'False'
[0.708s] Level 5:colcon.colcon_core.verb:set package 'arm_launch' build argument 'cmake_clean_first' from command line to 'False'
[0.708s] Level 5:colcon.colcon_core.verb:set package 'arm_launch' build argument 'cmake_force_configure' from command line to 'False'
[0.708s] Level 5:colcon.colcon_core.verb:set package 'arm_launch' build argument 'ament_cmake_args' from command line to 'None'
[0.708s] Level 5:colcon.colcon_core.verb:set package 'arm_launch' build argument 'catkin_cmake_args' from command line to 'None'
[0.708s] Level 5:colcon.colcon_core.verb:set package 'arm_launch' build argument 'catkin_skip_building_tests' from command line to 'False'
[0.708s] DEBUG:colcon.colcon_core.verb:Building package 'arm_launch' with the following arguments: {'ament_cmake_args': None, 'build_base': '/home/lukevizzini/logitech_arm_code/arm_code/arm_code_logitech/build/arm_launch', 'catkin_cmake_args': None, 'catkin_skip_building_tests': False, 'cmake_args': None, 'cmake_clean_cache': False, 'cmake_clean_first': False, 'cmake_force_configure': False, 'cmake_target': None, 'cmake_target_skip_unavailable': False, 'install_base': '/home/lukevizzini/logitech_arm_code/arm_code/arm_code_logitech/install/arm_launch', 'merge_install': False, 'path': '/home/lukevizzini/logitech_arm_code/arm_code/arm_code_logitech/src/launch', 'symlink_install': True, 'test_result_base': None}
[0.708s] INFO:colcon.colcon_core.executor:Executing jobs using 'parallel' executor
[0.710s] DEBUG:colcon.colcon_parallel_executor.executor.parallel:run_until_complete
[0.710s] INFO:colcon.colcon_ros.task.ament_cmake.build:Building ROS package in '/home/lukevizzini/logitech_arm_code/arm_code/arm_code_logitech/src/config' with build type 'ament_cmake'
[0.710s] INFO:colcon.colcon_cmake.task.cmake.build:Building CMake package in '/home/lukevizzini/logitech_arm_code/arm_code/arm_code_logitech/src/config'
[0.716s] INFO:colcon.colcon_core.plugin_system:Skipping extension 'colcon_core.shell.bat': Not used on non-Windows systems
[0.716s] INFO:colcon.colcon_core.shell:Skip shell extension 'powershell' for command environment: Not usable outside of PowerShell
[0.716s] DEBUG:colcon.colcon_core.shell:Skip shell extension 'dsv' for command environment
[0.723s] INFO:colcon.colcon_ros.task.ament_python.build:Building ROS package in '/home/lukevizzini/logitech_arm_code/arm_code/arm_code_logitech/src/pwm_bridge' with build type 'ament_python'
[0.724s] Level 1:colcon.colcon_core.shell:create_environment_hook('arm_pwm_bridge', 'ament_prefix_path')
[0.724s] INFO:colcon.colcon_core.shell:Creating environment hook '/home/lukevizzini/logitech_arm_code/arm_code/arm_code_logitech/install/arm_pwm_bridge/share/arm_pwm_bridge/hook/ament_prefix_path.ps1'
[0.726s] INFO:colcon.colcon_core.shell:Creating environment descriptor '/home/lukevizzini/logitech_arm_code/arm_code/arm_code_logitech/install/arm_pwm_bridge/share/arm_pwm_bridge/hook/ament_prefix_path.dsv'
[0.727s] INFO:colcon.colcon_core.shell:Creating environment hook '/home/lukevizzini/logitech_arm_code/arm_code/arm_code_logitech/install/arm_pwm_bridge/share/arm_pwm_bridge/hook/ament_prefix_path.sh'
[0.729s] INFO:colcon.colcon_core.shell:Skip shell extension 'powershell' for command environment: Not usable outside of PowerShell
[0.730s] DEBUG:colcon.colcon_core.shell:Skip shell extension 'dsv' for command environment
[0.737s] INFO:colcon.colcon_ros.task.ament_python.build:Building ROS package in '/home/lukevizzini/logitech_arm_code/arm_code/arm_code_logitech/src/teleop' with build type 'ament_python'
[0.738s] Level 1:colcon.colcon_core.shell:create_environment_hook('arm_teleop', 'ament_prefix_path')
[0.738s] INFO:colcon.colcon_core.shell:Creating environment hook '/home/lukevizzini/logitech_arm_code/arm_code/arm_code_logitech/install/arm_teleop/share/arm_teleop/hook/ament_prefix_path.ps1'
[0.739s] INFO:colcon.colcon_core.shell:Creating environment descriptor '/home/lukevizzini/logitech_arm_code/arm_code/arm_code_logitech/install/arm_teleop/share/arm_teleop/hook/ament_prefix_path.dsv'
[0.741s] INFO:colcon.colcon_core.shell:Creating environment hook '/home/lukevizzini/logitech_arm_code/arm_code/arm_code_logitech/install/arm_teleop/share/arm_teleop/hook/ament_prefix_path.sh'
[0.742s] INFO:colcon.colcon_core.shell:Skip shell extension 'powershell' for command environment: Not usable outside of PowerShell
[0.742s] DEBUG:colcon.colcon_core.shell:Skip shell extension 'dsv' for command environment
[0.760s] DEBUG:colcon.colcon_core.event_handler.log_command:Invoking command in '/home/lukevizzini/logitech_arm_code/arm_code/arm_code_logitech/build/arm_config': CMAKE_PREFIX_PATH=${CMAKE_PREFIX_PATH}:/home/lukevizzini/logitech_arm_code/arm_code/arm_code_logitech/install/arm_teleop:/home/lukevizzini/logitech_arm_code/arm_code/arm_code_logitech/install/arm_pwm_bridge:/home/lukevizzini/arm_v3/arm_code/install/arm_teleop:/home/lukevizzini/arm_v3/arm_code/install/arm_pwm_bridge:/home/lukevizzini/arm_new_v2/arm_code/install/arm_teleop:/home/lukevizzini/arm_new_v2/arm_code/install/arm_pwm_bridge:/opt/ros/humble /usr/bin/cmake --build /home/lukevizzini/logitech_arm_code/arm_code/arm_code_logitech/build/arm_config -- -j8 -l8
[1.470s] INFO:colcon.colcon_core.task.python.build:Building Python package in '/home/lukevizzini/logitech_arm_code/arm_code/arm_code_logitech/src/pwm_bridge'
[1.471s] INFO:colcon.colcon_core.shell:Skip shell extension 'powershell' for command environment: Not usable outside of PowerShell
[1.471s] DEBUG:colcon.colcon_core.shell:Skip shell extension 'dsv' for command environment
[1.873s] INFO:colcon.colcon_core.task.python.build:Building Python package in '/home/lukevizzini/logitech_arm_code/arm_code/arm_code_logitech/src/teleop'
[1.873s] INFO:colcon.colcon_core.shell:Skip shell extension 'powershell' for command environment: Not usable outside of PowerShell
[1.873s] DEBUG:colcon.colcon_core.shell:Skip shell extension 'dsv' for command environment
[1.883s] DEBUG:colcon.colcon_core.event_handler.log_command:Invoked command in '/home/lukevizzini/logitech_arm_code/arm_code/arm_code_logitech/build/arm_config' returned '0': CMAKE_PREFIX_PATH=${CMAKE_PREFIX_PATH}:/home/lukevizzini/logitech_arm_code/arm_code/arm_code_logitech/install/arm_teleop:/home/lukevizzini/logitech_arm_code/arm_code/arm_code_logitech/install/arm_pwm_bridge:/home/lukevizzini/arm_v3/arm_code/install/arm_teleop:/home/lukevizzini/arm_v3/arm_code/install/arm_pwm_bridge:/home/lukevizzini/arm_new_v2/arm_code/install/arm_teleop:/home/lukevizzini/arm_new_v2/arm_code/install/arm_pwm_bridge:/opt/ros/humble /usr/bin/cmake --build /home/lukevizzini/logitech_arm_code/arm_code/arm_code_logitech/build/arm_config -- -j8 -l8
[1.900s] DEBUG:colcon.colcon_core.event_handler.log_command:Invoking command in '/home/lukevizzini/logitech_arm_code/arm_code/arm_code_logitech/build/arm_config': CMAKE_PREFIX_PATH=${CMAKE_PREFIX_PATH}:/home/lukevizzini/logitech_arm_code/arm_code/arm_code_logitech/install/arm_teleop:/home/lukevizzini/logitech_arm_code/arm_code/arm_code_logitech/install/arm_pwm_bridge:/home/lukevizzini/arm_v3/arm_code/install/arm_teleop:/home/lukevizzini/arm_v3/arm_code/install/arm_pwm_bridge:/home/lukevizzini/arm_new_v2/arm_code/install/arm_teleop:/home/lukevizzini/arm_new_v2/arm_code/install/arm_pwm_bridge:/opt/ros/humble /usr/bin/cmake --install /home/lukevizzini/logitech_arm_code/arm_code/arm_code_logitech/build/arm_config
[1.937s] Level 1:colcon.colcon_core.environment:create_environment_scripts_only(arm_config)
[1.940s] DEBUG:colcon.colcon_core.event_handler.log_command:Invoked command in '/home/lukevizzini/logitech_arm_code/arm_code/arm_code_logitech/build/arm_config' returned '0': CMAKE_PREFIX_PATH=${CMAKE_PREFIX_PATH}:/home/lukevizzini/logitech_arm_code/arm_code/arm_code_logitech/install/arm_teleop:/home/lukevizzini/logitech_arm_code/arm_code/arm_code_logitech/install/arm_pwm_bridge:/home/lukevizzini/arm_v3/arm_code/install/arm_teleop:/home/lukevizzini/arm_v3/arm_code/install/arm_pwm_bridge:/home/lukevizzini/arm_new_v2/arm_code/install/arm_teleop:/home/lukevizzini/arm_new_v2/arm_code/install/arm_pwm_bridge:/opt/ros/humble /usr/bin/cmake --install /home/lukevizzini/logitech_arm_code/arm_code/arm_code_logitech/build/arm_config
[1.943s] Level 1:colcon.colcon_core.environment:checking '/home/lukevizzini/logitech_arm_code/arm_code/arm_code_logitech/install/arm_config' for CMake module files
[1.945s] Level 1:colcon.colcon_core.environment:checking '/home/lukevizzini/logitech_arm_code/arm_code/arm_code_logitech/install/arm_config' for CMake config files
[1.946s] Level 1:colcon.colcon_core.shell:create_environment_hook('arm_config', 'cmake_prefix_path')
[1.947s] INFO:colcon.colcon_core.shell:Creating environment hook '/home/lukevizzini/logitech_arm_code/arm_code/arm_code_logitech/install/arm_config/share/arm_config/hook/cmake_prefix_path.ps1'
[1.947s] INFO:colcon.colcon_core.shell:Creating environment descriptor '/home/lukevizzini/logitech_arm_code/arm_code/arm_code_logitech/install/arm_config/share/arm_config/hook/cmake_prefix_path.dsv'
[1.948s] INFO:colcon.colcon_core.shell:Creating environment hook '/home/lukevizzini/logitech_arm_code/arm_code/arm_code_logitech/install/arm_config/share/arm_config/hook/cmake_prefix_path.sh'
[1.949s] Level 1:colcon.colcon_core.environment:checking '/home/lukevizzini/logitech_arm_code/arm_code/arm_code_logitech/install/arm_config/bin'
[1.949s] Level 1:colcon.colcon_core.environment:checking '/home/lukevizzini/logitech_arm_code/arm_code/arm_code_logitech/install/arm_config/lib/pkgconfig/arm_config.pc'
[1.949s] Level 1:colcon.colcon_core.environment:checking '/home/lukevizzini/logitech_arm_code/arm_code/arm_code_logitech/install/arm_config/lib/python3.10/site-packages'
[1.949s] Level 1:colcon.colcon_core.environment:checking '/home/lukevizzini/logitech_arm_code/arm_code/arm_code_logitech/install/arm_config/bin'
[1.950s] INFO:colcon.colcon_core.shell:Creating package script '/home/lukevizzini/logitech_arm_code/arm_code/arm_code_logitech/install/arm_config/share/arm_config/package.ps1'
[1.951s] INFO:colcon.colcon_core.shell:Creating package descriptor '/home/lukevizzini/logitech_arm_code/arm_code/arm_code_logitech/install/arm_config/share/arm_config/package.dsv'
[1.951s] INFO:colcon.colcon_core.shell:Creating package script '/home/lukevizzini/logitech_arm_code/arm_code/arm_code_logitech/install/arm_config/share/arm_config/package.sh'
[1.952s] INFO:colcon.colcon_core.shell:Creating package script '/home/lukevizzini/logitech_arm_code/arm_code/arm_code_logitech/install/arm_config/share/arm_config/package.bash'
[1.953s] INFO:colcon.colcon_core.shell:Creating package script '/home/lukevizzini/logitech_arm_code/arm_code/arm_code_logitech/install/arm_config/share/arm_config/package.zsh'
[1.954s] Level 1:colcon.colcon_core.environment:create_file_with_runtime_dependencies(/home/lukevizzini/logitech_arm_code/arm_code/arm_code_logitech/install/arm_config/share/colcon-core/packages/arm_config)
[1.954s] Level 1:colcon.colcon_core.environment:create_environment_scripts_only(arm_config)
[1.955s] Level 1:colcon.colcon_core.environment:checking '/home/lukevizzini/logitech_arm_code/arm_code/arm_code_logitech/install/arm_config' for CMake module files
[1.955s] Level 1:colcon.colcon_core.environment:checking '/home/lukevizzini/logitech_arm_code/arm_code/arm_code_logitech/install/arm_config' for CMake config files
[1.955s] Level 1:colcon.colcon_core.shell:create_environment_hook('arm_config', 'cmake_prefix_path')
[1.956s] INFO:colcon.colcon_core.shell:Creating environment hook '/home/lukevizzini/logitech_arm_code/arm_code/arm_code_logitech/install/arm_config/share/arm_config/hook/cmake_prefix_path.ps1'
[1.956s] INFO:colcon.colcon_core.shell:Creating environment descriptor '/home/lukevizzini/logitech_arm_code/arm_code/arm_code_logitech/install/arm_config/share/arm_config/hook/cmake_prefix_path.dsv'
[1.957s] INFO:colcon.colcon_core.shell:Creating environment hook '/home/lukevizzini/logitech_arm_code/arm_code/arm_code_logitech/install/arm_config/share/arm_config/hook/cmake_prefix_path.sh'
[1.958s] Level 1:colcon.colcon_core.environment:checking '/home/lukevizzini/logitech_arm_code/arm_code/arm_code_logitech/install/arm_config/bin'
[1.958s] Level 1:colcon.colcon_core.environment:checking '/home/lukevizzini/logitech_arm_code/arm_code/arm_code_logitech/install/arm_config/lib/pkgconfig/arm_config.pc'
[1.959s] Level 1:colcon.colcon_core.environment:checking '/home/lukevizzini/logitech_arm_code/arm_code/arm_code_logitech/install/arm_config/lib/python3.10/site-packages'
[1.959s] Level 1:colcon.colcon_core.environment:checking '/home/lukevizzini/logitech_arm_code/arm_code/arm_code_logitech/install/arm_config/bin'
[1.960s] INFO:colcon.colcon_core.shell:Creating package script '/home/lukevizzini/logitech_arm_code/arm_code/arm_code_logitech/install/arm_config/share/arm_config/package.ps1'
[1.961s] INFO:colcon.colcon_core.shell:Creating package descriptor '/home/lukevizzini/logitech_arm_code/arm_code/arm_code_logitech/install/arm_config/share/arm_config/package.dsv'
[1.962s] INFO:colcon.colcon_core.shell:Creating package script '/home/lukevizzini/logitech_arm_code/arm_code/arm_code_logitech/install/arm_config/share/arm_config/package.sh'
[1.964s] INFO:colcon.colcon_core.shell:Creating package script '/home/lukevizzini/logitech_arm_code/arm_code/arm_code_logitech/install/arm_config/share/arm_config/package.bash'
[1.965s] INFO:colcon.colcon_core.shell:Creating package script '/home/lukevizzini/logitech_arm_code/arm_code/arm_code_logitech/install/arm_config/share/arm_config/package.zsh'
[1.966s] Level 1:colcon.colcon_core.environment:create_file_with_runtime_dependencies(/home/lukevizzini/logitech_arm_code/arm_code/arm_code_logitech/install/arm_config/share/colcon-core/packages/arm_config)
[1.966s] INFO:colcon.colcon_ros.task.ament_cmake.build:Building ROS package in '/home/lukevizzini/logitech_arm_code/arm_code/arm_code_logitech/src/description' with build type 'ament_cmake'
[1.966s] INFO:colcon.colcon_cmake.task.cmake.build:Building CMake package in '/home/lukevizzini/logitech_arm_code/arm_code/arm_code_logitech/src/description'
[1.967s] INFO:colcon.colcon_core.shell:Skip shell extension 'powershell' for command environment: Not usable outside of PowerShell
[1.967s] DEBUG:colcon.colcon_core.shell:Skip shell extension 'dsv' for command environment
[2.093s] DEBUG:colcon.colcon_core.event_handler.log_command:Invoking command in '/home/lukevizzini/logitech_arm_code/arm_code/arm_code_logitech/build/arm_description': CMAKE_PREFIX_PATH=/home/lukevizzini/logitech_arm_code/arm_code/arm_code_logitech/install/arm_config:/home/lukevizzini/logitech_arm_code/arm_code/arm_code_logitech/install/arm_launch:/home/lukevizzini/logitech_arm_code/arm_code/arm_code_logitech/install/arm_bringup:/home/lukevizzini/logitech_arm_code/arm_code/arm_code_logitech/install/arm_description:/home/lukevizzini/arm_v3/arm_code/install/arm_launch:/home/lukevizzini/arm_v3/arm_code/install/arm_bringup:/home/lukevizzini/arm_v3/arm_code/install/arm_description:/home/lukevizzini/arm_v3/arm_code/install/arm_config:/home/lukevizzini/arm_new_v2/arm_code/install/arm_launch:/home/lukevizzini/arm_new_v2/arm_code/install/arm_bringup:/home/lukevizzini/arm_new_v2/arm_code/install/arm_description:/home/lukevizzini/arm_new_v2/arm_code/install/arm_config:/home/lukevizzini/logitech_arm_code/arm_code/arm_code_logitech/install/arm_teleop:/home/lukevizzini/logitech_arm_code/arm_code/arm_code_logitech/install/arm_pwm_bridge:/home/lukevizzini/arm_v3/arm_code/install/arm_teleop:/home/lukevizzini/arm_v3/arm_code/install/arm_pwm_bridge:/home/lukevizzini/arm_new_v2/arm_code/install/arm_teleop:/home/lukevizzini/arm_new_v2/arm_code/install/arm_pwm_bridge:/opt/ros/humble /usr/bin/cmake --build /home/lukevizzini/logitech_arm_code/arm_code/arm_code_logitech/build/arm_description -- -j8 -l8
[2.155s] DEBUG:colcon.colcon_core.event_handler.log_command:Invoked command in '/home/lukevizzini/logitech_arm_code/arm_code/arm_code_logitech/build/arm_description' returned '0': CMAKE_PREFIX_PATH=/home/lukevizzini/logitech_arm_code/arm_code/arm_code_logitech/install/arm_config:/home/lukevizzini/logitech_arm_code/arm_code/arm_code_logitech/install/arm_launch:/home/lukevizzini/logitech_arm_code/arm_code/arm_code_logitech/install/arm_bringup:/home/lukevizzini/logitech_arm_code/arm_code/arm_code_logitech/install/arm_description:/home/lukevizzini/arm_v3/arm_code/install/arm_launch:/home/lukevizzini/arm_v3/arm_code/install/arm_bringup:/home/lukevizzini/arm_v3/arm_code/install/arm_description:/home/lukevizzini/arm_v3/arm_code/install/arm_config:/home/lukevizzini/arm_new_v2/arm_code/install/arm_launch:/home/lukevizzini/arm_new_v2/arm_code/install/arm_bringup:/home/lukevizzini/arm_new_v2/arm_code/install/arm_description:/home/lukevizzini/arm_new_v2/arm_code/install/arm_config:/home/lukevizzini/logitech_arm_code/arm_code/arm_code_logitech/install/arm_teleop:/home/lukevizzini/logitech_arm_code/arm_code/arm_code_logitech/install/arm_pwm_bridge:/home/lukevizzini/arm_v3/arm_code/install/arm_teleop:/home/lukevizzini/arm_v3/arm_code/install/arm_pwm_bridge:/home/lukevizzini/arm_new_v2/arm_code/install/arm_teleop:/home/lukevizzini/arm_new_v2/arm_code/install/arm_pwm_bridge:/opt/ros/humble /usr/bin/cmake --build /home/lukevizzini/logitech_arm_code/arm_code/arm_code_logitech/build/arm_description -- -j8 -l8
[2.155s] DEBUG:colcon.colcon_core.event_handler.log_command:Invoking command in '/home/lukevizzini/logitech_arm_code/arm_code/arm_code_logitech/build/arm_description': CMAKE_PREFIX_PATH=/home/lukevizzini/logitech_arm_code/arm_code/arm_code_logitech/install/arm_config:/home/lukevizzini/logitech_arm_code/arm_code/arm_code_logitech/install/arm_launch:/home/lukevizzini/logitech_arm_code/arm_code/arm_code_logitech/install/arm_bringup:/home/lukevizzini/logitech_arm_code/arm_code/arm_code_logitech/install/arm_description:/home/lukevizzini/arm_v3/arm_code/install/arm_launch:/home/lukevizzini/arm_v3/arm_code/install/arm_bringup:/home/lukevizzini/arm_v3/arm_code/install/arm_description:/home/lukevizzini/arm_v3/arm_code/install/arm_config:/home/lukevizzini/arm_new_v2/arm_code/install/arm_launch:/home/lukevizzini/arm_new_v2/arm_code/install/arm_bringup:/home/lukevizzini/arm_new_v2/arm_code/install/arm_description:/home/lukevizzini/arm_new_v2/arm_code/install/arm_config:/home/lukevizzini/logitech_arm_code/arm_code/arm_code_logitech/install/arm_teleop:/home/lukevizzini/logitech_arm_code/arm_code/arm_code_logitech/install/arm_pwm_bridge:/home/lukevizzini/arm_v3/arm_code/install/arm_teleop:/home/lukevizzini/arm_v3/arm_code/install/arm_pwm_bridge:/home/lukevizzini/arm_new_v2/arm_code/install/arm_teleop:/home/lukevizzini/arm_new_v2/arm_code/install/arm_pwm_bridge:/opt/ros/humble /usr/bin/cmake --install /home/lukevizzini/logitech_arm_code/arm_code/arm_code_logitech/build/arm_description
[2.195s] Level 1:colcon.colcon_core.environment:create_environment_scripts_only(arm_description)
[2.196s] DEBUG:colcon.colcon_core.event_handler.log_command:Invoked command in '/home/lukevizzini/logitech_arm_code/arm_code/arm_code_logitech/build/arm_description' returned '0': CMAKE_PREFIX_PATH=/home/lukevizzini/logitech_arm_code/arm_code/arm_code_logitech/install/arm_config:/home/lukevizzini/logitech_arm_code/arm_code/arm_code_logitech/install/arm_launch:/home/lukevizzini/logitech_arm_code/arm_code/arm_code_logitech/install/arm_bringup:/home/lukevizzini/logitech_arm_code/arm_code/arm_code_logitech/install/arm_description:/home/lukevizzini/arm_v3/arm_code/install/arm_launch:/home/lukevizzini/arm_v3/arm_code/install/arm_bringup:/home/lukevizzini/arm_v3/arm_code/install/arm_description:/home/lukevizzini/arm_v3/arm_code/install/arm_config:/home/lukevizzini/arm_new_v2/arm_code/install/arm_launch:/home/lukevizzini/arm_new_v2/arm_code/install/arm_bringup:/home/lukevizzini/arm_new_v2/arm_code/install/arm_description:/home/lukevizzini/arm_new_v2/arm_code/install/arm_config:/home/lukevizzini/logitech_arm_code/arm_code/arm_code_logitech/install/arm_teleop:/home/lukevizzini/logitech_arm_code/arm_code/arm_code_logitech/install/arm_pwm_bridge:/home/lukevizzini/arm_v3/arm_code/install/arm_teleop:/home/lukevizzini/arm_v3/arm_code/install/arm_pwm_bridge:/home/lukevizzini/arm_new_v2/arm_code/install/arm_teleop:/home/lukevizzini/arm_new_v2/arm_code/install/arm_pwm_bridge:/opt/ros/humble /usr/bin/cmake --install /home/lukevizzini/logitech_arm_code/arm_code/arm_code_logitech/build/arm_description
[2.196s] Level 1:colcon.colcon_core.environment:checking '/home/lukevizzini/logitech_arm_code/arm_code/arm_code_logitech/install/arm_description' for CMake module files
[2.197s] Level 1:colcon.colcon_core.environment:checking '/home/lukevizzini/logitech_arm_code/arm_code/arm_code_logitech/install/arm_description' for CMake config files
[2.198s] Level 1:colcon.colcon_core.shell:create_environment_hook('arm_description', 'cmake_prefix_path')
[2.199s] INFO:colcon.colcon_core.shell:Creating environment hook '/home/lukevizzini/logitech_arm_code/arm_code/arm_code_logitech/install/arm_description/share/arm_description/hook/cmake_prefix_path.ps1'
[2.200s] INFO:colcon.colcon_core.shell:Creating environment descriptor '/home/lukevizzini/logitech_arm_code/arm_code/arm_code_logitech/install/arm_description/share/arm_description/hook/cmake_prefix_path.dsv'
[2.200s] INFO:colcon.colcon_core.shell:Creating environment hook '/home/lukevizzini/logitech_arm_code/arm_code/arm_code_logitech/install/arm_description/share/arm_description/hook/cmake_prefix_path.sh'
[2.201s] Level 1:colcon.colcon_core.environment:checking '/home/lukevizzini/logitech_arm_code/arm_code/arm_code_logitech/install/arm_description/bin'
[2.201s] Level 1:colcon.colcon_core.environment:checking '/home/lukevizzini/logitech_arm_code/arm_code/arm_code_logitech/install/arm_description/lib/pkgconfig/arm_description.pc'
[2.202s] Level 1:colcon.colcon_core.environment:checking '/home/lukevizzini/logitech_arm_code/arm_code/arm_code_logitech/install/arm_description/lib/python3.10/site-packages'
[2.202s] Level 1:colcon.colcon_core.environment:checking '/home/lukevizzini/logitech_arm_code/arm_code/arm_code_logitech/install/arm_description/bin'
[2.203s] INFO:colcon.colcon_core.shell:Creating package script '/home/lukevizzini/logitech_arm_code/arm_code/arm_code_logitech/install/arm_description/share/arm_description/package.ps1'
[2.204s] INFO:colcon.colcon_core.shell:Creating package descriptor '/home/lukevizzini/logitech_arm_code/arm_code/arm_code_logitech/install/arm_description/share/arm_description/package.dsv'
[2.204s] INFO:colcon.colcon_core.shell:Creating package script '/home/lukevizzini/logitech_arm_code/arm_code/arm_code_logitech/install/arm_description/share/arm_description/package.sh'
[2.205s] INFO:colcon.colcon_core.shell:Creating package script '/home/lukevizzini/logitech_arm_code/arm_code/arm_code_logitech/install/arm_description/share/arm_description/package.bash'
[2.206s] INFO:colcon.colcon_core.shell:Creating package script '/home/lukevizzini/logitech_arm_code/arm_code/arm_code_logitech/install/arm_description/share/arm_description/package.zsh'
[2.206s] Level 1:colcon.colcon_core.environment:create_file_with_runtime_dependencies(/home/lukevizzini/logitech_arm_code/arm_code/arm_code_logitech/install/arm_description/share/colcon-core/packages/arm_description)
[2.207s] Level 1:colcon.colcon_core.environment:create_environment_scripts_only(arm_description)
[2.208s] Level 1:colcon.colcon_core.environment:checking '/home/lukevizzini/logitech_arm_code/arm_code/arm_code_logitech/install/arm_description' for CMake module files
[2.208s] Level 1:colcon.colcon_core.environment:checking '/home/lukevizzini/logitech_arm_code/arm_code/arm_code_logitech/install/arm_description' for CMake config files
[2.209s] Level 1:colcon.colcon_core.shell:create_environment_hook('arm_description', 'cmake_prefix_path')
[2.209s] INFO:colcon.colcon_core.shell:Creating environment hook '/home/lukevizzini/logitech_arm_code/arm_code/arm_code_logitech/install/arm_description/share/arm_description/hook/cmake_prefix_path.ps1'
[2.210s] INFO:colcon.colcon_core.shell:Creating environment descriptor '/home/lukevizzini/logitech_arm_code/arm_code/arm_code_logitech/install/arm_description/share/arm_description/hook/cmake_prefix_path.dsv'
[2.211s] INFO:colcon.colcon_core.shell:Creating environment hook '/home/lukevizzini/logitech_arm_code/arm_code/arm_code_logitech/install/arm_description/share/arm_description/hook/cmake_prefix_path.sh'
[2.211s] Level 1:colcon.colcon_core.environment:checking '/home/lukevizzini/logitech_arm_code/arm_code/arm_code_logitech/install/arm_description/bin'
[2.212s] Level 1:colcon.colcon_core.environment:checking '/home/lukevizzini/logitech_arm_code/arm_code/arm_code_logitech/install/arm_description/lib/pkgconfig/arm_description.pc'
[2.212s] Level 1:colcon.colcon_core.environment:checking '/home/lukevizzini/logitech_arm_code/arm_code/arm_code_logitech/install/arm_description/lib/python3.10/site-packages'
[2.212s] Level 1:colcon.colcon_core.environment:checking '/home/lukevizzini/logitech_arm_code/arm_code/arm_code_logitech/install/arm_description/bin'
[2.213s] INFO:colcon.colcon_core.shell:Creating package script '/home/lukevizzini/logitech_arm_code/arm_code/arm_code_logitech/install/arm_description/share/arm_description/package.ps1'
[2.214s] INFO:colcon.colcon_core.shell:Creating package descriptor '/home/lukevizzini/logitech_arm_code/arm_code/arm_code_logitech/install/arm_description/share/arm_description/package.dsv'
[2.214s] INFO:colcon.colcon_core.shell:Creating package script '/home/lukevizzini/logitech_arm_code/arm_code/arm_code_logitech/install/arm_description/share/arm_description/package.sh'
[2.215s] INFO:colcon.colcon_core.shell:Creating package script '/home/lukevizzini/logitech_arm_code/arm_code/arm_code_logitech/install/arm_description/share/arm_description/package.bash'
[2.216s] INFO:colcon.colcon_core.shell:Creating package script '/home/lukevizzini/logitech_arm_code/arm_code/arm_code_logitech/install/arm_description/share/arm_description/package.zsh'
[2.218s] Level 1:colcon.colcon_core.environment:create_file_with_runtime_dependencies(/home/lukevizzini/logitech_arm_code/arm_code/arm_code_logitech/install/arm_description/share/colcon-core/packages/arm_description)
[2.219s] INFO:colcon.colcon_ros.task.ament_cmake.build:Building ROS package in '/home/lukevizzini/logitech_arm_code/arm_code/arm_code_logitech/src/bringup' with build type 'ament_cmake'
[2.219s] INFO:colcon.colcon_cmake.task.cmake.build:Building CMake package in '/home/lukevizzini/logitech_arm_code/arm_code/arm_code_logitech/src/bringup'
[2.220s] INFO:colcon.colcon_core.shell:Skip shell extension 'powershell' for command environment: Not usable outside of PowerShell
[2.221s] DEBUG:colcon.colcon_core.shell:Skip shell extension 'dsv' for command environment
[2.443s] DEBUG:colcon.colcon_core.event_handler.log_command:Invoking command in '/home/lukevizzini/logitech_arm_code/arm_code/arm_code_logitech/build/arm_bringup': CMAKE_PREFIX_PATH=/home/lukevizzini/logitech_arm_code/arm_code/arm_code_logitech/install/arm_description:/home/lukevizzini/logitech_arm_code/arm_code/arm_code_logitech/install/arm_config:/home/lukevizzini/logitech_arm_code/arm_code/arm_code_logitech/install/arm_launch:/home/lukevizzini/logitech_arm_code/arm_code/arm_code_logitech/install/arm_bringup:/home/lukevizzini/arm_v3/arm_code/install/arm_launch:/home/lukevizzini/arm_v3/arm_code/install/arm_bringup:/home/lukevizzini/arm_v3/arm_code/install/arm_description:/home/lukevizzini/arm_v3/arm_code/install/arm_config:/home/lukevizzini/arm_new_v2/arm_code/install/arm_launch:/home/lukevizzini/arm_new_v2/arm_code/install/arm_bringup:/home/lukevizzini/arm_new_v2/arm_code/install/arm_description:/home/lukevizzini/arm_new_v2/arm_code/install/arm_config:/home/lukevizzini/logitech_arm_code/arm_code/arm_code_logitech/install/arm_teleop:/home/lukevizzini/logitech_arm_code/arm_code/arm_code_logitech/install/arm_pwm_bridge:/home/lukevizzini/arm_v3/arm_code/install/arm_teleop:/home/lukevizzini/arm_v3/arm_code/install/arm_pwm_bridge:/home/lukevizzini/arm_new_v2/arm_code/install/arm_teleop:/home/lukevizzini/arm_new_v2/arm_code/install/arm_pwm_bridge:/opt/ros/humble /usr/bin/cmake --build /home/lukevizzini/logitech_arm_code/arm_code/arm_code_logitech/build/arm_bringup -- -j8 -l8
[2.489s] DEBUG:colcon.colcon_core.event_handler.log_command:Invoking command in '/home/lukevizzini/logitech_arm_code/arm_code/arm_code_logitech/build/arm_teleop': PYTHONPATH=/home/lukevizzini/logitech_arm_code/arm_code/arm_code_logitech/build/arm_teleop/prefix_override:/usr/lib/python3/dist-packages/colcon_core/task/python/colcon_distutils_commands:/home/lukevizzini/logitech_arm_code/arm_code/arm_code_logitech/install/arm_teleop/lib/python3.10/site-packages:${PYTHONPATH} /usr/bin/python3 -W ignore:setup.py install is deprecated -W ignore:easy_install command is deprecated setup.py develop --editable --build-directory /home/lukevizzini/logitech_arm_code/arm_code/arm_code_logitech/build/arm_teleop/build --no-deps symlink_data
[2.501s] DEBUG:colcon.colcon_core.event_handler.log_command:Invoked command in '/home/lukevizzini/logitech_arm_code/arm_code/arm_code_logitech/build/arm_bringup' returned '0': CMAKE_PREFIX_PATH=/home/lukevizzini/logitech_arm_code/arm_code/arm_code_logitech/install/arm_description:/home/lukevizzini/logitech_arm_code/arm_code/arm_code_logitech/install/arm_config:/home/lukevizzini/logitech_arm_code/arm_code/arm_code_logitech/install/arm_launch:/home/lukevizzini/logitech_arm_code/arm_code/arm_code_logitech/install/arm_bringup:/home/lukevizzini/arm_v3/arm_code/install/arm_launch:/home/lukevizzini/arm_v3/arm_code/install/arm_bringup:/home/lukevizzini/arm_v3/arm_code/install/arm_description:/home/lukevizzini/arm_v3/arm_code/install/arm_config:/home/lukevizzini/arm_new_v2/arm_code/install/arm_launch:/home/lukevizzini/arm_new_v2/arm_code/install/arm_bringup:/home/lukevizzini/arm_new_v2/arm_code/install/arm_description:/home/lukevizzini/arm_new_v2/arm_code/install/arm_config:/home/lukevizzini/logitech_arm_code/arm_code/arm_code_logitech/install/arm_teleop:/home/lukevizzini/logitech_arm_code/arm_code/arm_code_logitech/install/arm_pwm_bridge:/home/lukevizzini/arm_v3/arm_code/install/arm_teleop:/home/lukevizzini/arm_v3/arm_code/install/arm_pwm_bridge:/home/lukevizzini/arm_new_v2/arm_code/install/arm_teleop:/home/lukevizzini/arm_new_v2/arm_code/install/arm_pwm_bridge:/opt/ros/humble /usr/bin/cmake --build /home/lukevizzini/logitech_arm_code/arm_code/arm_code_logitech/build/arm_bringup -- -j8 -l8
[2.503s] DEBUG:colcon.colcon_core.event_handler.log_command:Invoking command in '/home/lukevizzini/logitech_arm_code/arm_code/arm_code_logitech/build/arm_bringup': CMAKE_PREFIX_PATH=/home/lukevizzini/logitech_arm_code/arm_code/arm_code_logitech/install/arm_description:/home/lukevizzini/logitech_arm_code/arm_code/arm_code_logitech/install/arm_config:/home/lukevizzini/logitech_arm_code/arm_code/arm_code_logitech/install/arm_launch:/home/lukevizzini/logitech_arm_code/arm_code/arm_code_logitech/install/arm_bringup:/home/lukevizzini/arm_v3/arm_code/install/arm_launch:/home/lukevizzini/arm_v3/arm_code/install/arm_bringup:/home/lukevizzini/arm_v3/arm_code/install/arm_description:/home/lukevizzini/arm_v3/arm_code/install/arm_config:/home/lukevizzini/arm_new_v2/arm_code/install/arm_launch:/home/lukevizzini/arm_new_v2/arm_code/install/arm_bringup:/home/lukevizzini/arm_new_v2/arm_code/install/arm_description:/home/lukevizzini/arm_new_v2/arm_code/install/arm_config:/home/lukevizzini/logitech_arm_code/arm_code/arm_code_logitech/install/arm_teleop:/home/lukevizzini/logitech_arm_code/arm_code/arm_code_logitech/install/arm_pwm_bridge:/home/lukevizzini/arm_v3/arm_code/install/arm_teleop:/home/lukevizzini/arm_v3/arm_code/install/arm_pwm_bridge:/home/lukevizzini/arm_new_v2/arm_code/install/arm_teleop:/home/lukevizzini/arm_new_v2/arm_code/install/arm_pwm_bridge:/opt/ros/humble /usr/bin/cmake --install /home/lukevizzini/logitech_arm_code/arm_code/arm_code_logitech/build/arm_bringup
[2.515s] DEBUG:colcon.colcon_core.event_handler.log_command:Invoking command in '/home/lukevizzini/logitech_arm_code/arm_code/arm_code_logitech/build/arm_pwm_bridge': PYTHONPATH=/home/lukevizzini/logitech_arm_code/arm_code/arm_code_logitech/build/arm_pwm_bridge/prefix_override:/usr/lib/python3/dist-packages/colcon_core/task/python/colcon_distutils_commands:/home/lukevizzini/logitech_arm_code/arm_code/arm_code_logitech/install/arm_pwm_bridge/lib/python3.10/site-packages:${PYTHONPATH} /usr/bin/python3 -W ignore:setup.py install is deprecated -W ignore:easy_install command is deprecated setup.py develop --editable --build-directory /home/lukevizzini/logitech_arm_code/arm_code/arm_code_logitech/build/arm_pwm_bridge/build --no-deps symlink_data
[2.537s] Level 1:colcon.colcon_core.environment:create_environment_scripts_only(arm_bringup)
[2.538s] Level 1:colcon.colcon_core.environment:checking '/home/lukevizzini/logitech_arm_code/arm_code/arm_code_logitech/install/arm_bringup' for CMake module files
[2.539s] DEBUG:colcon.colcon_core.event_handler.log_command:Invoked command in '/home/lukevizzini/logitech_arm_code/arm_code/arm_code_logitech/build/arm_bringup' returned '0': CMAKE_PREFIX_PATH=/home/lukevizzini/logitech_arm_code/arm_code/arm_code_logitech/install/arm_description:/home/lukevizzini/logitech_arm_code/arm_code/arm_code_logitech/install/arm_config:/home/lukevizzini/logitech_arm_code/arm_code/arm_code_logitech/install/arm_launch:/home/lukevizzini/logitech_arm_code/arm_code/arm_code_logitech/install/arm_bringup:/home/lukevizzini/arm_v3/arm_code/install/arm_launch:/home/lukevizzini/arm_v3/arm_code/install/arm_bringup:/home/lukevizzini/arm_v3/arm_code/install/arm_description:/home/lukevizzini/arm_v3/arm_code/install/arm_config:/home/lukevizzini/arm_new_v2/arm_code/install/arm_launch:/home/lukevizzini/arm_new_v2/arm_code/install/arm_bringup:/home/lukevizzini/arm_new_v2/arm_code/install/arm_description:/home/lukevizzini/arm_new_v2/arm_code/install/arm_config:/home/lukevizzini/logitech_arm_code/arm_code/arm_code_logitech/install/arm_teleop:/home/lukevizzini/logitech_arm_code/arm_code/arm_code_logitech/install/arm_pwm_bridge:/home/lukevizzini/arm_v3/arm_code/install/arm_teleop:/home/lukevizzini/arm_v3/arm_code/install/arm_pwm_bridge:/home/lukevizzini/arm_new_v2/arm_code/install/arm_teleop:/home/lukevizzini/arm_new_v2/arm_code/install/arm_pwm_bridge:/opt/ros/humble /usr/bin/cmake --install /home/lukevizzini/logitech_arm_code/arm_code/arm_code_logitech/build/arm_bringup
[2.539s] Level 1:colcon.colcon_core.environment:checking '/home/lukevizzini/logitech_arm_code/arm_code/arm_code_logitech/install/arm_bringup' for CMake config files
[2.540s] Level 1:colcon.colcon_core.shell:create_environment_hook('arm_bringup', 'cmake_prefix_path')
[2.540s] INFO:colcon.colcon_core.shell:Creating environment hook '/home/lukevizzini/logitech_arm_code/arm_code/arm_code_logitech/install/arm_bringup/share/arm_bringup/hook/cmake_prefix_path.ps1'
[2.541s] INFO:colcon.colcon_core.shell:Creating environment descriptor '/home/lukevizzini/logitech_arm_code/arm_code/arm_code_logitech/install/arm_bringup/share/arm_bringup/hook/cmake_prefix_path.dsv'
[2.541s] INFO:colcon.colcon_core.shell:Creating environment hook '/home/lukevizzini/logitech_arm_code/arm_code/arm_code_logitech/install/arm_bringup/share/arm_bringup/hook/cmake_prefix_path.sh'
[2.542s] Level 1:colcon.colcon_core.environment:checking '/home/lukevizzini/logitech_arm_code/arm_code/arm_code_logitech/install/arm_bringup/bin'
[2.543s] Level 1:colcon.colcon_core.environment:checking '/home/lukevizzini/logitech_arm_code/arm_code/arm_code_logitech/install/arm_bringup/lib/pkgconfig/arm_bringup.pc'
[2.543s] Level 1:colcon.colcon_core.environment:checking '/home/lukevizzini/logitech_arm_code/arm_code/arm_code_logitech/install/arm_bringup/lib/python3.10/site-packages'
[2.543s] Level 1:colcon.colcon_core.environment:checking '/home/lukevizzini/logitech_arm_code/arm_code/arm_code_logitech/install/arm_bringup/bin'
[2.544s] INFO:colcon.colcon_core.shell:Creating package script '/home/lukevizzini/logitech_arm_code/arm_code/arm_code_logitech/install/arm_bringup/share/arm_bringup/package.ps1'
[2.545s] INFO:colcon.colcon_core.shell:Creating package descriptor '/home/lukevizzini/logitech_arm_code/arm_code/arm_code_logitech/install/arm_bringup/share/arm_bringup/package.dsv'
[2.545s] INFO:colcon.colcon_core.shell:Creating package script '/home/lukevizzini/logitech_arm_code/arm_code/arm_code_logitech/install/arm_bringup/share/arm_bringup/package.sh'
[2.546s] INFO:colcon.colcon_core.shell:Creating package script '/home/lukevizzini/logitech_arm_code/arm_code/arm_code_logitech/install/arm_bringup/share/arm_bringup/package.bash'
[2.546s] INFO:colcon.colcon_core.shell:Creating package script '/home/lukevizzini/logitech_arm_code/arm_code/arm_code_logitech/install/arm_bringup/share/arm_bringup/package.zsh'
[2.547s] Level 1:colcon.colcon_core.environment:create_file_with_runtime_dependencies(/home/lukevizzini/logitech_arm_code/arm_code/arm_code_logitech/install/arm_bringup/share/colcon-core/packages/arm_bringup)
[2.547s] Level 1:colcon.colcon_core.environment:create_environment_scripts_only(arm_bringup)
[2.548s] Level 1:colcon.colcon_core.environment:checking '/home/lukevizzini/logitech_arm_code/arm_code/arm_code_logitech/install/arm_bringup' for CMake module files
[2.549s] Level 1:colcon.colcon_core.environment:checking '/home/lukevizzini/logitech_arm_code/arm_code/arm_code_logitech/install/arm_bringup' for CMake config files
[2.550s] Level 1:colcon.colcon_core.shell:create_environment_hook('arm_bringup', 'cmake_prefix_path')
[2.551s] INFO:colcon.colcon_core.shell:Creating environment hook '/home/lukevizzini/logitech_arm_code/arm_code/arm_code_logitech/install/arm_bringup/share/arm_bringup/hook/cmake_prefix_path.ps1'
[2.552s] INFO:colcon.colcon_core.shell:Creating environment descriptor '/home/lukevizzini/logitech_arm_code/arm_code/arm_code_logitech/install/arm_bringup/share/arm_bringup/hook/cmake_prefix_path.dsv'
[2.552s] INFO:colcon.colcon_core.shell:Creating environment hook '/home/lukevizzini/logitech_arm_code/arm_code/arm_code_logitech/install/arm_bringup/share/arm_bringup/hook/cmake_prefix_path.sh'
[2.553s] Level 1:colcon.colcon_core.environment:checking '/home/lukevizzini/logitech_arm_code/arm_code/arm_code_logitech/install/arm_bringup/bin'
[2.554s] Level 1:colcon.colcon_core.environment:checking '/home/lukevizzini/logitech_arm_code/arm_code/arm_code_logitech/install/arm_bringup/lib/pkgconfig/arm_bringup.pc'
[2.554s] Level 1:colcon.colcon_core.environment:checking '/home/lukevizzini/logitech_arm_code/arm_code/arm_code_logitech/install/arm_bringup/lib/python3.10/site-packages'
[2.554s] Level 1:colcon.colcon_core.environment:checking '/home/lukevizzini/logitech_arm_code/arm_code/arm_code_logitech/install/arm_bringup/bin'
[2.555s] INFO:colcon.colcon_core.shell:Creating package script '/home/lukevizzini/logitech_arm_code/arm_code/arm_code_logitech/install/arm_bringup/share/arm_bringup/package.ps1'
[2.556s] INFO:colcon.colcon_core.shell:Creating package descriptor '/home/lukevizzini/logitech_arm_code/arm_code/arm_code_logitech/install/arm_bringup/share/arm_bringup/package.dsv'
[2.557s] INFO:colcon.colcon_core.shell:Creating package script '/home/lukevizzini/logitech_arm_code/arm_code/arm_code_logitech/install/arm_bringup/share/arm_bringup/package.sh'
[2.557s] INFO:colcon.colcon_core.shell:Creating package script '/home/lukevizzini/logitech_arm_code/arm_code/arm_code_logitech/install/arm_bringup/share/arm_bringup/package.bash'
[2.558s] INFO:colcon.colcon_core.shell:Creating package script '/home/lukevizzini/logitech_arm_code/arm_code/arm_code_logitech/install/arm_bringup/share/arm_bringup/package.zsh'
[2.559s] Level 1:colcon.colcon_core.environment:create_file_with_runtime_dependencies(/home/lukevizzini/logitech_arm_code/arm_code/arm_code_logitech/install/arm_bringup/share/colcon-core/packages/arm_bringup)
[3.243s] Level 1:colcon.colcon_core.shell:create_environment_hook('arm_teleop', 'pythonpath_develop')
[3.244s] INFO:colcon.colcon_core.shell:Creating environment hook '/home/lukevizzini/logitech_arm_code/arm_code/arm_code_logitech/build/arm_teleop/share/arm_teleop/hook/pythonpath_develop.ps1'
[3.245s] DEBUG:colcon.colcon_core.event_handler.log_command:Invoked command in '/home/lukevizzini/logitech_arm_code/arm_code/arm_code_logitech/build/arm_teleop' returned '0': PYTHONPATH=/home/lukevizzini/logitech_arm_code/arm_code/arm_code_logitech/build/arm_teleop/prefix_override:/usr/lib/python3/dist-packages/colcon_core/task/python/colcon_distutils_commands:/home/lukevizzini/logitech_arm_code/arm_code/arm_code_logitech/install/arm_teleop/lib/python3.10/site-packages:${PYTHONPATH} /usr/bin/python3 -W ignore:setup.py install is deprecated -W ignore:easy_install command is deprecated setup.py develop --editable --build-directory /home/lukevizzini/logitech_arm_code/arm_code/arm_code_logitech/build/arm_teleop/build --no-deps symlink_data
[3.246s] INFO:colcon.colcon_core.shell:Creating environment descriptor '/home/lukevizzini/logitech_arm_code/arm_code/arm_code_logitech/build/arm_teleop/share/arm_teleop/hook/pythonpath_develop.dsv'
[3.247s] INFO:colcon.colcon_core.shell:Creating environment hook '/home/lukevizzini/logitech_arm_code/arm_code/arm_code_logitech/build/arm_teleop/share/arm_teleop/hook/pythonpath_develop.sh'
[3.248s] Level 1:colcon.colcon_core.environment:checking '/home/lukevizzini/logitech_arm_code/arm_code/arm_code_logitech/install/arm_teleop' for CMake module files
[3.249s] Level 1:colcon.colcon_core.environment:checking '/home/lukevizzini/logitech_arm_code/arm_code/arm_code_logitech/install/arm_teleop' for CMake config files
[3.249s] Level 1:colcon.colcon_core.environment:checking '/home/lukevizzini/logitech_arm_code/arm_code/arm_code_logitech/install/arm_teleop/lib'
[3.250s] Level 1:colcon.colcon_core.environment:checking '/home/lukevizzini/logitech_arm_code/arm_code/arm_code_logitech/install/arm_teleop/bin'
[3.250s] Level 1:colcon.colcon_core.environment:checking '/home/lukevizzini/logitech_arm_code/arm_code/arm_code_logitech/install/arm_teleop/lib/pkgconfig/arm_teleop.pc'
[3.250s] Level 1:colcon.colcon_core.environment:checking '/home/lukevizzini/logitech_arm_code/arm_code/arm_code_logitech/install/arm_teleop/lib/python3.10/site-packages'
[3.250s] Level 1:colcon.colcon_core.shell:create_environment_hook('arm_teleop', 'pythonpath')
[3.251s] INFO:colcon.colcon_core.shell:Creating environment hook '/home/lukevizzini/logitech_arm_code/arm_code/arm_code_logitech/install/arm_teleop/share/arm_teleop/hook/pythonpath.ps1'
[3.252s] INFO:colcon.colcon_core.shell:Creating environment descriptor '/home/lukevizzini/logitech_arm_code/arm_code/arm_code_logitech/install/arm_teleop/share/arm_teleop/hook/pythonpath.dsv'
[3.253s] INFO:colcon.colcon_core.shell:Creating environment hook '/home/lukevizzini/logitech_arm_code/arm_code/arm_code_logitech/install/arm_teleop/share/arm_teleop/hook/pythonpath.sh'
[3.254s] Level 1:colcon.colcon_core.environment:checking '/home/lukevizzini/logitech_arm_code/arm_code/arm_code_logitech/install/arm_teleop/bin'
[3.255s] Level 1:colcon.colcon_core.environment:create_environment_scripts_only(arm_teleop)
[3.255s] INFO:colcon.colcon_core.shell:Creating package script '/home/lukevizzini/logitech_arm_code/arm_code/arm_code_logitech/install/arm_teleop/share/arm_teleop/package.ps1'
[3.257s] INFO:colcon.colcon_core.shell:Creating package descriptor '/home/lukevizzini/logitech_arm_code/arm_code/arm_code_logitech/install/arm_teleop/share/arm_teleop/package.dsv'
[3.258s] INFO:colcon.colcon_core.shell:Creating package script '/home/lukevizzini/logitech_arm_code/arm_code/arm_code_logitech/install/arm_teleop/share/arm_teleop/package.sh'
[3.259s] INFO:colcon.colcon_core.shell:Creating package script '/home/lukevizzini/logitech_arm_code/arm_code/arm_code_logitech/install/arm_teleop/share/arm_teleop/package.bash'
[3.260s] INFO:colcon.colcon_core.shell:Creating package script '/home/lukevizzini/logitech_arm_code/arm_code/arm_code_logitech/install/arm_teleop/share/arm_teleop/package.zsh'
[3.261s] Level 1:colcon.colcon_core.environment:create_file_with_runtime_dependencies(/home/lukevizzini/logitech_arm_code/arm_code/arm_code_logitech/install/arm_teleop/share/colcon-core/packages/arm_teleop)
[3.271s] Level 1:colcon.colcon_core.shell:create_environment_hook('arm_pwm_bridge', 'pythonpath_develop')
[3.272s] INFO:colcon.colcon_core.shell:Creating environment hook '/home/lukevizzini/logitech_arm_code/arm_code/arm_code_logitech/build/arm_pwm_bridge/share/arm_pwm_bridge/hook/pythonpath_develop.ps1'
[3.273s] DEBUG:colcon.colcon_core.event_handler.log_command:Invoked command in '/home/lukevizzini/logitech_arm_code/arm_code/arm_code_logitech/build/arm_pwm_bridge' returned '0': PYTHONPATH=/home/lukevizzini/logitech_arm_code/arm_code/arm_code_logitech/build/arm_pwm_bridge/prefix_override:/usr/lib/python3/dist-packages/colcon_core/task/python/colcon_distutils_commands:/home/lukevizzini/logitech_arm_code/arm_code/arm_code_logitech/install/arm_pwm_bridge/lib/python3.10/site-packages:${PYTHONPATH} /usr/bin/python3 -W ignore:setup.py install is deprecated -W ignore:easy_install command is deprecated setup.py develop --editable --build-directory /home/lukevizzini/logitech_arm_code/arm_code/arm_code_logitech/build/arm_pwm_bridge/build --no-deps symlink_data
[3.274s] INFO:colcon.colcon_core.shell:Creating environment descriptor '/home/lukevizzini/logitech_arm_code/arm_code/arm_code_logitech/build/arm_pwm_bridge/share/arm_pwm_bridge/hook/pythonpath_develop.dsv'
[3.275s] INFO:colcon.colcon_core.shell:Creating environment hook '/home/lukevizzini/logitech_arm_code/arm_code/arm_code_logitech/build/arm_pwm_bridge/share/arm_pwm_bridge/hook/pythonpath_develop.sh'
[3.276s] Level 1:colcon.colcon_core.environment:checking '/home/lukevizzini/logitech_arm_code/arm_code/arm_code_logitech/install/arm_pwm_bridge' for CMake module files
[3.277s] Level 1:colcon.colcon_core.environment:checking '/home/lukevizzini/logitech_arm_code/arm_code/arm_code_logitech/install/arm_pwm_bridge' for CMake config files
[3.278s] Level 1:colcon.colcon_core.environment:checking '/home/lukevizzini/logitech_arm_code/arm_code/arm_code_logitech/install/arm_pwm_bridge/lib'
[3.278s] Level 1:colcon.colcon_core.environment:checking '/home/lukevizzini/logitech_arm_code/arm_code/arm_code_logitech/install/arm_pwm_bridge/bin'
[3.278s] Level 1:colcon.colcon_core.environment:checking '/home/lukevizzini/logitech_arm_code/arm_code/arm_code_logitech/install/arm_pwm_bridge/lib/pkgconfig/arm_pwm_bridge.pc'
[3.278s] Level 1:colcon.colcon_core.environment:checking '/home/lukevizzini/logitech_arm_code/arm_code/arm_code_logitech/install/arm_pwm_bridge/lib/python3.10/site-packages'
[3.278s] Level 1:colcon.colcon_core.shell:create_environment_hook('arm_pwm_bridge', 'pythonpath')
[3.279s] INFO:colcon.colcon_core.shell:Creating environment hook '/home/lukevizzini/logitech_arm_code/arm_code/arm_code_logitech/install/arm_pwm_bridge/share/arm_pwm_bridge/hook/pythonpath.ps1'
[3.279s] INFO:colcon.colcon_core.shell:Creating environment descriptor '/home/lukevizzini/logitech_arm_code/arm_code/arm_code_logitech/install/arm_pwm_bridge/share/arm_pwm_bridge/hook/pythonpath.dsv'
[3.280s] INFO:colcon.colcon_core.shell:Creating environment hook '/home/lukevizzini/logitech_arm_code/arm_code/arm_code_logitech/install/arm_pwm_bridge/share/arm_pwm_bridge/hook/pythonpath.sh'
[3.281s] Level 1:colcon.colcon_core.environment:checking '/home/lukevizzini/logitech_arm_code/arm_code/arm_code_logitech/install/arm_pwm_bridge/bin'
[3.281s] Level 1:colcon.colcon_core.environment:create_environment_scripts_only(arm_pwm_bridge)
[3.282s] INFO:colcon.colcon_core.shell:Creating package script '/home/lukevizzini/logitech_arm_code/arm_code/arm_code_logitech/install/arm_pwm_bridge/share/arm_pwm_bridge/package.ps1'
[3.283s] INFO:colcon.colcon_core.shell:Creating package descriptor '/home/lukevizzini/logitech_arm_code/arm_code/arm_code_logitech/install/arm_pwm_bridge/share/arm_pwm_bridge/package.dsv'
[3.284s] INFO:colcon.colcon_core.shell:Creating package script '/home/lukevizzini/logitech_arm_code/arm_code/arm_code_logitech/install/arm_pwm_bridge/share/arm_pwm_bridge/package.sh'
[3.285s] INFO:colcon.colcon_core.shell:Creating package script '/home/lukevizzini/logitech_arm_code/arm_code/arm_code_logitech/install/arm_pwm_bridge/share/arm_pwm_bridge/package.bash'
[3.286s] INFO:colcon.colcon_core.shell:Creating package script '/home/lukevizzini/logitech_arm_code/arm_code/arm_code_logitech/install/arm_pwm_bridge/share/arm_pwm_bridge/package.zsh'
[3.286s] Level 1:colcon.colcon_core.environment:create_file_with_runtime_dependencies(/home/lukevizzini/logitech_arm_code/arm_code/arm_code_logitech/install/arm_pwm_bridge/share/colcon-core/packages/arm_pwm_bridge)
[3.287s] INFO:colcon.colcon_ros.task.ament_cmake.build:Building ROS package in '/home/lukevizzini/logitech_arm_code/arm_code/arm_code_logitech/src/launch' with build type 'ament_cmake'
[3.287s] INFO:colcon.colcon_cmake.task.cmake.build:Building CMake package in '/home/lukevizzini/logitech_arm_code/arm_code/arm_code_logitech/src/launch'
[3.287s] INFO:colcon.colcon_core.shell:Skip shell extension 'powershell' for command environment: Not usable outside of PowerShell
[3.288s] DEBUG:colcon.colcon_core.shell:Skip shell extension 'dsv' for command environment
[4.714s] DEBUG:colcon.colcon_core.event_handler.log_command:Invoking command in '/home/lukevizzini/logitech_arm_code/arm_code/arm_code_logitech/build/arm_launch': AMENT_PREFIX_PATH=/home/lukevizzini/logitech_arm_code/arm_code/arm_code_logitech/install/arm_teleop:/home/lukevizzini/logitech_arm_code/arm_code/arm_code_logitech/install/arm_pwm_bridge:/home/lukevizzini/logitech_arm_code/arm_code/arm_code_logitech/install/arm_launch:/home/lukevizzini/logitech_arm_code/arm_code/arm_code_logitech/install/arm_bringup:/home/lukevizzini/logitech_arm_code/arm_code/arm_code_logitech/install/arm_description:/home/lukevizzini/logitech_arm_code/arm_code/arm_code_logitech/install/arm_config:/home/lukevizzini/arm_v3/arm_code/install/arm_launch:/home/lukevizzini/arm_v3/arm_code/install/arm_teleop:/home/lukevizzini/arm_v3/arm_code/install/arm_pwm_bridge:/home/lukevizzini/arm_v3/arm_code/install/arm_bringup:/home/lukevizzini/arm_v3/arm_code/install/arm_description:/home/lukevizzini/arm_v3/arm_code/install/arm_config:/home/lukevizzini/arm_new_v2/arm_code/install/arm_launch:/home/lukevizzini/arm_new_v2/arm_code/install/arm_teleop:/home/lukevizzini/arm_new_v2/arm_code/install/arm_pwm_bridge:/home/lukevizzini/arm_new_v2/arm_code/install/arm_bringup:/home/lukevizzini/arm_new_v2/arm_code/install/arm_description:/home/lukevizzini/arm_new_v2/arm_code/install/arm_config:/opt/ros/humble CMAKE_PREFIX_PATH=/home/lukevizzini/logitech_arm_code/arm_code/arm_code_logitech/install/arm_bringup:/home/lukevizzini/logitech_arm_code/arm_code/arm_code_logitech/install/arm_description:/home/lukevizzini/logitech_arm_code/arm_code/arm_code_logitech/install/arm_config:/home/lukevizzini/logitech_arm_code/arm_code/arm_code_logitech/install/arm_launch:/home/lukevizzini/arm_v3/arm_code/install/arm_launch:/home/lukevizzini/arm_v3/arm_code/install/arm_bringup:/home/lukevizzini/arm_v3/arm_code/install/arm_description:/home/lukevizzini/arm_v3/arm_code/install/arm_config:/home/lukevizzini/arm_new_v2/arm_code/install/arm_launch:/home/lukevizzini/arm_new_v2/arm_code/install/arm_bringup:/home/lukevizzini/arm_new_v2/arm_code/install/arm_description:/home/lukevizzini/arm_new_v2/arm_code/install/arm_config:/home/lukevizzini/logitech_arm_code/arm_code/arm_code_logitech/install/arm_teleop:/home/lukevizzini/logitech_arm_code/arm_code/arm_code_logitech/install/arm_pwm_bridge:/home/lukevizzini/arm_v3/arm_code/install/arm_teleop:/home/lukevizzini/arm_v3/arm_code/install/arm_pwm_bridge:/home/lukevizzini/arm_new_v2/arm_code/install/arm_teleop:/home/lukevizzini/arm_new_v2/arm_code/install/arm_pwm_bridge:/opt/ros/humble /usr/bin/cmake --build /home/lukevizzini/logitech_arm_code/arm_code/arm_code_logitech/build/arm_launch -- -j8 -l8
[4.769s] DEBUG:colcon.colcon_core.event_handler.log_command:Invoked command in '/home/lukevizzini/logitech_arm_code/arm_code/arm_code_logitech/build/arm_launch' returned '0': AMENT_PREFIX_PATH=/home/lukevizzini/logitech_arm_code/arm_code/arm_code_logitech/install/arm_teleop:/home/lukevizzini/logitech_arm_code/arm_code/arm_code_logitech/install/arm_pwm_bridge:/home/lukevizzini/logitech_arm_code/arm_code/arm_code_logitech/install/arm_launch:/home/lukevizzini/logitech_arm_code/arm_code/arm_code_logitech/install/arm_bringup:/home/lukevizzini/logitech_arm_code/arm_code/arm_code_logitech/install/arm_description:/home/lukevizzini/logitech_arm_code/arm_code/arm_code_logitech/install/arm_config:/home/lukevizzini/arm_v3/arm_code/install/arm_launch:/home/lukevizzini/arm_v3/arm_code/install/arm_teleop:/home/lukevizzini/arm_v3/arm_code/install/arm_pwm_bridge:/home/lukevizzini/arm_v3/arm_code/install/arm_bringup:/home/lukevizzini/arm_v3/arm_code/install/arm_description:/home/lukevizzini/arm_v3/arm_code/install/arm_config:/home/lukevizzini/arm_new_v2/arm_code/install/arm_launch:/home/lukevizzini/arm_new_v2/arm_code/install/arm_teleop:/home/lukevizzini/arm_new_v2/arm_code/install/arm_pwm_bridge:/home/lukevizzini/arm_new_v2/arm_code/install/arm_bringup:/home/lukevizzini/arm_new_v2/arm_code/install/arm_description:/home/lukevizzini/arm_new_v2/arm_code/install/arm_config:/opt/ros/humble CMAKE_PREFIX_PATH=/home/lukevizzini/logitech_arm_code/arm_code/arm_code_logitech/install/arm_bringup:/home/lukevizzini/logitech_arm_code/arm_code/arm_code_logitech/install/arm_description:/home/lukevizzini/logitech_arm_code/arm_code/arm_code_logitech/install/arm_config:/home/lukevizzini/logitech_arm_code/arm_code/arm_code_logitech/install/arm_launch:/home/lukevizzini/arm_v3/arm_code/install/arm_launch:/home/lukevizzini/arm_v3/arm_code/install/arm_bringup:/home/lukevizzini/arm_v3/arm_code/install/arm_description:/home/lukevizzini/arm_v3/arm_code/install/arm_config:/home/lukevizzini/arm_new_v2/arm_code/install/arm_launch:/home/lukevizzini/arm_new_v2/arm_code/install/arm_bringup:/home/lukevizzini/arm_new_v2/arm_code/install/arm_description:/home/lukevizzini/arm_new_v2/arm_code/install/arm_config:/home/lukevizzini/logitech_arm_code/arm_code/arm_code_logitech/install/arm_teleop:/home/lukevizzini/logitech_arm_code/arm_code/arm_code_logitech/install/arm_pwm_bridge:/home/lukevizzini/arm_v3/arm_code/install/arm_teleop:/home/lukevizzini/arm_v3/arm_code/install/arm_pwm_bridge:/home/lukevizzini/arm_new_v2/arm_code/install/arm_teleop:/home/lukevizzini/arm_new_v2/arm_code/install/arm_pwm_bridge:/opt/ros/humble /usr/bin/cmake --build /home/lukevizzini/logitech_arm_code/arm_code/arm_code_logitech/build/arm_launch -- -j8 -l8
[4.773s] DEBUG:colcon.colcon_core.event_handler.log_command:Invoking command in '/home/lukevizzini/logitech_arm_code/arm_code/arm_code_logitech/build/arm_launch': AMENT_PREFIX_PATH=/home/lukevizzini/logitech_arm_code/arm_code/arm_code_logitech/install/arm_teleop:/home/lukevizzini/logitech_arm_code/arm_code/arm_code_logitech/install/arm_pwm_bridge:/home/lukevizzini/logitech_arm_code/arm_code/arm_code_logitech/install/arm_launch:/home/lukevizzini/logitech_arm_code/arm_code/arm_code_logitech/install/arm_bringup:/home/lukevizzini/logitech_arm_code/arm_code/arm_code_logitech/install/arm_description:/home/lukevizzini/logitech_arm_code/arm_code/arm_code_logitech/install/arm_config:/home/lukevizzini/arm_v3/arm_code/install/arm_launch:/home/lukevizzini/arm_v3/arm_code/install/arm_teleop:/home/lukevizzini/arm_v3/arm_code/install/arm_pwm_bridge:/home/lukevizzini/arm_v3/arm_code/install/arm_bringup:/home/lukevizzini/arm_v3/arm_code/install/arm_description:/home/lukevizzini/arm_v3/arm_code/install/arm_config:/home/lukevizzini/arm_new_v2/arm_code/install/arm_launch:/home/lukevizzini/arm_new_v2/arm_code/install/arm_teleop:/home/lukevizzini/arm_new_v2/arm_code/install/arm_pwm_bridge:/home/lukevizzini/arm_new_v2/arm_code/install/arm_bringup:/home/lukevizzini/arm_new_v2/arm_code/install/arm_description:/home/lukevizzini/arm_new_v2/arm_code/install/arm_config:/opt/ros/humble CMAKE_PREFIX_PATH=/home/lukevizzini/logitech_arm_code/arm_code/arm_code_logitech/install/arm_bringup:/home/lukevizzini/logitech_arm_code/arm_code/arm_code_logitech/install/arm_description:/home/lukevizzini/logitech_arm_code/arm_code/arm_code_logitech/install/arm_config:/home/lukevizzini/logitech_arm_code/arm_code/arm_code_logitech/install/arm_launch:/home/lukevizzini/arm_v3/arm_code/install/arm_launch:/home/lukevizzini/arm_v3/arm_code/install/arm_bringup:/home/lukevizzini/arm_v3/arm_code/install/arm_description:/home/lukevizzini/arm_v3/arm_code/install/arm_config:/home/lukevizzini/arm_new_v2/arm_code/install/arm_launch:/home/lukevizzini/arm_new_v2/arm_code/install/arm_bringup:/home/lukevizzini/arm_new_v2/arm_code/install/arm_description:/home/lukevizzini/arm_new_v2/arm_code/install/arm_config:/home/lukevizzini/logitech_arm_code/arm_code/arm_code_logitech/install/arm_teleop:/home/lukevizzini/logitech_arm_code/arm_code/arm_code_logitech/install/arm_pwm_bridge:/home/lukevizzini/arm_v3/arm_code/install/arm_teleop:/home/lukevizzini/arm_v3/arm_code/install/arm_pwm_bridge:/home/lukevizzini/arm_new_v2/arm_code/install/arm_teleop:/home/lukevizzini/arm_new_v2/arm_code/install/arm_pwm_bridge:/opt/ros/humble /usr/bin/cmake --install /home/lukevizzini/logitech_arm_code/arm_code/arm_code_logitech/build/arm_launch
[4.807s] Level 1:colcon.colcon_core.environment:create_environment_scripts_only(arm_launch)
[4.807s] DEBUG:colcon.colcon_core.event_handler.log_command:Invoked command in '/home/lukevizzini/logitech_arm_code/arm_code/arm_code_logitech/build/arm_launch' returned '0': AMENT_PREFIX_PATH=/home/lukevizzini/logitech_arm_code/arm_code/arm_code_logitech/install/arm_teleop:/home/lukevizzini/logitech_arm_code/arm_code/arm_code_logitech/install/arm_pwm_bridge:/home/lukevizzini/logitech_arm_code/arm_code/arm_code_logitech/install/arm_launch:/home/lukevizzini/logitech_arm_code/arm_code/arm_code_logitech/install/arm_bringup:/home/lukevizzini/logitech_arm_code/arm_code/arm_code_logitech/install/arm_description:/home/lukevizzini/logitech_arm_code/arm_code/arm_code_logitech/install/arm_config:/home/lukevizzini/arm_v3/arm_code/install/arm_launch:/home/lukevizzini/arm_v3/arm_code/install/arm_teleop:/home/lukevizzini/arm_v3/arm_code/install/arm_pwm_bridge:/home/lukevizzini/arm_v3/arm_code/install/arm_bringup:/home/lukevizzini/arm_v3/arm_code/install/arm_description:/home/lukevizzini/arm_v3/arm_code/install/arm_config:/home/lukevizzini/arm_new_v2/arm_code/install/arm_launch:/home/lukevizzini/arm_new_v2/arm_code/install/arm_teleop:/home/lukevizzini/arm_new_v2/arm_code/install/arm_pwm_bridge:/home/lukevizzini/arm_new_v2/arm_code/install/arm_bringup:/home/lukevizzini/arm_new_v2/arm_code/install/arm_description:/home/lukevizzini/arm_new_v2/arm_code/install/arm_config:/opt/ros/humble CMAKE_PREFIX_PATH=/home/lukevizzini/logitech_arm_code/arm_code/arm_code_logitech/install/arm_bringup:/home/lukevizzini/logitech_arm_code/arm_code/arm_code_logitech/install/arm_description:/home/lukevizzini/logitech_arm_code/arm_code/arm_code_logitech/install/arm_config:/home/lukevizzini/logitech_arm_code/arm_code/arm_code_logitech/install/arm_launch:/home/lukevizzini/arm_v3/arm_code/install/arm_launch:/home/lukevizzini/arm_v3/arm_code/install/arm_bringup:/home/lukevizzini/arm_v3/arm_code/install/arm_description:/home/lukevizzini/arm_v3/arm_code/install/arm_config:/home/lukevizzini/arm_new_v2/arm_code/install/arm_launch:/home/lukevizzini/arm_new_v2/arm_code/install/arm_bringup:/home/lukevizzini/arm_new_v2/arm_code/install/arm_description:/home/lukevizzini/arm_new_v2/arm_code/install/arm_config:/home/lukevizzini/logitech_arm_code/arm_code/arm_code_logitech/install/arm_teleop:/home/lukevizzini/logitech_arm_code/arm_code/arm_code_logitech/install/arm_pwm_bridge:/home/lukevizzini/arm_v3/arm_code/install/arm_teleop:/home/lukevizzini/arm_v3/arm_code/install/arm_pwm_bridge:/home/lukevizzini/arm_new_v2/arm_code/install/arm_teleop:/home/lukevizzini/arm_new_v2/arm_code/install/arm_pwm_bridge:/opt/ros/humble /usr/bin/cmake --install /home/lukevizzini/logitech_arm_code/arm_code/arm_code_logitech/build/arm_launch
[4.808s] Level 1:colcon.colcon_core.environment:checking '/home/lukevizzini/logitech_arm_code/arm_code/arm_code_logitech/install/arm_launch' for CMake module files
[4.809s] Level 1:colcon.colcon_core.environment:checking '/home/lukevizzini/logitech_arm_code/arm_code/arm_code_logitech/install/arm_launch' for CMake config files
[4.810s] Level 1:colcon.colcon_core.shell:create_environment_hook('arm_launch', 'cmake_prefix_path')
[4.810s] INFO:colcon.colcon_core.shell:Creating environment hook '/home/lukevizzini/logitech_arm_code/arm_code/arm_code_logitech/install/arm_launch/share/arm_launch/hook/cmake_prefix_path.ps1'
[4.811s] INFO:colcon.colcon_core.shell:Creating environment descriptor '/home/lukevizzini/logitech_arm_code/arm_code/arm_code_logitech/install/arm_launch/share/arm_launch/hook/cmake_prefix_path.dsv'
[4.811s] INFO:colcon.colcon_core.shell:Creating environment hook '/home/lukevizzini/logitech_arm_code/arm_code/arm_code_logitech/install/arm_launch/share/arm_launch/hook/cmake_prefix_path.sh'
[4.812s] Level 1:colcon.colcon_core.environment:checking '/home/lukevizzini/logitech_arm_code/arm_code/arm_code_logitech/install/arm_launch/bin'
[4.812s] Level 1:colcon.colcon_core.environment:checking '/home/lukevizzini/logitech_arm_code/arm_code/arm_code_logitech/install/arm_launch/lib/pkgconfig/arm_launch.pc'
[4.812s] Level 1:colcon.colcon_core.environment:checking '/home/lukevizzini/logitech_arm_code/arm_code/arm_code_logitech/install/arm_launch/lib/python3.10/site-packages'
[4.813s] Level 1:colcon.colcon_core.environment:checking '/home/lukevizzini/logitech_arm_code/arm_code/arm_code_logitech/install/arm_launch/bin'
[4.813s] INFO:colcon.colcon_core.shell:Creating package script '/home/lukevizzini/logitech_arm_code/arm_code/arm_code_logitech/install/arm_launch/share/arm_launch/package.ps1'
[4.814s] INFO:colcon.colcon_core.shell:Creating package descriptor '/home/lukevizzini/logitech_arm_code/arm_code/arm_code_logitech/install/arm_launch/share/arm_launch/package.dsv'
[4.814s] INFO:colcon.colcon_core.shell:Creating package script '/home/lukevizzini/logitech_arm_code/arm_code/arm_code_logitech/install/arm_launch/share/arm_launch/package.sh'
[4.815s] INFO:colcon.colcon_core.shell:Creating package script '/home/lukevizzini/logitech_arm_code/arm_code/arm_code_logitech/install/arm_launch/share/arm_launch/package.bash'
[4.816s] INFO:colcon.colcon_core.shell:Creating package script '/home/lukevizzini/logitech_arm_code/arm_code/arm_code_logitech/install/arm_launch/share/arm_launch/package.zsh'
[4.816s] Level 1:colcon.colcon_core.environment:create_file_with_runtime_dependencies(/home/lukevizzini/logitech_arm_code/arm_code/arm_code_logitech/install/arm_launch/share/colcon-core/packages/arm_launch)
[4.817s] Level 1:colcon.colcon_core.environment:create_environment_scripts_only(arm_launch)
[4.817s] Level 1:colcon.colcon_core.environment:checking '/home/lukevizzini/logitech_arm_code/arm_code/arm_code_logitech/install/arm_launch' for CMake module files
[4.818s] Level 1:colcon.colcon_core.environment:checking '/home/lukevizzini/logitech_arm_code/arm_code/arm_code_logitech/install/arm_launch' for CMake config files
[4.818s] Level 1:colcon.colcon_core.shell:create_environment_hook('arm_launch', 'cmake_prefix_path')
[4.818s] INFO:colcon.colcon_core.shell:Creating environment hook '/home/lukevizzini/logitech_arm_code/arm_code/arm_code_logitech/install/arm_launch/share/arm_launch/hook/cmake_prefix_path.ps1'
[4.819s] INFO:colcon.colcon_core.shell:Creating environment descriptor '/home/lukevizzini/logitech_arm_code/arm_code/arm_code_logitech/install/arm_launch/share/arm_launch/hook/cmake_prefix_path.dsv'
[4.819s] INFO:colcon.colcon_core.shell:Creating environment hook '/home/lukevizzini/logitech_arm_code/arm_code/arm_code_logitech/install/arm_launch/share/arm_launch/hook/cmake_prefix_path.sh'
[4.820s] Level 1:colcon.colcon_core.environment:checking '/home/lukevizzini/logitech_arm_code/arm_code/arm_code_logitech/install/arm_launch/bin'
[4.820s] Level 1:colcon.colcon_core.environment:checking '/home/lukevizzini/logitech_arm_code/arm_code/arm_code_logitech/install/arm_launch/lib/pkgconfig/arm_launch.pc'
[4.820s] Level 1:colcon.colcon_core.environment:checking '/home/lukevizzini/logitech_arm_code/arm_code/arm_code_logitech/install/arm_launch/lib/python3.10/site-packages'
[4.821s] Level 1:colcon.colcon_core.environment:checking '/home/lukevizzini/logitech_arm_code/arm_code/arm_code_logitech/install/arm_launch/bin'
[4.821s] INFO:colcon.colcon_core.shell:Creating package script '/home/lukevizzini/logitech_arm_code/arm_code/arm_code_logitech/install/arm_launch/share/arm_launch/package.ps1'
[4.822s] INFO:colcon.colcon_core.shell:Creating package descriptor '/home/lukevizzini/logitech_arm_code/arm_code/arm_code_logitech/install/arm_launch/share/arm_launch/package.dsv'
[4.822s] INFO:colcon.colcon_core.shell:Creating package script '/home/lukevizzini/logitech_arm_code/arm_code/arm_code_logitech/install/arm_launch/share/arm_launch/package.sh'
[4.823s] INFO:colcon.colcon_core.shell:Creating package script '/home/lukevizzini/logitech_arm_code/arm_code/arm_code_logitech/install/arm_launch/share/arm_launch/package.bash'
[4.824s] INFO:colcon.colcon_core.shell:Creating package script '/home/lukevizzini/logitech_arm_code/arm_code/arm_code_logitech/install/arm_launch/share/arm_launch/package.zsh'
[4.824s] Level 1:colcon.colcon_core.environment:create_file_with_runtime_dependencies(/home/lukevizzini/logitech_arm_code/arm_code/arm_code_logitech/install/arm_launch/share/colcon-core/packages/arm_launch)
[4.825s] DEBUG:colcon.colcon_parallel_executor.executor.parallel:closing loop
[4.826s] DEBUG:colcon.colcon_parallel_executor.executor.parallel:loop closed
[4.827s] DEBUG:colcon.colcon_parallel_executor.executor.parallel:run_until_complete finished with '0'
[4.827s] DEBUG:colcon.colcon_core.event_reactor:joining thread
[4.835s] INFO:colcon.colcon_core.plugin_system:Skipping extension 'colcon_notification.desktop_notification.terminal_notifier': Not used on non-Darwin systems
[4.835s] INFO:colcon.colcon_core.plugin_system:Skipping extension 'colcon_notification.desktop_notification.win32': Not used on non-Windows systems
[4.835s] INFO:colcon.colcon_notification.desktop_notification:Sending desktop notification using 'notify2'
[4.837s] DEBUG:colcon.colcon_notification.desktop_notification.notify2:Failed to initialize notify2: org.freedesktop.DBus.Error.ServiceUnknown: The name org.freedesktop.Notifications was not provided by any .service files
[4.837s] DEBUG:colcon.colcon_core.event_reactor:joined thread
[4.838s] INFO:colcon.colcon_core.shell:Creating prefix script '/home/lukevizzini/logitech_arm_code/arm_code/arm_code_logitech/install/local_setup.ps1'
[4.839s] INFO:colcon.colcon_core.shell:Creating prefix util module '/home/lukevizzini/logitech_arm_code/arm_code/arm_code_logitech/install/_local_setup_util_ps1.py'
[4.841s] INFO:colcon.colcon_core.shell:Creating prefix chain script '/home/lukevizzini/logitech_arm_code/arm_code/arm_code_logitech/install/setup.ps1'
[4.844s] INFO:colcon.colcon_core.shell:Creating prefix script '/home/lukevizzini/logitech_arm_code/arm_code/arm_code_logitech/install/local_setup.sh'
[4.845s] INFO:colcon.colcon_core.shell:Creating prefix util module '/home/lukevizzini/logitech_arm_code/arm_code/arm_code_logitech/install/_local_setup_util_sh.py'
[4.846s] INFO:colcon.colcon_core.shell:Creating prefix chain script '/home/lukevizzini/logitech_arm_code/arm_code/arm_code_logitech/install/setup.sh'
[4.847s] INFO:colcon.colcon_core.shell:Creating prefix script '/home/lukevizzini/logitech_arm_code/arm_code/arm_code_logitech/install/local_setup.bash'
[4.848s] INFO:colcon.colcon_core.shell:Creating prefix chain script '/home/lukevizzini/logitech_arm_code/arm_code/arm_code_logitech/install/setup.bash'
[4.850s] INFO:colcon.colcon_core.shell:Creating prefix script '/home/lukevizzini/logitech_arm_code/arm_code/arm_code_logitech/install/local_setup.zsh'
[4.851s] INFO:colcon.colcon_core.shell:Creating prefix chain script '/home/lukevizzini/logitech_arm_code/arm_code/arm_code_logitech/install/setup.zsh'
