running egg_info
writing ../../build/arm_teleop/arm_teleop.egg-info/PKG-INFO
writing dependency_links to ../../build/arm_teleop/arm_teleop.egg-info/dependency_links.txt
writing entry points to ../../build/arm_teleop/arm_teleop.egg-info/entry_points.txt
writing requirements to ../../build/arm_teleop/arm_teleop.egg-info/requires.txt
writing top-level names to ../../build/arm_teleop/arm_teleop.egg-info/top_level.txt
reading manifest file '../../build/arm_teleop/arm_teleop.egg-info/SOURCES.txt'
writing manifest file '../../build/arm_teleop/arm_teleop.egg-info/SOURCES.txt'
running build
running build_py
running install
running install_lib
running install_data
running install_egg_info
removing '/home/lukevizzini/arm_v3/arm_code/install/arm_teleop/lib/python3.10/site-packages/arm_teleop-0.0.1-py3.10.egg-info' (and everything under it)
Copying ../../build/arm_teleop/arm_teleop.egg-info to /home/lukevizzini/arm_v3/arm_code/install/arm_teleop/lib/python3.10/site-packages/arm_teleop-0.0.1-py3.10.egg-info
running install_scripts
Installing joy_to_servo script to /home/lukevizzini/arm_v3/arm_code/install/arm_teleop/lib/arm_teleop
Installing joy_to_trajectory script to /home/lukevizzini/arm_v3/arm_code/install/arm_teleop/lib/arm_teleop
Installing keyboard_servo script to /home/lukevizzini/arm_v3/arm_code/install/arm_teleop/lib/arm_teleop
Installing keyboard_to_joy script to /home/lukevizzini/arm_v3/arm_code/install/arm_teleop/lib/arm_teleop
writing list of installed files to '/home/lukevizzini/arm_v3/arm_code/build/arm_teleop/install.log'
