[0.935s] Invoking command in '/home/lukevizzini/arm_v3/arm_code/src/teleop': PYTHONPATH=/home/lukevizzini/arm_v3/arm_code/build/arm_teleop/prefix_override:/usr/lib/python3/dist-packages/colcon_core/task/python/colcon_distutils_commands:/home/lukevizzini/arm_v3/arm_code/install/arm_teleop/lib/python3.10/site-packages:${PYTHONPATH} /usr/bin/python3 -W ignore:setup.py install is deprecated -W ignore:easy_install command is deprecated setup.py egg_info --egg-base ../../build/arm_teleop build --build-base /home/lukevizzini/arm_v3/arm_code/build/arm_teleop/build install --record /home/lukevizzini/arm_v3/arm_code/build/arm_teleop/install.log --single-version-externally-managed install_data
[1.186s] running egg_info
[1.187s] writing ../../build/arm_teleop/arm_teleop.egg-info/PKG-INFO
[1.187s] writing dependency_links to ../../build/arm_teleop/arm_teleop.egg-info/dependency_links.txt
[1.188s] writing entry points to ../../build/arm_teleop/arm_teleop.egg-info/entry_points.txt
[1.188s] writing requirements to ../../build/arm_teleop/arm_teleop.egg-info/requires.txt
[1.188s] writing top-level names to ../../build/arm_teleop/arm_teleop.egg-info/top_level.txt
[1.189s] reading manifest file '../../build/arm_teleop/arm_teleop.egg-info/SOURCES.txt'
[1.190s] writing manifest file '../../build/arm_teleop/arm_teleop.egg-info/SOURCES.txt'
[1.190s] running build
[1.190s] running build_py
[1.191s] running install
[1.191s] running install_lib
[1.193s] running install_data
[1.193s] running install_egg_info
[1.196s] removing '/home/lukevizzini/arm_v3/arm_code/install/arm_teleop/lib/python3.10/site-packages/arm_teleop-0.0.1-py3.10.egg-info' (and everything under it)
[1.197s] Copying ../../build/arm_teleop/arm_teleop.egg-info to /home/lukevizzini/arm_v3/arm_code/install/arm_teleop/lib/python3.10/site-packages/arm_teleop-0.0.1-py3.10.egg-info
[1.198s] running install_scripts
[1.219s] Installing joy_to_servo script to /home/lukevizzini/arm_v3/arm_code/install/arm_teleop/lib/arm_teleop
[1.220s] Installing joy_to_trajectory script to /home/lukevizzini/arm_v3/arm_code/install/arm_teleop/lib/arm_teleop
[1.220s] Installing keyboard_servo script to /home/lukevizzini/arm_v3/arm_code/install/arm_teleop/lib/arm_teleop
[1.220s] Installing keyboard_to_joy script to /home/lukevizzini/arm_v3/arm_code/install/arm_teleop/lib/arm_teleop
[1.220s] writing list of installed files to '/home/lukevizzini/arm_v3/arm_code/build/arm_teleop/install.log'
[1.248s] Invoked command in '/home/lukevizzini/arm_v3/arm_code/src/teleop' returned '0': PYTHONPATH=/home/lukevizzini/arm_v3/arm_code/build/arm_teleop/prefix_override:/usr/lib/python3/dist-packages/colcon_core/task/python/colcon_distutils_commands:/home/lukevizzini/arm_v3/arm_code/install/arm_teleop/lib/python3.10/site-packages:${PYTHONPATH} /usr/bin/python3 -W ignore:setup.py install is deprecated -W ignore:easy_install command is deprecated setup.py egg_info --egg-base ../../build/arm_teleop build --build-base /home/lukevizzini/arm_v3/arm_code/build/arm_teleop/build install --record /home/lukevizzini/arm_v3/arm_code/build/arm_teleop/install.log --single-version-externally-managed install_data
