[0.027s] Invoking command in '/home/lukevizzini/arm_new/arm_code/build/arm_config': CMAKE_PREFIX_PATH=${CMAKE_PREFIX_PATH}:/home/lukevizzini/arm_new_v2/arm_code/install/arm_teleop:/home/lukevizzini/arm_new_v2/arm_code/install/arm_pwm_bridge:/home/lukevizzini/arm_new/arm_code/install/arm_teleop:/home/lukevizzini/arm_new/arm_code/install/arm_pwm_bridge:/opt/ros/humble /usr/bin/cmake /home/lukevizzini/arm_new/arm_code/src/config -DAMENT_CMAKE_SYMLINK_INSTALL=1 -DCMAKE_INSTALL_PREFIX=/home/lukevizzini/arm_new/arm_code/install/arm_config
[0.376s] -- The C compiler identification is GNU 11.4.0
[1.081s] -- The CXX compiler identification is GNU 11.4.0
[1.473s] -- Detecting C compiler ABI info
[1.635s] -- Detecting C compiler ABI info - done
[1.640s] -- Check for working C compiler: /usr/bin/cc - skipped
[1.641s] -- Detecting C compile features
[1.643s] -- Detecting C compile features - done
[1.647s] -- Detecting CXX compiler ABI info
[1.822s] -- Detecting CXX compiler ABI info - done
[1.827s] -- Check for working CXX compiler: /usr/bin/c++ - skipped
[1.827s] -- Detecting CXX compile features
[1.828s] -- Detecting CXX compile features - done
[1.868s] -- Found ament_cmake: 1.3.11 (/opt/ros/humble/share/ament_cmake/cmake)
[2.026s] -- Found Python3: /usr/bin/python3 (found version "3.10.12") found components: Interpreter 
[2.112s] -- Override CMake install command with custom implementation using symlinks instead of copying resources
[2.271s] -- Configuring done
[2.274s] -- Generating done
[2.276s] -- Build files have been written to: /home/lukevizzini/arm_new/arm_code/build/arm_config
[2.281s] Invoked command in '/home/lukevizzini/arm_new/arm_code/build/arm_config' returned '0': CMAKE_PREFIX_PATH=${CMAKE_PREFIX_PATH}:/home/lukevizzini/arm_new_v2/arm_code/install/arm_teleop:/home/lukevizzini/arm_new_v2/arm_code/install/arm_pwm_bridge:/home/lukevizzini/arm_new/arm_code/install/arm_teleop:/home/lukevizzini/arm_new/arm_code/install/arm_pwm_bridge:/opt/ros/humble /usr/bin/cmake /home/lukevizzini/arm_new/arm_code/src/config -DAMENT_CMAKE_SYMLINK_INSTALL=1 -DCMAKE_INSTALL_PREFIX=/home/lukevizzini/arm_new/arm_code/install/arm_config
[2.283s] Invoking command in '/home/lukevizzini/arm_new/arm_code/build/arm_config': CMAKE_PREFIX_PATH=${CMAKE_PREFIX_PATH}:/home/lukevizzini/arm_new_v2/arm_code/install/arm_teleop:/home/lukevizzini/arm_new_v2/arm_code/install/arm_pwm_bridge:/home/lukevizzini/arm_new/arm_code/install/arm_teleop:/home/lukevizzini/arm_new/arm_code/install/arm_pwm_bridge:/opt/ros/humble /usr/bin/cmake --build /home/lukevizzini/arm_new/arm_code/build/arm_config -- -j8 -l8
[2.317s] Invoked command in '/home/lukevizzini/arm_new/arm_code/build/arm_config' returned '0': CMAKE_PREFIX_PATH=${CMAKE_PREFIX_PATH}:/home/lukevizzini/arm_new_v2/arm_code/install/arm_teleop:/home/lukevizzini/arm_new_v2/arm_code/install/arm_pwm_bridge:/home/lukevizzini/arm_new/arm_code/install/arm_teleop:/home/lukevizzini/arm_new/arm_code/install/arm_pwm_bridge:/opt/ros/humble /usr/bin/cmake --build /home/lukevizzini/arm_new/arm_code/build/arm_config -- -j8 -l8
[2.325s] Invoking command in '/home/lukevizzini/arm_new/arm_code/build/arm_config': CMAKE_PREFIX_PATH=${CMAKE_PREFIX_PATH}:/home/lukevizzini/arm_new_v2/arm_code/install/arm_teleop:/home/lukevizzini/arm_new_v2/arm_code/install/arm_pwm_bridge:/home/lukevizzini/arm_new/arm_code/install/arm_teleop:/home/lukevizzini/arm_new/arm_code/install/arm_pwm_bridge:/opt/ros/humble /usr/bin/cmake --install /home/lukevizzini/arm_new/arm_code/build/arm_config
[2.331s] -- Install configuration: ""
[2.332s] -- Execute custom install script
[2.333s] -- Symlinking: /home/lukevizzini/arm_new/arm_code/install/arm_config/share/arm_config/config/four_dof_arm.srdf
[2.340s] -- Symlinking: /home/lukevizzini/arm_new/arm_code/install/arm_config/share/arm_config/config/initial_positions.yaml
[2.348s] -- Symlinking: /home/lukevizzini/arm_new/arm_code/install/arm_config/share/arm_config/config/joint_limits.yaml
[2.356s] -- Symlinking: /home/lukevizzini/arm_new/arm_code/install/arm_config/share/arm_config/config/kinematics.yaml
[2.364s] -- Symlinking: /home/lukevizzini/arm_new/arm_code/install/arm_config/share/arm_config/config/moveit_controllers.yaml
[2.371s] -- Symlinking: /home/lukevizzini/arm_new/arm_code/install/arm_config/share/arm_config/config/ompl_planning.yaml
[2.381s] -- Symlinking: /home/lukevizzini/arm_new/arm_code/install/arm_config/share/arm_config/config/ros2_controllers.yaml
[2.389s] -- Symlinking: /home/lukevizzini/arm_new/arm_code/install/arm_config/share/ament_index/resource_index/package_run_dependencies/arm_config
[2.396s] -- Symlinking: /home/lukevizzini/arm_new/arm_code/install/arm_config/share/ament_index/resource_index/parent_prefix_path/arm_config
[2.404s] -- Symlinking: /home/lukevizzini/arm_new/arm_code/install/arm_config/share/arm_config/environment/ament_prefix_path.sh
[2.411s] -- Symlinking: /home/lukevizzini/arm_new/arm_code/install/arm_config/share/arm_config/environment/ament_prefix_path.dsv
[2.418s] -- Symlinking: /home/lukevizzini/arm_new/arm_code/install/arm_config/share/arm_config/environment/path.sh
[2.425s] -- Symlinking: /home/lukevizzini/arm_new/arm_code/install/arm_config/share/arm_config/environment/path.dsv
[2.433s] -- Symlinking: /home/lukevizzini/arm_new/arm_code/install/arm_config/share/arm_config/local_setup.bash
[2.442s] -- Symlinking: /home/lukevizzini/arm_new/arm_code/install/arm_config/share/arm_config/local_setup.sh
[2.452s] -- Symlinking: /home/lukevizzini/arm_new/arm_code/install/arm_config/share/arm_config/local_setup.zsh
[2.460s] -- Symlinking: /home/lukevizzini/arm_new/arm_code/install/arm_config/share/arm_config/local_setup.dsv
[2.468s] -- Symlinking: /home/lukevizzini/arm_new/arm_code/install/arm_config/share/arm_config/package.dsv
[2.477s] -- Symlinking: /home/lukevizzini/arm_new/arm_code/install/arm_config/share/ament_index/resource_index/packages/arm_config
[2.484s] -- Symlinking: /home/lukevizzini/arm_new/arm_code/install/arm_config/share/arm_config/cmake/arm_configConfig.cmake
[2.492s] -- Symlinking: /home/lukevizzini/arm_new/arm_code/install/arm_config/share/arm_config/cmake/arm_configConfig-version.cmake
[2.500s] -- Symlinking: /home/lukevizzini/arm_new/arm_code/install/arm_config/share/arm_config/package.xml
[2.511s] Invoked command in '/home/lukevizzini/arm_new/arm_code/build/arm_config' returned '0': CMAKE_PREFIX_PATH=${CMAKE_PREFIX_PATH}:/home/lukevizzini/arm_new_v2/arm_code/install/arm_teleop:/home/lukevizzini/arm_new_v2/arm_code/install/arm_pwm_bridge:/home/lukevizzini/arm_new/arm_code/install/arm_teleop:/home/lukevizzini/arm_new/arm_code/install/arm_pwm_bridge:/opt/ros/humble /usr/bin/cmake --install /home/lukevizzini/arm_new/arm_code/build/arm_config
