[1.967s] Invoking command in '/home/lukevizzini/arm_new/arm_code/build/arm_launch': AMENT_PREFIX_PATH=/home/lukevizzini/arm_new/arm_code/install/arm_teleop:/home/lukevizzini/arm_new/arm_code/install/arm_pwm_bridge:/home/lukevizzini/arm_new/arm_code/install/arm_launch:/home/lukevizzini/arm_new/arm_code/install/arm_bringup:/home/lukevizzini/arm_new/arm_code/install/arm_description:/home/lukevizzini/arm_new/arm_code/install/arm_config:/opt/ros/humble CMAKE_PREFIX_PATH=/home/lukevizzini/arm_new/arm_code/install/arm_bringup:/home/lukevizzini/arm_new/arm_code/install/arm_description:/home/lukevizzini/arm_new/arm_code/install/arm_config:/home/lukevizzini/arm_new/arm_code/install/arm_launch:/home/lukevizzini/arm_new/arm_code/install/arm_teleop:/home/lukevizzini/arm_new/arm_code/install/arm_pwm_bridge:/opt/ros/humble /usr/bin/cmake --build /home/lukevizzini/arm_new/arm_code/build/arm_launch -- -j8 -l8
[2.030s] Invoked command in '/home/lukevizzini/arm_new/arm_code/build/arm_launch' returned '0': AMENT_PREFIX_PATH=/home/lukevizzini/arm_new/arm_code/install/arm_teleop:/home/lukevizzini/arm_new/arm_code/install/arm_pwm_bridge:/home/lukevizzini/arm_new/arm_code/install/arm_launch:/home/lukevizzini/arm_new/arm_code/install/arm_bringup:/home/lukevizzini/arm_new/arm_code/install/arm_description:/home/lukevizzini/arm_new/arm_code/install/arm_config:/opt/ros/humble CMAKE_PREFIX_PATH=/home/lukevizzini/arm_new/arm_code/install/arm_bringup:/home/lukevizzini/arm_new/arm_code/install/arm_description:/home/lukevizzini/arm_new/arm_code/install/arm_config:/home/lukevizzini/arm_new/arm_code/install/arm_launch:/home/lukevizzini/arm_new/arm_code/install/arm_teleop:/home/lukevizzini/arm_new/arm_code/install/arm_pwm_bridge:/opt/ros/humble /usr/bin/cmake --build /home/lukevizzini/arm_new/arm_code/build/arm_launch -- -j8 -l8
[2.035s] Invoking command in '/home/lukevizzini/arm_new/arm_code/build/arm_launch': AMENT_PREFIX_PATH=/home/lukevizzini/arm_new/arm_code/install/arm_teleop:/home/lukevizzini/arm_new/arm_code/install/arm_pwm_bridge:/home/lukevizzini/arm_new/arm_code/install/arm_launch:/home/lukevizzini/arm_new/arm_code/install/arm_bringup:/home/lukevizzini/arm_new/arm_code/install/arm_description:/home/lukevizzini/arm_new/arm_code/install/arm_config:/opt/ros/humble CMAKE_PREFIX_PATH=/home/lukevizzini/arm_new/arm_code/install/arm_bringup:/home/lukevizzini/arm_new/arm_code/install/arm_description:/home/lukevizzini/arm_new/arm_code/install/arm_config:/home/lukevizzini/arm_new/arm_code/install/arm_launch:/home/lukevizzini/arm_new/arm_code/install/arm_teleop:/home/lukevizzini/arm_new/arm_code/install/arm_pwm_bridge:/opt/ros/humble /usr/bin/cmake --install /home/lukevizzini/arm_new/arm_code/build/arm_launch
[2.048s] -- Install configuration: ""
[2.048s] -- Execute custom install script
[2.049s] -- Up-to-date symlink: /home/lukevizzini/arm_new/arm_code/install/arm_launch/share/arm_launch/launch/._hardware_teleop.launch.py
[2.049s] -- Up-to-date symlink: /home/lukevizzini/arm_new/arm_code/install/arm_launch/share/arm_launch/launch/display.launch.py
[2.050s] -- Up-to-date symlink: /home/lukevizzini/arm_new/arm_code/install/arm_launch/share/arm_launch/launch/hardware_teleop.launch.py
[2.050s] -- Up-to-date symlink: /home/lukevizzini/arm_new/arm_code/install/arm_launch/share/arm_launch/launch/keyboard_teleop.launch.py
[2.050s] -- Up-to-date symlink: /home/lukevizzini/arm_new/arm_code/install/arm_launch/share/arm_launch/launch/move_group.launch.py
[2.050s] -- Up-to-date symlink: /home/lukevizzini/arm_new/arm_code/install/arm_launch/share/ament_index/resource_index/package_run_dependencies/arm_launch
[2.051s] -- Up-to-date symlink: /home/lukevizzini/arm_new/arm_code/install/arm_launch/share/ament_index/resource_index/parent_prefix_path/arm_launch
[2.053s] -- Up-to-date symlink: /home/lukevizzini/arm_new/arm_code/install/arm_launch/share/arm_launch/environment/ament_prefix_path.sh
[2.053s] -- Up-to-date symlink: /home/lukevizzini/arm_new/arm_code/install/arm_launch/share/arm_launch/environment/ament_prefix_path.dsv
[2.053s] -- Up-to-date symlink: /home/lukevizzini/arm_new/arm_code/install/arm_launch/share/arm_launch/environment/path.sh
[2.053s] -- Up-to-date symlink: /home/lukevizzini/arm_new/arm_code/install/arm_launch/share/arm_launch/environment/path.dsv
[2.054s] -- Up-to-date symlink: /home/lukevizzini/arm_new/arm_code/install/arm_launch/share/arm_launch/local_setup.bash
[2.054s] -- Up-to-date symlink: /home/lukevizzini/arm_new/arm_code/install/arm_launch/share/arm_launch/local_setup.sh
[2.054s] -- Up-to-date symlink: /home/lukevizzini/arm_new/arm_code/install/arm_launch/share/arm_launch/local_setup.zsh
[2.054s] -- Up-to-date symlink: /home/lukevizzini/arm_new/arm_code/install/arm_launch/share/arm_launch/local_setup.dsv
[2.054s] -- Symlinking: /home/lukevizzini/arm_new/arm_code/install/arm_launch/share/arm_launch/package.dsv
[2.067s] -- Up-to-date symlink: /home/lukevizzini/arm_new/arm_code/install/arm_launch/share/ament_index/resource_index/packages/arm_launch
[2.067s] -- Up-to-date symlink: /home/lukevizzini/arm_new/arm_code/install/arm_launch/share/arm_launch/cmake/arm_launchConfig.cmake
[2.068s] -- Up-to-date symlink: /home/lukevizzini/arm_new/arm_code/install/arm_launch/share/arm_launch/cmake/arm_launchConfig-version.cmake
[2.068s] -- Up-to-date symlink: /home/lukevizzini/arm_new/arm_code/install/arm_launch/share/arm_launch/package.xml
[2.072s] Invoked command in '/home/lukevizzini/arm_new/arm_code/build/arm_launch' returned '0': AMENT_PREFIX_PATH=/home/lukevizzini/arm_new/arm_code/install/arm_teleop:/home/lukevizzini/arm_new/arm_code/install/arm_pwm_bridge:/home/lukevizzini/arm_new/arm_code/install/arm_launch:/home/lukevizzini/arm_new/arm_code/install/arm_bringup:/home/lukevizzini/arm_new/arm_code/install/arm_description:/home/lukevizzini/arm_new/arm_code/install/arm_config:/opt/ros/humble CMAKE_PREFIX_PATH=/home/lukevizzini/arm_new/arm_code/install/arm_bringup:/home/lukevizzini/arm_new/arm_code/install/arm_description:/home/lukevizzini/arm_new/arm_code/install/arm_config:/home/lukevizzini/arm_new/arm_code/install/arm_launch:/home/lukevizzini/arm_new/arm_code/install/arm_teleop:/home/lukevizzini/arm_new/arm_code/install/arm_pwm_bridge:/opt/ros/humble /usr/bin/cmake --install /home/lukevizzini/arm_new/arm_code/build/arm_launch
