[0.182s] DEBUG:colcon:Command line arguments: ['/usr/bin/colcon', 'build', '--symlink-install']
[0.182s] DEBUG:colcon:Parsed command line arguments: Namespace(log_base=None, log_level=None, verb_name='build', build_base='build', install_base='install', merge_install=False, symlink_install=True, test_result_base=None, continue_on_error=False, executor='parallel', parallel_workers=8, event_handlers=None, ignore_user_meta=False, metas=['./colcon.meta'], base_paths=['.'], packages_ignore=None, packages_ignore_regex=None, paths=None, packages_up_to=None, packages_up_to_regex=None, packages_above=None, packages_above_and_dependencies=None, packages_above_depth=None, packages_select_by_dep=None, packages_skip_by_dep=None, packages_skip_up_to=None, packages_select_build_failed=False, packages_skip_build_finished=False, packages_select_test_failures=False, packages_skip_test_passed=False, packages_select=None, packages_skip=None, packages_select_regex=None, packages_skip_regex=None, packages_start=None, packages_end=None, allow_overriding=[], cmake_args=None, cmake_target=None, cmake_target_skip_unavailable=False, cmake_clean_cache=False, cmake_clean_first=False, cmake_force_configure=False, ament_cmake_args=None, catkin_cmake_args=None, catkin_skip_building_tests=False, verb_parser=<colcon_defaults.argument_parser.defaults.DefaultArgumentsDecorator object at 0x77c19cd65f30>, verb_extension=<colcon_core.verb.build.BuildVerb object at 0x77c19cd65ab0>, main=<bound method BuildVerb.main of <colcon_core.verb.build.BuildVerb object at 0x77c19cd65ab0>>)
[0.323s] Level 1:colcon.colcon_core.package_discovery:discover_packages(colcon_meta) check parameters
[0.323s] Level 1:colcon.colcon_core.package_discovery:discover_packages(recursive) check parameters
[0.323s] Level 1:colcon.colcon_core.package_discovery:discover_packages(ignore) check parameters
[0.323s] Level 1:colcon.colcon_core.package_discovery:discover_packages(path) check parameters
[0.323s] Level 1:colcon.colcon_core.package_discovery:discover_packages(colcon_meta) discover
[0.324s] Level 1:colcon.colcon_core.package_discovery:discover_packages(recursive) discover
[0.324s] INFO:colcon.colcon_core.package_discovery:Crawling recursively for packages in '/home/lukevizzini/arm_new/arm_code'
[0.324s] Level 1:colcon.colcon_core.package_identification:_identify(.) by extensions ['ignore', 'ignore_ament_install']
[0.324s] Level 1:colcon.colcon_core.package_identification:_identify(.) by extension 'ignore'
[0.325s] Level 1:colcon.colcon_core.package_identification:_identify(.) by extension 'ignore_ament_install'
[0.325s] Level 1:colcon.colcon_core.package_identification:_identify(.) by extensions ['colcon_pkg']
[0.325s] Level 1:colcon.colcon_core.package_identification:_identify(.) by extension 'colcon_pkg'
[0.325s] Level 1:colcon.colcon_core.package_identification:_identify(.) by extensions ['colcon_meta']
[0.325s] Level 1:colcon.colcon_core.package_identification:_identify(.) by extension 'colcon_meta'
[0.325s] Level 1:colcon.colcon_core.package_identification:_identify(.) by extensions ['ros']
[0.325s] Level 1:colcon.colcon_core.package_identification:_identify(.) by extension 'ros'
[0.335s] Level 1:colcon.colcon_core.package_identification:_identify(.) by extensions ['cmake', 'python']
[0.335s] Level 1:colcon.colcon_core.package_identification:_identify(.) by extension 'cmake'
[0.335s] Level 1:colcon.colcon_core.package_identification:_identify(.) by extension 'python'
[0.335s] Level 1:colcon.colcon_core.package_identification:_identify(.) by extensions ['python_setup_py']
[0.335s] Level 1:colcon.colcon_core.package_identification:_identify(.) by extension 'python_setup_py'
[0.336s] Level 1:colcon.colcon_core.package_identification:_identify(build) by extensions ['ignore', 'ignore_ament_install']
[0.336s] Level 1:colcon.colcon_core.package_identification:_identify(build) by extension 'ignore'
[0.336s] Level 1:colcon.colcon_core.package_identification:_identify(build) ignored
[0.336s] Level 1:colcon.colcon_core.package_identification:_identify(install) by extensions ['ignore', 'ignore_ament_install']
[0.336s] Level 1:colcon.colcon_core.package_identification:_identify(install) by extension 'ignore'
[0.336s] Level 1:colcon.colcon_core.package_identification:_identify(install) ignored
[0.336s] Level 1:colcon.colcon_core.package_identification:_identify(log) by extensions ['ignore', 'ignore_ament_install']
[0.336s] Level 1:colcon.colcon_core.package_identification:_identify(log) by extension 'ignore'
[0.336s] Level 1:colcon.colcon_core.package_identification:_identify(log) ignored
[0.336s] Level 1:colcon.colcon_core.package_identification:_identify(src) by extensions ['ignore', 'ignore_ament_install']
[0.336s] Level 1:colcon.colcon_core.package_identification:_identify(src) by extension 'ignore'
[0.336s] Level 1:colcon.colcon_core.package_identification:_identify(src) by extension 'ignore_ament_install'
[0.336s] Level 1:colcon.colcon_core.package_identification:_identify(src) by extensions ['colcon_pkg']
[0.336s] Level 1:colcon.colcon_core.package_identification:_identify(src) by extension 'colcon_pkg'
[0.336s] Level 1:colcon.colcon_core.package_identification:_identify(src) by extensions ['colcon_meta']
[0.336s] Level 1:colcon.colcon_core.package_identification:_identify(src) by extension 'colcon_meta'
[0.336s] Level 1:colcon.colcon_core.package_identification:_identify(src) by extensions ['ros']
[0.336s] Level 1:colcon.colcon_core.package_identification:_identify(src) by extension 'ros'
[0.336s] Level 1:colcon.colcon_core.package_identification:_identify(src) by extensions ['cmake', 'python']
[0.337s] Level 1:colcon.colcon_core.package_identification:_identify(src) by extension 'cmake'
[0.337s] Level 1:colcon.colcon_core.package_identification:_identify(src) by extension 'python'
[0.337s] Level 1:colcon.colcon_core.package_identification:_identify(src) by extensions ['python_setup_py']
[0.337s] Level 1:colcon.colcon_core.package_identification:_identify(src) by extension 'python_setup_py'
[0.337s] Level 1:colcon.colcon_core.package_identification:_identify(src/bringup) by extensions ['ignore', 'ignore_ament_install']
[0.337s] Level 1:colcon.colcon_core.package_identification:_identify(src/bringup) by extension 'ignore'
[0.337s] Level 1:colcon.colcon_core.package_identification:_identify(src/bringup) by extension 'ignore_ament_install'
[0.337s] Level 1:colcon.colcon_core.package_identification:_identify(src/bringup) by extensions ['colcon_pkg']
[0.337s] Level 1:colcon.colcon_core.package_identification:_identify(src/bringup) by extension 'colcon_pkg'
[0.337s] Level 1:colcon.colcon_core.package_identification:_identify(src/bringup) by extensions ['colcon_meta']
[0.337s] Level 1:colcon.colcon_core.package_identification:_identify(src/bringup) by extension 'colcon_meta'
[0.337s] Level 1:colcon.colcon_core.package_identification:_identify(src/bringup) by extensions ['ros']
[0.337s] Level 1:colcon.colcon_core.package_identification:_identify(src/bringup) by extension 'ros'
[0.339s] DEBUG:colcon.colcon_core.package_identification:Package 'src/bringup' with type 'ros.ament_cmake' and name 'arm_bringup'
[0.339s] Level 1:colcon.colcon_core.package_identification:_identify(src/config) by extensions ['ignore', 'ignore_ament_install']
[0.339s] Level 1:colcon.colcon_core.package_identification:_identify(src/config) by extension 'ignore'
[0.339s] Level 1:colcon.colcon_core.package_identification:_identify(src/config) by extension 'ignore_ament_install'
[0.340s] Level 1:colcon.colcon_core.package_identification:_identify(src/config) by extensions ['colcon_pkg']
[0.340s] Level 1:colcon.colcon_core.package_identification:_identify(src/config) by extension 'colcon_pkg'
[0.340s] Level 1:colcon.colcon_core.package_identification:_identify(src/config) by extensions ['colcon_meta']
[0.340s] Level 1:colcon.colcon_core.package_identification:_identify(src/config) by extension 'colcon_meta'
[0.340s] Level 1:colcon.colcon_core.package_identification:_identify(src/config) by extensions ['ros']
[0.340s] Level 1:colcon.colcon_core.package_identification:_identify(src/config) by extension 'ros'
[0.340s] DEBUG:colcon.colcon_core.package_identification:Package 'src/config' with type 'ros.ament_cmake' and name 'arm_config'
[0.341s] Level 1:colcon.colcon_core.package_identification:_identify(src/description) by extensions ['ignore', 'ignore_ament_install']
[0.341s] Level 1:colcon.colcon_core.package_identification:_identify(src/description) by extension 'ignore'
[0.341s] Level 1:colcon.colcon_core.package_identification:_identify(src/description) by extension 'ignore_ament_install'
[0.341s] Level 1:colcon.colcon_core.package_identification:_identify(src/description) by extensions ['colcon_pkg']
[0.341s] Level 1:colcon.colcon_core.package_identification:_identify(src/description) by extension 'colcon_pkg'
[0.341s] Level 1:colcon.colcon_core.package_identification:_identify(src/description) by extensions ['colcon_meta']
[0.341s] Level 1:colcon.colcon_core.package_identification:_identify(src/description) by extension 'colcon_meta'
[0.341s] Level 1:colcon.colcon_core.package_identification:_identify(src/description) by extensions ['ros']
[0.341s] Level 1:colcon.colcon_core.package_identification:_identify(src/description) by extension 'ros'
[0.342s] DEBUG:colcon.colcon_core.package_identification:Package 'src/description' with type 'ros.ament_cmake' and name 'arm_description'
[0.342s] Level 1:colcon.colcon_core.package_identification:_identify(src/launch) by extensions ['ignore', 'ignore_ament_install']
[0.342s] Level 1:colcon.colcon_core.package_identification:_identify(src/launch) by extension 'ignore'
[0.342s] Level 1:colcon.colcon_core.package_identification:_identify(src/launch) by extension 'ignore_ament_install'
[0.342s] Level 1:colcon.colcon_core.package_identification:_identify(src/launch) by extensions ['colcon_pkg']
[0.342s] Level 1:colcon.colcon_core.package_identification:_identify(src/launch) by extension 'colcon_pkg'
[0.342s] Level 1:colcon.colcon_core.package_identification:_identify(src/launch) by extensions ['colcon_meta']
[0.342s] Level 1:colcon.colcon_core.package_identification:_identify(src/launch) by extension 'colcon_meta'
[0.342s] Level 1:colcon.colcon_core.package_identification:_identify(src/launch) by extensions ['ros']
[0.342s] Level 1:colcon.colcon_core.package_identification:_identify(src/launch) by extension 'ros'
[0.343s] DEBUG:colcon.colcon_core.package_identification:Package 'src/launch' with type 'ros.ament_cmake' and name 'arm_launch'
[0.343s] Level 1:colcon.colcon_core.package_identification:_identify(src/pwm_bridge) by extensions ['ignore', 'ignore_ament_install']
[0.343s] Level 1:colcon.colcon_core.package_identification:_identify(src/pwm_bridge) by extension 'ignore'
[0.343s] Level 1:colcon.colcon_core.package_identification:_identify(src/pwm_bridge) by extension 'ignore_ament_install'
[0.343s] Level 1:colcon.colcon_core.package_identification:_identify(src/pwm_bridge) by extensions ['colcon_pkg']
[0.343s] Level 1:colcon.colcon_core.package_identification:_identify(src/pwm_bridge) by extension 'colcon_pkg'
[0.343s] Level 1:colcon.colcon_core.package_identification:_identify(src/pwm_bridge) by extensions ['colcon_meta']
[0.343s] Level 1:colcon.colcon_core.package_identification:_identify(src/pwm_bridge) by extension 'colcon_meta'
[0.343s] Level 1:colcon.colcon_core.package_identification:_identify(src/pwm_bridge) by extensions ['ros']
[0.344s] Level 1:colcon.colcon_core.package_identification:_identify(src/pwm_bridge) by extension 'ros'
[0.344s] DEBUG:colcon.colcon_core.package_identification:Package 'src/pwm_bridge' with type 'ros.ament_python' and name 'arm_pwm_bridge'
[0.344s] Level 1:colcon.colcon_core.package_identification:_identify(src/teleop) by extensions ['ignore', 'ignore_ament_install']
[0.344s] Level 1:colcon.colcon_core.package_identification:_identify(src/teleop) by extension 'ignore'
[0.344s] Level 1:colcon.colcon_core.package_identification:_identify(src/teleop) by extension 'ignore_ament_install'
[0.344s] Level 1:colcon.colcon_core.package_identification:_identify(src/teleop) by extensions ['colcon_pkg']
[0.344s] Level 1:colcon.colcon_core.package_identification:_identify(src/teleop) by extension 'colcon_pkg'
[0.344s] Level 1:colcon.colcon_core.package_identification:_identify(src/teleop) by extensions ['colcon_meta']
[0.344s] Level 1:colcon.colcon_core.package_identification:_identify(src/teleop) by extension 'colcon_meta'
[0.344s] Level 1:colcon.colcon_core.package_identification:_identify(src/teleop) by extensions ['ros']
[0.344s] Level 1:colcon.colcon_core.package_identification:_identify(src/teleop) by extension 'ros'
[0.345s] DEBUG:colcon.colcon_core.package_identification:Package 'src/teleop' with type 'ros.ament_python' and name 'arm_teleop'
[0.345s] Level 1:colcon.colcon_core.package_discovery:discover_packages(recursive) using defaults
[0.345s] Level 1:colcon.colcon_core.package_discovery:discover_packages(ignore) discover
[0.345s] Level 1:colcon.colcon_core.package_discovery:discover_packages(ignore) using defaults
[0.345s] Level 1:colcon.colcon_core.package_discovery:discover_packages(path) discover
[0.345s] Level 1:colcon.colcon_core.package_discovery:discover_packages(path) using defaults
[0.378s] Level 1:colcon.colcon_core.package_discovery:discover_packages(prefix_path) check parameters
[0.378s] Level 1:colcon.colcon_core.package_discovery:discover_packages(prefix_path) discover
[0.379s] DEBUG:colcon.colcon_installed_package_information.package_discovery:Found 6 installed packages in /home/lukevizzini/arm_new/arm_code/install
[0.380s] DEBUG:colcon.colcon_installed_package_information.package_discovery:Found 6 installed packages in /home/lukevizzini/arm_new_v2/arm_code/install
[0.381s] DEBUG:colcon.colcon_installed_package_information.package_discovery:Found 418 installed packages in /opt/ros/humble
[0.383s] Level 1:colcon.colcon_core.package_discovery:discover_packages(prefix_path) using defaults
[0.421s] Level 5:colcon.colcon_core.verb:set package 'arm_config' build argument 'cmake_args' from command line to 'None'
[0.421s] Level 5:colcon.colcon_core.verb:set package 'arm_config' build argument 'cmake_target' from command line to 'None'
[0.421s] Level 5:colcon.colcon_core.verb:set package 'arm_config' build argument 'cmake_target_skip_unavailable' from command line to 'False'
[0.421s] Level 5:colcon.colcon_core.verb:set package 'arm_config' build argument 'cmake_clean_cache' from command line to 'False'
[0.421s] Level 5:colcon.colcon_core.verb:set package 'arm_config' build argument 'cmake_clean_first' from command line to 'False'
[0.421s] Level 5:colcon.colcon_core.verb:set package 'arm_config' build argument 'cmake_force_configure' from command line to 'False'
[0.421s] Level 5:colcon.colcon_core.verb:set package 'arm_config' build argument 'ament_cmake_args' from command line to 'None'
[0.422s] Level 5:colcon.colcon_core.verb:set package 'arm_config' build argument 'catkin_cmake_args' from command line to 'None'
[0.422s] Level 5:colcon.colcon_core.verb:set package 'arm_config' build argument 'catkin_skip_building_tests' from command line to 'False'
[0.422s] DEBUG:colcon.colcon_core.verb:Building package 'arm_config' with the following arguments: {'ament_cmake_args': None, 'build_base': '/home/lukevizzini/arm_new/arm_code/build/arm_config', 'catkin_cmake_args': None, 'catkin_skip_building_tests': False, 'cmake_args': None, 'cmake_clean_cache': False, 'cmake_clean_first': False, 'cmake_force_configure': False, 'cmake_target': None, 'cmake_target_skip_unavailable': False, 'install_base': '/home/lukevizzini/arm_new/arm_code/install/arm_config', 'merge_install': False, 'path': '/home/lukevizzini/arm_new/arm_code/src/config', 'symlink_install': True, 'test_result_base': None}
[0.422s] Level 5:colcon.colcon_core.verb:set package 'arm_pwm_bridge' build argument 'cmake_args' from command line to 'None'
[0.422s] Level 5:colcon.colcon_core.verb:set package 'arm_pwm_bridge' build argument 'cmake_target' from command line to 'None'
[0.422s] Level 5:colcon.colcon_core.verb:set package 'arm_pwm_bridge' build argument 'cmake_target_skip_unavailable' from command line to 'False'
[0.422s] Level 5:colcon.colcon_core.verb:set package 'arm_pwm_bridge' build argument 'cmake_clean_cache' from command line to 'False'
[0.422s] Level 5:colcon.colcon_core.verb:set package 'arm_pwm_bridge' build argument 'cmake_clean_first' from command line to 'False'
[0.422s] Level 5:colcon.colcon_core.verb:set package 'arm_pwm_bridge' build argument 'cmake_force_configure' from command line to 'False'
[0.422s] Level 5:colcon.colcon_core.verb:set package 'arm_pwm_bridge' build argument 'ament_cmake_args' from command line to 'None'
[0.422s] Level 5:colcon.colcon_core.verb:set package 'arm_pwm_bridge' build argument 'catkin_cmake_args' from command line to 'None'
[0.422s] Level 5:colcon.colcon_core.verb:set package 'arm_pwm_bridge' build argument 'catkin_skip_building_tests' from command line to 'False'
[0.422s] DEBUG:colcon.colcon_core.verb:Building package 'arm_pwm_bridge' with the following arguments: {'ament_cmake_args': None, 'build_base': '/home/lukevizzini/arm_new/arm_code/build/arm_pwm_bridge', 'catkin_cmake_args': None, 'catkin_skip_building_tests': False, 'cmake_args': None, 'cmake_clean_cache': False, 'cmake_clean_first': False, 'cmake_force_configure': False, 'cmake_target': None, 'cmake_target_skip_unavailable': False, 'install_base': '/home/lukevizzini/arm_new/arm_code/install/arm_pwm_bridge', 'merge_install': False, 'path': '/home/lukevizzini/arm_new/arm_code/src/pwm_bridge', 'symlink_install': True, 'test_result_base': None}
[0.422s] Level 5:colcon.colcon_core.verb:set package 'arm_teleop' build argument 'cmake_args' from command line to 'None'
[0.422s] Level 5:colcon.colcon_core.verb:set package 'arm_teleop' build argument 'cmake_target' from command line to 'None'
[0.422s] Level 5:colcon.colcon_core.verb:set package 'arm_teleop' build argument 'cmake_target_skip_unavailable' from command line to 'False'
[0.422s] Level 5:colcon.colcon_core.verb:set package 'arm_teleop' build argument 'cmake_clean_cache' from command line to 'False'
[0.422s] Level 5:colcon.colcon_core.verb:set package 'arm_teleop' build argument 'cmake_clean_first' from command line to 'False'
[0.422s] Level 5:colcon.colcon_core.verb:set package 'arm_teleop' build argument 'cmake_force_configure' from command line to 'False'
[0.422s] Level 5:colcon.colcon_core.verb:set package 'arm_teleop' build argument 'ament_cmake_args' from command line to 'None'
[0.422s] Level 5:colcon.colcon_core.verb:set package 'arm_teleop' build argument 'catkin_cmake_args' from command line to 'None'
[0.422s] Level 5:colcon.colcon_core.verb:set package 'arm_teleop' build argument 'catkin_skip_building_tests' from command line to 'False'
[0.422s] DEBUG:colcon.colcon_core.verb:Building package 'arm_teleop' with the following arguments: {'ament_cmake_args': None, 'build_base': '/home/lukevizzini/arm_new/arm_code/build/arm_teleop', 'catkin_cmake_args': None, 'catkin_skip_building_tests': False, 'cmake_args': None, 'cmake_clean_cache': False, 'cmake_clean_first': False, 'cmake_force_configure': False, 'cmake_target': None, 'cmake_target_skip_unavailable': False, 'install_base': '/home/lukevizzini/arm_new/arm_code/install/arm_teleop', 'merge_install': False, 'path': '/home/lukevizzini/arm_new/arm_code/src/teleop', 'symlink_install': True, 'test_result_base': None}
[0.423s] Level 5:colcon.colcon_core.verb:set package 'arm_description' build argument 'cmake_args' from command line to 'None'
[0.423s] Level 5:colcon.colcon_core.verb:set package 'arm_description' build argument 'cmake_target' from command line to 'None'
[0.423s] Level 5:colcon.colcon_core.verb:set package 'arm_description' build argument 'cmake_target_skip_unavailable' from command line to 'False'
[0.423s] Level 5:colcon.colcon_core.verb:set package 'arm_description' build argument 'cmake_clean_cache' from command line to 'False'
[0.423s] Level 5:colcon.colcon_core.verb:set package 'arm_description' build argument 'cmake_clean_first' from command line to 'False'
[0.423s] Level 5:colcon.colcon_core.verb:set package 'arm_description' build argument 'cmake_force_configure' from command line to 'False'
[0.423s] Level 5:colcon.colcon_core.verb:set package 'arm_description' build argument 'ament_cmake_args' from command line to 'None'
[0.423s] Level 5:colcon.colcon_core.verb:set package 'arm_description' build argument 'catkin_cmake_args' from command line to 'None'
[0.423s] Level 5:colcon.colcon_core.verb:set package 'arm_description' build argument 'catkin_skip_building_tests' from command line to 'False'
[0.423s] DEBUG:colcon.colcon_core.verb:Building package 'arm_description' with the following arguments: {'ament_cmake_args': None, 'build_base': '/home/lukevizzini/arm_new/arm_code/build/arm_description', 'catkin_cmake_args': None, 'catkin_skip_building_tests': False, 'cmake_args': None, 'cmake_clean_cache': False, 'cmake_clean_first': False, 'cmake_force_configure': False, 'cmake_target': None, 'cmake_target_skip_unavailable': False, 'install_base': '/home/lukevizzini/arm_new/arm_code/install/arm_description', 'merge_install': False, 'path': '/home/lukevizzini/arm_new/arm_code/src/description', 'symlink_install': True, 'test_result_base': None}
[0.423s] Level 5:colcon.colcon_core.verb:set package 'arm_bringup' build argument 'cmake_args' from command line to 'None'
[0.423s] Level 5:colcon.colcon_core.verb:set package 'arm_bringup' build argument 'cmake_target' from command line to 'None'
[0.423s] Level 5:colcon.colcon_core.verb:set package 'arm_bringup' build argument 'cmake_target_skip_unavailable' from command line to 'False'
[0.423s] Level 5:colcon.colcon_core.verb:set package 'arm_bringup' build argument 'cmake_clean_cache' from command line to 'False'
[0.423s] Level 5:colcon.colcon_core.verb:set package 'arm_bringup' build argument 'cmake_clean_first' from command line to 'False'
[0.423s] Level 5:colcon.colcon_core.verb:set package 'arm_bringup' build argument 'cmake_force_configure' from command line to 'False'
[0.423s] Level 5:colcon.colcon_core.verb:set package 'arm_bringup' build argument 'ament_cmake_args' from command line to 'None'
[0.423s] Level 5:colcon.colcon_core.verb:set package 'arm_bringup' build argument 'catkin_cmake_args' from command line to 'None'
[0.423s] Level 5:colcon.colcon_core.verb:set package 'arm_bringup' build argument 'catkin_skip_building_tests' from command line to 'False'
[0.423s] DEBUG:colcon.colcon_core.verb:Building package 'arm_bringup' with the following arguments: {'ament_cmake_args': None, 'build_base': '/home/lukevizzini/arm_new/arm_code/build/arm_bringup', 'catkin_cmake_args': None, 'catkin_skip_building_tests': False, 'cmake_args': None, 'cmake_clean_cache': False, 'cmake_clean_first': False, 'cmake_force_configure': False, 'cmake_target': None, 'cmake_target_skip_unavailable': False, 'install_base': '/home/lukevizzini/arm_new/arm_code/install/arm_bringup', 'merge_install': False, 'path': '/home/lukevizzini/arm_new/arm_code/src/bringup', 'symlink_install': True, 'test_result_base': None}
[0.424s] Level 5:colcon.colcon_core.verb:set package 'arm_launch' build argument 'cmake_args' from command line to 'None'
[0.424s] Level 5:colcon.colcon_core.verb:set package 'arm_launch' build argument 'cmake_target' from command line to 'None'
[0.424s] Level 5:colcon.colcon_core.verb:set package 'arm_launch' build argument 'cmake_target_skip_unavailable' from command line to 'False'
[0.424s] Level 5:colcon.colcon_core.verb:set package 'arm_launch' build argument 'cmake_clean_cache' from command line to 'False'
[0.424s] Level 5:colcon.colcon_core.verb:set package 'arm_launch' build argument 'cmake_clean_first' from command line to 'False'
[0.424s] Level 5:colcon.colcon_core.verb:set package 'arm_launch' build argument 'cmake_force_configure' from command line to 'False'
[0.424s] Level 5:colcon.colcon_core.verb:set package 'arm_launch' build argument 'ament_cmake_args' from command line to 'None'
[0.424s] Level 5:colcon.colcon_core.verb:set package 'arm_launch' build argument 'catkin_cmake_args' from command line to 'None'
[0.424s] Level 5:colcon.colcon_core.verb:set package 'arm_launch' build argument 'catkin_skip_building_tests' from command line to 'False'
[0.424s] DEBUG:colcon.colcon_core.verb:Building package 'arm_launch' with the following arguments: {'ament_cmake_args': None, 'build_base': '/home/lukevizzini/arm_new/arm_code/build/arm_launch', 'catkin_cmake_args': None, 'catkin_skip_building_tests': False, 'cmake_args': None, 'cmake_clean_cache': False, 'cmake_clean_first': False, 'cmake_force_configure': False, 'cmake_target': None, 'cmake_target_skip_unavailable': False, 'install_base': '/home/lukevizzini/arm_new/arm_code/install/arm_launch', 'merge_install': False, 'path': '/home/lukevizzini/arm_new/arm_code/src/launch', 'symlink_install': True, 'test_result_base': None}
[0.424s] INFO:colcon.colcon_core.executor:Executing jobs using 'parallel' executor
[0.425s] DEBUG:colcon.colcon_parallel_executor.executor.parallel:run_until_complete
[0.425s] INFO:colcon.colcon_ros.task.ament_cmake.build:Building ROS package in '/home/lukevizzini/arm_new/arm_code/src/config' with build type 'ament_cmake'
[0.425s] INFO:colcon.colcon_cmake.task.cmake.build:Building CMake package in '/home/lukevizzini/arm_new/arm_code/src/config'
[0.428s] INFO:colcon.colcon_core.plugin_system:Skipping extension 'colcon_core.shell.bat': Not used on non-Windows systems
[0.428s] INFO:colcon.colcon_core.shell:Skip shell extension 'powershell' for command environment: Not usable outside of PowerShell
[0.428s] DEBUG:colcon.colcon_core.shell:Skip shell extension 'dsv' for command environment
[0.432s] INFO:colcon.colcon_ros.task.ament_python.build:Building ROS package in '/home/lukevizzini/arm_new/arm_code/src/pwm_bridge' with build type 'ament_python'
[0.432s] Level 1:colcon.colcon_core.shell:create_environment_hook('arm_pwm_bridge', 'ament_prefix_path')
[0.433s] INFO:colcon.colcon_core.shell:Creating environment hook '/home/lukevizzini/arm_new/arm_code/install/arm_pwm_bridge/share/arm_pwm_bridge/hook/ament_prefix_path.ps1'
[0.434s] INFO:colcon.colcon_core.shell:Creating environment descriptor '/home/lukevizzini/arm_new/arm_code/install/arm_pwm_bridge/share/arm_pwm_bridge/hook/ament_prefix_path.dsv'
[0.435s] INFO:colcon.colcon_core.shell:Creating environment hook '/home/lukevizzini/arm_new/arm_code/install/arm_pwm_bridge/share/arm_pwm_bridge/hook/ament_prefix_path.sh'
[0.435s] INFO:colcon.colcon_core.shell:Skip shell extension 'powershell' for command environment: Not usable outside of PowerShell
[0.436s] DEBUG:colcon.colcon_core.shell:Skip shell extension 'dsv' for command environment
[0.439s] INFO:colcon.colcon_ros.task.ament_python.build:Building ROS package in '/home/lukevizzini/arm_new/arm_code/src/teleop' with build type 'ament_python'
[0.439s] Level 1:colcon.colcon_core.shell:create_environment_hook('arm_teleop', 'ament_prefix_path')
[0.440s] INFO:colcon.colcon_core.shell:Creating environment hook '/home/lukevizzini/arm_new/arm_code/install/arm_teleop/share/arm_teleop/hook/ament_prefix_path.ps1'
[0.440s] INFO:colcon.colcon_core.shell:Creating environment descriptor '/home/lukevizzini/arm_new/arm_code/install/arm_teleop/share/arm_teleop/hook/ament_prefix_path.dsv'
[0.440s] INFO:colcon.colcon_core.shell:Creating environment hook '/home/lukevizzini/arm_new/arm_code/install/arm_teleop/share/arm_teleop/hook/ament_prefix_path.sh'
[0.441s] INFO:colcon.colcon_core.shell:Skip shell extension 'powershell' for command environment: Not usable outside of PowerShell
[0.441s] DEBUG:colcon.colcon_core.shell:Skip shell extension 'dsv' for command environment
[0.451s] DEBUG:colcon.colcon_core.event_handler.log_command:Invoking command in '/home/lukevizzini/arm_new/arm_code/build/arm_config': CMAKE_PREFIX_PATH=${CMAKE_PREFIX_PATH}:/home/lukevizzini/arm_new_v2/arm_code/install/arm_teleop:/home/lukevizzini/arm_new_v2/arm_code/install/arm_pwm_bridge:/home/lukevizzini/arm_new/arm_code/install/arm_teleop:/home/lukevizzini/arm_new/arm_code/install/arm_pwm_bridge:/opt/ros/humble /usr/bin/cmake --build /home/lukevizzini/arm_new/arm_code/build/arm_config -- -j8 -l8
[0.675s] INFO:colcon.colcon_core.task.python.build:Building Python package in '/home/lukevizzini/arm_new/arm_code/src/pwm_bridge'
[0.675s] INFO:colcon.colcon_core.shell:Skip shell extension 'powershell' for command environment: Not usable outside of PowerShell
[0.676s] DEBUG:colcon.colcon_core.shell:Skip shell extension 'dsv' for command environment
[0.915s] INFO:colcon.colcon_core.task.python.build:Building Python package in '/home/lukevizzini/arm_new/arm_code/src/teleop'
[0.915s] INFO:colcon.colcon_core.shell:Skip shell extension 'powershell' for command environment: Not usable outside of PowerShell
[0.915s] DEBUG:colcon.colcon_core.shell:Skip shell extension 'dsv' for command environment
[0.920s] DEBUG:colcon.colcon_core.event_handler.log_command:Invoked command in '/home/lukevizzini/arm_new/arm_code/build/arm_config' returned '0': CMAKE_PREFIX_PATH=${CMAKE_PREFIX_PATH}:/home/lukevizzini/arm_new_v2/arm_code/install/arm_teleop:/home/lukevizzini/arm_new_v2/arm_code/install/arm_pwm_bridge:/home/lukevizzini/arm_new/arm_code/install/arm_teleop:/home/lukevizzini/arm_new/arm_code/install/arm_pwm_bridge:/opt/ros/humble /usr/bin/cmake --build /home/lukevizzini/arm_new/arm_code/build/arm_config -- -j8 -l8
[0.930s] DEBUG:colcon.colcon_core.event_handler.log_command:Invoking command in '/home/lukevizzini/arm_new/arm_code/build/arm_config': CMAKE_PREFIX_PATH=${CMAKE_PREFIX_PATH}:/home/lukevizzini/arm_new_v2/arm_code/install/arm_teleop:/home/lukevizzini/arm_new_v2/arm_code/install/arm_pwm_bridge:/home/lukevizzini/arm_new/arm_code/install/arm_teleop:/home/lukevizzini/arm_new/arm_code/install/arm_pwm_bridge:/opt/ros/humble /usr/bin/cmake --install /home/lukevizzini/arm_new/arm_code/build/arm_config
[0.961s] Level 1:colcon.colcon_core.environment:create_environment_scripts_only(arm_config)
[0.962s] DEBUG:colcon.colcon_core.event_handler.log_command:Invoked command in '/home/lukevizzini/arm_new/arm_code/build/arm_config' returned '0': CMAKE_PREFIX_PATH=${CMAKE_PREFIX_PATH}:/home/lukevizzini/arm_new_v2/arm_code/install/arm_teleop:/home/lukevizzini/arm_new_v2/arm_code/install/arm_pwm_bridge:/home/lukevizzini/arm_new/arm_code/install/arm_teleop:/home/lukevizzini/arm_new/arm_code/install/arm_pwm_bridge:/opt/ros/humble /usr/bin/cmake --install /home/lukevizzini/arm_new/arm_code/build/arm_config
[0.974s] Level 1:colcon.colcon_core.environment:checking '/home/lukevizzini/arm_new/arm_code/install/arm_config' for CMake module files
[0.975s] Level 1:colcon.colcon_core.environment:checking '/home/lukevizzini/arm_new/arm_code/install/arm_config' for CMake config files
[0.975s] Level 1:colcon.colcon_core.shell:create_environment_hook('arm_config', 'cmake_prefix_path')
[0.975s] INFO:colcon.colcon_core.shell:Creating environment hook '/home/lukevizzini/arm_new/arm_code/install/arm_config/share/arm_config/hook/cmake_prefix_path.ps1'
[0.976s] INFO:colcon.colcon_core.shell:Creating environment descriptor '/home/lukevizzini/arm_new/arm_code/install/arm_config/share/arm_config/hook/cmake_prefix_path.dsv'
[0.977s] INFO:colcon.colcon_core.shell:Creating environment hook '/home/lukevizzini/arm_new/arm_code/install/arm_config/share/arm_config/hook/cmake_prefix_path.sh'
[0.977s] Level 1:colcon.colcon_core.environment:checking '/home/lukevizzini/arm_new/arm_code/install/arm_config/bin'
[0.978s] Level 1:colcon.colcon_core.environment:checking '/home/lukevizzini/arm_new/arm_code/install/arm_config/lib/pkgconfig/arm_config.pc'
[0.978s] Level 1:colcon.colcon_core.environment:checking '/home/lukevizzini/arm_new/arm_code/install/arm_config/lib/python3.10/site-packages'
[0.979s] Level 1:colcon.colcon_core.environment:checking '/home/lukevizzini/arm_new/arm_code/install/arm_config/bin'
[0.979s] INFO:colcon.colcon_core.shell:Creating package script '/home/lukevizzini/arm_new/arm_code/install/arm_config/share/arm_config/package.ps1'
[0.980s] INFO:colcon.colcon_core.shell:Creating package descriptor '/home/lukevizzini/arm_new/arm_code/install/arm_config/share/arm_config/package.dsv'
[0.982s] INFO:colcon.colcon_core.shell:Creating package script '/home/lukevizzini/arm_new/arm_code/install/arm_config/share/arm_config/package.sh'
[0.983s] INFO:colcon.colcon_core.shell:Creating package script '/home/lukevizzini/arm_new/arm_code/install/arm_config/share/arm_config/package.bash'
[0.984s] INFO:colcon.colcon_core.shell:Creating package script '/home/lukevizzini/arm_new/arm_code/install/arm_config/share/arm_config/package.zsh'
[0.986s] Level 1:colcon.colcon_core.environment:create_file_with_runtime_dependencies(/home/lukevizzini/arm_new/arm_code/install/arm_config/share/colcon-core/packages/arm_config)
[0.987s] Level 1:colcon.colcon_core.environment:create_environment_scripts_only(arm_config)
[0.987s] Level 1:colcon.colcon_core.environment:checking '/home/lukevizzini/arm_new/arm_code/install/arm_config' for CMake module files
[0.988s] Level 1:colcon.colcon_core.environment:checking '/home/lukevizzini/arm_new/arm_code/install/arm_config' for CMake config files
[0.988s] Level 1:colcon.colcon_core.shell:create_environment_hook('arm_config', 'cmake_prefix_path')
[0.989s] INFO:colcon.colcon_core.shell:Creating environment hook '/home/lukevizzini/arm_new/arm_code/install/arm_config/share/arm_config/hook/cmake_prefix_path.ps1'
[0.989s] INFO:colcon.colcon_core.shell:Creating environment descriptor '/home/lukevizzini/arm_new/arm_code/install/arm_config/share/arm_config/hook/cmake_prefix_path.dsv'
[0.990s] INFO:colcon.colcon_core.shell:Creating environment hook '/home/lukevizzini/arm_new/arm_code/install/arm_config/share/arm_config/hook/cmake_prefix_path.sh'
[0.991s] Level 1:colcon.colcon_core.environment:checking '/home/lukevizzini/arm_new/arm_code/install/arm_config/bin'
[0.991s] Level 1:colcon.colcon_core.environment:checking '/home/lukevizzini/arm_new/arm_code/install/arm_config/lib/pkgconfig/arm_config.pc'
[0.991s] Level 1:colcon.colcon_core.environment:checking '/home/lukevizzini/arm_new/arm_code/install/arm_config/lib/python3.10/site-packages'
[0.992s] Level 1:colcon.colcon_core.environment:checking '/home/lukevizzini/arm_new/arm_code/install/arm_config/bin'
[0.992s] INFO:colcon.colcon_core.shell:Creating package script '/home/lukevizzini/arm_new/arm_code/install/arm_config/share/arm_config/package.ps1'
[0.993s] INFO:colcon.colcon_core.shell:Creating package descriptor '/home/lukevizzini/arm_new/arm_code/install/arm_config/share/arm_config/package.dsv'
[0.994s] INFO:colcon.colcon_core.shell:Creating package script '/home/lukevizzini/arm_new/arm_code/install/arm_config/share/arm_config/package.sh'
[0.994s] INFO:colcon.colcon_core.shell:Creating package script '/home/lukevizzini/arm_new/arm_code/install/arm_config/share/arm_config/package.bash'
[0.995s] INFO:colcon.colcon_core.shell:Creating package script '/home/lukevizzini/arm_new/arm_code/install/arm_config/share/arm_config/package.zsh'
[0.995s] Level 1:colcon.colcon_core.environment:create_file_with_runtime_dependencies(/home/lukevizzini/arm_new/arm_code/install/arm_config/share/colcon-core/packages/arm_config)
[0.996s] INFO:colcon.colcon_ros.task.ament_cmake.build:Building ROS package in '/home/lukevizzini/arm_new/arm_code/src/description' with build type 'ament_cmake'
[0.996s] INFO:colcon.colcon_cmake.task.cmake.build:Building CMake package in '/home/lukevizzini/arm_new/arm_code/src/description'
[0.996s] INFO:colcon.colcon_core.shell:Skip shell extension 'powershell' for command environment: Not usable outside of PowerShell
[0.997s] DEBUG:colcon.colcon_core.shell:Skip shell extension 'dsv' for command environment
[1.069s] DEBUG:colcon.colcon_core.event_handler.log_command:Invoking command in '/home/lukevizzini/arm_new/arm_code/build/arm_description': CMAKE_PREFIX_PATH=/home/lukevizzini/arm_new/arm_code/install/arm_config:/home/lukevizzini/arm_new_v2/arm_code/install/arm_launch:/home/lukevizzini/arm_new_v2/arm_code/install/arm_bringup:/home/lukevizzini/arm_new_v2/arm_code/install/arm_description:/home/lukevizzini/arm_new_v2/arm_code/install/arm_config:/home/lukevizzini/arm_new/arm_code/install/arm_launch:/home/lukevizzini/arm_new/arm_code/install/arm_bringup:/home/lukevizzini/arm_new/arm_code/install/arm_description:/home/lukevizzini/arm_new_v2/arm_code/install/arm_teleop:/home/lukevizzini/arm_new_v2/arm_code/install/arm_pwm_bridge:/home/lukevizzini/arm_new/arm_code/install/arm_teleop:/home/lukevizzini/arm_new/arm_code/install/arm_pwm_bridge:/opt/ros/humble /usr/bin/cmake --build /home/lukevizzini/arm_new/arm_code/build/arm_description -- -j8 -l8
[1.103s] DEBUG:colcon.colcon_core.event_handler.log_command:Invoked command in '/home/lukevizzini/arm_new/arm_code/build/arm_description' returned '0': CMAKE_PREFIX_PATH=/home/lukevizzini/arm_new/arm_code/install/arm_config:/home/lukevizzini/arm_new_v2/arm_code/install/arm_launch:/home/lukevizzini/arm_new_v2/arm_code/install/arm_bringup:/home/lukevizzini/arm_new_v2/arm_code/install/arm_description:/home/lukevizzini/arm_new_v2/arm_code/install/arm_config:/home/lukevizzini/arm_new/arm_code/install/arm_launch:/home/lukevizzini/arm_new/arm_code/install/arm_bringup:/home/lukevizzini/arm_new/arm_code/install/arm_description:/home/lukevizzini/arm_new_v2/arm_code/install/arm_teleop:/home/lukevizzini/arm_new_v2/arm_code/install/arm_pwm_bridge:/home/lukevizzini/arm_new/arm_code/install/arm_teleop:/home/lukevizzini/arm_new/arm_code/install/arm_pwm_bridge:/opt/ros/humble /usr/bin/cmake --build /home/lukevizzini/arm_new/arm_code/build/arm_description -- -j8 -l8
[1.105s] DEBUG:colcon.colcon_core.event_handler.log_command:Invoking command in '/home/lukevizzini/arm_new/arm_code/build/arm_description': CMAKE_PREFIX_PATH=/home/lukevizzini/arm_new/arm_code/install/arm_config:/home/lukevizzini/arm_new_v2/arm_code/install/arm_launch:/home/lukevizzini/arm_new_v2/arm_code/install/arm_bringup:/home/lukevizzini/arm_new_v2/arm_code/install/arm_description:/home/lukevizzini/arm_new_v2/arm_code/install/arm_config:/home/lukevizzini/arm_new/arm_code/install/arm_launch:/home/lukevizzini/arm_new/arm_code/install/arm_bringup:/home/lukevizzini/arm_new/arm_code/install/arm_description:/home/lukevizzini/arm_new_v2/arm_code/install/arm_teleop:/home/lukevizzini/arm_new_v2/arm_code/install/arm_pwm_bridge:/home/lukevizzini/arm_new/arm_code/install/arm_teleop:/home/lukevizzini/arm_new/arm_code/install/arm_pwm_bridge:/opt/ros/humble /usr/bin/cmake --install /home/lukevizzini/arm_new/arm_code/build/arm_description
[1.129s] Level 1:colcon.colcon_core.environment:create_environment_scripts_only(arm_description)
[1.130s] DEBUG:colcon.colcon_core.event_handler.log_command:Invoked command in '/home/lukevizzini/arm_new/arm_code/build/arm_description' returned '0': CMAKE_PREFIX_PATH=/home/lukevizzini/arm_new/arm_code/install/arm_config:/home/lukevizzini/arm_new_v2/arm_code/install/arm_launch:/home/lukevizzini/arm_new_v2/arm_code/install/arm_bringup:/home/lukevizzini/arm_new_v2/arm_code/install/arm_description:/home/lukevizzini/arm_new_v2/arm_code/install/arm_config:/home/lukevizzini/arm_new/arm_code/install/arm_launch:/home/lukevizzini/arm_new/arm_code/install/arm_bringup:/home/lukevizzini/arm_new/arm_code/install/arm_description:/home/lukevizzini/arm_new_v2/arm_code/install/arm_teleop:/home/lukevizzini/arm_new_v2/arm_code/install/arm_pwm_bridge:/home/lukevizzini/arm_new/arm_code/install/arm_teleop:/home/lukevizzini/arm_new/arm_code/install/arm_pwm_bridge:/opt/ros/humble /usr/bin/cmake --install /home/lukevizzini/arm_new/arm_code/build/arm_description
[1.130s] Level 1:colcon.colcon_core.environment:checking '/home/lukevizzini/arm_new/arm_code/install/arm_description' for CMake module files
[1.131s] Level 1:colcon.colcon_core.environment:checking '/home/lukevizzini/arm_new/arm_code/install/arm_description' for CMake config files
[1.131s] Level 1:colcon.colcon_core.shell:create_environment_hook('arm_description', 'cmake_prefix_path')
[1.132s] INFO:colcon.colcon_core.shell:Creating environment hook '/home/lukevizzini/arm_new/arm_code/install/arm_description/share/arm_description/hook/cmake_prefix_path.ps1'
[1.132s] INFO:colcon.colcon_core.shell:Creating environment descriptor '/home/lukevizzini/arm_new/arm_code/install/arm_description/share/arm_description/hook/cmake_prefix_path.dsv'
[1.133s] INFO:colcon.colcon_core.shell:Creating environment hook '/home/lukevizzini/arm_new/arm_code/install/arm_description/share/arm_description/hook/cmake_prefix_path.sh'
[1.134s] Level 1:colcon.colcon_core.environment:checking '/home/lukevizzini/arm_new/arm_code/install/arm_description/bin'
[1.134s] Level 1:colcon.colcon_core.environment:checking '/home/lukevizzini/arm_new/arm_code/install/arm_description/lib/pkgconfig/arm_description.pc'
[1.134s] Level 1:colcon.colcon_core.environment:checking '/home/lukevizzini/arm_new/arm_code/install/arm_description/lib/python3.10/site-packages'
[1.134s] Level 1:colcon.colcon_core.environment:checking '/home/lukevizzini/arm_new/arm_code/install/arm_description/bin'
[1.135s] INFO:colcon.colcon_core.shell:Creating package script '/home/lukevizzini/arm_new/arm_code/install/arm_description/share/arm_description/package.ps1'
[1.135s] INFO:colcon.colcon_core.shell:Creating package descriptor '/home/lukevizzini/arm_new/arm_code/install/arm_description/share/arm_description/package.dsv'
[1.136s] INFO:colcon.colcon_core.shell:Creating package script '/home/lukevizzini/arm_new/arm_code/install/arm_description/share/arm_description/package.sh'
[1.136s] INFO:colcon.colcon_core.shell:Creating package script '/home/lukevizzini/arm_new/arm_code/install/arm_description/share/arm_description/package.bash'
[1.137s] INFO:colcon.colcon_core.shell:Creating package script '/home/lukevizzini/arm_new/arm_code/install/arm_description/share/arm_description/package.zsh'
[1.137s] Level 1:colcon.colcon_core.environment:create_file_with_runtime_dependencies(/home/lukevizzini/arm_new/arm_code/install/arm_description/share/colcon-core/packages/arm_description)
[1.138s] Level 1:colcon.colcon_core.environment:create_environment_scripts_only(arm_description)
[1.138s] Level 1:colcon.colcon_core.environment:checking '/home/lukevizzini/arm_new/arm_code/install/arm_description' for CMake module files
[1.139s] Level 1:colcon.colcon_core.environment:checking '/home/lukevizzini/arm_new/arm_code/install/arm_description' for CMake config files
[1.139s] Level 1:colcon.colcon_core.shell:create_environment_hook('arm_description', 'cmake_prefix_path')
[1.140s] INFO:colcon.colcon_core.shell:Creating environment hook '/home/lukevizzini/arm_new/arm_code/install/arm_description/share/arm_description/hook/cmake_prefix_path.ps1'
[1.140s] INFO:colcon.colcon_core.shell:Creating environment descriptor '/home/lukevizzini/arm_new/arm_code/install/arm_description/share/arm_description/hook/cmake_prefix_path.dsv'
[1.141s] INFO:colcon.colcon_core.shell:Creating environment hook '/home/lukevizzini/arm_new/arm_code/install/arm_description/share/arm_description/hook/cmake_prefix_path.sh'
[1.141s] Level 1:colcon.colcon_core.environment:checking '/home/lukevizzini/arm_new/arm_code/install/arm_description/bin'
[1.141s] Level 1:colcon.colcon_core.environment:checking '/home/lukevizzini/arm_new/arm_code/install/arm_description/lib/pkgconfig/arm_description.pc'
[1.142s] Level 1:colcon.colcon_core.environment:checking '/home/lukevizzini/arm_new/arm_code/install/arm_description/lib/python3.10/site-packages'
[1.142s] Level 1:colcon.colcon_core.environment:checking '/home/lukevizzini/arm_new/arm_code/install/arm_description/bin'
[1.142s] INFO:colcon.colcon_core.shell:Creating package script '/home/lukevizzini/arm_new/arm_code/install/arm_description/share/arm_description/package.ps1'
[1.143s] INFO:colcon.colcon_core.shell:Creating package descriptor '/home/lukevizzini/arm_new/arm_code/install/arm_description/share/arm_description/package.dsv'
[1.144s] INFO:colcon.colcon_core.shell:Creating package script '/home/lukevizzini/arm_new/arm_code/install/arm_description/share/arm_description/package.sh'
[1.144s] INFO:colcon.colcon_core.shell:Creating package script '/home/lukevizzini/arm_new/arm_code/install/arm_description/share/arm_description/package.bash'
[1.145s] INFO:colcon.colcon_core.shell:Creating package script '/home/lukevizzini/arm_new/arm_code/install/arm_description/share/arm_description/package.zsh'
[1.145s] Level 1:colcon.colcon_core.environment:create_file_with_runtime_dependencies(/home/lukevizzini/arm_new/arm_code/install/arm_description/share/colcon-core/packages/arm_description)
[1.146s] INFO:colcon.colcon_ros.task.ament_cmake.build:Building ROS package in '/home/lukevizzini/arm_new/arm_code/src/bringup' with build type 'ament_cmake'
[1.146s] INFO:colcon.colcon_cmake.task.cmake.build:Building CMake package in '/home/lukevizzini/arm_new/arm_code/src/bringup'
[1.146s] INFO:colcon.colcon_core.shell:Skip shell extension 'powershell' for command environment: Not usable outside of PowerShell
[1.146s] DEBUG:colcon.colcon_core.shell:Skip shell extension 'dsv' for command environment
[1.278s] DEBUG:colcon.colcon_core.event_handler.log_command:Invoking command in '/home/lukevizzini/arm_new/arm_code/build/arm_bringup': CMAKE_PREFIX_PATH=/home/lukevizzini/arm_new/arm_code/install/arm_description:/home/lukevizzini/arm_new/arm_code/install/arm_config:/home/lukevizzini/arm_new_v2/arm_code/install/arm_launch:/home/lukevizzini/arm_new_v2/arm_code/install/arm_bringup:/home/lukevizzini/arm_new_v2/arm_code/install/arm_description:/home/lukevizzini/arm_new_v2/arm_code/install/arm_config:/home/lukevizzini/arm_new/arm_code/install/arm_launch:/home/lukevizzini/arm_new/arm_code/install/arm_bringup:/home/lukevizzini/arm_new_v2/arm_code/install/arm_teleop:/home/lukevizzini/arm_new_v2/arm_code/install/arm_pwm_bridge:/home/lukevizzini/arm_new/arm_code/install/arm_teleop:/home/lukevizzini/arm_new/arm_code/install/arm_pwm_bridge:/opt/ros/humble /usr/bin/cmake --build /home/lukevizzini/arm_new/arm_code/build/arm_bringup -- -j8 -l8
[1.312s] DEBUG:colcon.colcon_core.event_handler.log_command:Invoked command in '/home/lukevizzini/arm_new/arm_code/build/arm_bringup' returned '0': CMAKE_PREFIX_PATH=/home/lukevizzini/arm_new/arm_code/install/arm_description:/home/lukevizzini/arm_new/arm_code/install/arm_config:/home/lukevizzini/arm_new_v2/arm_code/install/arm_launch:/home/lukevizzini/arm_new_v2/arm_code/install/arm_bringup:/home/lukevizzini/arm_new_v2/arm_code/install/arm_description:/home/lukevizzini/arm_new_v2/arm_code/install/arm_config:/home/lukevizzini/arm_new/arm_code/install/arm_launch:/home/lukevizzini/arm_new/arm_code/install/arm_bringup:/home/lukevizzini/arm_new_v2/arm_code/install/arm_teleop:/home/lukevizzini/arm_new_v2/arm_code/install/arm_pwm_bridge:/home/lukevizzini/arm_new/arm_code/install/arm_teleop:/home/lukevizzini/arm_new/arm_code/install/arm_pwm_bridge:/opt/ros/humble /usr/bin/cmake --build /home/lukevizzini/arm_new/arm_code/build/arm_bringup -- -j8 -l8
[1.314s] DEBUG:colcon.colcon_core.event_handler.log_command:Invoking command in '/home/lukevizzini/arm_new/arm_code/build/arm_bringup': CMAKE_PREFIX_PATH=/home/lukevizzini/arm_new/arm_code/install/arm_description:/home/lukevizzini/arm_new/arm_code/install/arm_config:/home/lukevizzini/arm_new_v2/arm_code/install/arm_launch:/home/lukevizzini/arm_new_v2/arm_code/install/arm_bringup:/home/lukevizzini/arm_new_v2/arm_code/install/arm_description:/home/lukevizzini/arm_new_v2/arm_code/install/arm_config:/home/lukevizzini/arm_new/arm_code/install/arm_launch:/home/lukevizzini/arm_new/arm_code/install/arm_bringup:/home/lukevizzini/arm_new_v2/arm_code/install/arm_teleop:/home/lukevizzini/arm_new_v2/arm_code/install/arm_pwm_bridge:/home/lukevizzini/arm_new/arm_code/install/arm_teleop:/home/lukevizzini/arm_new/arm_code/install/arm_pwm_bridge:/opt/ros/humble /usr/bin/cmake --install /home/lukevizzini/arm_new/arm_code/build/arm_bringup
[1.335s] Level 1:colcon.colcon_core.environment:create_environment_scripts_only(arm_bringup)
[1.335s] Level 1:colcon.colcon_core.environment:checking '/home/lukevizzini/arm_new/arm_code/install/arm_bringup' for CMake module files
[1.335s] DEBUG:colcon.colcon_core.event_handler.log_command:Invoked command in '/home/lukevizzini/arm_new/arm_code/build/arm_bringup' returned '0': CMAKE_PREFIX_PATH=/home/lukevizzini/arm_new/arm_code/install/arm_description:/home/lukevizzini/arm_new/arm_code/install/arm_config:/home/lukevizzini/arm_new_v2/arm_code/install/arm_launch:/home/lukevizzini/arm_new_v2/arm_code/install/arm_bringup:/home/lukevizzini/arm_new_v2/arm_code/install/arm_description:/home/lukevizzini/arm_new_v2/arm_code/install/arm_config:/home/lukevizzini/arm_new/arm_code/install/arm_launch:/home/lukevizzini/arm_new/arm_code/install/arm_bringup:/home/lukevizzini/arm_new_v2/arm_code/install/arm_teleop:/home/lukevizzini/arm_new_v2/arm_code/install/arm_pwm_bridge:/home/lukevizzini/arm_new/arm_code/install/arm_teleop:/home/lukevizzini/arm_new/arm_code/install/arm_pwm_bridge:/opt/ros/humble /usr/bin/cmake --install /home/lukevizzini/arm_new/arm_code/build/arm_bringup
[1.336s] Level 1:colcon.colcon_core.environment:checking '/home/lukevizzini/arm_new/arm_code/install/arm_bringup' for CMake config files
[1.336s] Level 1:colcon.colcon_core.shell:create_environment_hook('arm_bringup', 'cmake_prefix_path')
[1.337s] INFO:colcon.colcon_core.shell:Creating environment hook '/home/lukevizzini/arm_new/arm_code/install/arm_bringup/share/arm_bringup/hook/cmake_prefix_path.ps1'
[1.337s] INFO:colcon.colcon_core.shell:Creating environment descriptor '/home/lukevizzini/arm_new/arm_code/install/arm_bringup/share/arm_bringup/hook/cmake_prefix_path.dsv'
[1.337s] INFO:colcon.colcon_core.shell:Creating environment hook '/home/lukevizzini/arm_new/arm_code/install/arm_bringup/share/arm_bringup/hook/cmake_prefix_path.sh'
[1.338s] Level 1:colcon.colcon_core.environment:checking '/home/lukevizzini/arm_new/arm_code/install/arm_bringup/bin'
[1.338s] Level 1:colcon.colcon_core.environment:checking '/home/lukevizzini/arm_new/arm_code/install/arm_bringup/lib/pkgconfig/arm_bringup.pc'
[1.338s] Level 1:colcon.colcon_core.environment:checking '/home/lukevizzini/arm_new/arm_code/install/arm_bringup/lib/python3.10/site-packages'
[1.339s] Level 1:colcon.colcon_core.environment:checking '/home/lukevizzini/arm_new/arm_code/install/arm_bringup/bin'
[1.339s] INFO:colcon.colcon_core.shell:Creating package script '/home/lukevizzini/arm_new/arm_code/install/arm_bringup/share/arm_bringup/package.ps1'
[1.339s] INFO:colcon.colcon_core.shell:Creating package descriptor '/home/lukevizzini/arm_new/arm_code/install/arm_bringup/share/arm_bringup/package.dsv'
[1.340s] INFO:colcon.colcon_core.shell:Creating package script '/home/lukevizzini/arm_new/arm_code/install/arm_bringup/share/arm_bringup/package.sh'
[1.340s] INFO:colcon.colcon_core.shell:Creating package script '/home/lukevizzini/arm_new/arm_code/install/arm_bringup/share/arm_bringup/package.bash'
[1.340s] INFO:colcon.colcon_core.shell:Creating package script '/home/lukevizzini/arm_new/arm_code/install/arm_bringup/share/arm_bringup/package.zsh'
[1.340s] Level 1:colcon.colcon_core.environment:create_file_with_runtime_dependencies(/home/lukevizzini/arm_new/arm_code/install/arm_bringup/share/colcon-core/packages/arm_bringup)
[1.341s] Level 1:colcon.colcon_core.environment:create_environment_scripts_only(arm_bringup)
[1.341s] Level 1:colcon.colcon_core.environment:checking '/home/lukevizzini/arm_new/arm_code/install/arm_bringup' for CMake module files
[1.341s] Level 1:colcon.colcon_core.environment:checking '/home/lukevizzini/arm_new/arm_code/install/arm_bringup' for CMake config files
[1.342s] Level 1:colcon.colcon_core.shell:create_environment_hook('arm_bringup', 'cmake_prefix_path')
[1.342s] INFO:colcon.colcon_core.shell:Creating environment hook '/home/lukevizzini/arm_new/arm_code/install/arm_bringup/share/arm_bringup/hook/cmake_prefix_path.ps1'
[1.342s] INFO:colcon.colcon_core.shell:Creating environment descriptor '/home/lukevizzini/arm_new/arm_code/install/arm_bringup/share/arm_bringup/hook/cmake_prefix_path.dsv'
[1.343s] INFO:colcon.colcon_core.shell:Creating environment hook '/home/lukevizzini/arm_new/arm_code/install/arm_bringup/share/arm_bringup/hook/cmake_prefix_path.sh'
[1.343s] Level 1:colcon.colcon_core.environment:checking '/home/lukevizzini/arm_new/arm_code/install/arm_bringup/bin'
[1.343s] Level 1:colcon.colcon_core.environment:checking '/home/lukevizzini/arm_new/arm_code/install/arm_bringup/lib/pkgconfig/arm_bringup.pc'
[1.343s] Level 1:colcon.colcon_core.environment:checking '/home/lukevizzini/arm_new/arm_code/install/arm_bringup/lib/python3.10/site-packages'
[1.343s] Level 1:colcon.colcon_core.environment:checking '/home/lukevizzini/arm_new/arm_code/install/arm_bringup/bin'
[1.344s] INFO:colcon.colcon_core.shell:Creating package script '/home/lukevizzini/arm_new/arm_code/install/arm_bringup/share/arm_bringup/package.ps1'
[1.344s] INFO:colcon.colcon_core.shell:Creating package descriptor '/home/lukevizzini/arm_new/arm_code/install/arm_bringup/share/arm_bringup/package.dsv'
[1.344s] INFO:colcon.colcon_core.shell:Creating package script '/home/lukevizzini/arm_new/arm_code/install/arm_bringup/share/arm_bringup/package.sh'
[1.345s] INFO:colcon.colcon_core.shell:Creating package script '/home/lukevizzini/arm_new/arm_code/install/arm_bringup/share/arm_bringup/package.bash'
[1.345s] INFO:colcon.colcon_core.shell:Creating package script '/home/lukevizzini/arm_new/arm_code/install/arm_bringup/share/arm_bringup/package.zsh'
[1.345s] Level 1:colcon.colcon_core.environment:create_file_with_runtime_dependencies(/home/lukevizzini/arm_new/arm_code/install/arm_bringup/share/colcon-core/packages/arm_bringup)
[1.568s] DEBUG:colcon.colcon_core.event_handler.log_command:Invoking command in '/home/lukevizzini/arm_new/arm_code/build/arm_teleop': PYTHONPATH=/home/lukevizzini/arm_new/arm_code/build/arm_teleop/prefix_override:/usr/lib/python3/dist-packages/colcon_core/task/python/colcon_distutils_commands:/home/lukevizzini/arm_new/arm_code/install/arm_teleop/lib/python3.10/site-packages:${PYTHONPATH} /usr/bin/python3 -W ignore:setup.py install is deprecated -W ignore:easy_install command is deprecated setup.py develop --editable --build-directory /home/lukevizzini/arm_new/arm_code/build/arm_teleop/build --no-deps symlink_data
[1.571s] DEBUG:colcon.colcon_core.event_handler.log_command:Invoking command in '/home/lukevizzini/arm_new/arm_code/build/arm_pwm_bridge': PYTHONPATH=/home/lukevizzini/arm_new/arm_code/build/arm_pwm_bridge/prefix_override:/usr/lib/python3/dist-packages/colcon_core/task/python/colcon_distutils_commands:/home/lukevizzini/arm_new/arm_code/install/arm_pwm_bridge/lib/python3.10/site-packages:${PYTHONPATH} /usr/bin/python3 -W ignore:setup.py install is deprecated -W ignore:easy_install command is deprecated setup.py develop --editable --build-directory /home/lukevizzini/arm_new/arm_code/build/arm_pwm_bridge/build --no-deps symlink_data
[2.028s] Level 1:colcon.colcon_core.shell:create_environment_hook('arm_pwm_bridge', 'pythonpath_develop')
[2.028s] INFO:colcon.colcon_core.shell:Creating environment hook '/home/lukevizzini/arm_new/arm_code/build/arm_pwm_bridge/share/arm_pwm_bridge/hook/pythonpath_develop.ps1'
[2.029s] DEBUG:colcon.colcon_core.event_handler.log_command:Invoked command in '/home/lukevizzini/arm_new/arm_code/build/arm_pwm_bridge' returned '0': PYTHONPATH=/home/lukevizzini/arm_new/arm_code/build/arm_pwm_bridge/prefix_override:/usr/lib/python3/dist-packages/colcon_core/task/python/colcon_distutils_commands:/home/lukevizzini/arm_new/arm_code/install/arm_pwm_bridge/lib/python3.10/site-packages:${PYTHONPATH} /usr/bin/python3 -W ignore:setup.py install is deprecated -W ignore:easy_install command is deprecated setup.py develop --editable --build-directory /home/lukevizzini/arm_new/arm_code/build/arm_pwm_bridge/build --no-deps symlink_data
[2.029s] INFO:colcon.colcon_core.shell:Creating environment descriptor '/home/lukevizzini/arm_new/arm_code/build/arm_pwm_bridge/share/arm_pwm_bridge/hook/pythonpath_develop.dsv'
[2.030s] INFO:colcon.colcon_core.shell:Creating environment hook '/home/lukevizzini/arm_new/arm_code/build/arm_pwm_bridge/share/arm_pwm_bridge/hook/pythonpath_develop.sh'
[2.030s] Level 1:colcon.colcon_core.environment:checking '/home/lukevizzini/arm_new/arm_code/install/arm_pwm_bridge' for CMake module files
[2.031s] Level 1:colcon.colcon_core.environment:checking '/home/lukevizzini/arm_new/arm_code/install/arm_pwm_bridge' for CMake config files
[2.031s] Level 1:colcon.colcon_core.environment:checking '/home/lukevizzini/arm_new/arm_code/install/arm_pwm_bridge/lib'
[2.032s] Level 1:colcon.colcon_core.environment:checking '/home/lukevizzini/arm_new/arm_code/install/arm_pwm_bridge/bin'
[2.032s] Level 1:colcon.colcon_core.environment:checking '/home/lukevizzini/arm_new/arm_code/install/arm_pwm_bridge/lib/pkgconfig/arm_pwm_bridge.pc'
[2.032s] Level 1:colcon.colcon_core.environment:checking '/home/lukevizzini/arm_new/arm_code/install/arm_pwm_bridge/lib/python3.10/site-packages'
[2.032s] Level 1:colcon.colcon_core.shell:create_environment_hook('arm_pwm_bridge', 'pythonpath')
[2.032s] INFO:colcon.colcon_core.shell:Creating environment hook '/home/lukevizzini/arm_new/arm_code/install/arm_pwm_bridge/share/arm_pwm_bridge/hook/pythonpath.ps1'
[2.033s] INFO:colcon.colcon_core.shell:Creating environment descriptor '/home/lukevizzini/arm_new/arm_code/install/arm_pwm_bridge/share/arm_pwm_bridge/hook/pythonpath.dsv'
[2.033s] INFO:colcon.colcon_core.shell:Creating environment hook '/home/lukevizzini/arm_new/arm_code/install/arm_pwm_bridge/share/arm_pwm_bridge/hook/pythonpath.sh'
[2.034s] Level 1:colcon.colcon_core.environment:checking '/home/lukevizzini/arm_new/arm_code/install/arm_pwm_bridge/bin'
[2.034s] Level 1:colcon.colcon_core.environment:create_environment_scripts_only(arm_pwm_bridge)
[2.035s] INFO:colcon.colcon_core.shell:Creating package script '/home/lukevizzini/arm_new/arm_code/install/arm_pwm_bridge/share/arm_pwm_bridge/package.ps1'
[2.035s] INFO:colcon.colcon_core.shell:Creating package descriptor '/home/lukevizzini/arm_new/arm_code/install/arm_pwm_bridge/share/arm_pwm_bridge/package.dsv'
[2.036s] INFO:colcon.colcon_core.shell:Creating package script '/home/lukevizzini/arm_new/arm_code/install/arm_pwm_bridge/share/arm_pwm_bridge/package.sh'
[2.036s] INFO:colcon.colcon_core.shell:Creating package script '/home/lukevizzini/arm_new/arm_code/install/arm_pwm_bridge/share/arm_pwm_bridge/package.bash'
[2.036s] INFO:colcon.colcon_core.shell:Creating package script '/home/lukevizzini/arm_new/arm_code/install/arm_pwm_bridge/share/arm_pwm_bridge/package.zsh'
[2.037s] Level 1:colcon.colcon_core.environment:create_file_with_runtime_dependencies(/home/lukevizzini/arm_new/arm_code/install/arm_pwm_bridge/share/colcon-core/packages/arm_pwm_bridge)
[2.037s] Level 1:colcon.colcon_core.shell:create_environment_hook('arm_teleop', 'pythonpath_develop')
[2.038s] INFO:colcon.colcon_core.shell:Creating environment hook '/home/lukevizzini/arm_new/arm_code/build/arm_teleop/share/arm_teleop/hook/pythonpath_develop.ps1'
[2.038s] DEBUG:colcon.colcon_core.event_handler.log_command:Invoked command in '/home/lukevizzini/arm_new/arm_code/build/arm_teleop' returned '0': PYTHONPATH=/home/lukevizzini/arm_new/arm_code/build/arm_teleop/prefix_override:/usr/lib/python3/dist-packages/colcon_core/task/python/colcon_distutils_commands:/home/lukevizzini/arm_new/arm_code/install/arm_teleop/lib/python3.10/site-packages:${PYTHONPATH} /usr/bin/python3 -W ignore:setup.py install is deprecated -W ignore:easy_install command is deprecated setup.py develop --editable --build-directory /home/lukevizzini/arm_new/arm_code/build/arm_teleop/build --no-deps symlink_data
[2.039s] INFO:colcon.colcon_core.shell:Creating environment descriptor '/home/lukevizzini/arm_new/arm_code/build/arm_teleop/share/arm_teleop/hook/pythonpath_develop.dsv'
[2.039s] INFO:colcon.colcon_core.shell:Creating environment hook '/home/lukevizzini/arm_new/arm_code/build/arm_teleop/share/arm_teleop/hook/pythonpath_develop.sh'
[2.040s] Level 1:colcon.colcon_core.environment:checking '/home/lukevizzini/arm_new/arm_code/install/arm_teleop' for CMake module files
[2.040s] Level 1:colcon.colcon_core.environment:checking '/home/lukevizzini/arm_new/arm_code/install/arm_teleop' for CMake config files
[2.041s] Level 1:colcon.colcon_core.environment:checking '/home/lukevizzini/arm_new/arm_code/install/arm_teleop/lib'
[2.041s] Level 1:colcon.colcon_core.environment:checking '/home/lukevizzini/arm_new/arm_code/install/arm_teleop/bin'
[2.041s] Level 1:colcon.colcon_core.environment:checking '/home/lukevizzini/arm_new/arm_code/install/arm_teleop/lib/pkgconfig/arm_teleop.pc'
[2.041s] Level 1:colcon.colcon_core.environment:checking '/home/lukevizzini/arm_new/arm_code/install/arm_teleop/lib/python3.10/site-packages'
[2.041s] Level 1:colcon.colcon_core.shell:create_environment_hook('arm_teleop', 'pythonpath')
[2.041s] INFO:colcon.colcon_core.shell:Creating environment hook '/home/lukevizzini/arm_new/arm_code/install/arm_teleop/share/arm_teleop/hook/pythonpath.ps1'
[2.042s] INFO:colcon.colcon_core.shell:Creating environment descriptor '/home/lukevizzini/arm_new/arm_code/install/arm_teleop/share/arm_teleop/hook/pythonpath.dsv'
[2.042s] INFO:colcon.colcon_core.shell:Creating environment hook '/home/lukevizzini/arm_new/arm_code/install/arm_teleop/share/arm_teleop/hook/pythonpath.sh'
[2.043s] Level 1:colcon.colcon_core.environment:checking '/home/lukevizzini/arm_new/arm_code/install/arm_teleop/bin'
[2.043s] Level 1:colcon.colcon_core.environment:create_environment_scripts_only(arm_teleop)
[2.043s] INFO:colcon.colcon_core.shell:Creating package script '/home/lukevizzini/arm_new/arm_code/install/arm_teleop/share/arm_teleop/package.ps1'
[2.043s] INFO:colcon.colcon_core.shell:Creating package descriptor '/home/lukevizzini/arm_new/arm_code/install/arm_teleop/share/arm_teleop/package.dsv'
[2.044s] INFO:colcon.colcon_core.shell:Creating package script '/home/lukevizzini/arm_new/arm_code/install/arm_teleop/share/arm_teleop/package.sh'
[2.044s] INFO:colcon.colcon_core.shell:Creating package script '/home/lukevizzini/arm_new/arm_code/install/arm_teleop/share/arm_teleop/package.bash'
[2.044s] INFO:colcon.colcon_core.shell:Creating package script '/home/lukevizzini/arm_new/arm_code/install/arm_teleop/share/arm_teleop/package.zsh'
[2.045s] Level 1:colcon.colcon_core.environment:create_file_with_runtime_dependencies(/home/lukevizzini/arm_new/arm_code/install/arm_teleop/share/colcon-core/packages/arm_teleop)
[2.045s] INFO:colcon.colcon_ros.task.ament_cmake.build:Building ROS package in '/home/lukevizzini/arm_new/arm_code/src/launch' with build type 'ament_cmake'
[2.046s] INFO:colcon.colcon_cmake.task.cmake.build:Building CMake package in '/home/lukevizzini/arm_new/arm_code/src/launch'
[2.046s] INFO:colcon.colcon_core.shell:Skip shell extension 'powershell' for command environment: Not usable outside of PowerShell
[2.046s] DEBUG:colcon.colcon_core.shell:Skip shell extension 'dsv' for command environment
[2.499s] DEBUG:colcon.colcon_core.event_handler.log_command:Invoking command in '/home/lukevizzini/arm_new/arm_code/build/arm_launch': AMENT_PREFIX_PATH=/home/lukevizzini/arm_new/arm_code/install/arm_teleop:/home/lukevizzini/arm_new/arm_code/install/arm_pwm_bridge:/home/lukevizzini/arm_new_v2/arm_code/install/arm_launch:/home/lukevizzini/arm_new_v2/arm_code/install/arm_teleop:/home/lukevizzini/arm_new_v2/arm_code/install/arm_pwm_bridge:/home/lukevizzini/arm_new_v2/arm_code/install/arm_bringup:/home/lukevizzini/arm_new_v2/arm_code/install/arm_description:/home/lukevizzini/arm_new_v2/arm_code/install/arm_config:/home/lukevizzini/arm_new/arm_code/install/arm_launch:/home/lukevizzini/arm_new/arm_code/install/arm_bringup:/home/lukevizzini/arm_new/arm_code/install/arm_description:/home/lukevizzini/arm_new/arm_code/install/arm_config:/opt/ros/humble CMAKE_PREFIX_PATH=/home/lukevizzini/arm_new/arm_code/install/arm_bringup:/home/lukevizzini/arm_new/arm_code/install/arm_description:/home/lukevizzini/arm_new/arm_code/install/arm_config:/home/lukevizzini/arm_new_v2/arm_code/install/arm_launch:/home/lukevizzini/arm_new_v2/arm_code/install/arm_bringup:/home/lukevizzini/arm_new_v2/arm_code/install/arm_description:/home/lukevizzini/arm_new_v2/arm_code/install/arm_config:/home/lukevizzini/arm_new/arm_code/install/arm_launch:/home/lukevizzini/arm_new_v2/arm_code/install/arm_teleop:/home/lukevizzini/arm_new_v2/arm_code/install/arm_pwm_bridge:/home/lukevizzini/arm_new/arm_code/install/arm_teleop:/home/lukevizzini/arm_new/arm_code/install/arm_pwm_bridge:/opt/ros/humble PYTHONPATH=/home/lukevizzini/arm_new/arm_code/build/arm_teleop:/home/lukevizzini/arm_new/arm_code/install/arm_teleop/lib/python3.10/site-packages:/home/lukevizzini/arm_new/arm_code/build/arm_pwm_bridge:/home/lukevizzini/arm_new/arm_code/install/arm_pwm_bridge/lib/python3.10/site-packages:/home/lukevizzini/arm_new_v2/arm_code/build/arm_teleop:/home/lukevizzini/arm_new_v2/arm_code/install/arm_teleop/lib/python3.10/site-packages:/home/lukevizzini/arm_new_v2/arm_code/build/arm_pwm_bridge:/home/lukevizzini/arm_new_v2/arm_code/install/arm_pwm_bridge/lib/python3.10/site-packages:/opt/ros/humble/lib/python3.10/site-packages:/opt/ros/humble/local/lib/python3.10/dist-packages /usr/bin/cmake --build /home/lukevizzini/arm_new/arm_code/build/arm_launch -- -j8 -l8
[2.532s] DEBUG:colcon.colcon_core.event_handler.log_command:Invoked command in '/home/lukevizzini/arm_new/arm_code/build/arm_launch' returned '0': AMENT_PREFIX_PATH=/home/lukevizzini/arm_new/arm_code/install/arm_teleop:/home/lukevizzini/arm_new/arm_code/install/arm_pwm_bridge:/home/lukevizzini/arm_new_v2/arm_code/install/arm_launch:/home/lukevizzini/arm_new_v2/arm_code/install/arm_teleop:/home/lukevizzini/arm_new_v2/arm_code/install/arm_pwm_bridge:/home/lukevizzini/arm_new_v2/arm_code/install/arm_bringup:/home/lukevizzini/arm_new_v2/arm_code/install/arm_description:/home/lukevizzini/arm_new_v2/arm_code/install/arm_config:/home/lukevizzini/arm_new/arm_code/install/arm_launch:/home/lukevizzini/arm_new/arm_code/install/arm_bringup:/home/lukevizzini/arm_new/arm_code/install/arm_description:/home/lukevizzini/arm_new/arm_code/install/arm_config:/opt/ros/humble CMAKE_PREFIX_PATH=/home/lukevizzini/arm_new/arm_code/install/arm_bringup:/home/lukevizzini/arm_new/arm_code/install/arm_description:/home/lukevizzini/arm_new/arm_code/install/arm_config:/home/lukevizzini/arm_new_v2/arm_code/install/arm_launch:/home/lukevizzini/arm_new_v2/arm_code/install/arm_bringup:/home/lukevizzini/arm_new_v2/arm_code/install/arm_description:/home/lukevizzini/arm_new_v2/arm_code/install/arm_config:/home/lukevizzini/arm_new/arm_code/install/arm_launch:/home/lukevizzini/arm_new_v2/arm_code/install/arm_teleop:/home/lukevizzini/arm_new_v2/arm_code/install/arm_pwm_bridge:/home/lukevizzini/arm_new/arm_code/install/arm_teleop:/home/lukevizzini/arm_new/arm_code/install/arm_pwm_bridge:/opt/ros/humble PYTHONPATH=/home/lukevizzini/arm_new/arm_code/build/arm_teleop:/home/lukevizzini/arm_new/arm_code/install/arm_teleop/lib/python3.10/site-packages:/home/lukevizzini/arm_new/arm_code/build/arm_pwm_bridge:/home/lukevizzini/arm_new/arm_code/install/arm_pwm_bridge/lib/python3.10/site-packages:/home/lukevizzini/arm_new_v2/arm_code/build/arm_teleop:/home/lukevizzini/arm_new_v2/arm_code/install/arm_teleop/lib/python3.10/site-packages:/home/lukevizzini/arm_new_v2/arm_code/build/arm_pwm_bridge:/home/lukevizzini/arm_new_v2/arm_code/install/arm_pwm_bridge/lib/python3.10/site-packages:/opt/ros/humble/lib/python3.10/site-packages:/opt/ros/humble/local/lib/python3.10/dist-packages /usr/bin/cmake --build /home/lukevizzini/arm_new/arm_code/build/arm_launch -- -j8 -l8
[2.533s] DEBUG:colcon.colcon_core.event_handler.log_command:Invoking command in '/home/lukevizzini/arm_new/arm_code/build/arm_launch': AMENT_PREFIX_PATH=/home/lukevizzini/arm_new/arm_code/install/arm_teleop:/home/lukevizzini/arm_new/arm_code/install/arm_pwm_bridge:/home/lukevizzini/arm_new_v2/arm_code/install/arm_launch:/home/lukevizzini/arm_new_v2/arm_code/install/arm_teleop:/home/lukevizzini/arm_new_v2/arm_code/install/arm_pwm_bridge:/home/lukevizzini/arm_new_v2/arm_code/install/arm_bringup:/home/lukevizzini/arm_new_v2/arm_code/install/arm_description:/home/lukevizzini/arm_new_v2/arm_code/install/arm_config:/home/lukevizzini/arm_new/arm_code/install/arm_launch:/home/lukevizzini/arm_new/arm_code/install/arm_bringup:/home/lukevizzini/arm_new/arm_code/install/arm_description:/home/lukevizzini/arm_new/arm_code/install/arm_config:/opt/ros/humble CMAKE_PREFIX_PATH=/home/lukevizzini/arm_new/arm_code/install/arm_bringup:/home/lukevizzini/arm_new/arm_code/install/arm_description:/home/lukevizzini/arm_new/arm_code/install/arm_config:/home/lukevizzini/arm_new_v2/arm_code/install/arm_launch:/home/lukevizzini/arm_new_v2/arm_code/install/arm_bringup:/home/lukevizzini/arm_new_v2/arm_code/install/arm_description:/home/lukevizzini/arm_new_v2/arm_code/install/arm_config:/home/lukevizzini/arm_new/arm_code/install/arm_launch:/home/lukevizzini/arm_new_v2/arm_code/install/arm_teleop:/home/lukevizzini/arm_new_v2/arm_code/install/arm_pwm_bridge:/home/lukevizzini/arm_new/arm_code/install/arm_teleop:/home/lukevizzini/arm_new/arm_code/install/arm_pwm_bridge:/opt/ros/humble PYTHONPATH=/home/lukevizzini/arm_new/arm_code/build/arm_teleop:/home/lukevizzini/arm_new/arm_code/install/arm_teleop/lib/python3.10/site-packages:/home/lukevizzini/arm_new/arm_code/build/arm_pwm_bridge:/home/lukevizzini/arm_new/arm_code/install/arm_pwm_bridge/lib/python3.10/site-packages:/home/lukevizzini/arm_new_v2/arm_code/build/arm_teleop:/home/lukevizzini/arm_new_v2/arm_code/install/arm_teleop/lib/python3.10/site-packages:/home/lukevizzini/arm_new_v2/arm_code/build/arm_pwm_bridge:/home/lukevizzini/arm_new_v2/arm_code/install/arm_pwm_bridge/lib/python3.10/site-packages:/opt/ros/humble/lib/python3.10/site-packages:/opt/ros/humble/local/lib/python3.10/dist-packages /usr/bin/cmake --install /home/lukevizzini/arm_new/arm_code/build/arm_launch
[2.554s] Level 1:colcon.colcon_core.environment:create_environment_scripts_only(arm_launch)
[2.554s] Level 1:colcon.colcon_core.environment:checking '/home/lukevizzini/arm_new/arm_code/install/arm_launch' for CMake module files
[2.555s] DEBUG:colcon.colcon_core.event_handler.log_command:Invoked command in '/home/lukevizzini/arm_new/arm_code/build/arm_launch' returned '0': AMENT_PREFIX_PATH=/home/lukevizzini/arm_new/arm_code/install/arm_teleop:/home/lukevizzini/arm_new/arm_code/install/arm_pwm_bridge:/home/lukevizzini/arm_new_v2/arm_code/install/arm_launch:/home/lukevizzini/arm_new_v2/arm_code/install/arm_teleop:/home/lukevizzini/arm_new_v2/arm_code/install/arm_pwm_bridge:/home/lukevizzini/arm_new_v2/arm_code/install/arm_bringup:/home/lukevizzini/arm_new_v2/arm_code/install/arm_description:/home/lukevizzini/arm_new_v2/arm_code/install/arm_config:/home/lukevizzini/arm_new/arm_code/install/arm_launch:/home/lukevizzini/arm_new/arm_code/install/arm_bringup:/home/lukevizzini/arm_new/arm_code/install/arm_description:/home/lukevizzini/arm_new/arm_code/install/arm_config:/opt/ros/humble CMAKE_PREFIX_PATH=/home/lukevizzini/arm_new/arm_code/install/arm_bringup:/home/lukevizzini/arm_new/arm_code/install/arm_description:/home/lukevizzini/arm_new/arm_code/install/arm_config:/home/lukevizzini/arm_new_v2/arm_code/install/arm_launch:/home/lukevizzini/arm_new_v2/arm_code/install/arm_bringup:/home/lukevizzini/arm_new_v2/arm_code/install/arm_description:/home/lukevizzini/arm_new_v2/arm_code/install/arm_config:/home/lukevizzini/arm_new/arm_code/install/arm_launch:/home/lukevizzini/arm_new_v2/arm_code/install/arm_teleop:/home/lukevizzini/arm_new_v2/arm_code/install/arm_pwm_bridge:/home/lukevizzini/arm_new/arm_code/install/arm_teleop:/home/lukevizzini/arm_new/arm_code/install/arm_pwm_bridge:/opt/ros/humble PYTHONPATH=/home/lukevizzini/arm_new/arm_code/build/arm_teleop:/home/lukevizzini/arm_new/arm_code/install/arm_teleop/lib/python3.10/site-packages:/home/lukevizzini/arm_new/arm_code/build/arm_pwm_bridge:/home/lukevizzini/arm_new/arm_code/install/arm_pwm_bridge/lib/python3.10/site-packages:/home/lukevizzini/arm_new_v2/arm_code/build/arm_teleop:/home/lukevizzini/arm_new_v2/arm_code/install/arm_teleop/lib/python3.10/site-packages:/home/lukevizzini/arm_new_v2/arm_code/build/arm_pwm_bridge:/home/lukevizzini/arm_new_v2/arm_code/install/arm_pwm_bridge/lib/python3.10/site-packages:/opt/ros/humble/lib/python3.10/site-packages:/opt/ros/humble/local/lib/python3.10/dist-packages /usr/bin/cmake --install /home/lukevizzini/arm_new/arm_code/build/arm_launch
[2.555s] Level 1:colcon.colcon_core.environment:checking '/home/lukevizzini/arm_new/arm_code/install/arm_launch' for CMake config files
[2.555s] Level 1:colcon.colcon_core.shell:create_environment_hook('arm_launch', 'cmake_prefix_path')
[2.555s] INFO:colcon.colcon_core.shell:Creating environment hook '/home/lukevizzini/arm_new/arm_code/install/arm_launch/share/arm_launch/hook/cmake_prefix_path.ps1'
[2.556s] INFO:colcon.colcon_core.shell:Creating environment descriptor '/home/lukevizzini/arm_new/arm_code/install/arm_launch/share/arm_launch/hook/cmake_prefix_path.dsv'
[2.556s] INFO:colcon.colcon_core.shell:Creating environment hook '/home/lukevizzini/arm_new/arm_code/install/arm_launch/share/arm_launch/hook/cmake_prefix_path.sh'
[2.557s] Level 1:colcon.colcon_core.environment:checking '/home/lukevizzini/arm_new/arm_code/install/arm_launch/bin'
[2.557s] Level 1:colcon.colcon_core.environment:checking '/home/lukevizzini/arm_new/arm_code/install/arm_launch/lib/pkgconfig/arm_launch.pc'
[2.557s] Level 1:colcon.colcon_core.environment:checking '/home/lukevizzini/arm_new/arm_code/install/arm_launch/lib/python3.10/site-packages'
[2.557s] Level 1:colcon.colcon_core.environment:checking '/home/lukevizzini/arm_new/arm_code/install/arm_launch/bin'
[2.557s] INFO:colcon.colcon_core.shell:Creating package script '/home/lukevizzini/arm_new/arm_code/install/arm_launch/share/arm_launch/package.ps1'
[2.558s] INFO:colcon.colcon_core.shell:Creating package descriptor '/home/lukevizzini/arm_new/arm_code/install/arm_launch/share/arm_launch/package.dsv'
[2.558s] INFO:colcon.colcon_core.shell:Creating package script '/home/lukevizzini/arm_new/arm_code/install/arm_launch/share/arm_launch/package.sh'
[2.559s] INFO:colcon.colcon_core.shell:Creating package script '/home/lukevizzini/arm_new/arm_code/install/arm_launch/share/arm_launch/package.bash'
[2.559s] INFO:colcon.colcon_core.shell:Creating package script '/home/lukevizzini/arm_new/arm_code/install/arm_launch/share/arm_launch/package.zsh'
[2.559s] Level 1:colcon.colcon_core.environment:create_file_with_runtime_dependencies(/home/lukevizzini/arm_new/arm_code/install/arm_launch/share/colcon-core/packages/arm_launch)
[2.560s] Level 1:colcon.colcon_core.environment:create_environment_scripts_only(arm_launch)
[2.560s] Level 1:colcon.colcon_core.environment:checking '/home/lukevizzini/arm_new/arm_code/install/arm_launch' for CMake module files
[2.560s] Level 1:colcon.colcon_core.environment:checking '/home/lukevizzini/arm_new/arm_code/install/arm_launch' for CMake config files
[2.561s] Level 1:colcon.colcon_core.shell:create_environment_hook('arm_launch', 'cmake_prefix_path')
[2.561s] INFO:colcon.colcon_core.shell:Creating environment hook '/home/lukevizzini/arm_new/arm_code/install/arm_launch/share/arm_launch/hook/cmake_prefix_path.ps1'
[2.561s] INFO:colcon.colcon_core.shell:Creating environment descriptor '/home/lukevizzini/arm_new/arm_code/install/arm_launch/share/arm_launch/hook/cmake_prefix_path.dsv'
[2.562s] INFO:colcon.colcon_core.shell:Creating environment hook '/home/lukevizzini/arm_new/arm_code/install/arm_launch/share/arm_launch/hook/cmake_prefix_path.sh'
[2.562s] Level 1:colcon.colcon_core.environment:checking '/home/lukevizzini/arm_new/arm_code/install/arm_launch/bin'
[2.562s] Level 1:colcon.colcon_core.environment:checking '/home/lukevizzini/arm_new/arm_code/install/arm_launch/lib/pkgconfig/arm_launch.pc'
[2.562s] Level 1:colcon.colcon_core.environment:checking '/home/lukevizzini/arm_new/arm_code/install/arm_launch/lib/python3.10/site-packages'
[2.563s] Level 1:colcon.colcon_core.environment:checking '/home/lukevizzini/arm_new/arm_code/install/arm_launch/bin'
[2.563s] INFO:colcon.colcon_core.shell:Creating package script '/home/lukevizzini/arm_new/arm_code/install/arm_launch/share/arm_launch/package.ps1'
[2.563s] INFO:colcon.colcon_core.shell:Creating package descriptor '/home/lukevizzini/arm_new/arm_code/install/arm_launch/share/arm_launch/package.dsv'
[2.564s] INFO:colcon.colcon_core.shell:Creating package script '/home/lukevizzini/arm_new/arm_code/install/arm_launch/share/arm_launch/package.sh'
[2.564s] INFO:colcon.colcon_core.shell:Creating package script '/home/lukevizzini/arm_new/arm_code/install/arm_launch/share/arm_launch/package.bash'
[2.564s] INFO:colcon.colcon_core.shell:Creating package script '/home/lukevizzini/arm_new/arm_code/install/arm_launch/share/arm_launch/package.zsh'
[2.565s] Level 1:colcon.colcon_core.environment:create_file_with_runtime_dependencies(/home/lukevizzini/arm_new/arm_code/install/arm_launch/share/colcon-core/packages/arm_launch)
[2.565s] DEBUG:colcon.colcon_parallel_executor.executor.parallel:closing loop
[2.566s] DEBUG:colcon.colcon_parallel_executor.executor.parallel:loop closed
[2.566s] DEBUG:colcon.colcon_parallel_executor.executor.parallel:run_until_complete finished with '0'
[2.567s] DEBUG:colcon.colcon_core.event_reactor:joining thread
[2.611s] INFO:colcon.colcon_core.plugin_system:Skipping extension 'colcon_notification.desktop_notification.notify_send': Could not find 'notify-send'
[2.612s] INFO:colcon.colcon_core.plugin_system:Skipping extension 'colcon_notification.desktop_notification.terminal_notifier': Not used on non-Darwin systems
[2.612s] INFO:colcon.colcon_core.plugin_system:Skipping extension 'colcon_notification.desktop_notification.win32': Not used on non-Windows systems
[2.612s] INFO:colcon.colcon_notification.desktop_notification:Sending desktop notification using 'notify2'
[2.613s] DEBUG:colcon.colcon_notification.desktop_notification.notify2:Failed to initialize notify2: org.freedesktop.DBus.Error.ServiceUnknown: The name org.freedesktop.Notifications was not provided by any .service files
[2.613s] DEBUG:colcon.colcon_core.event_reactor:joined thread
[2.613s] INFO:colcon.colcon_core.shell:Creating prefix script '/home/lukevizzini/arm_new/arm_code/install/local_setup.ps1'
[2.614s] INFO:colcon.colcon_core.shell:Creating prefix util module '/home/lukevizzini/arm_new/arm_code/install/_local_setup_util_ps1.py'
[2.615s] INFO:colcon.colcon_core.shell:Creating prefix chain script '/home/lukevizzini/arm_new/arm_code/install/setup.ps1'
[2.616s] INFO:colcon.colcon_core.shell:Creating prefix script '/home/lukevizzini/arm_new/arm_code/install/local_setup.sh'
[2.617s] INFO:colcon.colcon_core.shell:Creating prefix util module '/home/lukevizzini/arm_new/arm_code/install/_local_setup_util_sh.py'
[2.617s] INFO:colcon.colcon_core.shell:Creating prefix chain script '/home/lukevizzini/arm_new/arm_code/install/setup.sh'
[2.618s] INFO:colcon.colcon_core.shell:Creating prefix script '/home/lukevizzini/arm_new/arm_code/install/local_setup.bash'
[2.619s] INFO:colcon.colcon_core.shell:Creating prefix chain script '/home/lukevizzini/arm_new/arm_code/install/setup.bash'
[2.620s] INFO:colcon.colcon_core.shell:Creating prefix script '/home/lukevizzini/arm_new/arm_code/install/local_setup.zsh'
[2.620s] INFO:colcon.colcon_core.shell:Creating prefix chain script '/home/lukevizzini/arm_new/arm_code/install/setup.zsh'
