[0.473s] DEBUG:colcon:Command line arguments: ['/usr/bin/colcon', 'build', '--symlink-install']
[0.474s] DEBUG:colcon:Parsed command line arguments: Namespace(log_base=None, log_level=None, verb_name='build', build_base='build', install_base='install', merge_install=False, symlink_install=True, test_result_base=None, continue_on_error=False, executor='parallel', parallel_workers=8, event_handlers=None, ignore_user_meta=False, metas=['./colcon.meta'], base_paths=['.'], packages_ignore=None, packages_ignore_regex=None, paths=None, packages_up_to=None, packages_up_to_regex=None, packages_above=None, packages_above_and_dependencies=None, packages_above_depth=None, packages_select_by_dep=None, packages_skip_by_dep=None, packages_skip_up_to=None, packages_select_build_failed=False, packages_skip_build_finished=False, packages_select_test_failures=False, packages_skip_test_passed=False, packages_select=None, packages_skip=None, packages_select_regex=None, packages_skip_regex=None, packages_start=None, packages_end=None, allow_overriding=[], cmake_args=None, cmake_target=None, cmake_target_skip_unavailable=False, cmake_clean_cache=False, cmake_clean_first=False, cmake_force_configure=False, ament_cmake_args=None, catkin_cmake_args=None, catkin_skip_building_tests=False, verb_parser=<colcon_defaults.argument_parser.defaults.DefaultArgumentsDecorator object at 0x737bbdf59ff0>, verb_extension=<colcon_core.verb.build.BuildVerb object at 0x737bbdf59ba0>, main=<bound method BuildVerb.main of <colcon_core.verb.build.BuildVerb object at 0x737bbdf59ba0>>)
[0.818s] Level 1:colcon.colcon_core.package_discovery:discover_packages(colcon_meta) check parameters
[0.818s] Level 1:colcon.colcon_core.package_discovery:discover_packages(recursive) check parameters
[0.818s] Level 1:colcon.colcon_core.package_discovery:discover_packages(ignore) check parameters
[0.818s] Level 1:colcon.colcon_core.package_discovery:discover_packages(path) check parameters
[0.818s] Level 1:colcon.colcon_core.package_discovery:discover_packages(colcon_meta) discover
[0.818s] Level 1:colcon.colcon_core.package_discovery:discover_packages(recursive) discover
[0.818s] INFO:colcon.colcon_core.package_discovery:Crawling recursively for packages in '/home/lukevizzini/arm_v3/arm_code'
[0.818s] Level 1:colcon.colcon_core.package_identification:_identify(.) by extensions ['ignore', 'ignore_ament_install']
[0.818s] Level 1:colcon.colcon_core.package_identification:_identify(.) by extension 'ignore'
[0.818s] Level 1:colcon.colcon_core.package_identification:_identify(.) by extension 'ignore_ament_install'
[0.819s] Level 1:colcon.colcon_core.package_identification:_identify(.) by extensions ['colcon_pkg']
[0.819s] Level 1:colcon.colcon_core.package_identification:_identify(.) by extension 'colcon_pkg'
[0.819s] Level 1:colcon.colcon_core.package_identification:_identify(.) by extensions ['colcon_meta']
[0.819s] Level 1:colcon.colcon_core.package_identification:_identify(.) by extension 'colcon_meta'
[0.819s] Level 1:colcon.colcon_core.package_identification:_identify(.) by extensions ['ros']
[0.819s] Level 1:colcon.colcon_core.package_identification:_identify(.) by extension 'ros'
[0.839s] Level 1:colcon.colcon_core.package_identification:_identify(.) by extensions ['cmake', 'python']
[0.840s] Level 1:colcon.colcon_core.package_identification:_identify(.) by extension 'cmake'
[0.840s] Level 1:colcon.colcon_core.package_identification:_identify(.) by extension 'python'
[0.840s] Level 1:colcon.colcon_core.package_identification:_identify(.) by extensions ['python_setup_py']
[0.840s] Level 1:colcon.colcon_core.package_identification:_identify(.) by extension 'python_setup_py'
[0.841s] Level 1:colcon.colcon_core.package_identification:_identify(build) by extensions ['ignore', 'ignore_ament_install']
[0.841s] Level 1:colcon.colcon_core.package_identification:_identify(build) by extension 'ignore'
[0.841s] Level 1:colcon.colcon_core.package_identification:_identify(build) ignored
[0.842s] Level 1:colcon.colcon_core.package_identification:_identify(install) by extensions ['ignore', 'ignore_ament_install']
[0.842s] Level 1:colcon.colcon_core.package_identification:_identify(install) by extension 'ignore'
[0.842s] Level 1:colcon.colcon_core.package_identification:_identify(install) ignored
[0.842s] Level 1:colcon.colcon_core.package_identification:_identify(log) by extensions ['ignore', 'ignore_ament_install']
[0.842s] Level 1:colcon.colcon_core.package_identification:_identify(log) by extension 'ignore'
[0.843s] Level 1:colcon.colcon_core.package_identification:_identify(log) ignored
[0.843s] Level 1:colcon.colcon_core.package_identification:_identify(src) by extensions ['ignore', 'ignore_ament_install']
[0.843s] Level 1:colcon.colcon_core.package_identification:_identify(src) by extension 'ignore'
[0.843s] Level 1:colcon.colcon_core.package_identification:_identify(src) by extension 'ignore_ament_install'
[0.843s] Level 1:colcon.colcon_core.package_identification:_identify(src) by extensions ['colcon_pkg']
[0.843s] Level 1:colcon.colcon_core.package_identification:_identify(src) by extension 'colcon_pkg'
[0.843s] Level 1:colcon.colcon_core.package_identification:_identify(src) by extensions ['colcon_meta']
[0.843s] Level 1:colcon.colcon_core.package_identification:_identify(src) by extension 'colcon_meta'
[0.844s] Level 1:colcon.colcon_core.package_identification:_identify(src) by extensions ['ros']
[0.844s] Level 1:colcon.colcon_core.package_identification:_identify(src) by extension 'ros'
[0.844s] Level 1:colcon.colcon_core.package_identification:_identify(src) by extensions ['cmake', 'python']
[0.844s] Level 1:colcon.colcon_core.package_identification:_identify(src) by extension 'cmake'
[0.844s] Level 1:colcon.colcon_core.package_identification:_identify(src) by extension 'python'
[0.844s] Level 1:colcon.colcon_core.package_identification:_identify(src) by extensions ['python_setup_py']
[0.844s] Level 1:colcon.colcon_core.package_identification:_identify(src) by extension 'python_setup_py'
[0.844s] Level 1:colcon.colcon_core.package_identification:_identify(src/bringup) by extensions ['ignore', 'ignore_ament_install']
[0.845s] Level 1:colcon.colcon_core.package_identification:_identify(src/bringup) by extension 'ignore'
[0.845s] Level 1:colcon.colcon_core.package_identification:_identify(src/bringup) by extension 'ignore_ament_install'
[0.845s] Level 1:colcon.colcon_core.package_identification:_identify(src/bringup) by extensions ['colcon_pkg']
[0.845s] Level 1:colcon.colcon_core.package_identification:_identify(src/bringup) by extension 'colcon_pkg'
[0.845s] Level 1:colcon.colcon_core.package_identification:_identify(src/bringup) by extensions ['colcon_meta']
[0.845s] Level 1:colcon.colcon_core.package_identification:_identify(src/bringup) by extension 'colcon_meta'
[0.845s] Level 1:colcon.colcon_core.package_identification:_identify(src/bringup) by extensions ['ros']
[0.845s] Level 1:colcon.colcon_core.package_identification:_identify(src/bringup) by extension 'ros'
[0.853s] DEBUG:colcon.colcon_core.package_identification:Package 'src/bringup' with type 'ros.ament_cmake' and name 'arm_bringup'
[0.853s] Level 1:colcon.colcon_core.package_identification:_identify(src/config) by extensions ['ignore', 'ignore_ament_install']
[0.853s] Level 1:colcon.colcon_core.package_identification:_identify(src/config) by extension 'ignore'
[0.854s] Level 1:colcon.colcon_core.package_identification:_identify(src/config) by extension 'ignore_ament_install'
[0.854s] Level 1:colcon.colcon_core.package_identification:_identify(src/config) by extensions ['colcon_pkg']
[0.854s] Level 1:colcon.colcon_core.package_identification:_identify(src/config) by extension 'colcon_pkg'
[0.854s] Level 1:colcon.colcon_core.package_identification:_identify(src/config) by extensions ['colcon_meta']
[0.854s] Level 1:colcon.colcon_core.package_identification:_identify(src/config) by extension 'colcon_meta'
[0.854s] Level 1:colcon.colcon_core.package_identification:_identify(src/config) by extensions ['ros']
[0.854s] Level 1:colcon.colcon_core.package_identification:_identify(src/config) by extension 'ros'
[0.855s] DEBUG:colcon.colcon_core.package_identification:Package 'src/config' with type 'ros.ament_cmake' and name 'arm_config'
[0.855s] Level 1:colcon.colcon_core.package_identification:_identify(src/description) by extensions ['ignore', 'ignore_ament_install']
[0.856s] Level 1:colcon.colcon_core.package_identification:_identify(src/description) by extension 'ignore'
[0.856s] Level 1:colcon.colcon_core.package_identification:_identify(src/description) by extension 'ignore_ament_install'
[0.856s] Level 1:colcon.colcon_core.package_identification:_identify(src/description) by extensions ['colcon_pkg']
[0.856s] Level 1:colcon.colcon_core.package_identification:_identify(src/description) by extension 'colcon_pkg'
[0.856s] Level 1:colcon.colcon_core.package_identification:_identify(src/description) by extensions ['colcon_meta']
[0.856s] Level 1:colcon.colcon_core.package_identification:_identify(src/description) by extension 'colcon_meta'
[0.856s] Level 1:colcon.colcon_core.package_identification:_identify(src/description) by extensions ['ros']
[0.857s] Level 1:colcon.colcon_core.package_identification:_identify(src/description) by extension 'ros'
[0.858s] DEBUG:colcon.colcon_core.package_identification:Package 'src/description' with type 'ros.ament_cmake' and name 'arm_description'
[0.858s] Level 1:colcon.colcon_core.package_identification:_identify(src/launch) by extensions ['ignore', 'ignore_ament_install']
[0.859s] Level 1:colcon.colcon_core.package_identification:_identify(src/launch) by extension 'ignore'
[0.859s] Level 1:colcon.colcon_core.package_identification:_identify(src/launch) by extension 'ignore_ament_install'
[0.859s] Level 1:colcon.colcon_core.package_identification:_identify(src/launch) by extensions ['colcon_pkg']
[0.859s] Level 1:colcon.colcon_core.package_identification:_identify(src/launch) by extension 'colcon_pkg'
[0.859s] Level 1:colcon.colcon_core.package_identification:_identify(src/launch) by extensions ['colcon_meta']
[0.859s] Level 1:colcon.colcon_core.package_identification:_identify(src/launch) by extension 'colcon_meta'
[0.859s] Level 1:colcon.colcon_core.package_identification:_identify(src/launch) by extensions ['ros']
[0.859s] Level 1:colcon.colcon_core.package_identification:_identify(src/launch) by extension 'ros'
[0.861s] DEBUG:colcon.colcon_core.package_identification:Package 'src/launch' with type 'ros.ament_cmake' and name 'arm_launch'
[0.861s] Level 1:colcon.colcon_core.package_identification:_identify(src/pwm_bridge) by extensions ['ignore', 'ignore_ament_install']
[0.861s] Level 1:colcon.colcon_core.package_identification:_identify(src/pwm_bridge) by extension 'ignore'
[0.861s] Level 1:colcon.colcon_core.package_identification:_identify(src/pwm_bridge) by extension 'ignore_ament_install'
[0.862s] Level 1:colcon.colcon_core.package_identification:_identify(src/pwm_bridge) by extensions ['colcon_pkg']
[0.862s] Level 1:colcon.colcon_core.package_identification:_identify(src/pwm_bridge) by extension 'colcon_pkg'
[0.862s] Level 1:colcon.colcon_core.package_identification:_identify(src/pwm_bridge) by extensions ['colcon_meta']
[0.862s] Level 1:colcon.colcon_core.package_identification:_identify(src/pwm_bridge) by extension 'colcon_meta'
[0.862s] Level 1:colcon.colcon_core.package_identification:_identify(src/pwm_bridge) by extensions ['ros']
[0.862s] Level 1:colcon.colcon_core.package_identification:_identify(src/pwm_bridge) by extension 'ros'
[0.863s] DEBUG:colcon.colcon_core.package_identification:Package 'src/pwm_bridge' with type 'ros.ament_python' and name 'arm_pwm_bridge'
[0.863s] Level 1:colcon.colcon_core.package_identification:_identify(src/teleop) by extensions ['ignore', 'ignore_ament_install']
[0.864s] Level 1:colcon.colcon_core.package_identification:_identify(src/teleop) by extension 'ignore'
[0.864s] Level 1:colcon.colcon_core.package_identification:_identify(src/teleop) by extension 'ignore_ament_install'
[0.864s] Level 1:colcon.colcon_core.package_identification:_identify(src/teleop) by extensions ['colcon_pkg']
[0.864s] Level 1:colcon.colcon_core.package_identification:_identify(src/teleop) by extension 'colcon_pkg'
[0.864s] Level 1:colcon.colcon_core.package_identification:_identify(src/teleop) by extensions ['colcon_meta']
[0.864s] Level 1:colcon.colcon_core.package_identification:_identify(src/teleop) by extension 'colcon_meta'
[0.864s] Level 1:colcon.colcon_core.package_identification:_identify(src/teleop) by extensions ['ros']
[0.864s] Level 1:colcon.colcon_core.package_identification:_identify(src/teleop) by extension 'ros'
[0.865s] DEBUG:colcon.colcon_core.package_identification:Package 'src/teleop' with type 'ros.ament_python' and name 'arm_teleop'
[0.865s] Level 1:colcon.colcon_core.package_discovery:discover_packages(recursive) using defaults
[0.866s] Level 1:colcon.colcon_core.package_discovery:discover_packages(ignore) discover
[0.866s] Level 1:colcon.colcon_core.package_discovery:discover_packages(ignore) using defaults
[0.866s] Level 1:colcon.colcon_core.package_discovery:discover_packages(path) discover
[0.866s] Level 1:colcon.colcon_core.package_discovery:discover_packages(path) using defaults
[0.934s] Level 1:colcon.colcon_core.package_discovery:discover_packages(prefix_path) check parameters
[0.934s] Level 1:colcon.colcon_core.package_discovery:discover_packages(prefix_path) discover
[0.937s] DEBUG:colcon.colcon_installed_package_information.package_discovery:Found 6 installed packages in /home/lukevizzini/arm_v3/arm_code/install
[0.938s] DEBUG:colcon.colcon_installed_package_information.package_discovery:Found 6 installed packages in /home/lukevizzini/arm_new_v2/arm_code/install
[0.943s] DEBUG:colcon.colcon_installed_package_information.package_discovery:Found 421 installed packages in /opt/ros/humble
[0.947s] Level 1:colcon.colcon_core.package_discovery:discover_packages(prefix_path) using defaults
[1.046s] Level 5:colcon.colcon_core.verb:set package 'arm_config' build argument 'cmake_args' from command line to 'None'
[1.046s] Level 5:colcon.colcon_core.verb:set package 'arm_config' build argument 'cmake_target' from command line to 'None'
[1.046s] Level 5:colcon.colcon_core.verb:set package 'arm_config' build argument 'cmake_target_skip_unavailable' from command line to 'False'
[1.046s] Level 5:colcon.colcon_core.verb:set package 'arm_config' build argument 'cmake_clean_cache' from command line to 'False'
[1.046s] Level 5:colcon.colcon_core.verb:set package 'arm_config' build argument 'cmake_clean_first' from command line to 'False'
[1.046s] Level 5:colcon.colcon_core.verb:set package 'arm_config' build argument 'cmake_force_configure' from command line to 'False'
[1.046s] Level 5:colcon.colcon_core.verb:set package 'arm_config' build argument 'ament_cmake_args' from command line to 'None'
[1.046s] Level 5:colcon.colcon_core.verb:set package 'arm_config' build argument 'catkin_cmake_args' from command line to 'None'
[1.047s] Level 5:colcon.colcon_core.verb:set package 'arm_config' build argument 'catkin_skip_building_tests' from command line to 'False'
[1.047s] DEBUG:colcon.colcon_core.verb:Building package 'arm_config' with the following arguments: {'ament_cmake_args': None, 'build_base': '/home/lukevizzini/arm_v3/arm_code/build/arm_config', 'catkin_cmake_args': None, 'catkin_skip_building_tests': False, 'cmake_args': None, 'cmake_clean_cache': False, 'cmake_clean_first': False, 'cmake_force_configure': False, 'cmake_target': None, 'cmake_target_skip_unavailable': False, 'install_base': '/home/lukevizzini/arm_v3/arm_code/install/arm_config', 'merge_install': False, 'path': '/home/lukevizzini/arm_v3/arm_code/src/config', 'symlink_install': True, 'test_result_base': None}
[1.047s] Level 5:colcon.colcon_core.verb:set package 'arm_pwm_bridge' build argument 'cmake_args' from command line to 'None'
[1.048s] Level 5:colcon.colcon_core.verb:set package 'arm_pwm_bridge' build argument 'cmake_target' from command line to 'None'
[1.048s] Level 5:colcon.colcon_core.verb:set package 'arm_pwm_bridge' build argument 'cmake_target_skip_unavailable' from command line to 'False'
[1.048s] Level 5:colcon.colcon_core.verb:set package 'arm_pwm_bridge' build argument 'cmake_clean_cache' from command line to 'False'
[1.048s] Level 5:colcon.colcon_core.verb:set package 'arm_pwm_bridge' build argument 'cmake_clean_first' from command line to 'False'
[1.048s] Level 5:colcon.colcon_core.verb:set package 'arm_pwm_bridge' build argument 'cmake_force_configure' from command line to 'False'
[1.048s] Level 5:colcon.colcon_core.verb:set package 'arm_pwm_bridge' build argument 'ament_cmake_args' from command line to 'None'
[1.048s] Level 5:colcon.colcon_core.verb:set package 'arm_pwm_bridge' build argument 'catkin_cmake_args' from command line to 'None'
[1.048s] Level 5:colcon.colcon_core.verb:set package 'arm_pwm_bridge' build argument 'catkin_skip_building_tests' from command line to 'False'
[1.048s] DEBUG:colcon.colcon_core.verb:Building package 'arm_pwm_bridge' with the following arguments: {'ament_cmake_args': None, 'build_base': '/home/lukevizzini/arm_v3/arm_code/build/arm_pwm_bridge', 'catkin_cmake_args': None, 'catkin_skip_building_tests': False, 'cmake_args': None, 'cmake_clean_cache': False, 'cmake_clean_first': False, 'cmake_force_configure': False, 'cmake_target': None, 'cmake_target_skip_unavailable': False, 'install_base': '/home/lukevizzini/arm_v3/arm_code/install/arm_pwm_bridge', 'merge_install': False, 'path': '/home/lukevizzini/arm_v3/arm_code/src/pwm_bridge', 'symlink_install': True, 'test_result_base': None}
[1.049s] Level 5:colcon.colcon_core.verb:set package 'arm_teleop' build argument 'cmake_args' from command line to 'None'
[1.049s] Level 5:colcon.colcon_core.verb:set package 'arm_teleop' build argument 'cmake_target' from command line to 'None'
[1.049s] Level 5:colcon.colcon_core.verb:set package 'arm_teleop' build argument 'cmake_target_skip_unavailable' from command line to 'False'
[1.049s] Level 5:colcon.colcon_core.verb:set package 'arm_teleop' build argument 'cmake_clean_cache' from command line to 'False'
[1.049s] Level 5:colcon.colcon_core.verb:set package 'arm_teleop' build argument 'cmake_clean_first' from command line to 'False'
[1.049s] Level 5:colcon.colcon_core.verb:set package 'arm_teleop' build argument 'cmake_force_configure' from command line to 'False'
[1.049s] Level 5:colcon.colcon_core.verb:set package 'arm_teleop' build argument 'ament_cmake_args' from command line to 'None'
[1.049s] Level 5:colcon.colcon_core.verb:set package 'arm_teleop' build argument 'catkin_cmake_args' from command line to 'None'
[1.049s] Level 5:colcon.colcon_core.verb:set package 'arm_teleop' build argument 'catkin_skip_building_tests' from command line to 'False'
[1.049s] DEBUG:colcon.colcon_core.verb:Building package 'arm_teleop' with the following arguments: {'ament_cmake_args': None, 'build_base': '/home/lukevizzini/arm_v3/arm_code/build/arm_teleop', 'catkin_cmake_args': None, 'catkin_skip_building_tests': False, 'cmake_args': None, 'cmake_clean_cache': False, 'cmake_clean_first': False, 'cmake_force_configure': False, 'cmake_target': None, 'cmake_target_skip_unavailable': False, 'install_base': '/home/lukevizzini/arm_v3/arm_code/install/arm_teleop', 'merge_install': False, 'path': '/home/lukevizzini/arm_v3/arm_code/src/teleop', 'symlink_install': True, 'test_result_base': None}
[1.050s] Level 5:colcon.colcon_core.verb:set package 'arm_description' build argument 'cmake_args' from command line to 'None'
[1.050s] Level 5:colcon.colcon_core.verb:set package 'arm_description' build argument 'cmake_target' from command line to 'None'
[1.050s] Level 5:colcon.colcon_core.verb:set package 'arm_description' build argument 'cmake_target_skip_unavailable' from command line to 'False'
[1.050s] Level 5:colcon.colcon_core.verb:set package 'arm_description' build argument 'cmake_clean_cache' from command line to 'False'
[1.050s] Level 5:colcon.colcon_core.verb:set package 'arm_description' build argument 'cmake_clean_first' from command line to 'False'
[1.050s] Level 5:colcon.colcon_core.verb:set package 'arm_description' build argument 'cmake_force_configure' from command line to 'False'
[1.050s] Level 5:colcon.colcon_core.verb:set package 'arm_description' build argument 'ament_cmake_args' from command line to 'None'
[1.050s] Level 5:colcon.colcon_core.verb:set package 'arm_description' build argument 'catkin_cmake_args' from command line to 'None'
[1.050s] Level 5:colcon.colcon_core.verb:set package 'arm_description' build argument 'catkin_skip_building_tests' from command line to 'False'
[1.050s] DEBUG:colcon.colcon_core.verb:Building package 'arm_description' with the following arguments: {'ament_cmake_args': None, 'build_base': '/home/lukevizzini/arm_v3/arm_code/build/arm_description', 'catkin_cmake_args': None, 'catkin_skip_building_tests': False, 'cmake_args': None, 'cmake_clean_cache': False, 'cmake_clean_first': False, 'cmake_force_configure': False, 'cmake_target': None, 'cmake_target_skip_unavailable': False, 'install_base': '/home/lukevizzini/arm_v3/arm_code/install/arm_description', 'merge_install': False, 'path': '/home/lukevizzini/arm_v3/arm_code/src/description', 'symlink_install': True, 'test_result_base': None}
[1.051s] Level 5:colcon.colcon_core.verb:set package 'arm_bringup' build argument 'cmake_args' from command line to 'None'
[1.051s] Level 5:colcon.colcon_core.verb:set package 'arm_bringup' build argument 'cmake_target' from command line to 'None'
[1.051s] Level 5:colcon.colcon_core.verb:set package 'arm_bringup' build argument 'cmake_target_skip_unavailable' from command line to 'False'
[1.051s] Level 5:colcon.colcon_core.verb:set package 'arm_bringup' build argument 'cmake_clean_cache' from command line to 'False'
[1.051s] Level 5:colcon.colcon_core.verb:set package 'arm_bringup' build argument 'cmake_clean_first' from command line to 'False'
[1.051s] Level 5:colcon.colcon_core.verb:set package 'arm_bringup' build argument 'cmake_force_configure' from command line to 'False'
[1.051s] Level 5:colcon.colcon_core.verb:set package 'arm_bringup' build argument 'ament_cmake_args' from command line to 'None'
[1.051s] Level 5:colcon.colcon_core.verb:set package 'arm_bringup' build argument 'catkin_cmake_args' from command line to 'None'
[1.051s] Level 5:colcon.colcon_core.verb:set package 'arm_bringup' build argument 'catkin_skip_building_tests' from command line to 'False'
[1.051s] DEBUG:colcon.colcon_core.verb:Building package 'arm_bringup' with the following arguments: {'ament_cmake_args': None, 'build_base': '/home/lukevizzini/arm_v3/arm_code/build/arm_bringup', 'catkin_cmake_args': None, 'catkin_skip_building_tests': False, 'cmake_args': None, 'cmake_clean_cache': False, 'cmake_clean_first': False, 'cmake_force_configure': False, 'cmake_target': None, 'cmake_target_skip_unavailable': False, 'install_base': '/home/lukevizzini/arm_v3/arm_code/install/arm_bringup', 'merge_install': False, 'path': '/home/lukevizzini/arm_v3/arm_code/src/bringup', 'symlink_install': True, 'test_result_base': None}
[1.052s] Level 5:colcon.colcon_core.verb:set package 'arm_launch' build argument 'cmake_args' from command line to 'None'
[1.052s] Level 5:colcon.colcon_core.verb:set package 'arm_launch' build argument 'cmake_target' from command line to 'None'
[1.052s] Level 5:colcon.colcon_core.verb:set package 'arm_launch' build argument 'cmake_target_skip_unavailable' from command line to 'False'
[1.052s] Level 5:colcon.colcon_core.verb:set package 'arm_launch' build argument 'cmake_clean_cache' from command line to 'False'
[1.052s] Level 5:colcon.colcon_core.verb:set package 'arm_launch' build argument 'cmake_clean_first' from command line to 'False'
[1.052s] Level 5:colcon.colcon_core.verb:set package 'arm_launch' build argument 'cmake_force_configure' from command line to 'False'
[1.052s] Level 5:colcon.colcon_core.verb:set package 'arm_launch' build argument 'ament_cmake_args' from command line to 'None'
[1.052s] Level 5:colcon.colcon_core.verb:set package 'arm_launch' build argument 'catkin_cmake_args' from command line to 'None'
[1.052s] Level 5:colcon.colcon_core.verb:set package 'arm_launch' build argument 'catkin_skip_building_tests' from command line to 'False'
[1.052s] DEBUG:colcon.colcon_core.verb:Building package 'arm_launch' with the following arguments: {'ament_cmake_args': None, 'build_base': '/home/lukevizzini/arm_v3/arm_code/build/arm_launch', 'catkin_cmake_args': None, 'catkin_skip_building_tests': False, 'cmake_args': None, 'cmake_clean_cache': False, 'cmake_clean_first': False, 'cmake_force_configure': False, 'cmake_target': None, 'cmake_target_skip_unavailable': False, 'install_base': '/home/lukevizzini/arm_v3/arm_code/install/arm_launch', 'merge_install': False, 'path': '/home/lukevizzini/arm_v3/arm_code/src/launch', 'symlink_install': True, 'test_result_base': None}
[1.052s] INFO:colcon.colcon_core.executor:Executing jobs using 'parallel' executor
[1.054s] DEBUG:colcon.colcon_parallel_executor.executor.parallel:run_until_complete
[1.054s] INFO:colcon.colcon_ros.task.ament_cmake.build:Building ROS package in '/home/lukevizzini/arm_v3/arm_code/src/config' with build type 'ament_cmake'
[1.055s] INFO:colcon.colcon_cmake.task.cmake.build:Building CMake package in '/home/lukevizzini/arm_v3/arm_code/src/config'
[1.061s] INFO:colcon.colcon_core.plugin_system:Skipping extension 'colcon_core.shell.bat': Not used on non-Windows systems
[1.061s] INFO:colcon.colcon_core.shell:Skip shell extension 'powershell' for command environment: Not usable outside of PowerShell
[1.061s] DEBUG:colcon.colcon_core.shell:Skip shell extension 'dsv' for command environment
[1.071s] INFO:colcon.colcon_ros.task.ament_python.build:Building ROS package in '/home/lukevizzini/arm_v3/arm_code/src/pwm_bridge' with build type 'ament_python'
[1.071s] Level 1:colcon.colcon_core.shell:create_environment_hook('arm_pwm_bridge', 'ament_prefix_path')
[1.072s] INFO:colcon.colcon_core.shell:Creating environment hook '/home/lukevizzini/arm_v3/arm_code/install/arm_pwm_bridge/share/arm_pwm_bridge/hook/ament_prefix_path.ps1'
[1.074s] INFO:colcon.colcon_core.shell:Creating environment descriptor '/home/lukevizzini/arm_v3/arm_code/install/arm_pwm_bridge/share/arm_pwm_bridge/hook/ament_prefix_path.dsv'
[1.075s] INFO:colcon.colcon_core.shell:Creating environment hook '/home/lukevizzini/arm_v3/arm_code/install/arm_pwm_bridge/share/arm_pwm_bridge/hook/ament_prefix_path.sh'
[1.077s] INFO:colcon.colcon_core.shell:Skip shell extension 'powershell' for command environment: Not usable outside of PowerShell
[1.077s] DEBUG:colcon.colcon_core.shell:Skip shell extension 'dsv' for command environment
[1.091s] INFO:colcon.colcon_ros.task.ament_python.build:Building ROS package in '/home/lukevizzini/arm_v3/arm_code/src/teleop' with build type 'ament_python'
[1.091s] Level 1:colcon.colcon_core.shell:create_environment_hook('arm_teleop', 'ament_prefix_path')
[1.092s] INFO:colcon.colcon_core.shell:Creating environment hook '/home/lukevizzini/arm_v3/arm_code/install/arm_teleop/share/arm_teleop/hook/ament_prefix_path.ps1'
[1.093s] INFO:colcon.colcon_core.shell:Creating environment descriptor '/home/lukevizzini/arm_v3/arm_code/install/arm_teleop/share/arm_teleop/hook/ament_prefix_path.dsv'
[1.094s] INFO:colcon.colcon_core.shell:Creating environment hook '/home/lukevizzini/arm_v3/arm_code/install/arm_teleop/share/arm_teleop/hook/ament_prefix_path.sh'
[1.096s] INFO:colcon.colcon_core.shell:Skip shell extension 'powershell' for command environment: Not usable outside of PowerShell
[1.096s] DEBUG:colcon.colcon_core.shell:Skip shell extension 'dsv' for command environment
[1.118s] DEBUG:colcon.colcon_core.event_handler.log_command:Invoking command in '/home/lukevizzini/arm_v3/arm_code/build/arm_config': CMAKE_PREFIX_PATH=${CMAKE_PREFIX_PATH}:/home/lukevizzini/arm_v3/arm_code/install/arm_teleop:/home/lukevizzini/arm_v3/arm_code/install/arm_pwm_bridge:/home/lukevizzini/arm_new_v2/arm_code/install/arm_teleop:/home/lukevizzini/arm_new_v2/arm_code/install/arm_pwm_bridge:/opt/ros/humble /usr/bin/cmake --build /home/lukevizzini/arm_v3/arm_code/build/arm_config -- -j8 -l8
[1.626s] INFO:colcon.colcon_core.task.python.build:Building Python package in '/home/lukevizzini/arm_v3/arm_code/src/pwm_bridge'
[1.626s] INFO:colcon.colcon_core.shell:Skip shell extension 'powershell' for command environment: Not usable outside of PowerShell
[1.626s] DEBUG:colcon.colcon_core.shell:Skip shell extension 'dsv' for command environment
[2.134s] INFO:colcon.colcon_core.task.python.build:Building Python package in '/home/lukevizzini/arm_v3/arm_code/src/teleop'
[2.134s] INFO:colcon.colcon_core.shell:Skip shell extension 'powershell' for command environment: Not usable outside of PowerShell
[2.134s] DEBUG:colcon.colcon_core.shell:Skip shell extension 'dsv' for command environment
[2.146s] DEBUG:colcon.colcon_core.event_handler.log_command:Invoked command in '/home/lukevizzini/arm_v3/arm_code/build/arm_config' returned '0': CMAKE_PREFIX_PATH=${CMAKE_PREFIX_PATH}:/home/lukevizzini/arm_v3/arm_code/install/arm_teleop:/home/lukevizzini/arm_v3/arm_code/install/arm_pwm_bridge:/home/lukevizzini/arm_new_v2/arm_code/install/arm_teleop:/home/lukevizzini/arm_new_v2/arm_code/install/arm_pwm_bridge:/opt/ros/humble /usr/bin/cmake --build /home/lukevizzini/arm_v3/arm_code/build/arm_config -- -j8 -l8
[2.175s] DEBUG:colcon.colcon_core.event_handler.log_command:Invoking command in '/home/lukevizzini/arm_v3/arm_code/build/arm_config': CMAKE_PREFIX_PATH=${CMAKE_PREFIX_PATH}:/home/lukevizzini/arm_v3/arm_code/install/arm_teleop:/home/lukevizzini/arm_v3/arm_code/install/arm_pwm_bridge:/home/lukevizzini/arm_new_v2/arm_code/install/arm_teleop:/home/lukevizzini/arm_new_v2/arm_code/install/arm_pwm_bridge:/opt/ros/humble /usr/bin/cmake --install /home/lukevizzini/arm_v3/arm_code/build/arm_config
[2.245s] Level 1:colcon.colcon_core.environment:create_environment_scripts_only(arm_config)
[2.248s] DEBUG:colcon.colcon_core.event_handler.log_command:Invoked command in '/home/lukevizzini/arm_v3/arm_code/build/arm_config' returned '0': CMAKE_PREFIX_PATH=${CMAKE_PREFIX_PATH}:/home/lukevizzini/arm_v3/arm_code/install/arm_teleop:/home/lukevizzini/arm_v3/arm_code/install/arm_pwm_bridge:/home/lukevizzini/arm_new_v2/arm_code/install/arm_teleop:/home/lukevizzini/arm_new_v2/arm_code/install/arm_pwm_bridge:/opt/ros/humble /usr/bin/cmake --install /home/lukevizzini/arm_v3/arm_code/build/arm_config
[2.253s] Level 1:colcon.colcon_core.environment:checking '/home/lukevizzini/arm_v3/arm_code/install/arm_config' for CMake module files
[2.254s] Level 1:colcon.colcon_core.environment:checking '/home/lukevizzini/arm_v3/arm_code/install/arm_config' for CMake config files
[2.258s] Level 1:colcon.colcon_core.shell:create_environment_hook('arm_config', 'cmake_prefix_path')
[2.259s] INFO:colcon.colcon_core.shell:Creating environment hook '/home/lukevizzini/arm_v3/arm_code/install/arm_config/share/arm_config/hook/cmake_prefix_path.ps1'
[2.260s] INFO:colcon.colcon_core.shell:Creating environment descriptor '/home/lukevizzini/arm_v3/arm_code/install/arm_config/share/arm_config/hook/cmake_prefix_path.dsv'
[2.262s] INFO:colcon.colcon_core.shell:Creating environment hook '/home/lukevizzini/arm_v3/arm_code/install/arm_config/share/arm_config/hook/cmake_prefix_path.sh'
[2.265s] Level 1:colcon.colcon_core.environment:checking '/home/lukevizzini/arm_v3/arm_code/install/arm_config/bin'
[2.267s] Level 1:colcon.colcon_core.environment:checking '/home/lukevizzini/arm_v3/arm_code/install/arm_config/lib/pkgconfig/arm_config.pc'
[2.267s] Level 1:colcon.colcon_core.environment:checking '/home/lukevizzini/arm_v3/arm_code/install/arm_config/lib/python3.10/site-packages'
[2.268s] Level 1:colcon.colcon_core.environment:checking '/home/lukevizzini/arm_v3/arm_code/install/arm_config/bin'
[2.269s] INFO:colcon.colcon_core.shell:Creating package script '/home/lukevizzini/arm_v3/arm_code/install/arm_config/share/arm_config/package.ps1'
[2.271s] INFO:colcon.colcon_core.shell:Creating package descriptor '/home/lukevizzini/arm_v3/arm_code/install/arm_config/share/arm_config/package.dsv'
[2.272s] INFO:colcon.colcon_core.shell:Creating package script '/home/lukevizzini/arm_v3/arm_code/install/arm_config/share/arm_config/package.sh'
[2.278s] INFO:colcon.colcon_core.shell:Creating package script '/home/lukevizzini/arm_v3/arm_code/install/arm_config/share/arm_config/package.bash'
[2.283s] INFO:colcon.colcon_core.shell:Creating package script '/home/lukevizzini/arm_v3/arm_code/install/arm_config/share/arm_config/package.zsh'
[2.285s] Level 1:colcon.colcon_core.environment:create_file_with_runtime_dependencies(/home/lukevizzini/arm_v3/arm_code/install/arm_config/share/colcon-core/packages/arm_config)
[2.286s] Level 1:colcon.colcon_core.environment:create_environment_scripts_only(arm_config)
[2.286s] Level 1:colcon.colcon_core.environment:checking '/home/lukevizzini/arm_v3/arm_code/install/arm_config' for CMake module files
[2.287s] Level 1:colcon.colcon_core.environment:checking '/home/lukevizzini/arm_v3/arm_code/install/arm_config' for CMake config files
[2.288s] Level 1:colcon.colcon_core.shell:create_environment_hook('arm_config', 'cmake_prefix_path')
[2.288s] INFO:colcon.colcon_core.shell:Creating environment hook '/home/lukevizzini/arm_v3/arm_code/install/arm_config/share/arm_config/hook/cmake_prefix_path.ps1'
[2.289s] INFO:colcon.colcon_core.shell:Creating environment descriptor '/home/lukevizzini/arm_v3/arm_code/install/arm_config/share/arm_config/hook/cmake_prefix_path.dsv'
[2.290s] INFO:colcon.colcon_core.shell:Creating environment hook '/home/lukevizzini/arm_v3/arm_code/install/arm_config/share/arm_config/hook/cmake_prefix_path.sh'
[2.291s] Level 1:colcon.colcon_core.environment:checking '/home/lukevizzini/arm_v3/arm_code/install/arm_config/bin'
[2.292s] Level 1:colcon.colcon_core.environment:checking '/home/lukevizzini/arm_v3/arm_code/install/arm_config/lib/pkgconfig/arm_config.pc'
[2.292s] Level 1:colcon.colcon_core.environment:checking '/home/lukevizzini/arm_v3/arm_code/install/arm_config/lib/python3.10/site-packages'
[2.293s] Level 1:colcon.colcon_core.environment:checking '/home/lukevizzini/arm_v3/arm_code/install/arm_config/bin'
[2.293s] INFO:colcon.colcon_core.shell:Creating package script '/home/lukevizzini/arm_v3/arm_code/install/arm_config/share/arm_config/package.ps1'
[2.294s] INFO:colcon.colcon_core.shell:Creating package descriptor '/home/lukevizzini/arm_v3/arm_code/install/arm_config/share/arm_config/package.dsv'
[2.295s] INFO:colcon.colcon_core.shell:Creating package script '/home/lukevizzini/arm_v3/arm_code/install/arm_config/share/arm_config/package.sh'
[2.296s] INFO:colcon.colcon_core.shell:Creating package script '/home/lukevizzini/arm_v3/arm_code/install/arm_config/share/arm_config/package.bash'
[2.296s] INFO:colcon.colcon_core.shell:Creating package script '/home/lukevizzini/arm_v3/arm_code/install/arm_config/share/arm_config/package.zsh'
[2.297s] Level 1:colcon.colcon_core.environment:create_file_with_runtime_dependencies(/home/lukevizzini/arm_v3/arm_code/install/arm_config/share/colcon-core/packages/arm_config)
[2.298s] INFO:colcon.colcon_ros.task.ament_cmake.build:Building ROS package in '/home/lukevizzini/arm_v3/arm_code/src/description' with build type 'ament_cmake'
[2.300s] INFO:colcon.colcon_cmake.task.cmake.build:Building CMake package in '/home/lukevizzini/arm_v3/arm_code/src/description'
[2.302s] INFO:colcon.colcon_core.shell:Skip shell extension 'powershell' for command environment: Not usable outside of PowerShell
[2.302s] DEBUG:colcon.colcon_core.shell:Skip shell extension 'dsv' for command environment
[2.602s] DEBUG:colcon.colcon_core.event_handler.log_command:Invoking command in '/home/lukevizzini/arm_v3/arm_code/build/arm_description': CMAKE_PREFIX_PATH=/home/lukevizzini/arm_v3/arm_code/install/arm_config:/home/lukevizzini/arm_v3/arm_code/install/arm_launch:/home/lukevizzini/arm_v3/arm_code/install/arm_bringup:/home/lukevizzini/arm_v3/arm_code/install/arm_description:/home/lukevizzini/arm_new_v2/arm_code/install/arm_launch:/home/lukevizzini/arm_new_v2/arm_code/install/arm_bringup:/home/lukevizzini/arm_new_v2/arm_code/install/arm_description:/home/lukevizzini/arm_new_v2/arm_code/install/arm_config:/home/lukevizzini/arm_v3/arm_code/install/arm_teleop:/home/lukevizzini/arm_v3/arm_code/install/arm_pwm_bridge:/home/lukevizzini/arm_new_v2/arm_code/install/arm_teleop:/home/lukevizzini/arm_new_v2/arm_code/install/arm_pwm_bridge:/opt/ros/humble /usr/bin/cmake --build /home/lukevizzini/arm_v3/arm_code/build/arm_description -- -j8 -l8
[2.690s] DEBUG:colcon.colcon_core.event_handler.log_command:Invoked command in '/home/lukevizzini/arm_v3/arm_code/build/arm_description' returned '0': CMAKE_PREFIX_PATH=/home/lukevizzini/arm_v3/arm_code/install/arm_config:/home/lukevizzini/arm_v3/arm_code/install/arm_launch:/home/lukevizzini/arm_v3/arm_code/install/arm_bringup:/home/lukevizzini/arm_v3/arm_code/install/arm_description:/home/lukevizzini/arm_new_v2/arm_code/install/arm_launch:/home/lukevizzini/arm_new_v2/arm_code/install/arm_bringup:/home/lukevizzini/arm_new_v2/arm_code/install/arm_description:/home/lukevizzini/arm_new_v2/arm_code/install/arm_config:/home/lukevizzini/arm_v3/arm_code/install/arm_teleop:/home/lukevizzini/arm_v3/arm_code/install/arm_pwm_bridge:/home/lukevizzini/arm_new_v2/arm_code/install/arm_teleop:/home/lukevizzini/arm_new_v2/arm_code/install/arm_pwm_bridge:/opt/ros/humble /usr/bin/cmake --build /home/lukevizzini/arm_v3/arm_code/build/arm_description -- -j8 -l8
[2.693s] DEBUG:colcon.colcon_core.event_handler.log_command:Invoking command in '/home/lukevizzini/arm_v3/arm_code/build/arm_description': CMAKE_PREFIX_PATH=/home/lukevizzini/arm_v3/arm_code/install/arm_config:/home/lukevizzini/arm_v3/arm_code/install/arm_launch:/home/lukevizzini/arm_v3/arm_code/install/arm_bringup:/home/lukevizzini/arm_v3/arm_code/install/arm_description:/home/lukevizzini/arm_new_v2/arm_code/install/arm_launch:/home/lukevizzini/arm_new_v2/arm_code/install/arm_bringup:/home/lukevizzini/arm_new_v2/arm_code/install/arm_description:/home/lukevizzini/arm_new_v2/arm_code/install/arm_config:/home/lukevizzini/arm_v3/arm_code/install/arm_teleop:/home/lukevizzini/arm_v3/arm_code/install/arm_pwm_bridge:/home/lukevizzini/arm_new_v2/arm_code/install/arm_teleop:/home/lukevizzini/arm_new_v2/arm_code/install/arm_pwm_bridge:/opt/ros/humble /usr/bin/cmake --install /home/lukevizzini/arm_v3/arm_code/build/arm_description
[2.739s] Level 1:colcon.colcon_core.environment:create_environment_scripts_only(arm_description)
[2.740s] Level 1:colcon.colcon_core.environment:checking '/home/lukevizzini/arm_v3/arm_code/install/arm_description' for CMake module files
[2.741s] DEBUG:colcon.colcon_core.event_handler.log_command:Invoked command in '/home/lukevizzini/arm_v3/arm_code/build/arm_description' returned '0': CMAKE_PREFIX_PATH=/home/lukevizzini/arm_v3/arm_code/install/arm_config:/home/lukevizzini/arm_v3/arm_code/install/arm_launch:/home/lukevizzini/arm_v3/arm_code/install/arm_bringup:/home/lukevizzini/arm_v3/arm_code/install/arm_description:/home/lukevizzini/arm_new_v2/arm_code/install/arm_launch:/home/lukevizzini/arm_new_v2/arm_code/install/arm_bringup:/home/lukevizzini/arm_new_v2/arm_code/install/arm_description:/home/lukevizzini/arm_new_v2/arm_code/install/arm_config:/home/lukevizzini/arm_v3/arm_code/install/arm_teleop:/home/lukevizzini/arm_v3/arm_code/install/arm_pwm_bridge:/home/lukevizzini/arm_new_v2/arm_code/install/arm_teleop:/home/lukevizzini/arm_new_v2/arm_code/install/arm_pwm_bridge:/opt/ros/humble /usr/bin/cmake --install /home/lukevizzini/arm_v3/arm_code/build/arm_description
[2.742s] Level 1:colcon.colcon_core.environment:checking '/home/lukevizzini/arm_v3/arm_code/install/arm_description' for CMake config files
[2.742s] Level 1:colcon.colcon_core.shell:create_environment_hook('arm_description', 'cmake_prefix_path')
[2.743s] INFO:colcon.colcon_core.shell:Creating environment hook '/home/lukevizzini/arm_v3/arm_code/install/arm_description/share/arm_description/hook/cmake_prefix_path.ps1'
[2.744s] INFO:colcon.colcon_core.shell:Creating environment descriptor '/home/lukevizzini/arm_v3/arm_code/install/arm_description/share/arm_description/hook/cmake_prefix_path.dsv'
[2.745s] INFO:colcon.colcon_core.shell:Creating environment hook '/home/lukevizzini/arm_v3/arm_code/install/arm_description/share/arm_description/hook/cmake_prefix_path.sh'
[2.750s] Level 1:colcon.colcon_core.environment:checking '/home/lukevizzini/arm_v3/arm_code/install/arm_description/bin'
[2.750s] Level 1:colcon.colcon_core.environment:checking '/home/lukevizzini/arm_v3/arm_code/install/arm_description/lib/pkgconfig/arm_description.pc'
[2.751s] Level 1:colcon.colcon_core.environment:checking '/home/lukevizzini/arm_v3/arm_code/install/arm_description/lib/python3.10/site-packages'
[2.751s] Level 1:colcon.colcon_core.environment:checking '/home/lukevizzini/arm_v3/arm_code/install/arm_description/bin'
[2.752s] INFO:colcon.colcon_core.shell:Creating package script '/home/lukevizzini/arm_v3/arm_code/install/arm_description/share/arm_description/package.ps1'
[2.753s] INFO:colcon.colcon_core.shell:Creating package descriptor '/home/lukevizzini/arm_v3/arm_code/install/arm_description/share/arm_description/package.dsv'
[2.754s] INFO:colcon.colcon_core.shell:Creating package script '/home/lukevizzini/arm_v3/arm_code/install/arm_description/share/arm_description/package.sh'
[2.755s] INFO:colcon.colcon_core.shell:Creating package script '/home/lukevizzini/arm_v3/arm_code/install/arm_description/share/arm_description/package.bash'
[2.755s] INFO:colcon.colcon_core.shell:Creating package script '/home/lukevizzini/arm_v3/arm_code/install/arm_description/share/arm_description/package.zsh'
[2.756s] Level 1:colcon.colcon_core.environment:create_file_with_runtime_dependencies(/home/lukevizzini/arm_v3/arm_code/install/arm_description/share/colcon-core/packages/arm_description)
[2.757s] Level 1:colcon.colcon_core.environment:create_environment_scripts_only(arm_description)
[2.758s] Level 1:colcon.colcon_core.environment:checking '/home/lukevizzini/arm_v3/arm_code/install/arm_description' for CMake module files
[2.758s] Level 1:colcon.colcon_core.environment:checking '/home/lukevizzini/arm_v3/arm_code/install/arm_description' for CMake config files
[2.759s] Level 1:colcon.colcon_core.shell:create_environment_hook('arm_description', 'cmake_prefix_path')
[2.759s] INFO:colcon.colcon_core.shell:Creating environment hook '/home/lukevizzini/arm_v3/arm_code/install/arm_description/share/arm_description/hook/cmake_prefix_path.ps1'
[2.760s] INFO:colcon.colcon_core.shell:Creating environment descriptor '/home/lukevizzini/arm_v3/arm_code/install/arm_description/share/arm_description/hook/cmake_prefix_path.dsv'
[2.760s] INFO:colcon.colcon_core.shell:Creating environment hook '/home/lukevizzini/arm_v3/arm_code/install/arm_description/share/arm_description/hook/cmake_prefix_path.sh'
[2.761s] Level 1:colcon.colcon_core.environment:checking '/home/lukevizzini/arm_v3/arm_code/install/arm_description/bin'
[2.762s] Level 1:colcon.colcon_core.environment:checking '/home/lukevizzini/arm_v3/arm_code/install/arm_description/lib/pkgconfig/arm_description.pc'
[2.762s] Level 1:colcon.colcon_core.environment:checking '/home/lukevizzini/arm_v3/arm_code/install/arm_description/lib/python3.10/site-packages'
[2.762s] Level 1:colcon.colcon_core.environment:checking '/home/lukevizzini/arm_v3/arm_code/install/arm_description/bin'
[2.763s] INFO:colcon.colcon_core.shell:Creating package script '/home/lukevizzini/arm_v3/arm_code/install/arm_description/share/arm_description/package.ps1'
[2.765s] INFO:colcon.colcon_core.shell:Creating package descriptor '/home/lukevizzini/arm_v3/arm_code/install/arm_description/share/arm_description/package.dsv'
[2.767s] INFO:colcon.colcon_core.shell:Creating package script '/home/lukevizzini/arm_v3/arm_code/install/arm_description/share/arm_description/package.sh'
[2.767s] INFO:colcon.colcon_core.shell:Creating package script '/home/lukevizzini/arm_v3/arm_code/install/arm_description/share/arm_description/package.bash'
[2.768s] INFO:colcon.colcon_core.shell:Creating package script '/home/lukevizzini/arm_v3/arm_code/install/arm_description/share/arm_description/package.zsh'
[2.769s] Level 1:colcon.colcon_core.environment:create_file_with_runtime_dependencies(/home/lukevizzini/arm_v3/arm_code/install/arm_description/share/colcon-core/packages/arm_description)
[2.770s] INFO:colcon.colcon_ros.task.ament_cmake.build:Building ROS package in '/home/lukevizzini/arm_v3/arm_code/src/bringup' with build type 'ament_cmake'
[2.770s] INFO:colcon.colcon_cmake.task.cmake.build:Building CMake package in '/home/lukevizzini/arm_v3/arm_code/src/bringup'
[2.771s] INFO:colcon.colcon_core.shell:Skip shell extension 'powershell' for command environment: Not usable outside of PowerShell
[2.771s] DEBUG:colcon.colcon_core.shell:Skip shell extension 'dsv' for command environment
[3.089s] DEBUG:colcon.colcon_core.event_handler.log_command:Invoking command in '/home/lukevizzini/arm_v3/arm_code/build/arm_bringup': CMAKE_PREFIX_PATH=/home/lukevizzini/arm_v3/arm_code/install/arm_description:/home/lukevizzini/arm_v3/arm_code/install/arm_config:/home/lukevizzini/arm_v3/arm_code/install/arm_launch:/home/lukevizzini/arm_v3/arm_code/install/arm_bringup:/home/lukevizzini/arm_new_v2/arm_code/install/arm_launch:/home/lukevizzini/arm_new_v2/arm_code/install/arm_bringup:/home/lukevizzini/arm_new_v2/arm_code/install/arm_description:/home/lukevizzini/arm_new_v2/arm_code/install/arm_config:/home/lukevizzini/arm_v3/arm_code/install/arm_teleop:/home/lukevizzini/arm_v3/arm_code/install/arm_pwm_bridge:/home/lukevizzini/arm_new_v2/arm_code/install/arm_teleop:/home/lukevizzini/arm_new_v2/arm_code/install/arm_pwm_bridge:/opt/ros/humble /usr/bin/cmake --build /home/lukevizzini/arm_v3/arm_code/build/arm_bringup -- -j8 -l8
[3.092s] DEBUG:colcon.colcon_core.event_handler.log_command:Invoking command in '/home/lukevizzini/arm_v3/arm_code/build/arm_teleop': PYTHONPATH=/home/lukevizzini/arm_v3/arm_code/build/arm_teleop/prefix_override:/usr/lib/python3/dist-packages/colcon_core/task/python/colcon_distutils_commands:/home/lukevizzini/arm_v3/arm_code/install/arm_teleop/lib/python3.10/site-packages:${PYTHONPATH} /usr/bin/python3 -W ignore:setup.py install is deprecated -W ignore:easy_install command is deprecated setup.py develop --editable --build-directory /home/lukevizzini/arm_v3/arm_code/build/arm_teleop/build --no-deps symlink_data
[3.096s] DEBUG:colcon.colcon_core.event_handler.log_command:Invoking command in '/home/lukevizzini/arm_v3/arm_code/build/arm_pwm_bridge': PYTHONPATH=/home/lukevizzini/arm_v3/arm_code/build/arm_pwm_bridge/prefix_override:/usr/lib/python3/dist-packages/colcon_core/task/python/colcon_distutils_commands:/home/lukevizzini/arm_v3/arm_code/install/arm_pwm_bridge/lib/python3.10/site-packages:${PYTHONPATH} /usr/bin/python3 -W ignore:setup.py install is deprecated -W ignore:easy_install command is deprecated setup.py develop --editable --build-directory /home/lukevizzini/arm_v3/arm_code/build/arm_pwm_bridge/build --no-deps symlink_data
[3.151s] DEBUG:colcon.colcon_core.event_handler.log_command:Invoked command in '/home/lukevizzini/arm_v3/arm_code/build/arm_bringup' returned '0': CMAKE_PREFIX_PATH=/home/lukevizzini/arm_v3/arm_code/install/arm_description:/home/lukevizzini/arm_v3/arm_code/install/arm_config:/home/lukevizzini/arm_v3/arm_code/install/arm_launch:/home/lukevizzini/arm_v3/arm_code/install/arm_bringup:/home/lukevizzini/arm_new_v2/arm_code/install/arm_launch:/home/lukevizzini/arm_new_v2/arm_code/install/arm_bringup:/home/lukevizzini/arm_new_v2/arm_code/install/arm_description:/home/lukevizzini/arm_new_v2/arm_code/install/arm_config:/home/lukevizzini/arm_v3/arm_code/install/arm_teleop:/home/lukevizzini/arm_v3/arm_code/install/arm_pwm_bridge:/home/lukevizzini/arm_new_v2/arm_code/install/arm_teleop:/home/lukevizzini/arm_new_v2/arm_code/install/arm_pwm_bridge:/opt/ros/humble /usr/bin/cmake --build /home/lukevizzini/arm_v3/arm_code/build/arm_bringup -- -j8 -l8
[3.155s] DEBUG:colcon.colcon_core.event_handler.log_command:Invoking command in '/home/lukevizzini/arm_v3/arm_code/build/arm_bringup': CMAKE_PREFIX_PATH=/home/lukevizzini/arm_v3/arm_code/install/arm_description:/home/lukevizzini/arm_v3/arm_code/install/arm_config:/home/lukevizzini/arm_v3/arm_code/install/arm_launch:/home/lukevizzini/arm_v3/arm_code/install/arm_bringup:/home/lukevizzini/arm_new_v2/arm_code/install/arm_launch:/home/lukevizzini/arm_new_v2/arm_code/install/arm_bringup:/home/lukevizzini/arm_new_v2/arm_code/install/arm_description:/home/lukevizzini/arm_new_v2/arm_code/install/arm_config:/home/lukevizzini/arm_v3/arm_code/install/arm_teleop:/home/lukevizzini/arm_v3/arm_code/install/arm_pwm_bridge:/home/lukevizzini/arm_new_v2/arm_code/install/arm_teleop:/home/lukevizzini/arm_new_v2/arm_code/install/arm_pwm_bridge:/opt/ros/humble /usr/bin/cmake --install /home/lukevizzini/arm_v3/arm_code/build/arm_bringup
[3.194s] Level 1:colcon.colcon_core.environment:create_environment_scripts_only(arm_bringup)
[3.195s] Level 1:colcon.colcon_core.environment:checking '/home/lukevizzini/arm_v3/arm_code/install/arm_bringup' for CMake module files
[3.197s] DEBUG:colcon.colcon_core.event_handler.log_command:Invoked command in '/home/lukevizzini/arm_v3/arm_code/build/arm_bringup' returned '0': CMAKE_PREFIX_PATH=/home/lukevizzini/arm_v3/arm_code/install/arm_description:/home/lukevizzini/arm_v3/arm_code/install/arm_config:/home/lukevizzini/arm_v3/arm_code/install/arm_launch:/home/lukevizzini/arm_v3/arm_code/install/arm_bringup:/home/lukevizzini/arm_new_v2/arm_code/install/arm_launch:/home/lukevizzini/arm_new_v2/arm_code/install/arm_bringup:/home/lukevizzini/arm_new_v2/arm_code/install/arm_description:/home/lukevizzini/arm_new_v2/arm_code/install/arm_config:/home/lukevizzini/arm_v3/arm_code/install/arm_teleop:/home/lukevizzini/arm_v3/arm_code/install/arm_pwm_bridge:/home/lukevizzini/arm_new_v2/arm_code/install/arm_teleop:/home/lukevizzini/arm_new_v2/arm_code/install/arm_pwm_bridge:/opt/ros/humble /usr/bin/cmake --install /home/lukevizzini/arm_v3/arm_code/build/arm_bringup
[3.197s] Level 1:colcon.colcon_core.environment:checking '/home/lukevizzini/arm_v3/arm_code/install/arm_bringup' for CMake config files
[3.198s] Level 1:colcon.colcon_core.shell:create_environment_hook('arm_bringup', 'cmake_prefix_path')
[3.198s] INFO:colcon.colcon_core.shell:Creating environment hook '/home/lukevizzini/arm_v3/arm_code/install/arm_bringup/share/arm_bringup/hook/cmake_prefix_path.ps1'
[3.199s] INFO:colcon.colcon_core.shell:Creating environment descriptor '/home/lukevizzini/arm_v3/arm_code/install/arm_bringup/share/arm_bringup/hook/cmake_prefix_path.dsv'
[3.200s] INFO:colcon.colcon_core.shell:Creating environment hook '/home/lukevizzini/arm_v3/arm_code/install/arm_bringup/share/arm_bringup/hook/cmake_prefix_path.sh'
[3.201s] Level 1:colcon.colcon_core.environment:checking '/home/lukevizzini/arm_v3/arm_code/install/arm_bringup/bin'
[3.201s] Level 1:colcon.colcon_core.environment:checking '/home/lukevizzini/arm_v3/arm_code/install/arm_bringup/lib/pkgconfig/arm_bringup.pc'
[3.201s] Level 1:colcon.colcon_core.environment:checking '/home/lukevizzini/arm_v3/arm_code/install/arm_bringup/lib/python3.10/site-packages'
[3.202s] Level 1:colcon.colcon_core.environment:checking '/home/lukevizzini/arm_v3/arm_code/install/arm_bringup/bin'
[3.203s] INFO:colcon.colcon_core.shell:Creating package script '/home/lukevizzini/arm_v3/arm_code/install/arm_bringup/share/arm_bringup/package.ps1'
[3.204s] INFO:colcon.colcon_core.shell:Creating package descriptor '/home/lukevizzini/arm_v3/arm_code/install/arm_bringup/share/arm_bringup/package.dsv'
[3.205s] INFO:colcon.colcon_core.shell:Creating package script '/home/lukevizzini/arm_v3/arm_code/install/arm_bringup/share/arm_bringup/package.sh'
[3.206s] INFO:colcon.colcon_core.shell:Creating package script '/home/lukevizzini/arm_v3/arm_code/install/arm_bringup/share/arm_bringup/package.bash'
[3.207s] INFO:colcon.colcon_core.shell:Creating package script '/home/lukevizzini/arm_v3/arm_code/install/arm_bringup/share/arm_bringup/package.zsh'
[3.207s] Level 1:colcon.colcon_core.environment:create_file_with_runtime_dependencies(/home/lukevizzini/arm_v3/arm_code/install/arm_bringup/share/colcon-core/packages/arm_bringup)
[3.208s] Level 1:colcon.colcon_core.environment:create_environment_scripts_only(arm_bringup)
[3.209s] Level 1:colcon.colcon_core.environment:checking '/home/lukevizzini/arm_v3/arm_code/install/arm_bringup' for CMake module files
[3.209s] Level 1:colcon.colcon_core.environment:checking '/home/lukevizzini/arm_v3/arm_code/install/arm_bringup' for CMake config files
[3.210s] Level 1:colcon.colcon_core.shell:create_environment_hook('arm_bringup', 'cmake_prefix_path')
[3.210s] INFO:colcon.colcon_core.shell:Creating environment hook '/home/lukevizzini/arm_v3/arm_code/install/arm_bringup/share/arm_bringup/hook/cmake_prefix_path.ps1'
[3.212s] INFO:colcon.colcon_core.shell:Creating environment descriptor '/home/lukevizzini/arm_v3/arm_code/install/arm_bringup/share/arm_bringup/hook/cmake_prefix_path.dsv'
[3.213s] INFO:colcon.colcon_core.shell:Creating environment hook '/home/lukevizzini/arm_v3/arm_code/install/arm_bringup/share/arm_bringup/hook/cmake_prefix_path.sh'
[3.215s] Level 1:colcon.colcon_core.environment:checking '/home/lukevizzini/arm_v3/arm_code/install/arm_bringup/bin'
[3.215s] Level 1:colcon.colcon_core.environment:checking '/home/lukevizzini/arm_v3/arm_code/install/arm_bringup/lib/pkgconfig/arm_bringup.pc'
[3.215s] Level 1:colcon.colcon_core.environment:checking '/home/lukevizzini/arm_v3/arm_code/install/arm_bringup/lib/python3.10/site-packages'
[3.216s] Level 1:colcon.colcon_core.environment:checking '/home/lukevizzini/arm_v3/arm_code/install/arm_bringup/bin'
[3.216s] INFO:colcon.colcon_core.shell:Creating package script '/home/lukevizzini/arm_v3/arm_code/install/arm_bringup/share/arm_bringup/package.ps1'
[3.217s] INFO:colcon.colcon_core.shell:Creating package descriptor '/home/lukevizzini/arm_v3/arm_code/install/arm_bringup/share/arm_bringup/package.dsv'
[3.218s] INFO:colcon.colcon_core.shell:Creating package script '/home/lukevizzini/arm_v3/arm_code/install/arm_bringup/share/arm_bringup/package.sh'
[3.219s] INFO:colcon.colcon_core.shell:Creating package script '/home/lukevizzini/arm_v3/arm_code/install/arm_bringup/share/arm_bringup/package.bash'
[3.220s] INFO:colcon.colcon_core.shell:Creating package script '/home/lukevizzini/arm_v3/arm_code/install/arm_bringup/share/arm_bringup/package.zsh'
[3.221s] Level 1:colcon.colcon_core.environment:create_file_with_runtime_dependencies(/home/lukevizzini/arm_v3/arm_code/install/arm_bringup/share/colcon-core/packages/arm_bringup)
[4.149s] Level 1:colcon.colcon_core.shell:create_environment_hook('arm_teleop', 'pythonpath_develop')
[4.150s] INFO:colcon.colcon_core.shell:Creating environment hook '/home/lukevizzini/arm_v3/arm_code/build/arm_teleop/share/arm_teleop/hook/pythonpath_develop.ps1'
[4.152s] DEBUG:colcon.colcon_core.event_handler.log_command:Invoked command in '/home/lukevizzini/arm_v3/arm_code/build/arm_teleop' returned '0': PYTHONPATH=/home/lukevizzini/arm_v3/arm_code/build/arm_teleop/prefix_override:/usr/lib/python3/dist-packages/colcon_core/task/python/colcon_distutils_commands:/home/lukevizzini/arm_v3/arm_code/install/arm_teleop/lib/python3.10/site-packages:${PYTHONPATH} /usr/bin/python3 -W ignore:setup.py install is deprecated -W ignore:easy_install command is deprecated setup.py develop --editable --build-directory /home/lukevizzini/arm_v3/arm_code/build/arm_teleop/build --no-deps symlink_data
[4.152s] INFO:colcon.colcon_core.shell:Creating environment descriptor '/home/lukevizzini/arm_v3/arm_code/build/arm_teleop/share/arm_teleop/hook/pythonpath_develop.dsv'
[4.153s] INFO:colcon.colcon_core.shell:Creating environment hook '/home/lukevizzini/arm_v3/arm_code/build/arm_teleop/share/arm_teleop/hook/pythonpath_develop.sh'
[4.154s] Level 1:colcon.colcon_core.environment:checking '/home/lukevizzini/arm_v3/arm_code/install/arm_teleop' for CMake module files
[4.154s] Level 1:colcon.colcon_core.environment:checking '/home/lukevizzini/arm_v3/arm_code/install/arm_teleop' for CMake config files
[4.155s] Level 1:colcon.colcon_core.environment:checking '/home/lukevizzini/arm_v3/arm_code/install/arm_teleop/lib'
[4.156s] Level 1:colcon.colcon_core.environment:checking '/home/lukevizzini/arm_v3/arm_code/install/arm_teleop/bin'
[4.156s] Level 1:colcon.colcon_core.environment:checking '/home/lukevizzini/arm_v3/arm_code/install/arm_teleop/lib/pkgconfig/arm_teleop.pc'
[4.156s] Level 1:colcon.colcon_core.environment:checking '/home/lukevizzini/arm_v3/arm_code/install/arm_teleop/lib/python3.10/site-packages'
[4.156s] Level 1:colcon.colcon_core.shell:create_environment_hook('arm_teleop', 'pythonpath')
[4.157s] INFO:colcon.colcon_core.shell:Creating environment hook '/home/lukevizzini/arm_v3/arm_code/install/arm_teleop/share/arm_teleop/hook/pythonpath.ps1'
[4.157s] INFO:colcon.colcon_core.shell:Creating environment descriptor '/home/lukevizzini/arm_v3/arm_code/install/arm_teleop/share/arm_teleop/hook/pythonpath.dsv'
[4.158s] INFO:colcon.colcon_core.shell:Creating environment hook '/home/lukevizzini/arm_v3/arm_code/install/arm_teleop/share/arm_teleop/hook/pythonpath.sh'
[4.159s] Level 1:colcon.colcon_core.environment:checking '/home/lukevizzini/arm_v3/arm_code/install/arm_teleop/bin'
[4.160s] Level 1:colcon.colcon_core.environment:create_environment_scripts_only(arm_teleop)
[4.161s] INFO:colcon.colcon_core.shell:Creating package script '/home/lukevizzini/arm_v3/arm_code/install/arm_teleop/share/arm_teleop/package.ps1'
[4.162s] INFO:colcon.colcon_core.shell:Creating package descriptor '/home/lukevizzini/arm_v3/arm_code/install/arm_teleop/share/arm_teleop/package.dsv'
[4.163s] INFO:colcon.colcon_core.shell:Creating package script '/home/lukevizzini/arm_v3/arm_code/install/arm_teleop/share/arm_teleop/package.sh'
[4.164s] INFO:colcon.colcon_core.shell:Creating package script '/home/lukevizzini/arm_v3/arm_code/install/arm_teleop/share/arm_teleop/package.bash'
[4.164s] INFO:colcon.colcon_core.shell:Creating package script '/home/lukevizzini/arm_v3/arm_code/install/arm_teleop/share/arm_teleop/package.zsh'
[4.165s] Level 1:colcon.colcon_core.environment:create_file_with_runtime_dependencies(/home/lukevizzini/arm_v3/arm_code/install/arm_teleop/share/colcon-core/packages/arm_teleop)
[4.169s] Level 1:colcon.colcon_core.shell:create_environment_hook('arm_pwm_bridge', 'pythonpath_develop')
[4.170s] DEBUG:colcon.colcon_core.event_handler.log_command:Invoked command in '/home/lukevizzini/arm_v3/arm_code/build/arm_pwm_bridge' returned '0': PYTHONPATH=/home/lukevizzini/arm_v3/arm_code/build/arm_pwm_bridge/prefix_override:/usr/lib/python3/dist-packages/colcon_core/task/python/colcon_distutils_commands:/home/lukevizzini/arm_v3/arm_code/install/arm_pwm_bridge/lib/python3.10/site-packages:${PYTHONPATH} /usr/bin/python3 -W ignore:setup.py install is deprecated -W ignore:easy_install command is deprecated setup.py develop --editable --build-directory /home/lukevizzini/arm_v3/arm_code/build/arm_pwm_bridge/build --no-deps symlink_data
[4.170s] INFO:colcon.colcon_core.shell:Creating environment hook '/home/lukevizzini/arm_v3/arm_code/build/arm_pwm_bridge/share/arm_pwm_bridge/hook/pythonpath_develop.ps1'
[4.172s] INFO:colcon.colcon_core.shell:Creating environment descriptor '/home/lukevizzini/arm_v3/arm_code/build/arm_pwm_bridge/share/arm_pwm_bridge/hook/pythonpath_develop.dsv'
[4.173s] INFO:colcon.colcon_core.shell:Creating environment hook '/home/lukevizzini/arm_v3/arm_code/build/arm_pwm_bridge/share/arm_pwm_bridge/hook/pythonpath_develop.sh'
[4.174s] Level 1:colcon.colcon_core.environment:checking '/home/lukevizzini/arm_v3/arm_code/install/arm_pwm_bridge' for CMake module files
[4.175s] Level 1:colcon.colcon_core.environment:checking '/home/lukevizzini/arm_v3/arm_code/install/arm_pwm_bridge' for CMake config files
[4.176s] Level 1:colcon.colcon_core.environment:checking '/home/lukevizzini/arm_v3/arm_code/install/arm_pwm_bridge/lib'
[4.176s] Level 1:colcon.colcon_core.environment:checking '/home/lukevizzini/arm_v3/arm_code/install/arm_pwm_bridge/bin'
[4.176s] Level 1:colcon.colcon_core.environment:checking '/home/lukevizzini/arm_v3/arm_code/install/arm_pwm_bridge/lib/pkgconfig/arm_pwm_bridge.pc'
[4.176s] Level 1:colcon.colcon_core.environment:checking '/home/lukevizzini/arm_v3/arm_code/install/arm_pwm_bridge/lib/python3.10/site-packages'
[4.177s] Level 1:colcon.colcon_core.shell:create_environment_hook('arm_pwm_bridge', 'pythonpath')
[4.177s] INFO:colcon.colcon_core.shell:Creating environment hook '/home/lukevizzini/arm_v3/arm_code/install/arm_pwm_bridge/share/arm_pwm_bridge/hook/pythonpath.ps1'
[4.179s] INFO:colcon.colcon_core.shell:Creating environment descriptor '/home/lukevizzini/arm_v3/arm_code/install/arm_pwm_bridge/share/arm_pwm_bridge/hook/pythonpath.dsv'
[4.180s] INFO:colcon.colcon_core.shell:Creating environment hook '/home/lukevizzini/arm_v3/arm_code/install/arm_pwm_bridge/share/arm_pwm_bridge/hook/pythonpath.sh'
[4.182s] Level 1:colcon.colcon_core.environment:checking '/home/lukevizzini/arm_v3/arm_code/install/arm_pwm_bridge/bin'
[4.182s] Level 1:colcon.colcon_core.environment:create_environment_scripts_only(arm_pwm_bridge)
[4.183s] INFO:colcon.colcon_core.shell:Creating package script '/home/lukevizzini/arm_v3/arm_code/install/arm_pwm_bridge/share/arm_pwm_bridge/package.ps1'
[4.184s] INFO:colcon.colcon_core.shell:Creating package descriptor '/home/lukevizzini/arm_v3/arm_code/install/arm_pwm_bridge/share/arm_pwm_bridge/package.dsv'
[4.185s] INFO:colcon.colcon_core.shell:Creating package script '/home/lukevizzini/arm_v3/arm_code/install/arm_pwm_bridge/share/arm_pwm_bridge/package.sh'
[4.187s] INFO:colcon.colcon_core.shell:Creating package script '/home/lukevizzini/arm_v3/arm_code/install/arm_pwm_bridge/share/arm_pwm_bridge/package.bash'
[4.188s] INFO:colcon.colcon_core.shell:Creating package script '/home/lukevizzini/arm_v3/arm_code/install/arm_pwm_bridge/share/arm_pwm_bridge/package.zsh'
[4.190s] Level 1:colcon.colcon_core.environment:create_file_with_runtime_dependencies(/home/lukevizzini/arm_v3/arm_code/install/arm_pwm_bridge/share/colcon-core/packages/arm_pwm_bridge)
[4.191s] INFO:colcon.colcon_ros.task.ament_cmake.build:Building ROS package in '/home/lukevizzini/arm_v3/arm_code/src/launch' with build type 'ament_cmake'
[4.192s] INFO:colcon.colcon_cmake.task.cmake.build:Building CMake package in '/home/lukevizzini/arm_v3/arm_code/src/launch'
[4.193s] INFO:colcon.colcon_core.shell:Skip shell extension 'powershell' for command environment: Not usable outside of PowerShell
[4.194s] DEBUG:colcon.colcon_core.shell:Skip shell extension 'dsv' for command environment
[5.813s] DEBUG:colcon.colcon_core.event_handler.log_command:Invoking command in '/home/lukevizzini/arm_v3/arm_code/build/arm_launch': AMENT_PREFIX_PATH=/home/lukevizzini/arm_v3/arm_code/install/arm_teleop:/home/lukevizzini/arm_v3/arm_code/install/arm_pwm_bridge:/home/lukevizzini/arm_v3/arm_code/install/arm_launch:/home/lukevizzini/arm_v3/arm_code/install/arm_bringup:/home/lukevizzini/arm_v3/arm_code/install/arm_description:/home/lukevizzini/arm_v3/arm_code/install/arm_config:/home/lukevizzini/arm_new_v2/arm_code/install/arm_launch:/home/lukevizzini/arm_new_v2/arm_code/install/arm_teleop:/home/lukevizzini/arm_new_v2/arm_code/install/arm_pwm_bridge:/home/lukevizzini/arm_new_v2/arm_code/install/arm_bringup:/home/lukevizzini/arm_new_v2/arm_code/install/arm_description:/home/lukevizzini/arm_new_v2/arm_code/install/arm_config:/opt/ros/humble CMAKE_PREFIX_PATH=/home/lukevizzini/arm_v3/arm_code/install/arm_bringup:/home/lukevizzini/arm_v3/arm_code/install/arm_description:/home/lukevizzini/arm_v3/arm_code/install/arm_config:/home/lukevizzini/arm_v3/arm_code/install/arm_launch:/home/lukevizzini/arm_new_v2/arm_code/install/arm_launch:/home/lukevizzini/arm_new_v2/arm_code/install/arm_bringup:/home/lukevizzini/arm_new_v2/arm_code/install/arm_description:/home/lukevizzini/arm_new_v2/arm_code/install/arm_config:/home/lukevizzini/arm_v3/arm_code/install/arm_teleop:/home/lukevizzini/arm_v3/arm_code/install/arm_pwm_bridge:/home/lukevizzini/arm_new_v2/arm_code/install/arm_teleop:/home/lukevizzini/arm_new_v2/arm_code/install/arm_pwm_bridge:/opt/ros/humble PYTHONPATH=/home/lukevizzini/arm_v3/arm_code/build/arm_teleop:/home/lukevizzini/arm_v3/arm_code/install/arm_teleop/lib/python3.10/site-packages:/home/lukevizzini/arm_v3/arm_code/build/arm_pwm_bridge:/home/lukevizzini/arm_v3/arm_code/install/arm_pwm_bridge/lib/python3.10/site-packages:/home/lukevizzini/arm_new_v2/arm_code/build/arm_teleop:/home/lukevizzini/arm_new_v2/arm_code/install/arm_teleop/lib/python3.10/site-packages:/home/lukevizzini/arm_new_v2/arm_code/build/arm_pwm_bridge:/home/lukevizzini/arm_new_v2/arm_code/install/arm_pwm_bridge/lib/python3.10/site-packages:/opt/ros/humble/lib/python3.10/site-packages:/opt/ros/humble/local/lib/python3.10/dist-packages /usr/bin/cmake --build /home/lukevizzini/arm_v3/arm_code/build/arm_launch -- -j8 -l8
[5.878s] DEBUG:colcon.colcon_core.event_handler.log_command:Invoked command in '/home/lukevizzini/arm_v3/arm_code/build/arm_launch' returned '0': AMENT_PREFIX_PATH=/home/lukevizzini/arm_v3/arm_code/install/arm_teleop:/home/lukevizzini/arm_v3/arm_code/install/arm_pwm_bridge:/home/lukevizzini/arm_v3/arm_code/install/arm_launch:/home/lukevizzini/arm_v3/arm_code/install/arm_bringup:/home/lukevizzini/arm_v3/arm_code/install/arm_description:/home/lukevizzini/arm_v3/arm_code/install/arm_config:/home/lukevizzini/arm_new_v2/arm_code/install/arm_launch:/home/lukevizzini/arm_new_v2/arm_code/install/arm_teleop:/home/lukevizzini/arm_new_v2/arm_code/install/arm_pwm_bridge:/home/lukevizzini/arm_new_v2/arm_code/install/arm_bringup:/home/lukevizzini/arm_new_v2/arm_code/install/arm_description:/home/lukevizzini/arm_new_v2/arm_code/install/arm_config:/opt/ros/humble CMAKE_PREFIX_PATH=/home/lukevizzini/arm_v3/arm_code/install/arm_bringup:/home/lukevizzini/arm_v3/arm_code/install/arm_description:/home/lukevizzini/arm_v3/arm_code/install/arm_config:/home/lukevizzini/arm_v3/arm_code/install/arm_launch:/home/lukevizzini/arm_new_v2/arm_code/install/arm_launch:/home/lukevizzini/arm_new_v2/arm_code/install/arm_bringup:/home/lukevizzini/arm_new_v2/arm_code/install/arm_description:/home/lukevizzini/arm_new_v2/arm_code/install/arm_config:/home/lukevizzini/arm_v3/arm_code/install/arm_teleop:/home/lukevizzini/arm_v3/arm_code/install/arm_pwm_bridge:/home/lukevizzini/arm_new_v2/arm_code/install/arm_teleop:/home/lukevizzini/arm_new_v2/arm_code/install/arm_pwm_bridge:/opt/ros/humble PYTHONPATH=/home/lukevizzini/arm_v3/arm_code/build/arm_teleop:/home/lukevizzini/arm_v3/arm_code/install/arm_teleop/lib/python3.10/site-packages:/home/lukevizzini/arm_v3/arm_code/build/arm_pwm_bridge:/home/lukevizzini/arm_v3/arm_code/install/arm_pwm_bridge/lib/python3.10/site-packages:/home/lukevizzini/arm_new_v2/arm_code/build/arm_teleop:/home/lukevizzini/arm_new_v2/arm_code/install/arm_teleop/lib/python3.10/site-packages:/home/lukevizzini/arm_new_v2/arm_code/build/arm_pwm_bridge:/home/lukevizzini/arm_new_v2/arm_code/install/arm_pwm_bridge/lib/python3.10/site-packages:/opt/ros/humble/lib/python3.10/site-packages:/opt/ros/humble/local/lib/python3.10/dist-packages /usr/bin/cmake --build /home/lukevizzini/arm_v3/arm_code/build/arm_launch -- -j8 -l8
[5.883s] DEBUG:colcon.colcon_core.event_handler.log_command:Invoking command in '/home/lukevizzini/arm_v3/arm_code/build/arm_launch': AMENT_PREFIX_PATH=/home/lukevizzini/arm_v3/arm_code/install/arm_teleop:/home/lukevizzini/arm_v3/arm_code/install/arm_pwm_bridge:/home/lukevizzini/arm_v3/arm_code/install/arm_launch:/home/lukevizzini/arm_v3/arm_code/install/arm_bringup:/home/lukevizzini/arm_v3/arm_code/install/arm_description:/home/lukevizzini/arm_v3/arm_code/install/arm_config:/home/lukevizzini/arm_new_v2/arm_code/install/arm_launch:/home/lukevizzini/arm_new_v2/arm_code/install/arm_teleop:/home/lukevizzini/arm_new_v2/arm_code/install/arm_pwm_bridge:/home/lukevizzini/arm_new_v2/arm_code/install/arm_bringup:/home/lukevizzini/arm_new_v2/arm_code/install/arm_description:/home/lukevizzini/arm_new_v2/arm_code/install/arm_config:/opt/ros/humble CMAKE_PREFIX_PATH=/home/lukevizzini/arm_v3/arm_code/install/arm_bringup:/home/lukevizzini/arm_v3/arm_code/install/arm_description:/home/lukevizzini/arm_v3/arm_code/install/arm_config:/home/lukevizzini/arm_v3/arm_code/install/arm_launch:/home/lukevizzini/arm_new_v2/arm_code/install/arm_launch:/home/lukevizzini/arm_new_v2/arm_code/install/arm_bringup:/home/lukevizzini/arm_new_v2/arm_code/install/arm_description:/home/lukevizzini/arm_new_v2/arm_code/install/arm_config:/home/lukevizzini/arm_v3/arm_code/install/arm_teleop:/home/lukevizzini/arm_v3/arm_code/install/arm_pwm_bridge:/home/lukevizzini/arm_new_v2/arm_code/install/arm_teleop:/home/lukevizzini/arm_new_v2/arm_code/install/arm_pwm_bridge:/opt/ros/humble PYTHONPATH=/home/lukevizzini/arm_v3/arm_code/build/arm_teleop:/home/lukevizzini/arm_v3/arm_code/install/arm_teleop/lib/python3.10/site-packages:/home/lukevizzini/arm_v3/arm_code/build/arm_pwm_bridge:/home/lukevizzini/arm_v3/arm_code/install/arm_pwm_bridge/lib/python3.10/site-packages:/home/lukevizzini/arm_new_v2/arm_code/build/arm_teleop:/home/lukevizzini/arm_new_v2/arm_code/install/arm_teleop/lib/python3.10/site-packages:/home/lukevizzini/arm_new_v2/arm_code/build/arm_pwm_bridge:/home/lukevizzini/arm_new_v2/arm_code/install/arm_pwm_bridge/lib/python3.10/site-packages:/opt/ros/humble/lib/python3.10/site-packages:/opt/ros/humble/local/lib/python3.10/dist-packages /usr/bin/cmake --install /home/lukevizzini/arm_v3/arm_code/build/arm_launch
[5.922s] Level 1:colcon.colcon_core.environment:create_environment_scripts_only(arm_launch)
[5.923s] Level 1:colcon.colcon_core.environment:checking '/home/lukevizzini/arm_v3/arm_code/install/arm_launch' for CMake module files
[5.924s] DEBUG:colcon.colcon_core.event_handler.log_command:Invoked command in '/home/lukevizzini/arm_v3/arm_code/build/arm_launch' returned '0': AMENT_PREFIX_PATH=/home/lukevizzini/arm_v3/arm_code/install/arm_teleop:/home/lukevizzini/arm_v3/arm_code/install/arm_pwm_bridge:/home/lukevizzini/arm_v3/arm_code/install/arm_launch:/home/lukevizzini/arm_v3/arm_code/install/arm_bringup:/home/lukevizzini/arm_v3/arm_code/install/arm_description:/home/lukevizzini/arm_v3/arm_code/install/arm_config:/home/lukevizzini/arm_new_v2/arm_code/install/arm_launch:/home/lukevizzini/arm_new_v2/arm_code/install/arm_teleop:/home/lukevizzini/arm_new_v2/arm_code/install/arm_pwm_bridge:/home/lukevizzini/arm_new_v2/arm_code/install/arm_bringup:/home/lukevizzini/arm_new_v2/arm_code/install/arm_description:/home/lukevizzini/arm_new_v2/arm_code/install/arm_config:/opt/ros/humble CMAKE_PREFIX_PATH=/home/lukevizzini/arm_v3/arm_code/install/arm_bringup:/home/lukevizzini/arm_v3/arm_code/install/arm_description:/home/lukevizzini/arm_v3/arm_code/install/arm_config:/home/lukevizzini/arm_v3/arm_code/install/arm_launch:/home/lukevizzini/arm_new_v2/arm_code/install/arm_launch:/home/lukevizzini/arm_new_v2/arm_code/install/arm_bringup:/home/lukevizzini/arm_new_v2/arm_code/install/arm_description:/home/lukevizzini/arm_new_v2/arm_code/install/arm_config:/home/lukevizzini/arm_v3/arm_code/install/arm_teleop:/home/lukevizzini/arm_v3/arm_code/install/arm_pwm_bridge:/home/lukevizzini/arm_new_v2/arm_code/install/arm_teleop:/home/lukevizzini/arm_new_v2/arm_code/install/arm_pwm_bridge:/opt/ros/humble PYTHONPATH=/home/lukevizzini/arm_v3/arm_code/build/arm_teleop:/home/lukevizzini/arm_v3/arm_code/install/arm_teleop/lib/python3.10/site-packages:/home/lukevizzini/arm_v3/arm_code/build/arm_pwm_bridge:/home/lukevizzini/arm_v3/arm_code/install/arm_pwm_bridge/lib/python3.10/site-packages:/home/lukevizzini/arm_new_v2/arm_code/build/arm_teleop:/home/lukevizzini/arm_new_v2/arm_code/install/arm_teleop/lib/python3.10/site-packages:/home/lukevizzini/arm_new_v2/arm_code/build/arm_pwm_bridge:/home/lukevizzini/arm_new_v2/arm_code/install/arm_pwm_bridge/lib/python3.10/site-packages:/opt/ros/humble/lib/python3.10/site-packages:/opt/ros/humble/local/lib/python3.10/dist-packages /usr/bin/cmake --install /home/lukevizzini/arm_v3/arm_code/build/arm_launch
[5.925s] Level 1:colcon.colcon_core.environment:checking '/home/lukevizzini/arm_v3/arm_code/install/arm_launch' for CMake config files
[5.926s] Level 1:colcon.colcon_core.shell:create_environment_hook('arm_launch', 'cmake_prefix_path')
[5.926s] INFO:colcon.colcon_core.shell:Creating environment hook '/home/lukevizzini/arm_v3/arm_code/install/arm_launch/share/arm_launch/hook/cmake_prefix_path.ps1'
[5.927s] INFO:colcon.colcon_core.shell:Creating environment descriptor '/home/lukevizzini/arm_v3/arm_code/install/arm_launch/share/arm_launch/hook/cmake_prefix_path.dsv'
[5.928s] INFO:colcon.colcon_core.shell:Creating environment hook '/home/lukevizzini/arm_v3/arm_code/install/arm_launch/share/arm_launch/hook/cmake_prefix_path.sh'
[5.929s] Level 1:colcon.colcon_core.environment:checking '/home/lukevizzini/arm_v3/arm_code/install/arm_launch/bin'
[5.929s] Level 1:colcon.colcon_core.environment:checking '/home/lukevizzini/arm_v3/arm_code/install/arm_launch/lib/pkgconfig/arm_launch.pc'
[5.930s] Level 1:colcon.colcon_core.environment:checking '/home/lukevizzini/arm_v3/arm_code/install/arm_launch/lib/python3.10/site-packages'
[5.931s] Level 1:colcon.colcon_core.environment:checking '/home/lukevizzini/arm_v3/arm_code/install/arm_launch/bin'
[5.932s] INFO:colcon.colcon_core.shell:Creating package script '/home/lukevizzini/arm_v3/arm_code/install/arm_launch/share/arm_launch/package.ps1'
[5.934s] INFO:colcon.colcon_core.shell:Creating package descriptor '/home/lukevizzini/arm_v3/arm_code/install/arm_launch/share/arm_launch/package.dsv'
[5.936s] INFO:colcon.colcon_core.shell:Creating package script '/home/lukevizzini/arm_v3/arm_code/install/arm_launch/share/arm_launch/package.sh'
[5.937s] INFO:colcon.colcon_core.shell:Creating package script '/home/lukevizzini/arm_v3/arm_code/install/arm_launch/share/arm_launch/package.bash'
[5.938s] INFO:colcon.colcon_core.shell:Creating package script '/home/lukevizzini/arm_v3/arm_code/install/arm_launch/share/arm_launch/package.zsh'
[5.939s] Level 1:colcon.colcon_core.environment:create_file_with_runtime_dependencies(/home/lukevizzini/arm_v3/arm_code/install/arm_launch/share/colcon-core/packages/arm_launch)
[5.940s] Level 1:colcon.colcon_core.environment:create_environment_scripts_only(arm_launch)
[5.941s] Level 1:colcon.colcon_core.environment:checking '/home/lukevizzini/arm_v3/arm_code/install/arm_launch' for CMake module files
[5.942s] Level 1:colcon.colcon_core.environment:checking '/home/lukevizzini/arm_v3/arm_code/install/arm_launch' for CMake config files
[5.943s] Level 1:colcon.colcon_core.shell:create_environment_hook('arm_launch', 'cmake_prefix_path')
[5.943s] INFO:colcon.colcon_core.shell:Creating environment hook '/home/lukevizzini/arm_v3/arm_code/install/arm_launch/share/arm_launch/hook/cmake_prefix_path.ps1'
[5.945s] INFO:colcon.colcon_core.shell:Creating environment descriptor '/home/lukevizzini/arm_v3/arm_code/install/arm_launch/share/arm_launch/hook/cmake_prefix_path.dsv'
[5.946s] INFO:colcon.colcon_core.shell:Creating environment hook '/home/lukevizzini/arm_v3/arm_code/install/arm_launch/share/arm_launch/hook/cmake_prefix_path.sh'
[5.948s] Level 1:colcon.colcon_core.environment:checking '/home/lukevizzini/arm_v3/arm_code/install/arm_launch/bin'
[5.948s] Level 1:colcon.colcon_core.environment:checking '/home/lukevizzini/arm_v3/arm_code/install/arm_launch/lib/pkgconfig/arm_launch.pc'
[5.949s] Level 1:colcon.colcon_core.environment:checking '/home/lukevizzini/arm_v3/arm_code/install/arm_launch/lib/python3.10/site-packages'
[5.949s] Level 1:colcon.colcon_core.environment:checking '/home/lukevizzini/arm_v3/arm_code/install/arm_launch/bin'
[5.950s] INFO:colcon.colcon_core.shell:Creating package script '/home/lukevizzini/arm_v3/arm_code/install/arm_launch/share/arm_launch/package.ps1'
[5.952s] INFO:colcon.colcon_core.shell:Creating package descriptor '/home/lukevizzini/arm_v3/arm_code/install/arm_launch/share/arm_launch/package.dsv'
[5.954s] INFO:colcon.colcon_core.shell:Creating package script '/home/lukevizzini/arm_v3/arm_code/install/arm_launch/share/arm_launch/package.sh'
[5.956s] INFO:colcon.colcon_core.shell:Creating package script '/home/lukevizzini/arm_v3/arm_code/install/arm_launch/share/arm_launch/package.bash'
[5.958s] INFO:colcon.colcon_core.shell:Creating package script '/home/lukevizzini/arm_v3/arm_code/install/arm_launch/share/arm_launch/package.zsh'
[5.960s] Level 1:colcon.colcon_core.environment:create_file_with_runtime_dependencies(/home/lukevizzini/arm_v3/arm_code/install/arm_launch/share/colcon-core/packages/arm_launch)
[5.961s] DEBUG:colcon.colcon_parallel_executor.executor.parallel:closing loop
[5.962s] DEBUG:colcon.colcon_parallel_executor.executor.parallel:loop closed
[5.963s] DEBUG:colcon.colcon_parallel_executor.executor.parallel:run_until_complete finished with '0'
[5.963s] DEBUG:colcon.colcon_core.event_reactor:joining thread
[6.204s] INFO:colcon.colcon_core.plugin_system:Skipping extension 'colcon_notification.desktop_notification.notify_send': Could not find 'notify-send'
[6.204s] INFO:colcon.colcon_core.plugin_system:Skipping extension 'colcon_notification.desktop_notification.terminal_notifier': Not used on non-Darwin systems
[6.204s] INFO:colcon.colcon_core.plugin_system:Skipping extension 'colcon_notification.desktop_notification.win32': Not used on non-Windows systems
[6.205s] INFO:colcon.colcon_notification.desktop_notification:Sending desktop notification using 'notify2'
[6.209s] DEBUG:colcon.colcon_notification.desktop_notification.notify2:Failed to initialize notify2: org.freedesktop.DBus.Error.ServiceUnknown: The name org.freedesktop.Notifications was not provided by any .service files
[6.209s] DEBUG:colcon.colcon_core.event_reactor:joined thread
[6.211s] INFO:colcon.colcon_core.shell:Creating prefix script '/home/lukevizzini/arm_v3/arm_code/install/local_setup.ps1'
[6.215s] INFO:colcon.colcon_core.shell:Creating prefix util module '/home/lukevizzini/arm_v3/arm_code/install/_local_setup_util_ps1.py'
[6.220s] INFO:colcon.colcon_core.shell:Creating prefix chain script '/home/lukevizzini/arm_v3/arm_code/install/setup.ps1'
[6.227s] INFO:colcon.colcon_core.shell:Creating prefix script '/home/lukevizzini/arm_v3/arm_code/install/local_setup.sh'
[6.229s] INFO:colcon.colcon_core.shell:Creating prefix util module '/home/lukevizzini/arm_v3/arm_code/install/_local_setup_util_sh.py'
[6.231s] INFO:colcon.colcon_core.shell:Creating prefix chain script '/home/lukevizzini/arm_v3/arm_code/install/setup.sh'
[6.235s] INFO:colcon.colcon_core.shell:Creating prefix script '/home/lukevizzini/arm_v3/arm_code/install/local_setup.bash'
[6.237s] INFO:colcon.colcon_core.shell:Creating prefix chain script '/home/lukevizzini/arm_v3/arm_code/install/setup.bash'
[6.240s] INFO:colcon.colcon_core.shell:Creating prefix script '/home/lukevizzini/arm_v3/arm_code/install/local_setup.zsh'
[6.242s] INFO:colcon.colcon_core.shell:Creating prefix chain script '/home/lukevizzini/arm_v3/arm_code/install/setup.zsh'
