[0.100s] Invoking command in '/home/lukevizzini/arm_v3/arm_code/build/arm_bringup': CMAKE_PREFIX_PATH=/home/lukevizzini/arm_v3/arm_code/install/arm_description:/home/lukevizzini/arm_v3/arm_code/install/arm_config:/home/lukevizzini/arm_new_v2/arm_code/install/arm_launch:/home/lukevizzini/arm_new_v2/arm_code/install/arm_bringup:/home/lukevizzini/arm_new_v2/arm_code/install/arm_description:/home/lukevizzini/arm_new_v2/arm_code/install/arm_config:/home/lukevizzini/arm_v3/arm_code/install/arm_launch:/home/lukevizzini/arm_v3/arm_code/install/arm_bringup:/home/lukevizzini/arm_new_v2/arm_code/install/arm_teleop:/home/lukevizzini/arm_new_v2/arm_code/install/arm_pwm_bridge:/home/lukevizzini/arm_v3/arm_code/install/arm_teleop:/home/lukevizzini/arm_v3/arm_code/install/arm_pwm_bridge:/opt/ros/humble /usr/bin/cmake /home/lukevizzini/arm_v3/arm_code/src/bringup -DCMAKE_INSTALL_PREFIX=/home/lukevizzini/arm_v3/arm_code/install/arm_bringup
[0.116s] -- Found ament_cmake: 1.3.11 (/opt/ros/humble/share/ament_cmake/cmake)
[0.245s] -- Override CMake install command with custom implementation using symlinks instead of copying resources
[0.321s] -- Configuring done
[0.324s] -- Generating done
[0.325s] -- Build files have been written to: /home/lukevizzini/arm_v3/arm_code/build/arm_bringup
[0.328s] Invoked command in '/home/lukevizzini/arm_v3/arm_code/build/arm_bringup' returned '0': CMAKE_PREFIX_PATH=/home/lukevizzini/arm_v3/arm_code/install/arm_description:/home/lukevizzini/arm_v3/arm_code/install/arm_config:/home/lukevizzini/arm_new_v2/arm_code/install/arm_launch:/home/lukevizzini/arm_new_v2/arm_code/install/arm_bringup:/home/lukevizzini/arm_new_v2/arm_code/install/arm_description:/home/lukevizzini/arm_new_v2/arm_code/install/arm_config:/home/lukevizzini/arm_v3/arm_code/install/arm_launch:/home/lukevizzini/arm_v3/arm_code/install/arm_bringup:/home/lukevizzini/arm_new_v2/arm_code/install/arm_teleop:/home/lukevizzini/arm_new_v2/arm_code/install/arm_pwm_bridge:/home/lukevizzini/arm_v3/arm_code/install/arm_teleop:/home/lukevizzini/arm_v3/arm_code/install/arm_pwm_bridge:/opt/ros/humble /usr/bin/cmake /home/lukevizzini/arm_v3/arm_code/src/bringup -DCMAKE_INSTALL_PREFIX=/home/lukevizzini/arm_v3/arm_code/install/arm_bringup
[0.330s] Invoking command in '/home/lukevizzini/arm_v3/arm_code/build/arm_bringup': CMAKE_PREFIX_PATH=/home/lukevizzini/arm_v3/arm_code/install/arm_description:/home/lukevizzini/arm_v3/arm_code/install/arm_config:/home/lukevizzini/arm_new_v2/arm_code/install/arm_launch:/home/lukevizzini/arm_new_v2/arm_code/install/arm_bringup:/home/lukevizzini/arm_new_v2/arm_code/install/arm_description:/home/lukevizzini/arm_new_v2/arm_code/install/arm_config:/home/lukevizzini/arm_v3/arm_code/install/arm_launch:/home/lukevizzini/arm_v3/arm_code/install/arm_bringup:/home/lukevizzini/arm_new_v2/arm_code/install/arm_teleop:/home/lukevizzini/arm_new_v2/arm_code/install/arm_pwm_bridge:/home/lukevizzini/arm_v3/arm_code/install/arm_teleop:/home/lukevizzini/arm_v3/arm_code/install/arm_pwm_bridge:/opt/ros/humble /usr/bin/cmake --build /home/lukevizzini/arm_v3/arm_code/build/arm_bringup -- -j8 -l8
[0.373s] Invoked command in '/home/lukevizzini/arm_v3/arm_code/build/arm_bringup' returned '0': CMAKE_PREFIX_PATH=/home/lukevizzini/arm_v3/arm_code/install/arm_description:/home/lukevizzini/arm_v3/arm_code/install/arm_config:/home/lukevizzini/arm_new_v2/arm_code/install/arm_launch:/home/lukevizzini/arm_new_v2/arm_code/install/arm_bringup:/home/lukevizzini/arm_new_v2/arm_code/install/arm_description:/home/lukevizzini/arm_new_v2/arm_code/install/arm_config:/home/lukevizzini/arm_v3/arm_code/install/arm_launch:/home/lukevizzini/arm_v3/arm_code/install/arm_bringup:/home/lukevizzini/arm_new_v2/arm_code/install/arm_teleop:/home/lukevizzini/arm_new_v2/arm_code/install/arm_pwm_bridge:/home/lukevizzini/arm_v3/arm_code/install/arm_teleop:/home/lukevizzini/arm_v3/arm_code/install/arm_pwm_bridge:/opt/ros/humble /usr/bin/cmake --build /home/lukevizzini/arm_v3/arm_code/build/arm_bringup -- -j8 -l8
[0.377s] Invoking command in '/home/lukevizzini/arm_v3/arm_code/build/arm_bringup': CMAKE_PREFIX_PATH=/home/lukevizzini/arm_v3/arm_code/install/arm_description:/home/lukevizzini/arm_v3/arm_code/install/arm_config:/home/lukevizzini/arm_new_v2/arm_code/install/arm_launch:/home/lukevizzini/arm_new_v2/arm_code/install/arm_bringup:/home/lukevizzini/arm_new_v2/arm_code/install/arm_description:/home/lukevizzini/arm_new_v2/arm_code/install/arm_config:/home/lukevizzini/arm_v3/arm_code/install/arm_launch:/home/lukevizzini/arm_v3/arm_code/install/arm_bringup:/home/lukevizzini/arm_new_v2/arm_code/install/arm_teleop:/home/lukevizzini/arm_new_v2/arm_code/install/arm_pwm_bridge:/home/lukevizzini/arm_v3/arm_code/install/arm_teleop:/home/lukevizzini/arm_v3/arm_code/install/arm_pwm_bridge:/opt/ros/humble /usr/bin/cmake --install /home/lukevizzini/arm_v3/arm_code/build/arm_bringup
[0.386s] -- Install configuration: ""
[0.386s] -- Execute custom install script
[0.387s] -- Up-to-date symlink: /home/lukevizzini/arm_v3/arm_code/install/arm_bringup/share/arm_bringup/launch/ros2_control.launch.py
[0.387s] -- Up-to-date symlink: /home/lukevizzini/arm_v3/arm_code/install/arm_bringup/share/ament_index/resource_index/package_run_dependencies/arm_bringup
[0.388s] -- Up-to-date symlink: /home/lukevizzini/arm_v3/arm_code/install/arm_bringup/share/ament_index/resource_index/parent_prefix_path/arm_bringup
[0.391s] -- Up-to-date symlink: /home/lukevizzini/arm_v3/arm_code/install/arm_bringup/share/arm_bringup/environment/ament_prefix_path.sh
[0.392s] -- Up-to-date symlink: /home/lukevizzini/arm_v3/arm_code/install/arm_bringup/share/arm_bringup/environment/ament_prefix_path.dsv
[0.393s] -- Up-to-date symlink: /home/lukevizzini/arm_v3/arm_code/install/arm_bringup/share/arm_bringup/environment/path.sh
[0.393s] -- Up-to-date symlink: /home/lukevizzini/arm_v3/arm_code/install/arm_bringup/share/arm_bringup/environment/path.dsv
[0.393s] -- Up-to-date symlink: /home/lukevizzini/arm_v3/arm_code/install/arm_bringup/share/arm_bringup/local_setup.bash
[0.393s] -- Up-to-date symlink: /home/lukevizzini/arm_v3/arm_code/install/arm_bringup/share/arm_bringup/local_setup.sh
[0.393s] -- Up-to-date symlink: /home/lukevizzini/arm_v3/arm_code/install/arm_bringup/share/arm_bringup/local_setup.zsh
[0.394s] -- Up-to-date symlink: /home/lukevizzini/arm_v3/arm_code/install/arm_bringup/share/arm_bringup/local_setup.dsv
[0.395s] -- Symlinking: /home/lukevizzini/arm_v3/arm_code/install/arm_bringup/share/arm_bringup/package.dsv
[0.403s] -- Up-to-date symlink: /home/lukevizzini/arm_v3/arm_code/install/arm_bringup/share/ament_index/resource_index/packages/arm_bringup
[0.404s] -- Up-to-date symlink: /home/lukevizzini/arm_v3/arm_code/install/arm_bringup/share/arm_bringup/cmake/arm_bringupConfig.cmake
[0.404s] -- Up-to-date symlink: /home/lukevizzini/arm_v3/arm_code/install/arm_bringup/share/arm_bringup/cmake/arm_bringupConfig-version.cmake
[0.404s] -- Up-to-date symlink: /home/lukevizzini/arm_v3/arm_code/install/arm_bringup/share/arm_bringup/package.xml
[0.407s] Invoked command in '/home/lukevizzini/arm_v3/arm_code/build/arm_bringup' returned '0': CMAKE_PREFIX_PATH=/home/lukevizzini/arm_v3/arm_code/install/arm_description:/home/lukevizzini/arm_v3/arm_code/install/arm_config:/home/lukevizzini/arm_new_v2/arm_code/install/arm_launch:/home/lukevizzini/arm_new_v2/arm_code/install/arm_bringup:/home/lukevizzini/arm_new_v2/arm_code/install/arm_description:/home/lukevizzini/arm_new_v2/arm_code/install/arm_config:/home/lukevizzini/arm_v3/arm_code/install/arm_launch:/home/lukevizzini/arm_v3/arm_code/install/arm_bringup:/home/lukevizzini/arm_new_v2/arm_code/install/arm_teleop:/home/lukevizzini/arm_new_v2/arm_code/install/arm_pwm_bridge:/home/lukevizzini/arm_v3/arm_code/install/arm_teleop:/home/lukevizzini/arm_v3/arm_code/install/arm_pwm_bridge:/opt/ros/humble /usr/bin/cmake --install /home/lukevizzini/arm_v3/arm_code/build/arm_bringup
