[0.361s] Invoking command in '/home/lukevizzini/arm_new/arm_code/build/arm_bringup': CMAKE_PREFIX_PATH=/home/lukevizzini/arm_new/arm_code/install/arm_description:/home/lukevizzini/arm_new/arm_code/install/arm_config:/home/lukevizzini/arm_new/arm_code/install/arm_launch:/home/lukevizzini/arm_new/arm_code/install/arm_bringup:/home/lukevizzini/arm_new/arm_code/install/arm_teleop:/home/lukevizzini/arm_new/arm_code/install/arm_pwm_bridge:/opt/ros/humble /usr/bin/cmake --build /home/lukevizzini/arm_new/arm_code/build/arm_bringup -- -j8 -l8
[0.413s] -- Found ament_cmake: 1.3.11 (/opt/ros/humble/share/ament_cmake/cmake)
[0.683s] -- Override CMake install command with custom implementation using symlinks instead of copying resources
[0.867s] -- Configuring done
[0.882s] -- Generating done
[0.888s] -- Build files have been written to: /home/lukevizzini/arm_new/arm_code/build/arm_bringup
[0.949s] Invoked command in '/home/lukevizzini/arm_new/arm_code/build/arm_bringup' returned '0': CMAKE_PREFIX_PATH=/home/lukevizzini/arm_new/arm_code/install/arm_description:/home/lukevizzini/arm_new/arm_code/install/arm_config:/home/lukevizzini/arm_new/arm_code/install/arm_launch:/home/lukevizzini/arm_new/arm_code/install/arm_bringup:/home/lukevizzini/arm_new/arm_code/install/arm_teleop:/home/lukevizzini/arm_new/arm_code/install/arm_pwm_bridge:/opt/ros/humble /usr/bin/cmake --build /home/lukevizzini/arm_new/arm_code/build/arm_bringup -- -j8 -l8
[0.956s] Invoking command in '/home/lukevizzini/arm_new/arm_code/build/arm_bringup': CMAKE_PREFIX_PATH=/home/lukevizzini/arm_new/arm_code/install/arm_description:/home/lukevizzini/arm_new/arm_code/install/arm_config:/home/lukevizzini/arm_new/arm_code/install/arm_launch:/home/lukevizzini/arm_new/arm_code/install/arm_bringup:/home/lukevizzini/arm_new/arm_code/install/arm_teleop:/home/lukevizzini/arm_new/arm_code/install/arm_pwm_bridge:/opt/ros/humble /usr/bin/cmake --install /home/lukevizzini/arm_new/arm_code/build/arm_bringup
[0.978s] -- Install configuration: ""
[0.980s] -- Execute custom install script
[0.985s] -- Up-to-date symlink: /home/lukevizzini/arm_new/arm_code/install/arm_bringup/share/arm_bringup/launch/ros2_control.launch.py
[0.986s] -- Up-to-date symlink: /home/lukevizzini/arm_new/arm_code/install/arm_bringup/share/ament_index/resource_index/package_run_dependencies/arm_bringup
[0.989s] -- Up-to-date symlink: /home/lukevizzini/arm_new/arm_code/install/arm_bringup/share/ament_index/resource_index/parent_prefix_path/arm_bringup
[0.992s] -- Up-to-date symlink: /home/lukevizzini/arm_new/arm_code/install/arm_bringup/share/arm_bringup/environment/ament_prefix_path.sh
[0.994s] -- Up-to-date symlink: /home/lukevizzini/arm_new/arm_code/install/arm_bringup/share/arm_bringup/environment/ament_prefix_path.dsv
[0.995s] -- Up-to-date symlink: /home/lukevizzini/arm_new/arm_code/install/arm_bringup/share/arm_bringup/environment/path.sh
[0.997s] -- Up-to-date symlink: /home/lukevizzini/arm_new/arm_code/install/arm_bringup/share/arm_bringup/environment/path.dsv
[0.999s] -- Up-to-date symlink: /home/lukevizzini/arm_new/arm_code/install/arm_bringup/share/arm_bringup/local_setup.bash
[1.001s] -- Up-to-date symlink: /home/lukevizzini/arm_new/arm_code/install/arm_bringup/share/arm_bringup/local_setup.sh
[1.002s] -- Up-to-date symlink: /home/lukevizzini/arm_new/arm_code/install/arm_bringup/share/arm_bringup/local_setup.zsh
[1.005s] -- Up-to-date symlink: /home/lukevizzini/arm_new/arm_code/install/arm_bringup/share/arm_bringup/local_setup.dsv
[1.005s] -- Symlinking: /home/lukevizzini/arm_new/arm_code/install/arm_bringup/share/arm_bringup/package.dsv
[1.038s] -- Up-to-date symlink: /home/lukevizzini/arm_new/arm_code/install/arm_bringup/share/ament_index/resource_index/packages/arm_bringup
[1.041s] -- Up-to-date symlink: /home/lukevizzini/arm_new/arm_code/install/arm_bringup/share/arm_bringup/cmake/arm_bringupConfig.cmake
[1.041s] -- Up-to-date symlink: /home/lukevizzini/arm_new/arm_code/install/arm_bringup/share/arm_bringup/cmake/arm_bringupConfig-version.cmake
[1.042s] -- Up-to-date symlink: /home/lukevizzini/arm_new/arm_code/install/arm_bringup/share/arm_bringup/package.xml
[1.047s] Invoked command in '/home/lukevizzini/arm_new/arm_code/build/arm_bringup' returned '0': CMAKE_PREFIX_PATH=/home/lukevizzini/arm_new/arm_code/install/arm_description:/home/lukevizzini/arm_new/arm_code/install/arm_config:/home/lukevizzini/arm_new/arm_code/install/arm_launch:/home/lukevizzini/arm_new/arm_code/install/arm_bringup:/home/lukevizzini/arm_new/arm_code/install/arm_teleop:/home/lukevizzini/arm_new/arm_code/install/arm_pwm_bridge:/opt/ros/humble /usr/bin/cmake --install /home/lukevizzini/arm_new/arm_code/build/arm_bringup
