[0.099s] Invoking command in '/home/lukevizzini/arm_new/arm_code/build/arm_description': CMAKE_PREFIX_PATH=/home/lukevizzini/arm_new/arm_code/install/arm_config:/home/lukevizzini/arm_new_v2/arm_code/install/arm_launch:/home/lukevizzini/arm_new_v2/arm_code/install/arm_bringup:/home/lukevizzini/arm_new_v2/arm_code/install/arm_description:/home/lukevizzini/arm_new_v2/arm_code/install/arm_config:/home/lukevizzini/arm_new/arm_code/install/arm_launch:/home/lukevizzini/arm_new/arm_code/install/arm_bringup:/home/lukevizzini/arm_new/arm_code/install/arm_description:/home/lukevizzini/arm_new_v2/arm_code/install/arm_teleop:/home/lukevizzini/arm_new_v2/arm_code/install/arm_pwm_bridge:/home/lukevizzini/arm_new/arm_code/install/arm_teleop:/home/lukevizzini/arm_new/arm_code/install/arm_pwm_bridge:/opt/ros/humble /usr/bin/cmake --build /home/lukevizzini/arm_new/arm_code/build/arm_description -- -j8 -l8
[0.150s] Invoked command in '/home/lukevizzini/arm_new/arm_code/build/arm_description' returned '0': CMAKE_PREFIX_PATH=/home/lukevizzini/arm_new/arm_code/install/arm_config:/home/lukevizzini/arm_new_v2/arm_code/install/arm_launch:/home/lukevizzini/arm_new_v2/arm_code/install/arm_bringup:/home/lukevizzini/arm_new_v2/arm_code/install/arm_description:/home/lukevizzini/arm_new_v2/arm_code/install/arm_config:/home/lukevizzini/arm_new/arm_code/install/arm_launch:/home/lukevizzini/arm_new/arm_code/install/arm_bringup:/home/lukevizzini/arm_new/arm_code/install/arm_description:/home/lukevizzini/arm_new_v2/arm_code/install/arm_teleop:/home/lukevizzini/arm_new_v2/arm_code/install/arm_pwm_bridge:/home/lukevizzini/arm_new/arm_code/install/arm_teleop:/home/lukevizzini/arm_new/arm_code/install/arm_pwm_bridge:/opt/ros/humble /usr/bin/cmake --build /home/lukevizzini/arm_new/arm_code/build/arm_description -- -j8 -l8
[0.153s] Invoking command in '/home/lukevizzini/arm_new/arm_code/build/arm_description': CMAKE_PREFIX_PATH=/home/lukevizzini/arm_new/arm_code/install/arm_config:/home/lukevizzini/arm_new_v2/arm_code/install/arm_launch:/home/lukevizzini/arm_new_v2/arm_code/install/arm_bringup:/home/lukevizzini/arm_new_v2/arm_code/install/arm_description:/home/lukevizzini/arm_new_v2/arm_code/install/arm_config:/home/lukevizzini/arm_new/arm_code/install/arm_launch:/home/lukevizzini/arm_new/arm_code/install/arm_bringup:/home/lukevizzini/arm_new/arm_code/install/arm_description:/home/lukevizzini/arm_new_v2/arm_code/install/arm_teleop:/home/lukevizzini/arm_new_v2/arm_code/install/arm_pwm_bridge:/home/lukevizzini/arm_new/arm_code/install/arm_teleop:/home/lukevizzini/arm_new/arm_code/install/arm_pwm_bridge:/opt/ros/humble /usr/bin/cmake --install /home/lukevizzini/arm_new/arm_code/build/arm_description
[0.161s] -- Install configuration: ""
[0.163s] -- Execute custom install script
[0.164s] -- Up-to-date symlink: /home/lukevizzini/arm_new/arm_code/install/arm_description/share/arm_description/urdf/four_dof_arm.urdf.xacro
[0.165s] -- Up-to-date symlink: /home/lukevizzini/arm_new/arm_code/install/arm_description/share/arm_description/urdf/ros2_control.xacro
[0.166s] -- Up-to-date symlink: /home/lukevizzini/arm_new/arm_code/install/arm_description/share/arm_description/meshes/Link.STL
[0.167s] -- Up-to-date symlink: /home/lukevizzini/arm_new/arm_code/install/arm_description/share/arm_description/meshes/base_placeholder.stl
[0.167s] -- Up-to-date symlink: /home/lukevizzini/arm_new/arm_code/install/arm_description/share/arm_description/meshes/ee_placeholder.stl
[0.168s] -- Up-to-date symlink: /home/lukevizzini/arm_new/arm_code/install/arm_description/share/arm_description/meshes/link1_placeholder.stl
[0.168s] -- Up-to-date symlink: /home/lukevizzini/arm_new/arm_code/install/arm_description/share/arm_description/meshes/link2_placeholder.stl
[0.169s] -- Up-to-date symlink: /home/lukevizzini/arm_new/arm_code/install/arm_description/share/arm_description/meshes/link3_placeholder.stl
[0.170s] -- Up-to-date symlink: /home/lukevizzini/arm_new/arm_code/install/arm_description/share/arm_description/meshes/link4_placeholder.stl
[0.170s] -- Up-to-date symlink: /home/lukevizzini/arm_new/arm_code/install/arm_description/share/ament_index/resource_index/package_run_dependencies/arm_description
[0.171s] -- Up-to-date symlink: /home/lukevizzini/arm_new/arm_code/install/arm_description/share/ament_index/resource_index/parent_prefix_path/arm_description
[0.172s] -- Up-to-date symlink: /home/lukevizzini/arm_new/arm_code/install/arm_description/share/arm_description/environment/ament_prefix_path.sh
[0.172s] -- Up-to-date symlink: /home/lukevizzini/arm_new/arm_code/install/arm_description/share/arm_description/environment/ament_prefix_path.dsv
[0.173s] -- Up-to-date symlink: /home/lukevizzini/arm_new/arm_code/install/arm_description/share/arm_description/environment/path.sh
[0.174s] -- Up-to-date symlink: /home/lukevizzini/arm_new/arm_code/install/arm_description/share/arm_description/environment/path.dsv
[0.174s] -- Up-to-date symlink: /home/lukevizzini/arm_new/arm_code/install/arm_description/share/arm_description/local_setup.bash
[0.175s] -- Up-to-date symlink: /home/lukevizzini/arm_new/arm_code/install/arm_description/share/arm_description/local_setup.sh
[0.175s] -- Up-to-date symlink: /home/lukevizzini/arm_new/arm_code/install/arm_description/share/arm_description/local_setup.zsh
[0.176s] -- Up-to-date symlink: /home/lukevizzini/arm_new/arm_code/install/arm_description/share/arm_description/local_setup.dsv
[0.176s] -- Symlinking: /home/lukevizzini/arm_new/arm_code/install/arm_description/share/arm_description/package.dsv
[0.188s] -- Up-to-date symlink: /home/lukevizzini/arm_new/arm_code/install/arm_description/share/ament_index/resource_index/packages/arm_description
[0.189s] -- Up-to-date symlink: /home/lukevizzini/arm_new/arm_code/install/arm_description/share/arm_description/cmake/arm_descriptionConfig.cmake
[0.190s] -- Up-to-date symlink: /home/lukevizzini/arm_new/arm_code/install/arm_description/share/arm_description/cmake/arm_descriptionConfig-version.cmake
[0.190s] -- Up-to-date symlink: /home/lukevizzini/arm_new/arm_code/install/arm_description/share/arm_description/package.xml
[0.193s] Invoked command in '/home/lukevizzini/arm_new/arm_code/build/arm_description' returned '0': CMAKE_PREFIX_PATH=/home/lukevizzini/arm_new/arm_code/install/arm_config:/home/lukevizzini/arm_new_v2/arm_code/install/arm_launch:/home/lukevizzini/arm_new_v2/arm_code/install/arm_bringup:/home/lukevizzini/arm_new_v2/arm_code/install/arm_description:/home/lukevizzini/arm_new_v2/arm_code/install/arm_config:/home/lukevizzini/arm_new/arm_code/install/arm_launch:/home/lukevizzini/arm_new/arm_code/install/arm_bringup:/home/lukevizzini/arm_new/arm_code/install/arm_description:/home/lukevizzini/arm_new_v2/arm_code/install/arm_teleop:/home/lukevizzini/arm_new_v2/arm_code/install/arm_pwm_bridge:/home/lukevizzini/arm_new/arm_code/install/arm_teleop:/home/lukevizzini/arm_new/arm_code/install/arm_pwm_bridge:/opt/ros/humble /usr/bin/cmake --install /home/lukevizzini/arm_new/arm_code/build/arm_description
