[0.142s] Invoking command in '/home/lukevizzini/arm_new/arm_code/build/arm_bringup': CMAKE_PREFIX_PATH=/home/lukevizzini/arm_new/arm_code/install/arm_description:/home/lukevizzini/arm_new/arm_code/install/arm_config:/home/lukevizzini/arm_new/arm_code/install/arm_launch:/home/lukevizzini/arm_new/arm_code/install/arm_bringup:/home/lukevizzini/arm_new/arm_code/install/arm_teleop:/home/lukevizzini/arm_new/arm_code/install/arm_pwm_bridge:/opt/ros/humble /usr/bin/cmake --build /home/lukevizzini/arm_new/arm_code/build/arm_bringup -- -j8 -l8
[0.177s] Invoked command in '/home/lukevizzini/arm_new/arm_code/build/arm_bringup' returned '0': CMAKE_PREFIX_PATH=/home/lukevizzini/arm_new/arm_code/install/arm_description:/home/lukevizzini/arm_new/arm_code/install/arm_config:/home/lukevizzini/arm_new/arm_code/install/arm_launch:/home/lukevizzini/arm_new/arm_code/install/arm_bringup:/home/lukevizzini/arm_new/arm_code/install/arm_teleop:/home/lukevizzini/arm_new/arm_code/install/arm_pwm_bridge:/opt/ros/humble /usr/bin/cmake --build /home/lukevizzini/arm_new/arm_code/build/arm_bringup -- -j8 -l8
[0.180s] Invoking command in '/home/lukevizzini/arm_new/arm_code/build/arm_bringup': CMAKE_PREFIX_PATH=/home/lukevizzini/arm_new/arm_code/install/arm_description:/home/lukevizzini/arm_new/arm_code/install/arm_config:/home/lukevizzini/arm_new/arm_code/install/arm_launch:/home/lukevizzini/arm_new/arm_code/install/arm_bringup:/home/lukevizzini/arm_new/arm_code/install/arm_teleop:/home/lukevizzini/arm_new/arm_code/install/arm_pwm_bridge:/opt/ros/humble /usr/bin/cmake --install /home/lukevizzini/arm_new/arm_code/build/arm_bringup
[0.187s] -- Install configuration: ""
[0.188s] -- Execute custom install script
[0.189s] -- Up-to-date symlink: /home/lukevizzini/arm_new/arm_code/install/arm_bringup/share/arm_bringup/launch/ros2_control.launch.py
[0.189s] -- Up-to-date symlink: /home/lukevizzini/arm_new/arm_code/install/arm_bringup/share/ament_index/resource_index/package_run_dependencies/arm_bringup
[0.190s] -- Up-to-date symlink: /home/lukevizzini/arm_new/arm_code/install/arm_bringup/share/ament_index/resource_index/parent_prefix_path/arm_bringup
[0.191s] -- Up-to-date symlink: /home/lukevizzini/arm_new/arm_code/install/arm_bringup/share/arm_bringup/environment/ament_prefix_path.sh
[0.192s] -- Up-to-date symlink: /home/lukevizzini/arm_new/arm_code/install/arm_bringup/share/arm_bringup/environment/ament_prefix_path.dsv
[0.192s] -- Up-to-date symlink: /home/lukevizzini/arm_new/arm_code/install/arm_bringup/share/arm_bringup/environment/path.sh
[0.192s] -- Up-to-date symlink: /home/lukevizzini/arm_new/arm_code/install/arm_bringup/share/arm_bringup/environment/path.dsv
[0.193s] -- Up-to-date symlink: /home/lukevizzini/arm_new/arm_code/install/arm_bringup/share/arm_bringup/local_setup.bash
[0.193s] -- Up-to-date symlink: /home/lukevizzini/arm_new/arm_code/install/arm_bringup/share/arm_bringup/local_setup.sh
[0.193s] -- Up-to-date symlink: /home/lukevizzini/arm_new/arm_code/install/arm_bringup/share/arm_bringup/local_setup.zsh
[0.194s] -- Up-to-date symlink: /home/lukevizzini/arm_new/arm_code/install/arm_bringup/share/arm_bringup/local_setup.dsv
[0.194s] -- Symlinking: /home/lukevizzini/arm_new/arm_code/install/arm_bringup/share/arm_bringup/package.dsv
[0.204s] -- Up-to-date symlink: /home/lukevizzini/arm_new/arm_code/install/arm_bringup/share/ament_index/resource_index/packages/arm_bringup
[0.204s] -- Up-to-date symlink: /home/lukevizzini/arm_new/arm_code/install/arm_bringup/share/arm_bringup/cmake/arm_bringupConfig.cmake
[0.205s] -- Up-to-date symlink: /home/lukevizzini/arm_new/arm_code/install/arm_bringup/share/arm_bringup/cmake/arm_bringupConfig-version.cmake
[0.205s] -- Up-to-date symlink: /home/lukevizzini/arm_new/arm_code/install/arm_bringup/share/arm_bringup/package.xml
[0.207s] Invoked command in '/home/lukevizzini/arm_new/arm_code/build/arm_bringup' returned '0': CMAKE_PREFIX_PATH=/home/lukevizzini/arm_new/arm_code/install/arm_description:/home/lukevizzini/arm_new/arm_code/install/arm_config:/home/lukevizzini/arm_new/arm_code/install/arm_launch:/home/lukevizzini/arm_new/arm_code/install/arm_bringup:/home/lukevizzini/arm_new/arm_code/install/arm_teleop:/home/lukevizzini/arm_new/arm_code/install/arm_pwm_bridge:/opt/ros/humble /usr/bin/cmake --install /home/lukevizzini/arm_new/arm_code/build/arm_bringup
