[0.173s] DEBUG:colcon:Command line arguments: ['/usr/bin/colcon', 'build', '--symlink-install']
[0.173s] DEBUG:colcon:Parsed command line arguments: Namespace(log_base=None, log_level=None, verb_name='build', build_base='build', install_base='install', merge_install=False, symlink_install=True, test_result_base=None, continue_on_error=False, executor='parallel', parallel_workers=8, event_handlers=None, ignore_user_meta=False, metas=['./colcon.meta'], base_paths=['.'], packages_ignore=None, packages_ignore_regex=None, paths=None, packages_up_to=None, packages_up_to_regex=None, packages_above=None, packages_above_and_dependencies=None, packages_above_depth=None, packages_select_by_dep=None, packages_skip_by_dep=None, packages_skip_up_to=None, packages_select_build_failed=False, packages_skip_build_finished=False, packages_select_test_failures=False, packages_skip_test_passed=False, packages_select=None, packages_skip=None, packages_select_regex=None, packages_skip_regex=None, packages_start=None, packages_end=None, allow_overriding=[], cmake_args=None, cmake_target=None, cmake_target_skip_unavailable=False, cmake_clean_cache=False, cmake_clean_first=False, cmake_force_configure=False, ament_cmake_args=None, catkin_cmake_args=None, catkin_skip_building_tests=False, verb_parser=<colcon_defaults.argument_parser.defaults.DefaultArgumentsDecorator object at 0x7012a0a69540>, verb_extension=<colcon_core.verb.build.BuildVerb object at 0x7012a0a690f0>, main=<bound method BuildVerb.main of <colcon_core.verb.build.BuildVerb object at 0x7012a0a690f0>>)
[0.304s] Level 1:colcon.colcon_core.package_discovery:discover_packages(colcon_meta) check parameters
[0.304s] Level 1:colcon.colcon_core.package_discovery:discover_packages(recursive) check parameters
[0.304s] Level 1:colcon.colcon_core.package_discovery:discover_packages(ignore) check parameters
[0.304s] Level 1:colcon.colcon_core.package_discovery:discover_packages(path) check parameters
[0.304s] Level 1:colcon.colcon_core.package_discovery:discover_packages(colcon_meta) discover
[0.304s] Level 1:colcon.colcon_core.package_discovery:discover_packages(recursive) discover
[0.304s] INFO:colcon.colcon_core.package_discovery:Crawling recursively for packages in '/home/lukevizzini/arm_new/arm_code'
[0.304s] Level 1:colcon.colcon_core.package_identification:_identify(.) by extensions ['ignore', 'ignore_ament_install']
[0.304s] Level 1:colcon.colcon_core.package_identification:_identify(.) by extension 'ignore'
[0.304s] Level 1:colcon.colcon_core.package_identification:_identify(.) by extension 'ignore_ament_install'
[0.304s] Level 1:colcon.colcon_core.package_identification:_identify(.) by extensions ['colcon_pkg']
[0.304s] Level 1:colcon.colcon_core.package_identification:_identify(.) by extension 'colcon_pkg'
[0.304s] Level 1:colcon.colcon_core.package_identification:_identify(.) by extensions ['colcon_meta']
[0.304s] Level 1:colcon.colcon_core.package_identification:_identify(.) by extension 'colcon_meta'
[0.304s] Level 1:colcon.colcon_core.package_identification:_identify(.) by extensions ['ros']
[0.304s] Level 1:colcon.colcon_core.package_identification:_identify(.) by extension 'ros'
[0.313s] Level 1:colcon.colcon_core.package_identification:_identify(.) by extensions ['cmake', 'python']
[0.313s] Level 1:colcon.colcon_core.package_identification:_identify(.) by extension 'cmake'
[0.313s] Level 1:colcon.colcon_core.package_identification:_identify(.) by extension 'python'
[0.313s] Level 1:colcon.colcon_core.package_identification:_identify(.) by extensions ['python_setup_py']
[0.313s] Level 1:colcon.colcon_core.package_identification:_identify(.) by extension 'python_setup_py'
[0.313s] Level 1:colcon.colcon_core.package_identification:_identify(build) by extensions ['ignore', 'ignore_ament_install']
[0.313s] Level 1:colcon.colcon_core.package_identification:_identify(build) by extension 'ignore'
[0.313s] Level 1:colcon.colcon_core.package_identification:_identify(build) ignored
[0.313s] Level 1:colcon.colcon_core.package_identification:_identify(install) by extensions ['ignore', 'ignore_ament_install']
[0.313s] Level 1:colcon.colcon_core.package_identification:_identify(install) by extension 'ignore'
[0.313s] Level 1:colcon.colcon_core.package_identification:_identify(install) ignored
[0.313s] Level 1:colcon.colcon_core.package_identification:_identify(log) by extensions ['ignore', 'ignore_ament_install']
[0.313s] Level 1:colcon.colcon_core.package_identification:_identify(log) by extension 'ignore'
[0.313s] Level 1:colcon.colcon_core.package_identification:_identify(log) ignored
[0.314s] Level 1:colcon.colcon_core.package_identification:_identify(src) by extensions ['ignore', 'ignore_ament_install']
[0.314s] Level 1:colcon.colcon_core.package_identification:_identify(src) by extension 'ignore'
[0.314s] Level 1:colcon.colcon_core.package_identification:_identify(src) by extension 'ignore_ament_install'
[0.314s] Level 1:colcon.colcon_core.package_identification:_identify(src) by extensions ['colcon_pkg']
[0.314s] Level 1:colcon.colcon_core.package_identification:_identify(src) by extension 'colcon_pkg'
[0.314s] Level 1:colcon.colcon_core.package_identification:_identify(src) by extensions ['colcon_meta']
[0.314s] Level 1:colcon.colcon_core.package_identification:_identify(src) by extension 'colcon_meta'
[0.314s] Level 1:colcon.colcon_core.package_identification:_identify(src) by extensions ['ros']
[0.314s] Level 1:colcon.colcon_core.package_identification:_identify(src) by extension 'ros'
[0.314s] Level 1:colcon.colcon_core.package_identification:_identify(src) by extensions ['cmake', 'python']
[0.314s] Level 1:colcon.colcon_core.package_identification:_identify(src) by extension 'cmake'
[0.314s] Level 1:colcon.colcon_core.package_identification:_identify(src) by extension 'python'
[0.314s] Level 1:colcon.colcon_core.package_identification:_identify(src) by extensions ['python_setup_py']
[0.314s] Level 1:colcon.colcon_core.package_identification:_identify(src) by extension 'python_setup_py'
[0.314s] Level 1:colcon.colcon_core.package_identification:_identify(src/bringup) by extensions ['ignore', 'ignore_ament_install']
[0.314s] Level 1:colcon.colcon_core.package_identification:_identify(src/bringup) by extension 'ignore'
[0.314s] Level 1:colcon.colcon_core.package_identification:_identify(src/bringup) by extension 'ignore_ament_install'
[0.314s] Level 1:colcon.colcon_core.package_identification:_identify(src/bringup) by extensions ['colcon_pkg']
[0.314s] Level 1:colcon.colcon_core.package_identification:_identify(src/bringup) by extension 'colcon_pkg'
[0.314s] Level 1:colcon.colcon_core.package_identification:_identify(src/bringup) by extensions ['colcon_meta']
[0.314s] Level 1:colcon.colcon_core.package_identification:_identify(src/bringup) by extension 'colcon_meta'
[0.314s] Level 1:colcon.colcon_core.package_identification:_identify(src/bringup) by extensions ['ros']
[0.314s] Level 1:colcon.colcon_core.package_identification:_identify(src/bringup) by extension 'ros'
[0.317s] DEBUG:colcon.colcon_core.package_identification:Package 'src/bringup' with type 'ros.ament_cmake' and name 'arm_bringup'
[0.318s] Level 1:colcon.colcon_core.package_identification:_identify(src/config) by extensions ['ignore', 'ignore_ament_install']
[0.318s] Level 1:colcon.colcon_core.package_identification:_identify(src/config) by extension 'ignore'
[0.318s] Level 1:colcon.colcon_core.package_identification:_identify(src/config) by extension 'ignore_ament_install'
[0.318s] Level 1:colcon.colcon_core.package_identification:_identify(src/config) by extensions ['colcon_pkg']
[0.318s] Level 1:colcon.colcon_core.package_identification:_identify(src/config) by extension 'colcon_pkg'
[0.318s] Level 1:colcon.colcon_core.package_identification:_identify(src/config) by extensions ['colcon_meta']
[0.318s] Level 1:colcon.colcon_core.package_identification:_identify(src/config) by extension 'colcon_meta'
[0.318s] Level 1:colcon.colcon_core.package_identification:_identify(src/config) by extensions ['ros']
[0.318s] Level 1:colcon.colcon_core.package_identification:_identify(src/config) by extension 'ros'
[0.319s] DEBUG:colcon.colcon_core.package_identification:Package 'src/config' with type 'ros.ament_cmake' and name 'arm_config'
[0.319s] Level 1:colcon.colcon_core.package_identification:_identify(src/description) by extensions ['ignore', 'ignore_ament_install']
[0.319s] Level 1:colcon.colcon_core.package_identification:_identify(src/description) by extension 'ignore'
[0.319s] Level 1:colcon.colcon_core.package_identification:_identify(src/description) by extension 'ignore_ament_install'
[0.319s] Level 1:colcon.colcon_core.package_identification:_identify(src/description) by extensions ['colcon_pkg']
[0.319s] Level 1:colcon.colcon_core.package_identification:_identify(src/description) by extension 'colcon_pkg'
[0.319s] Level 1:colcon.colcon_core.package_identification:_identify(src/description) by extensions ['colcon_meta']
[0.319s] Level 1:colcon.colcon_core.package_identification:_identify(src/description) by extension 'colcon_meta'
[0.319s] Level 1:colcon.colcon_core.package_identification:_identify(src/description) by extensions ['ros']
[0.319s] Level 1:colcon.colcon_core.package_identification:_identify(src/description) by extension 'ros'
[0.319s] DEBUG:colcon.colcon_core.package_identification:Package 'src/description' with type 'ros.ament_cmake' and name 'arm_description'
[0.320s] Level 1:colcon.colcon_core.package_identification:_identify(src/launch) by extensions ['ignore', 'ignore_ament_install']
[0.320s] Level 1:colcon.colcon_core.package_identification:_identify(src/launch) by extension 'ignore'
[0.320s] Level 1:colcon.colcon_core.package_identification:_identify(src/launch) by extension 'ignore_ament_install'
[0.320s] Level 1:colcon.colcon_core.package_identification:_identify(src/launch) by extensions ['colcon_pkg']
[0.320s] Level 1:colcon.colcon_core.package_identification:_identify(src/launch) by extension 'colcon_pkg'
[0.320s] Level 1:colcon.colcon_core.package_identification:_identify(src/launch) by extensions ['colcon_meta']
[0.320s] Level 1:colcon.colcon_core.package_identification:_identify(src/launch) by extension 'colcon_meta'
[0.320s] Level 1:colcon.colcon_core.package_identification:_identify(src/launch) by extensions ['ros']
[0.320s] Level 1:colcon.colcon_core.package_identification:_identify(src/launch) by extension 'ros'
[0.320s] DEBUG:colcon.colcon_core.package_identification:Package 'src/launch' with type 'ros.ament_cmake' and name 'arm_launch'
[0.321s] Level 1:colcon.colcon_core.package_identification:_identify(src/pwm_bridge) by extensions ['ignore', 'ignore_ament_install']
[0.321s] Level 1:colcon.colcon_core.package_identification:_identify(src/pwm_bridge) by extension 'ignore'
[0.321s] Level 1:colcon.colcon_core.package_identification:_identify(src/pwm_bridge) by extension 'ignore_ament_install'
[0.321s] Level 1:colcon.colcon_core.package_identification:_identify(src/pwm_bridge) by extensions ['colcon_pkg']
[0.321s] Level 1:colcon.colcon_core.package_identification:_identify(src/pwm_bridge) by extension 'colcon_pkg'
[0.321s] Level 1:colcon.colcon_core.package_identification:_identify(src/pwm_bridge) by extensions ['colcon_meta']
[0.321s] Level 1:colcon.colcon_core.package_identification:_identify(src/pwm_bridge) by extension 'colcon_meta'
[0.321s] Level 1:colcon.colcon_core.package_identification:_identify(src/pwm_bridge) by extensions ['ros']
[0.321s] Level 1:colcon.colcon_core.package_identification:_identify(src/pwm_bridge) by extension 'ros'
[0.321s] DEBUG:colcon.colcon_core.package_identification:Package 'src/pwm_bridge' with type 'ros.ament_python' and name 'arm_pwm_bridge'
[0.321s] Level 1:colcon.colcon_core.package_identification:_identify(src/teleop) by extensions ['ignore', 'ignore_ament_install']
[0.321s] Level 1:colcon.colcon_core.package_identification:_identify(src/teleop) by extension 'ignore'
[0.322s] Level 1:colcon.colcon_core.package_identification:_identify(src/teleop) by extension 'ignore_ament_install'
[0.322s] Level 1:colcon.colcon_core.package_identification:_identify(src/teleop) by extensions ['colcon_pkg']
[0.322s] Level 1:colcon.colcon_core.package_identification:_identify(src/teleop) by extension 'colcon_pkg'
[0.322s] Level 1:colcon.colcon_core.package_identification:_identify(src/teleop) by extensions ['colcon_meta']
[0.322s] Level 1:colcon.colcon_core.package_identification:_identify(src/teleop) by extension 'colcon_meta'
[0.322s] Level 1:colcon.colcon_core.package_identification:_identify(src/teleop) by extensions ['ros']
[0.322s] Level 1:colcon.colcon_core.package_identification:_identify(src/teleop) by extension 'ros'
[0.322s] DEBUG:colcon.colcon_core.package_identification:Package 'src/teleop' with type 'ros.ament_python' and name 'arm_teleop'
[0.322s] Level 1:colcon.colcon_core.package_discovery:discover_packages(recursive) using defaults
[0.322s] Level 1:colcon.colcon_core.package_discovery:discover_packages(ignore) discover
[0.322s] Level 1:colcon.colcon_core.package_discovery:discover_packages(ignore) using defaults
[0.322s] Level 1:colcon.colcon_core.package_discovery:discover_packages(path) discover
[0.322s] Level 1:colcon.colcon_core.package_discovery:discover_packages(path) using defaults
[0.351s] Level 1:colcon.colcon_core.package_discovery:discover_packages(prefix_path) check parameters
[0.351s] Level 1:colcon.colcon_core.package_discovery:discover_packages(prefix_path) discover
[0.353s] DEBUG:colcon.colcon_installed_package_information.package_discovery:Found 6 installed packages in /home/lukevizzini/arm_new/arm_code/install
[0.354s] DEBUG:colcon.colcon_installed_package_information.package_discovery:Found 418 installed packages in /opt/ros/humble
[0.355s] Level 1:colcon.colcon_core.package_discovery:discover_packages(prefix_path) using defaults
[0.393s] Level 5:colcon.colcon_core.verb:set package 'arm_config' build argument 'cmake_args' from command line to 'None'
[0.393s] Level 5:colcon.colcon_core.verb:set package 'arm_config' build argument 'cmake_target' from command line to 'None'
[0.393s] Level 5:colcon.colcon_core.verb:set package 'arm_config' build argument 'cmake_target_skip_unavailable' from command line to 'False'
[0.393s] Level 5:colcon.colcon_core.verb:set package 'arm_config' build argument 'cmake_clean_cache' from command line to 'False'
[0.393s] Level 5:colcon.colcon_core.verb:set package 'arm_config' build argument 'cmake_clean_first' from command line to 'False'
[0.393s] Level 5:colcon.colcon_core.verb:set package 'arm_config' build argument 'cmake_force_configure' from command line to 'False'
[0.393s] Level 5:colcon.colcon_core.verb:set package 'arm_config' build argument 'ament_cmake_args' from command line to 'None'
[0.393s] Level 5:colcon.colcon_core.verb:set package 'arm_config' build argument 'catkin_cmake_args' from command line to 'None'
[0.393s] Level 5:colcon.colcon_core.verb:set package 'arm_config' build argument 'catkin_skip_building_tests' from command line to 'False'
[0.393s] DEBUG:colcon.colcon_core.verb:Building package 'arm_config' with the following arguments: {'ament_cmake_args': None, 'build_base': '/home/lukevizzini/arm_new/arm_code/build/arm_config', 'catkin_cmake_args': None, 'catkin_skip_building_tests': False, 'cmake_args': None, 'cmake_clean_cache': False, 'cmake_clean_first': False, 'cmake_force_configure': False, 'cmake_target': None, 'cmake_target_skip_unavailable': False, 'install_base': '/home/lukevizzini/arm_new/arm_code/install/arm_config', 'merge_install': False, 'path': '/home/lukevizzini/arm_new/arm_code/src/config', 'symlink_install': True, 'test_result_base': None}
[0.394s] Level 5:colcon.colcon_core.verb:set package 'arm_pwm_bridge' build argument 'cmake_args' from command line to 'None'
[0.394s] Level 5:colcon.colcon_core.verb:set package 'arm_pwm_bridge' build argument 'cmake_target' from command line to 'None'
[0.394s] Level 5:colcon.colcon_core.verb:set package 'arm_pwm_bridge' build argument 'cmake_target_skip_unavailable' from command line to 'False'
[0.394s] Level 5:colcon.colcon_core.verb:set package 'arm_pwm_bridge' build argument 'cmake_clean_cache' from command line to 'False'
[0.394s] Level 5:colcon.colcon_core.verb:set package 'arm_pwm_bridge' build argument 'cmake_clean_first' from command line to 'False'
[0.394s] Level 5:colcon.colcon_core.verb:set package 'arm_pwm_bridge' build argument 'cmake_force_configure' from command line to 'False'
[0.394s] Level 5:colcon.colcon_core.verb:set package 'arm_pwm_bridge' build argument 'ament_cmake_args' from command line to 'None'
[0.394s] Level 5:colcon.colcon_core.verb:set package 'arm_pwm_bridge' build argument 'catkin_cmake_args' from command line to 'None'
[0.394s] Level 5:colcon.colcon_core.verb:set package 'arm_pwm_bridge' build argument 'catkin_skip_building_tests' from command line to 'False'
[0.394s] DEBUG:colcon.colcon_core.verb:Building package 'arm_pwm_bridge' with the following arguments: {'ament_cmake_args': None, 'build_base': '/home/lukevizzini/arm_new/arm_code/build/arm_pwm_bridge', 'catkin_cmake_args': None, 'catkin_skip_building_tests': False, 'cmake_args': None, 'cmake_clean_cache': False, 'cmake_clean_first': False, 'cmake_force_configure': False, 'cmake_target': None, 'cmake_target_skip_unavailable': False, 'install_base': '/home/lukevizzini/arm_new/arm_code/install/arm_pwm_bridge', 'merge_install': False, 'path': '/home/lukevizzini/arm_new/arm_code/src/pwm_bridge', 'symlink_install': True, 'test_result_base': None}
[0.394s] Level 5:colcon.colcon_core.verb:set package 'arm_teleop' build argument 'cmake_args' from command line to 'None'
[0.394s] Level 5:colcon.colcon_core.verb:set package 'arm_teleop' build argument 'cmake_target' from command line to 'None'
[0.394s] Level 5:colcon.colcon_core.verb:set package 'arm_teleop' build argument 'cmake_target_skip_unavailable' from command line to 'False'
[0.394s] Level 5:colcon.colcon_core.verb:set package 'arm_teleop' build argument 'cmake_clean_cache' from command line to 'False'
[0.394s] Level 5:colcon.colcon_core.verb:set package 'arm_teleop' build argument 'cmake_clean_first' from command line to 'False'
[0.394s] Level 5:colcon.colcon_core.verb:set package 'arm_teleop' build argument 'cmake_force_configure' from command line to 'False'
[0.394s] Level 5:colcon.colcon_core.verb:set package 'arm_teleop' build argument 'ament_cmake_args' from command line to 'None'
[0.394s] Level 5:colcon.colcon_core.verb:set package 'arm_teleop' build argument 'catkin_cmake_args' from command line to 'None'
[0.394s] Level 5:colcon.colcon_core.verb:set package 'arm_teleop' build argument 'catkin_skip_building_tests' from command line to 'False'
[0.394s] DEBUG:colcon.colcon_core.verb:Building package 'arm_teleop' with the following arguments: {'ament_cmake_args': None, 'build_base': '/home/lukevizzini/arm_new/arm_code/build/arm_teleop', 'catkin_cmake_args': None, 'catkin_skip_building_tests': False, 'cmake_args': None, 'cmake_clean_cache': False, 'cmake_clean_first': False, 'cmake_force_configure': False, 'cmake_target': None, 'cmake_target_skip_unavailable': False, 'install_base': '/home/lukevizzini/arm_new/arm_code/install/arm_teleop', 'merge_install': False, 'path': '/home/lukevizzini/arm_new/arm_code/src/teleop', 'symlink_install': True, 'test_result_base': None}
[0.394s] Level 5:colcon.colcon_core.verb:set package 'arm_description' build argument 'cmake_args' from command line to 'None'
[0.395s] Level 5:colcon.colcon_core.verb:set package 'arm_description' build argument 'cmake_target' from command line to 'None'
[0.395s] Level 5:colcon.colcon_core.verb:set package 'arm_description' build argument 'cmake_target_skip_unavailable' from command line to 'False'
[0.395s] Level 5:colcon.colcon_core.verb:set package 'arm_description' build argument 'cmake_clean_cache' from command line to 'False'
[0.395s] Level 5:colcon.colcon_core.verb:set package 'arm_description' build argument 'cmake_clean_first' from command line to 'False'
[0.395s] Level 5:colcon.colcon_core.verb:set package 'arm_description' build argument 'cmake_force_configure' from command line to 'False'
[0.395s] Level 5:colcon.colcon_core.verb:set package 'arm_description' build argument 'ament_cmake_args' from command line to 'None'
[0.395s] Level 5:colcon.colcon_core.verb:set package 'arm_description' build argument 'catkin_cmake_args' from command line to 'None'
[0.395s] Level 5:colcon.colcon_core.verb:set package 'arm_description' build argument 'catkin_skip_building_tests' from command line to 'False'
[0.395s] DEBUG:colcon.colcon_core.verb:Building package 'arm_description' with the following arguments: {'ament_cmake_args': None, 'build_base': '/home/lukevizzini/arm_new/arm_code/build/arm_description', 'catkin_cmake_args': None, 'catkin_skip_building_tests': False, 'cmake_args': None, 'cmake_clean_cache': False, 'cmake_clean_first': False, 'cmake_force_configure': False, 'cmake_target': None, 'cmake_target_skip_unavailable': False, 'install_base': '/home/lukevizzini/arm_new/arm_code/install/arm_description', 'merge_install': False, 'path': '/home/lukevizzini/arm_new/arm_code/src/description', 'symlink_install': True, 'test_result_base': None}
[0.395s] Level 5:colcon.colcon_core.verb:set package 'arm_bringup' build argument 'cmake_args' from command line to 'None'
[0.395s] Level 5:colcon.colcon_core.verb:set package 'arm_bringup' build argument 'cmake_target' from command line to 'None'
[0.395s] Level 5:colcon.colcon_core.verb:set package 'arm_bringup' build argument 'cmake_target_skip_unavailable' from command line to 'False'
[0.395s] Level 5:colcon.colcon_core.verb:set package 'arm_bringup' build argument 'cmake_clean_cache' from command line to 'False'
[0.395s] Level 5:colcon.colcon_core.verb:set package 'arm_bringup' build argument 'cmake_clean_first' from command line to 'False'
[0.395s] Level 5:colcon.colcon_core.verb:set package 'arm_bringup' build argument 'cmake_force_configure' from command line to 'False'
[0.395s] Level 5:colcon.colcon_core.verb:set package 'arm_bringup' build argument 'ament_cmake_args' from command line to 'None'
[0.395s] Level 5:colcon.colcon_core.verb:set package 'arm_bringup' build argument 'catkin_cmake_args' from command line to 'None'
[0.395s] Level 5:colcon.colcon_core.verb:set package 'arm_bringup' build argument 'catkin_skip_building_tests' from command line to 'False'
[0.395s] DEBUG:colcon.colcon_core.verb:Building package 'arm_bringup' with the following arguments: {'ament_cmake_args': None, 'build_base': '/home/lukevizzini/arm_new/arm_code/build/arm_bringup', 'catkin_cmake_args': None, 'catkin_skip_building_tests': False, 'cmake_args': None, 'cmake_clean_cache': False, 'cmake_clean_first': False, 'cmake_force_configure': False, 'cmake_target': None, 'cmake_target_skip_unavailable': False, 'install_base': '/home/lukevizzini/arm_new/arm_code/install/arm_bringup', 'merge_install': False, 'path': '/home/lukevizzini/arm_new/arm_code/src/bringup', 'symlink_install': True, 'test_result_base': None}
[0.395s] Level 5:colcon.colcon_core.verb:set package 'arm_launch' build argument 'cmake_args' from command line to 'None'
[0.395s] Level 5:colcon.colcon_core.verb:set package 'arm_launch' build argument 'cmake_target' from command line to 'None'
[0.395s] Level 5:colcon.colcon_core.verb:set package 'arm_launch' build argument 'cmake_target_skip_unavailable' from command line to 'False'
[0.395s] Level 5:colcon.colcon_core.verb:set package 'arm_launch' build argument 'cmake_clean_cache' from command line to 'False'
[0.395s] Level 5:colcon.colcon_core.verb:set package 'arm_launch' build argument 'cmake_clean_first' from command line to 'False'
[0.395s] Level 5:colcon.colcon_core.verb:set package 'arm_launch' build argument 'cmake_force_configure' from command line to 'False'
[0.395s] Level 5:colcon.colcon_core.verb:set package 'arm_launch' build argument 'ament_cmake_args' from command line to 'None'
[0.395s] Level 5:colcon.colcon_core.verb:set package 'arm_launch' build argument 'catkin_cmake_args' from command line to 'None'
[0.395s] Level 5:colcon.colcon_core.verb:set package 'arm_launch' build argument 'catkin_skip_building_tests' from command line to 'False'
[0.395s] DEBUG:colcon.colcon_core.verb:Building package 'arm_launch' with the following arguments: {'ament_cmake_args': None, 'build_base': '/home/lukevizzini/arm_new/arm_code/build/arm_launch', 'catkin_cmake_args': None, 'catkin_skip_building_tests': False, 'cmake_args': None, 'cmake_clean_cache': False, 'cmake_clean_first': False, 'cmake_force_configure': False, 'cmake_target': None, 'cmake_target_skip_unavailable': False, 'install_base': '/home/lukevizzini/arm_new/arm_code/install/arm_launch', 'merge_install': False, 'path': '/home/lukevizzini/arm_new/arm_code/src/launch', 'symlink_install': True, 'test_result_base': None}
[0.396s] INFO:colcon.colcon_core.executor:Executing jobs using 'parallel' executor
[0.397s] DEBUG:colcon.colcon_parallel_executor.executor.parallel:run_until_complete
[0.397s] INFO:colcon.colcon_ros.task.ament_cmake.build:Building ROS package in '/home/lukevizzini/arm_new/arm_code/src/config' with build type 'ament_cmake'
[0.397s] INFO:colcon.colcon_cmake.task.cmake.build:Building CMake package in '/home/lukevizzini/arm_new/arm_code/src/config'
[0.399s] INFO:colcon.colcon_core.plugin_system:Skipping extension 'colcon_core.shell.bat': Not used on non-Windows systems
[0.400s] INFO:colcon.colcon_core.shell:Skip shell extension 'powershell' for command environment: Not usable outside of PowerShell
[0.400s] DEBUG:colcon.colcon_core.shell:Skip shell extension 'dsv' for command environment
[0.417s] INFO:colcon.colcon_ros.task.ament_python.build:Building ROS package in '/home/lukevizzini/arm_new/arm_code/src/pwm_bridge' with build type 'ament_python'
[0.418s] Level 1:colcon.colcon_core.shell:create_environment_hook('arm_pwm_bridge', 'ament_prefix_path')
[0.418s] INFO:colcon.colcon_core.shell:Creating environment hook '/home/lukevizzini/arm_new/arm_code/install/arm_pwm_bridge/share/arm_pwm_bridge/hook/ament_prefix_path.ps1'
[0.419s] INFO:colcon.colcon_core.shell:Creating environment descriptor '/home/lukevizzini/arm_new/arm_code/install/arm_pwm_bridge/share/arm_pwm_bridge/hook/ament_prefix_path.dsv'
[0.420s] INFO:colcon.colcon_core.shell:Creating environment hook '/home/lukevizzini/arm_new/arm_code/install/arm_pwm_bridge/share/arm_pwm_bridge/hook/ament_prefix_path.sh'
[0.421s] INFO:colcon.colcon_core.shell:Skip shell extension 'powershell' for command environment: Not usable outside of PowerShell
[0.421s] DEBUG:colcon.colcon_core.shell:Skip shell extension 'dsv' for command environment
[0.425s] INFO:colcon.colcon_ros.task.ament_python.build:Building ROS package in '/home/lukevizzini/arm_new/arm_code/src/teleop' with build type 'ament_python'
[0.425s] Level 1:colcon.colcon_core.shell:create_environment_hook('arm_teleop', 'ament_prefix_path')
[0.426s] INFO:colcon.colcon_core.shell:Creating environment hook '/home/lukevizzini/arm_new/arm_code/install/arm_teleop/share/arm_teleop/hook/ament_prefix_path.ps1'
[0.427s] INFO:colcon.colcon_core.shell:Creating environment descriptor '/home/lukevizzini/arm_new/arm_code/install/arm_teleop/share/arm_teleop/hook/ament_prefix_path.dsv'
[0.427s] INFO:colcon.colcon_core.shell:Creating environment hook '/home/lukevizzini/arm_new/arm_code/install/arm_teleop/share/arm_teleop/hook/ament_prefix_path.sh'
[0.428s] INFO:colcon.colcon_core.shell:Skip shell extension 'powershell' for command environment: Not usable outside of PowerShell
[0.428s] DEBUG:colcon.colcon_core.shell:Skip shell extension 'dsv' for command environment
[0.437s] DEBUG:colcon.colcon_core.event_handler.log_command:Invoking command in '/home/lukevizzini/arm_new/arm_code/build/arm_config': CMAKE_PREFIX_PATH=${CMAKE_PREFIX_PATH}:/home/lukevizzini/arm_new/arm_code/install/arm_teleop:/home/lukevizzini/arm_new/arm_code/install/arm_pwm_bridge:/opt/ros/humble /usr/bin/cmake --build /home/lukevizzini/arm_new/arm_code/build/arm_config -- -j8 -l8
[0.641s] INFO:colcon.colcon_core.task.python.build:Building Python package in '/home/lukevizzini/arm_new/arm_code/src/pwm_bridge'
[0.641s] INFO:colcon.colcon_core.shell:Skip shell extension 'powershell' for command environment: Not usable outside of PowerShell
[0.641s] DEBUG:colcon.colcon_core.shell:Skip shell extension 'dsv' for command environment
[0.847s] INFO:colcon.colcon_core.task.python.build:Building Python package in '/home/lukevizzini/arm_new/arm_code/src/teleop'
[0.848s] INFO:colcon.colcon_core.shell:Skip shell extension 'powershell' for command environment: Not usable outside of PowerShell
[0.848s] DEBUG:colcon.colcon_core.shell:Skip shell extension 'dsv' for command environment
[0.852s] DEBUG:colcon.colcon_core.event_handler.log_command:Invoked command in '/home/lukevizzini/arm_new/arm_code/build/arm_config' returned '0': CMAKE_PREFIX_PATH=${CMAKE_PREFIX_PATH}:/home/lukevizzini/arm_new/arm_code/install/arm_teleop:/home/lukevizzini/arm_new/arm_code/install/arm_pwm_bridge:/opt/ros/humble /usr/bin/cmake --build /home/lukevizzini/arm_new/arm_code/build/arm_config -- -j8 -l8
[0.869s] DEBUG:colcon.colcon_core.event_handler.log_command:Invoking command in '/home/lukevizzini/arm_new/arm_code/build/arm_config': CMAKE_PREFIX_PATH=${CMAKE_PREFIX_PATH}:/home/lukevizzini/arm_new/arm_code/install/arm_teleop:/home/lukevizzini/arm_new/arm_code/install/arm_pwm_bridge:/opt/ros/humble /usr/bin/cmake --install /home/lukevizzini/arm_new/arm_code/build/arm_config
[0.893s] Level 1:colcon.colcon_core.environment:create_environment_scripts_only(arm_config)
[0.895s] DEBUG:colcon.colcon_core.event_handler.log_command:Invoked command in '/home/lukevizzini/arm_new/arm_code/build/arm_config' returned '0': CMAKE_PREFIX_PATH=${CMAKE_PREFIX_PATH}:/home/lukevizzini/arm_new/arm_code/install/arm_teleop:/home/lukevizzini/arm_new/arm_code/install/arm_pwm_bridge:/opt/ros/humble /usr/bin/cmake --install /home/lukevizzini/arm_new/arm_code/build/arm_config
[0.898s] Level 1:colcon.colcon_core.environment:checking '/home/lukevizzini/arm_new/arm_code/install/arm_config' for CMake module files
[0.898s] Level 1:colcon.colcon_core.environment:checking '/home/lukevizzini/arm_new/arm_code/install/arm_config' for CMake config files
[0.899s] Level 1:colcon.colcon_core.shell:create_environment_hook('arm_config', 'cmake_prefix_path')
[0.899s] INFO:colcon.colcon_core.shell:Creating environment hook '/home/lukevizzini/arm_new/arm_code/install/arm_config/share/arm_config/hook/cmake_prefix_path.ps1'
[0.900s] INFO:colcon.colcon_core.shell:Creating environment descriptor '/home/lukevizzini/arm_new/arm_code/install/arm_config/share/arm_config/hook/cmake_prefix_path.dsv'
[0.900s] INFO:colcon.colcon_core.shell:Creating environment hook '/home/lukevizzini/arm_new/arm_code/install/arm_config/share/arm_config/hook/cmake_prefix_path.sh'
[0.901s] Level 1:colcon.colcon_core.environment:checking '/home/lukevizzini/arm_new/arm_code/install/arm_config/bin'
[0.901s] Level 1:colcon.colcon_core.environment:checking '/home/lukevizzini/arm_new/arm_code/install/arm_config/lib/pkgconfig/arm_config.pc'
[0.901s] Level 1:colcon.colcon_core.environment:checking '/home/lukevizzini/arm_new/arm_code/install/arm_config/lib/python3.10/site-packages'
[0.901s] Level 1:colcon.colcon_core.environment:checking '/home/lukevizzini/arm_new/arm_code/install/arm_config/bin'
[0.901s] INFO:colcon.colcon_core.shell:Creating package script '/home/lukevizzini/arm_new/arm_code/install/arm_config/share/arm_config/package.ps1'
[0.902s] INFO:colcon.colcon_core.shell:Creating package descriptor '/home/lukevizzini/arm_new/arm_code/install/arm_config/share/arm_config/package.dsv'
[0.903s] INFO:colcon.colcon_core.shell:Creating package script '/home/lukevizzini/arm_new/arm_code/install/arm_config/share/arm_config/package.sh'
[0.903s] INFO:colcon.colcon_core.shell:Creating package script '/home/lukevizzini/arm_new/arm_code/install/arm_config/share/arm_config/package.bash'
[0.904s] INFO:colcon.colcon_core.shell:Creating package script '/home/lukevizzini/arm_new/arm_code/install/arm_config/share/arm_config/package.zsh'
[0.904s] Level 1:colcon.colcon_core.environment:create_file_with_runtime_dependencies(/home/lukevizzini/arm_new/arm_code/install/arm_config/share/colcon-core/packages/arm_config)
[0.905s] Level 1:colcon.colcon_core.environment:create_environment_scripts_only(arm_config)
[0.905s] Level 1:colcon.colcon_core.environment:checking '/home/lukevizzini/arm_new/arm_code/install/arm_config' for CMake module files
[0.905s] Level 1:colcon.colcon_core.environment:checking '/home/lukevizzini/arm_new/arm_code/install/arm_config' for CMake config files
[0.906s] Level 1:colcon.colcon_core.shell:create_environment_hook('arm_config', 'cmake_prefix_path')
[0.906s] INFO:colcon.colcon_core.shell:Creating environment hook '/home/lukevizzini/arm_new/arm_code/install/arm_config/share/arm_config/hook/cmake_prefix_path.ps1'
[0.906s] INFO:colcon.colcon_core.shell:Creating environment descriptor '/home/lukevizzini/arm_new/arm_code/install/arm_config/share/arm_config/hook/cmake_prefix_path.dsv'
[0.906s] INFO:colcon.colcon_core.shell:Creating environment hook '/home/lukevizzini/arm_new/arm_code/install/arm_config/share/arm_config/hook/cmake_prefix_path.sh'
[0.907s] Level 1:colcon.colcon_core.environment:checking '/home/lukevizzini/arm_new/arm_code/install/arm_config/bin'
[0.907s] Level 1:colcon.colcon_core.environment:checking '/home/lukevizzini/arm_new/arm_code/install/arm_config/lib/pkgconfig/arm_config.pc'
[0.907s] Level 1:colcon.colcon_core.environment:checking '/home/lukevizzini/arm_new/arm_code/install/arm_config/lib/python3.10/site-packages'
[0.907s] Level 1:colcon.colcon_core.environment:checking '/home/lukevizzini/arm_new/arm_code/install/arm_config/bin'
[0.908s] INFO:colcon.colcon_core.shell:Creating package script '/home/lukevizzini/arm_new/arm_code/install/arm_config/share/arm_config/package.ps1'
[0.908s] INFO:colcon.colcon_core.shell:Creating package descriptor '/home/lukevizzini/arm_new/arm_code/install/arm_config/share/arm_config/package.dsv'
[0.909s] INFO:colcon.colcon_core.shell:Creating package script '/home/lukevizzini/arm_new/arm_code/install/arm_config/share/arm_config/package.sh'
[0.909s] INFO:colcon.colcon_core.shell:Creating package script '/home/lukevizzini/arm_new/arm_code/install/arm_config/share/arm_config/package.bash'
[0.910s] INFO:colcon.colcon_core.shell:Creating package script '/home/lukevizzini/arm_new/arm_code/install/arm_config/share/arm_config/package.zsh'
[0.910s] Level 1:colcon.colcon_core.environment:create_file_with_runtime_dependencies(/home/lukevizzini/arm_new/arm_code/install/arm_config/share/colcon-core/packages/arm_config)
[0.911s] INFO:colcon.colcon_ros.task.ament_cmake.build:Building ROS package in '/home/lukevizzini/arm_new/arm_code/src/description' with build type 'ament_cmake'
[0.911s] INFO:colcon.colcon_cmake.task.cmake.build:Building CMake package in '/home/lukevizzini/arm_new/arm_code/src/description'
[0.912s] INFO:colcon.colcon_core.shell:Skip shell extension 'powershell' for command environment: Not usable outside of PowerShell
[0.912s] DEBUG:colcon.colcon_core.shell:Skip shell extension 'dsv' for command environment
[0.987s] DEBUG:colcon.colcon_core.event_handler.log_command:Invoking command in '/home/lukevizzini/arm_new/arm_code/build/arm_description': CMAKE_PREFIX_PATH=/home/lukevizzini/arm_new/arm_code/install/arm_config:/home/lukevizzini/arm_new/arm_code/install/arm_launch:/home/lukevizzini/arm_new/arm_code/install/arm_bringup:/home/lukevizzini/arm_new/arm_code/install/arm_description:/home/lukevizzini/arm_new/arm_code/install/arm_teleop:/home/lukevizzini/arm_new/arm_code/install/arm_pwm_bridge:/opt/ros/humble /usr/bin/cmake --build /home/lukevizzini/arm_new/arm_code/build/arm_description -- -j8 -l8
[1.025s] DEBUG:colcon.colcon_core.event_handler.log_command:Invoked command in '/home/lukevizzini/arm_new/arm_code/build/arm_description' returned '0': CMAKE_PREFIX_PATH=/home/lukevizzini/arm_new/arm_code/install/arm_config:/home/lukevizzini/arm_new/arm_code/install/arm_launch:/home/lukevizzini/arm_new/arm_code/install/arm_bringup:/home/lukevizzini/arm_new/arm_code/install/arm_description:/home/lukevizzini/arm_new/arm_code/install/arm_teleop:/home/lukevizzini/arm_new/arm_code/install/arm_pwm_bridge:/opt/ros/humble /usr/bin/cmake --build /home/lukevizzini/arm_new/arm_code/build/arm_description -- -j8 -l8
[1.028s] DEBUG:colcon.colcon_core.event_handler.log_command:Invoking command in '/home/lukevizzini/arm_new/arm_code/build/arm_description': CMAKE_PREFIX_PATH=/home/lukevizzini/arm_new/arm_code/install/arm_config:/home/lukevizzini/arm_new/arm_code/install/arm_launch:/home/lukevizzini/arm_new/arm_code/install/arm_bringup:/home/lukevizzini/arm_new/arm_code/install/arm_description:/home/lukevizzini/arm_new/arm_code/install/arm_teleop:/home/lukevizzini/arm_new/arm_code/install/arm_pwm_bridge:/opt/ros/humble /usr/bin/cmake --install /home/lukevizzini/arm_new/arm_code/build/arm_description
[1.054s] Level 1:colcon.colcon_core.environment:create_environment_scripts_only(arm_description)
[1.055s] Level 1:colcon.colcon_core.environment:checking '/home/lukevizzini/arm_new/arm_code/install/arm_description' for CMake module files
[1.056s] DEBUG:colcon.colcon_core.event_handler.log_command:Invoked command in '/home/lukevizzini/arm_new/arm_code/build/arm_description' returned '0': CMAKE_PREFIX_PATH=/home/lukevizzini/arm_new/arm_code/install/arm_config:/home/lukevizzini/arm_new/arm_code/install/arm_launch:/home/lukevizzini/arm_new/arm_code/install/arm_bringup:/home/lukevizzini/arm_new/arm_code/install/arm_description:/home/lukevizzini/arm_new/arm_code/install/arm_teleop:/home/lukevizzini/arm_new/arm_code/install/arm_pwm_bridge:/opt/ros/humble /usr/bin/cmake --install /home/lukevizzini/arm_new/arm_code/build/arm_description
[1.056s] Level 1:colcon.colcon_core.environment:checking '/home/lukevizzini/arm_new/arm_code/install/arm_description' for CMake config files
[1.057s] Level 1:colcon.colcon_core.shell:create_environment_hook('arm_description', 'cmake_prefix_path')
[1.057s] INFO:colcon.colcon_core.shell:Creating environment hook '/home/lukevizzini/arm_new/arm_code/install/arm_description/share/arm_description/hook/cmake_prefix_path.ps1'
[1.058s] INFO:colcon.colcon_core.shell:Creating environment descriptor '/home/lukevizzini/arm_new/arm_code/install/arm_description/share/arm_description/hook/cmake_prefix_path.dsv'
[1.058s] INFO:colcon.colcon_core.shell:Creating environment hook '/home/lukevizzini/arm_new/arm_code/install/arm_description/share/arm_description/hook/cmake_prefix_path.sh'
[1.058s] Level 1:colcon.colcon_core.environment:checking '/home/lukevizzini/arm_new/arm_code/install/arm_description/bin'
[1.058s] Level 1:colcon.colcon_core.environment:checking '/home/lukevizzini/arm_new/arm_code/install/arm_description/lib/pkgconfig/arm_description.pc'
[1.059s] Level 1:colcon.colcon_core.environment:checking '/home/lukevizzini/arm_new/arm_code/install/arm_description/lib/python3.10/site-packages'
[1.059s] Level 1:colcon.colcon_core.environment:checking '/home/lukevizzini/arm_new/arm_code/install/arm_description/bin'
[1.059s] INFO:colcon.colcon_core.shell:Creating package script '/home/lukevizzini/arm_new/arm_code/install/arm_description/share/arm_description/package.ps1'
[1.059s] INFO:colcon.colcon_core.shell:Creating package descriptor '/home/lukevizzini/arm_new/arm_code/install/arm_description/share/arm_description/package.dsv'
[1.060s] INFO:colcon.colcon_core.shell:Creating package script '/home/lukevizzini/arm_new/arm_code/install/arm_description/share/arm_description/package.sh'
[1.060s] INFO:colcon.colcon_core.shell:Creating package script '/home/lukevizzini/arm_new/arm_code/install/arm_description/share/arm_description/package.bash'
[1.060s] INFO:colcon.colcon_core.shell:Creating package script '/home/lukevizzini/arm_new/arm_code/install/arm_description/share/arm_description/package.zsh'
[1.061s] Level 1:colcon.colcon_core.environment:create_file_with_runtime_dependencies(/home/lukevizzini/arm_new/arm_code/install/arm_description/share/colcon-core/packages/arm_description)
[1.061s] Level 1:colcon.colcon_core.environment:create_environment_scripts_only(arm_description)
[1.061s] Level 1:colcon.colcon_core.environment:checking '/home/lukevizzini/arm_new/arm_code/install/arm_description' for CMake module files
[1.062s] Level 1:colcon.colcon_core.environment:checking '/home/lukevizzini/arm_new/arm_code/install/arm_description' for CMake config files
[1.062s] Level 1:colcon.colcon_core.shell:create_environment_hook('arm_description', 'cmake_prefix_path')
[1.062s] INFO:colcon.colcon_core.shell:Creating environment hook '/home/lukevizzini/arm_new/arm_code/install/arm_description/share/arm_description/hook/cmake_prefix_path.ps1'
[1.062s] INFO:colcon.colcon_core.shell:Creating environment descriptor '/home/lukevizzini/arm_new/arm_code/install/arm_description/share/arm_description/hook/cmake_prefix_path.dsv'
[1.063s] INFO:colcon.colcon_core.shell:Creating environment hook '/home/lukevizzini/arm_new/arm_code/install/arm_description/share/arm_description/hook/cmake_prefix_path.sh'
[1.063s] Level 1:colcon.colcon_core.environment:checking '/home/lukevizzini/arm_new/arm_code/install/arm_description/bin'
[1.063s] Level 1:colcon.colcon_core.environment:checking '/home/lukevizzini/arm_new/arm_code/install/arm_description/lib/pkgconfig/arm_description.pc'
[1.064s] Level 1:colcon.colcon_core.environment:checking '/home/lukevizzini/arm_new/arm_code/install/arm_description/lib/python3.10/site-packages'
[1.064s] Level 1:colcon.colcon_core.environment:checking '/home/lukevizzini/arm_new/arm_code/install/arm_description/bin'
[1.064s] INFO:colcon.colcon_core.shell:Creating package script '/home/lukevizzini/arm_new/arm_code/install/arm_description/share/arm_description/package.ps1'
[1.065s] INFO:colcon.colcon_core.shell:Creating package descriptor '/home/lukevizzini/arm_new/arm_code/install/arm_description/share/arm_description/package.dsv'
[1.065s] INFO:colcon.colcon_core.shell:Creating package script '/home/lukevizzini/arm_new/arm_code/install/arm_description/share/arm_description/package.sh'
[1.066s] INFO:colcon.colcon_core.shell:Creating package script '/home/lukevizzini/arm_new/arm_code/install/arm_description/share/arm_description/package.bash'
[1.066s] INFO:colcon.colcon_core.shell:Creating package script '/home/lukevizzini/arm_new/arm_code/install/arm_description/share/arm_description/package.zsh'
[1.066s] Level 1:colcon.colcon_core.environment:create_file_with_runtime_dependencies(/home/lukevizzini/arm_new/arm_code/install/arm_description/share/colcon-core/packages/arm_description)
[1.067s] INFO:colcon.colcon_ros.task.ament_cmake.build:Building ROS package in '/home/lukevizzini/arm_new/arm_code/src/bringup' with build type 'ament_cmake'
[1.067s] INFO:colcon.colcon_cmake.task.cmake.build:Building CMake package in '/home/lukevizzini/arm_new/arm_code/src/bringup'
[1.067s] INFO:colcon.colcon_core.shell:Skip shell extension 'powershell' for command environment: Not usable outside of PowerShell
[1.068s] DEBUG:colcon.colcon_core.shell:Skip shell extension 'dsv' for command environment
[1.178s] DEBUG:colcon.colcon_core.event_handler.log_command:Invoking command in '/home/lukevizzini/arm_new/arm_code/build/arm_bringup': CMAKE_PREFIX_PATH=/home/lukevizzini/arm_new/arm_code/install/arm_description:/home/lukevizzini/arm_new/arm_code/install/arm_config:/home/lukevizzini/arm_new/arm_code/install/arm_launch:/home/lukevizzini/arm_new/arm_code/install/arm_bringup:/home/lukevizzini/arm_new/arm_code/install/arm_teleop:/home/lukevizzini/arm_new/arm_code/install/arm_pwm_bridge:/opt/ros/humble /usr/bin/cmake --build /home/lukevizzini/arm_new/arm_code/build/arm_bringup -- -j8 -l8
[1.201s] DEBUG:colcon.colcon_core.event_handler.log_command:Invoking command in '/home/lukevizzini/arm_new/arm_code/build/arm_teleop': PYTHONPATH=/home/lukevizzini/arm_new/arm_code/build/arm_teleop/prefix_override:/usr/lib/python3/dist-packages/colcon_core/task/python/colcon_distutils_commands:/home/lukevizzini/arm_new/arm_code/install/arm_teleop/lib/python3.10/site-packages:${PYTHONPATH} /usr/bin/python3 -W ignore:setup.py install is deprecated -W ignore:easy_install command is deprecated setup.py develop --editable --build-directory /home/lukevizzini/arm_new/arm_code/build/arm_teleop/build --no-deps symlink_data
[1.213s] DEBUG:colcon.colcon_core.event_handler.log_command:Invoking command in '/home/lukevizzini/arm_new/arm_code/build/arm_pwm_bridge': PYTHONPATH=/home/lukevizzini/arm_new/arm_code/build/arm_pwm_bridge/prefix_override:/usr/lib/python3/dist-packages/colcon_core/task/python/colcon_distutils_commands:/home/lukevizzini/arm_new/arm_code/install/arm_pwm_bridge/lib/python3.10/site-packages:${PYTHONPATH} /usr/bin/python3 -W ignore:setup.py install is deprecated -W ignore:easy_install command is deprecated setup.py develop --editable --build-directory /home/lukevizzini/arm_new/arm_code/build/arm_pwm_bridge/build --no-deps symlink_data
[1.217s] DEBUG:colcon.colcon_core.event_handler.log_command:Invoked command in '/home/lukevizzini/arm_new/arm_code/build/arm_bringup' returned '0': CMAKE_PREFIX_PATH=/home/lukevizzini/arm_new/arm_code/install/arm_description:/home/lukevizzini/arm_new/arm_code/install/arm_config:/home/lukevizzini/arm_new/arm_code/install/arm_launch:/home/lukevizzini/arm_new/arm_code/install/arm_bringup:/home/lukevizzini/arm_new/arm_code/install/arm_teleop:/home/lukevizzini/arm_new/arm_code/install/arm_pwm_bridge:/opt/ros/humble /usr/bin/cmake --build /home/lukevizzini/arm_new/arm_code/build/arm_bringup -- -j8 -l8
[1.221s] DEBUG:colcon.colcon_core.event_handler.log_command:Invoking command in '/home/lukevizzini/arm_new/arm_code/build/arm_bringup': CMAKE_PREFIX_PATH=/home/lukevizzini/arm_new/arm_code/install/arm_description:/home/lukevizzini/arm_new/arm_code/install/arm_config:/home/lukevizzini/arm_new/arm_code/install/arm_launch:/home/lukevizzini/arm_new/arm_code/install/arm_bringup:/home/lukevizzini/arm_new/arm_code/install/arm_teleop:/home/lukevizzini/arm_new/arm_code/install/arm_pwm_bridge:/opt/ros/humble /usr/bin/cmake --install /home/lukevizzini/arm_new/arm_code/build/arm_bringup
[1.247s] Level 1:colcon.colcon_core.environment:create_environment_scripts_only(arm_bringup)
[1.248s] Level 1:colcon.colcon_core.environment:checking '/home/lukevizzini/arm_new/arm_code/install/arm_bringup' for CMake module files
[1.248s] DEBUG:colcon.colcon_core.event_handler.log_command:Invoked command in '/home/lukevizzini/arm_new/arm_code/build/arm_bringup' returned '0': CMAKE_PREFIX_PATH=/home/lukevizzini/arm_new/arm_code/install/arm_description:/home/lukevizzini/arm_new/arm_code/install/arm_config:/home/lukevizzini/arm_new/arm_code/install/arm_launch:/home/lukevizzini/arm_new/arm_code/install/arm_bringup:/home/lukevizzini/arm_new/arm_code/install/arm_teleop:/home/lukevizzini/arm_new/arm_code/install/arm_pwm_bridge:/opt/ros/humble /usr/bin/cmake --install /home/lukevizzini/arm_new/arm_code/build/arm_bringup
[1.249s] Level 1:colcon.colcon_core.environment:checking '/home/lukevizzini/arm_new/arm_code/install/arm_bringup' for CMake config files
[1.249s] Level 1:colcon.colcon_core.shell:create_environment_hook('arm_bringup', 'cmake_prefix_path')
[1.250s] INFO:colcon.colcon_core.shell:Creating environment hook '/home/lukevizzini/arm_new/arm_code/install/arm_bringup/share/arm_bringup/hook/cmake_prefix_path.ps1'
[1.250s] INFO:colcon.colcon_core.shell:Creating environment descriptor '/home/lukevizzini/arm_new/arm_code/install/arm_bringup/share/arm_bringup/hook/cmake_prefix_path.dsv'
[1.250s] INFO:colcon.colcon_core.shell:Creating environment hook '/home/lukevizzini/arm_new/arm_code/install/arm_bringup/share/arm_bringup/hook/cmake_prefix_path.sh'
[1.251s] Level 1:colcon.colcon_core.environment:checking '/home/lukevizzini/arm_new/arm_code/install/arm_bringup/bin'
[1.251s] Level 1:colcon.colcon_core.environment:checking '/home/lukevizzini/arm_new/arm_code/install/arm_bringup/lib/pkgconfig/arm_bringup.pc'
[1.251s] Level 1:colcon.colcon_core.environment:checking '/home/lukevizzini/arm_new/arm_code/install/arm_bringup/lib/python3.10/site-packages'
[1.251s] Level 1:colcon.colcon_core.environment:checking '/home/lukevizzini/arm_new/arm_code/install/arm_bringup/bin'
[1.252s] INFO:colcon.colcon_core.shell:Creating package script '/home/lukevizzini/arm_new/arm_code/install/arm_bringup/share/arm_bringup/package.ps1'
[1.252s] INFO:colcon.colcon_core.shell:Creating package descriptor '/home/lukevizzini/arm_new/arm_code/install/arm_bringup/share/arm_bringup/package.dsv'
[1.253s] INFO:colcon.colcon_core.shell:Creating package script '/home/lukevizzini/arm_new/arm_code/install/arm_bringup/share/arm_bringup/package.sh'
[1.253s] INFO:colcon.colcon_core.shell:Creating package script '/home/lukevizzini/arm_new/arm_code/install/arm_bringup/share/arm_bringup/package.bash'
[1.253s] INFO:colcon.colcon_core.shell:Creating package script '/home/lukevizzini/arm_new/arm_code/install/arm_bringup/share/arm_bringup/package.zsh'
[1.254s] Level 1:colcon.colcon_core.environment:create_file_with_runtime_dependencies(/home/lukevizzini/arm_new/arm_code/install/arm_bringup/share/colcon-core/packages/arm_bringup)
[1.255s] Level 1:colcon.colcon_core.environment:create_environment_scripts_only(arm_bringup)
[1.255s] Level 1:colcon.colcon_core.environment:checking '/home/lukevizzini/arm_new/arm_code/install/arm_bringup' for CMake module files
[1.255s] Level 1:colcon.colcon_core.environment:checking '/home/lukevizzini/arm_new/arm_code/install/arm_bringup' for CMake config files
[1.256s] Level 1:colcon.colcon_core.shell:create_environment_hook('arm_bringup', 'cmake_prefix_path')
[1.256s] INFO:colcon.colcon_core.shell:Creating environment hook '/home/lukevizzini/arm_new/arm_code/install/arm_bringup/share/arm_bringup/hook/cmake_prefix_path.ps1'
[1.256s] INFO:colcon.colcon_core.shell:Creating environment descriptor '/home/lukevizzini/arm_new/arm_code/install/arm_bringup/share/arm_bringup/hook/cmake_prefix_path.dsv'
[1.256s] INFO:colcon.colcon_core.shell:Creating environment hook '/home/lukevizzini/arm_new/arm_code/install/arm_bringup/share/arm_bringup/hook/cmake_prefix_path.sh'
[1.257s] Level 1:colcon.colcon_core.environment:checking '/home/lukevizzini/arm_new/arm_code/install/arm_bringup/bin'
[1.257s] Level 1:colcon.colcon_core.environment:checking '/home/lukevizzini/arm_new/arm_code/install/arm_bringup/lib/pkgconfig/arm_bringup.pc'
[1.257s] Level 1:colcon.colcon_core.environment:checking '/home/lukevizzini/arm_new/arm_code/install/arm_bringup/lib/python3.10/site-packages'
[1.258s] Level 1:colcon.colcon_core.environment:checking '/home/lukevizzini/arm_new/arm_code/install/arm_bringup/bin'
[1.258s] INFO:colcon.colcon_core.shell:Creating package script '/home/lukevizzini/arm_new/arm_code/install/arm_bringup/share/arm_bringup/package.ps1'
[1.259s] INFO:colcon.colcon_core.shell:Creating package descriptor '/home/lukevizzini/arm_new/arm_code/install/arm_bringup/share/arm_bringup/package.dsv'
[1.259s] INFO:colcon.colcon_core.shell:Creating package script '/home/lukevizzini/arm_new/arm_code/install/arm_bringup/share/arm_bringup/package.sh'
[1.260s] INFO:colcon.colcon_core.shell:Creating package script '/home/lukevizzini/arm_new/arm_code/install/arm_bringup/share/arm_bringup/package.bash'
[1.260s] INFO:colcon.colcon_core.shell:Creating package script '/home/lukevizzini/arm_new/arm_code/install/arm_bringup/share/arm_bringup/package.zsh'
[1.260s] Level 1:colcon.colcon_core.environment:create_file_with_runtime_dependencies(/home/lukevizzini/arm_new/arm_code/install/arm_bringup/share/colcon-core/packages/arm_bringup)
[1.673s] Level 1:colcon.colcon_core.shell:create_environment_hook('arm_teleop', 'pythonpath_develop')
[1.674s] INFO:colcon.colcon_core.shell:Creating environment hook '/home/lukevizzini/arm_new/arm_code/build/arm_teleop/share/arm_teleop/hook/pythonpath_develop.ps1'
[1.676s] DEBUG:colcon.colcon_core.event_handler.log_command:Invoked command in '/home/lukevizzini/arm_new/arm_code/build/arm_teleop' returned '0': PYTHONPATH=/home/lukevizzini/arm_new/arm_code/build/arm_teleop/prefix_override:/usr/lib/python3/dist-packages/colcon_core/task/python/colcon_distutils_commands:/home/lukevizzini/arm_new/arm_code/install/arm_teleop/lib/python3.10/site-packages:${PYTHONPATH} /usr/bin/python3 -W ignore:setup.py install is deprecated -W ignore:easy_install command is deprecated setup.py develop --editable --build-directory /home/lukevizzini/arm_new/arm_code/build/arm_teleop/build --no-deps symlink_data
[1.676s] INFO:colcon.colcon_core.shell:Creating environment descriptor '/home/lukevizzini/arm_new/arm_code/build/arm_teleop/share/arm_teleop/hook/pythonpath_develop.dsv'
[1.677s] INFO:colcon.colcon_core.shell:Creating environment hook '/home/lukevizzini/arm_new/arm_code/build/arm_teleop/share/arm_teleop/hook/pythonpath_develop.sh'
[1.678s] Level 1:colcon.colcon_core.environment:checking '/home/lukevizzini/arm_new/arm_code/install/arm_teleop' for CMake module files
[1.679s] Level 1:colcon.colcon_core.environment:checking '/home/lukevizzini/arm_new/arm_code/install/arm_teleop' for CMake config files
[1.680s] Level 1:colcon.colcon_core.environment:checking '/home/lukevizzini/arm_new/arm_code/install/arm_teleop/lib'
[1.680s] Level 1:colcon.colcon_core.environment:checking '/home/lukevizzini/arm_new/arm_code/install/arm_teleop/bin'
[1.680s] Level 1:colcon.colcon_core.environment:checking '/home/lukevizzini/arm_new/arm_code/install/arm_teleop/lib/pkgconfig/arm_teleop.pc'
[1.681s] Level 1:colcon.colcon_core.environment:checking '/home/lukevizzini/arm_new/arm_code/install/arm_teleop/lib/python3.10/site-packages'
[1.681s] Level 1:colcon.colcon_core.shell:create_environment_hook('arm_teleop', 'pythonpath')
[1.681s] INFO:colcon.colcon_core.shell:Creating environment hook '/home/lukevizzini/arm_new/arm_code/install/arm_teleop/share/arm_teleop/hook/pythonpath.ps1'
[1.682s] INFO:colcon.colcon_core.shell:Creating environment descriptor '/home/lukevizzini/arm_new/arm_code/install/arm_teleop/share/arm_teleop/hook/pythonpath.dsv'
[1.683s] INFO:colcon.colcon_core.shell:Creating environment hook '/home/lukevizzini/arm_new/arm_code/install/arm_teleop/share/arm_teleop/hook/pythonpath.sh'
[1.684s] Level 1:colcon.colcon_core.environment:checking '/home/lukevizzini/arm_new/arm_code/install/arm_teleop/bin'
[1.684s] Level 1:colcon.colcon_core.environment:create_environment_scripts_only(arm_teleop)
[1.685s] INFO:colcon.colcon_core.shell:Creating package script '/home/lukevizzini/arm_new/arm_code/install/arm_teleop/share/arm_teleop/package.ps1'
[1.686s] INFO:colcon.colcon_core.shell:Creating package descriptor '/home/lukevizzini/arm_new/arm_code/install/arm_teleop/share/arm_teleop/package.dsv'
[1.687s] INFO:colcon.colcon_core.shell:Creating package script '/home/lukevizzini/arm_new/arm_code/install/arm_teleop/share/arm_teleop/package.sh'
[1.688s] INFO:colcon.colcon_core.shell:Creating package script '/home/lukevizzini/arm_new/arm_code/install/arm_teleop/share/arm_teleop/package.bash'
[1.689s] INFO:colcon.colcon_core.shell:Creating package script '/home/lukevizzini/arm_new/arm_code/install/arm_teleop/share/arm_teleop/package.zsh'
[1.690s] Level 1:colcon.colcon_core.environment:create_file_with_runtime_dependencies(/home/lukevizzini/arm_new/arm_code/install/arm_teleop/share/colcon-core/packages/arm_teleop)
[1.691s] Level 1:colcon.colcon_core.shell:create_environment_hook('arm_pwm_bridge', 'pythonpath_develop')
[1.691s] INFO:colcon.colcon_core.shell:Creating environment hook '/home/lukevizzini/arm_new/arm_code/build/arm_pwm_bridge/share/arm_pwm_bridge/hook/pythonpath_develop.ps1'
[1.693s] INFO:colcon.colcon_core.shell:Creating environment descriptor '/home/lukevizzini/arm_new/arm_code/build/arm_pwm_bridge/share/arm_pwm_bridge/hook/pythonpath_develop.dsv'
[1.694s] DEBUG:colcon.colcon_core.event_handler.log_command:Invoked command in '/home/lukevizzini/arm_new/arm_code/build/arm_pwm_bridge' returned '0': PYTHONPATH=/home/lukevizzini/arm_new/arm_code/build/arm_pwm_bridge/prefix_override:/usr/lib/python3/dist-packages/colcon_core/task/python/colcon_distutils_commands:/home/lukevizzini/arm_new/arm_code/install/arm_pwm_bridge/lib/python3.10/site-packages:${PYTHONPATH} /usr/bin/python3 -W ignore:setup.py install is deprecated -W ignore:easy_install command is deprecated setup.py develop --editable --build-directory /home/lukevizzini/arm_new/arm_code/build/arm_pwm_bridge/build --no-deps symlink_data
[1.695s] INFO:colcon.colcon_core.shell:Creating environment hook '/home/lukevizzini/arm_new/arm_code/build/arm_pwm_bridge/share/arm_pwm_bridge/hook/pythonpath_develop.sh'
[1.696s] Level 1:colcon.colcon_core.environment:checking '/home/lukevizzini/arm_new/arm_code/install/arm_pwm_bridge' for CMake module files
[1.697s] Level 1:colcon.colcon_core.environment:checking '/home/lukevizzini/arm_new/arm_code/install/arm_pwm_bridge' for CMake config files
[1.699s] Level 1:colcon.colcon_core.environment:checking '/home/lukevizzini/arm_new/arm_code/install/arm_pwm_bridge/lib'
[1.699s] Level 1:colcon.colcon_core.environment:checking '/home/lukevizzini/arm_new/arm_code/install/arm_pwm_bridge/bin'
[1.699s] Level 1:colcon.colcon_core.environment:checking '/home/lukevizzini/arm_new/arm_code/install/arm_pwm_bridge/lib/pkgconfig/arm_pwm_bridge.pc'
[1.699s] Level 1:colcon.colcon_core.environment:checking '/home/lukevizzini/arm_new/arm_code/install/arm_pwm_bridge/lib/python3.10/site-packages'
[1.700s] Level 1:colcon.colcon_core.shell:create_environment_hook('arm_pwm_bridge', 'pythonpath')
[1.700s] INFO:colcon.colcon_core.shell:Creating environment hook '/home/lukevizzini/arm_new/arm_code/install/arm_pwm_bridge/share/arm_pwm_bridge/hook/pythonpath.ps1'
[1.701s] INFO:colcon.colcon_core.shell:Creating environment descriptor '/home/lukevizzini/arm_new/arm_code/install/arm_pwm_bridge/share/arm_pwm_bridge/hook/pythonpath.dsv'
[1.702s] INFO:colcon.colcon_core.shell:Creating environment hook '/home/lukevizzini/arm_new/arm_code/install/arm_pwm_bridge/share/arm_pwm_bridge/hook/pythonpath.sh'
[1.704s] Level 1:colcon.colcon_core.environment:checking '/home/lukevizzini/arm_new/arm_code/install/arm_pwm_bridge/bin'
[1.704s] Level 1:colcon.colcon_core.environment:create_environment_scripts_only(arm_pwm_bridge)
[1.705s] INFO:colcon.colcon_core.shell:Creating package script '/home/lukevizzini/arm_new/arm_code/install/arm_pwm_bridge/share/arm_pwm_bridge/package.ps1'
[1.706s] INFO:colcon.colcon_core.shell:Creating package descriptor '/home/lukevizzini/arm_new/arm_code/install/arm_pwm_bridge/share/arm_pwm_bridge/package.dsv'
[1.707s] INFO:colcon.colcon_core.shell:Creating package script '/home/lukevizzini/arm_new/arm_code/install/arm_pwm_bridge/share/arm_pwm_bridge/package.sh'
[1.708s] INFO:colcon.colcon_core.shell:Creating package script '/home/lukevizzini/arm_new/arm_code/install/arm_pwm_bridge/share/arm_pwm_bridge/package.bash'
[1.708s] INFO:colcon.colcon_core.shell:Creating package script '/home/lukevizzini/arm_new/arm_code/install/arm_pwm_bridge/share/arm_pwm_bridge/package.zsh'
[1.709s] Level 1:colcon.colcon_core.environment:create_file_with_runtime_dependencies(/home/lukevizzini/arm_new/arm_code/install/arm_pwm_bridge/share/colcon-core/packages/arm_pwm_bridge)
[1.710s] INFO:colcon.colcon_ros.task.ament_cmake.build:Building ROS package in '/home/lukevizzini/arm_new/arm_code/src/launch' with build type 'ament_cmake'
[1.710s] INFO:colcon.colcon_cmake.task.cmake.build:Building CMake package in '/home/lukevizzini/arm_new/arm_code/src/launch'
[1.711s] INFO:colcon.colcon_core.shell:Skip shell extension 'powershell' for command environment: Not usable outside of PowerShell
[1.711s] DEBUG:colcon.colcon_core.shell:Skip shell extension 'dsv' for command environment
[2.150s] DEBUG:colcon.colcon_core.event_handler.log_command:Invoking command in '/home/lukevizzini/arm_new/arm_code/build/arm_launch': AMENT_PREFIX_PATH=/home/lukevizzini/arm_new/arm_code/install/arm_teleop:/home/lukevizzini/arm_new/arm_code/install/arm_pwm_bridge:/home/lukevizzini/arm_new/arm_code/install/arm_launch:/home/lukevizzini/arm_new/arm_code/install/arm_bringup:/home/lukevizzini/arm_new/arm_code/install/arm_description:/home/lukevizzini/arm_new/arm_code/install/arm_config:/opt/ros/humble CMAKE_PREFIX_PATH=/home/lukevizzini/arm_new/arm_code/install/arm_bringup:/home/lukevizzini/arm_new/arm_code/install/arm_description:/home/lukevizzini/arm_new/arm_code/install/arm_config:/home/lukevizzini/arm_new/arm_code/install/arm_launch:/home/lukevizzini/arm_new/arm_code/install/arm_teleop:/home/lukevizzini/arm_new/arm_code/install/arm_pwm_bridge:/opt/ros/humble /usr/bin/cmake --build /home/lukevizzini/arm_new/arm_code/build/arm_launch -- -j8 -l8
[2.182s] DEBUG:colcon.colcon_core.event_handler.log_command:Invoked command in '/home/lukevizzini/arm_new/arm_code/build/arm_launch' returned '0': AMENT_PREFIX_PATH=/home/lukevizzini/arm_new/arm_code/install/arm_teleop:/home/lukevizzini/arm_new/arm_code/install/arm_pwm_bridge:/home/lukevizzini/arm_new/arm_code/install/arm_launch:/home/lukevizzini/arm_new/arm_code/install/arm_bringup:/home/lukevizzini/arm_new/arm_code/install/arm_description:/home/lukevizzini/arm_new/arm_code/install/arm_config:/opt/ros/humble CMAKE_PREFIX_PATH=/home/lukevizzini/arm_new/arm_code/install/arm_bringup:/home/lukevizzini/arm_new/arm_code/install/arm_description:/home/lukevizzini/arm_new/arm_code/install/arm_config:/home/lukevizzini/arm_new/arm_code/install/arm_launch:/home/lukevizzini/arm_new/arm_code/install/arm_teleop:/home/lukevizzini/arm_new/arm_code/install/arm_pwm_bridge:/opt/ros/humble /usr/bin/cmake --build /home/lukevizzini/arm_new/arm_code/build/arm_launch -- -j8 -l8
[2.186s] DEBUG:colcon.colcon_core.event_handler.log_command:Invoking command in '/home/lukevizzini/arm_new/arm_code/build/arm_launch': AMENT_PREFIX_PATH=/home/lukevizzini/arm_new/arm_code/install/arm_teleop:/home/lukevizzini/arm_new/arm_code/install/arm_pwm_bridge:/home/lukevizzini/arm_new/arm_code/install/arm_launch:/home/lukevizzini/arm_new/arm_code/install/arm_bringup:/home/lukevizzini/arm_new/arm_code/install/arm_description:/home/lukevizzini/arm_new/arm_code/install/arm_config:/opt/ros/humble CMAKE_PREFIX_PATH=/home/lukevizzini/arm_new/arm_code/install/arm_bringup:/home/lukevizzini/arm_new/arm_code/install/arm_description:/home/lukevizzini/arm_new/arm_code/install/arm_config:/home/lukevizzini/arm_new/arm_code/install/arm_launch:/home/lukevizzini/arm_new/arm_code/install/arm_teleop:/home/lukevizzini/arm_new/arm_code/install/arm_pwm_bridge:/opt/ros/humble /usr/bin/cmake --install /home/lukevizzini/arm_new/arm_code/build/arm_launch
[2.210s] Level 1:colcon.colcon_core.environment:create_environment_scripts_only(arm_launch)
[2.210s] Level 1:colcon.colcon_core.environment:checking '/home/lukevizzini/arm_new/arm_code/install/arm_launch' for CMake module files
[2.211s] DEBUG:colcon.colcon_core.event_handler.log_command:Invoked command in '/home/lukevizzini/arm_new/arm_code/build/arm_launch' returned '0': AMENT_PREFIX_PATH=/home/lukevizzini/arm_new/arm_code/install/arm_teleop:/home/lukevizzini/arm_new/arm_code/install/arm_pwm_bridge:/home/lukevizzini/arm_new/arm_code/install/arm_launch:/home/lukevizzini/arm_new/arm_code/install/arm_bringup:/home/lukevizzini/arm_new/arm_code/install/arm_description:/home/lukevizzini/arm_new/arm_code/install/arm_config:/opt/ros/humble CMAKE_PREFIX_PATH=/home/lukevizzini/arm_new/arm_code/install/arm_bringup:/home/lukevizzini/arm_new/arm_code/install/arm_description:/home/lukevizzini/arm_new/arm_code/install/arm_config:/home/lukevizzini/arm_new/arm_code/install/arm_launch:/home/lukevizzini/arm_new/arm_code/install/arm_teleop:/home/lukevizzini/arm_new/arm_code/install/arm_pwm_bridge:/opt/ros/humble /usr/bin/cmake --install /home/lukevizzini/arm_new/arm_code/build/arm_launch
[2.212s] Level 1:colcon.colcon_core.environment:checking '/home/lukevizzini/arm_new/arm_code/install/arm_launch' for CMake config files
[2.212s] Level 1:colcon.colcon_core.shell:create_environment_hook('arm_launch', 'cmake_prefix_path')
[2.212s] INFO:colcon.colcon_core.shell:Creating environment hook '/home/lukevizzini/arm_new/arm_code/install/arm_launch/share/arm_launch/hook/cmake_prefix_path.ps1'
[2.213s] INFO:colcon.colcon_core.shell:Creating environment descriptor '/home/lukevizzini/arm_new/arm_code/install/arm_launch/share/arm_launch/hook/cmake_prefix_path.dsv'
[2.213s] INFO:colcon.colcon_core.shell:Creating environment hook '/home/lukevizzini/arm_new/arm_code/install/arm_launch/share/arm_launch/hook/cmake_prefix_path.sh'
[2.213s] Level 1:colcon.colcon_core.environment:checking '/home/lukevizzini/arm_new/arm_code/install/arm_launch/bin'
[2.214s] Level 1:colcon.colcon_core.environment:checking '/home/lukevizzini/arm_new/arm_code/install/arm_launch/lib/pkgconfig/arm_launch.pc'
[2.214s] Level 1:colcon.colcon_core.environment:checking '/home/lukevizzini/arm_new/arm_code/install/arm_launch/lib/python3.10/site-packages'
[2.214s] Level 1:colcon.colcon_core.environment:checking '/home/lukevizzini/arm_new/arm_code/install/arm_launch/bin'
[2.214s] INFO:colcon.colcon_core.shell:Creating package script '/home/lukevizzini/arm_new/arm_code/install/arm_launch/share/arm_launch/package.ps1'
[2.215s] INFO:colcon.colcon_core.shell:Creating package descriptor '/home/lukevizzini/arm_new/arm_code/install/arm_launch/share/arm_launch/package.dsv'
[2.215s] INFO:colcon.colcon_core.shell:Creating package script '/home/lukevizzini/arm_new/arm_code/install/arm_launch/share/arm_launch/package.sh'
[2.215s] INFO:colcon.colcon_core.shell:Creating package script '/home/lukevizzini/arm_new/arm_code/install/arm_launch/share/arm_launch/package.bash'
[2.216s] INFO:colcon.colcon_core.shell:Creating package script '/home/lukevizzini/arm_new/arm_code/install/arm_launch/share/arm_launch/package.zsh'
[2.216s] Level 1:colcon.colcon_core.environment:create_file_with_runtime_dependencies(/home/lukevizzini/arm_new/arm_code/install/arm_launch/share/colcon-core/packages/arm_launch)
[2.216s] Level 1:colcon.colcon_core.environment:create_environment_scripts_only(arm_launch)
[2.217s] Level 1:colcon.colcon_core.environment:checking '/home/lukevizzini/arm_new/arm_code/install/arm_launch' for CMake module files
[2.217s] Level 1:colcon.colcon_core.environment:checking '/home/lukevizzini/arm_new/arm_code/install/arm_launch' for CMake config files
[2.217s] Level 1:colcon.colcon_core.shell:create_environment_hook('arm_launch', 'cmake_prefix_path')
[2.218s] INFO:colcon.colcon_core.shell:Creating environment hook '/home/lukevizzini/arm_new/arm_code/install/arm_launch/share/arm_launch/hook/cmake_prefix_path.ps1'
[2.218s] INFO:colcon.colcon_core.shell:Creating environment descriptor '/home/lukevizzini/arm_new/arm_code/install/arm_launch/share/arm_launch/hook/cmake_prefix_path.dsv'
[2.218s] INFO:colcon.colcon_core.shell:Creating environment hook '/home/lukevizzini/arm_new/arm_code/install/arm_launch/share/arm_launch/hook/cmake_prefix_path.sh'
[2.218s] Level 1:colcon.colcon_core.environment:checking '/home/lukevizzini/arm_new/arm_code/install/arm_launch/bin'
[2.219s] Level 1:colcon.colcon_core.environment:checking '/home/lukevizzini/arm_new/arm_code/install/arm_launch/lib/pkgconfig/arm_launch.pc'
[2.219s] Level 1:colcon.colcon_core.environment:checking '/home/lukevizzini/arm_new/arm_code/install/arm_launch/lib/python3.10/site-packages'
[2.219s] Level 1:colcon.colcon_core.environment:checking '/home/lukevizzini/arm_new/arm_code/install/arm_launch/bin'
[2.219s] INFO:colcon.colcon_core.shell:Creating package script '/home/lukevizzini/arm_new/arm_code/install/arm_launch/share/arm_launch/package.ps1'
[2.219s] INFO:colcon.colcon_core.shell:Creating package descriptor '/home/lukevizzini/arm_new/arm_code/install/arm_launch/share/arm_launch/package.dsv'
[2.220s] INFO:colcon.colcon_core.shell:Creating package script '/home/lukevizzini/arm_new/arm_code/install/arm_launch/share/arm_launch/package.sh'
[2.220s] INFO:colcon.colcon_core.shell:Creating package script '/home/lukevizzini/arm_new/arm_code/install/arm_launch/share/arm_launch/package.bash'
[2.221s] INFO:colcon.colcon_core.shell:Creating package script '/home/lukevizzini/arm_new/arm_code/install/arm_launch/share/arm_launch/package.zsh'
[2.221s] Level 1:colcon.colcon_core.environment:create_file_with_runtime_dependencies(/home/lukevizzini/arm_new/arm_code/install/arm_launch/share/colcon-core/packages/arm_launch)
[2.221s] DEBUG:colcon.colcon_parallel_executor.executor.parallel:closing loop
[2.222s] DEBUG:colcon.colcon_parallel_executor.executor.parallel:loop closed
[2.222s] DEBUG:colcon.colcon_parallel_executor.executor.parallel:run_until_complete finished with '0'
[2.222s] DEBUG:colcon.colcon_core.event_reactor:joining thread
[2.262s] INFO:colcon.colcon_core.plugin_system:Skipping extension 'colcon_notification.desktop_notification.notify_send': Could not find 'notify-send'
[2.262s] INFO:colcon.colcon_core.plugin_system:Skipping extension 'colcon_notification.desktop_notification.terminal_notifier': Not used on non-Darwin systems
[2.262s] INFO:colcon.colcon_core.plugin_system:Skipping extension 'colcon_notification.desktop_notification.win32': Not used on non-Windows systems
[2.263s] INFO:colcon.colcon_notification.desktop_notification:Sending desktop notification using 'notify2'
[2.264s] DEBUG:colcon.colcon_notification.desktop_notification.notify2:Failed to initialize notify2: org.freedesktop.DBus.Error.ServiceUnknown: The name org.freedesktop.Notifications was not provided by any .service files
[2.264s] DEBUG:colcon.colcon_core.event_reactor:joined thread
[2.264s] INFO:colcon.colcon_core.shell:Creating prefix script '/home/lukevizzini/arm_new/arm_code/install/local_setup.ps1'
[2.265s] INFO:colcon.colcon_core.shell:Creating prefix util module '/home/lukevizzini/arm_new/arm_code/install/_local_setup_util_ps1.py'
[2.266s] INFO:colcon.colcon_core.shell:Creating prefix chain script '/home/lukevizzini/arm_new/arm_code/install/setup.ps1'
[2.267s] INFO:colcon.colcon_core.shell:Creating prefix script '/home/lukevizzini/arm_new/arm_code/install/local_setup.sh'
[2.268s] INFO:colcon.colcon_core.shell:Creating prefix util module '/home/lukevizzini/arm_new/arm_code/install/_local_setup_util_sh.py'
[2.268s] INFO:colcon.colcon_core.shell:Creating prefix chain script '/home/lukevizzini/arm_new/arm_code/install/setup.sh'
[2.269s] INFO:colcon.colcon_core.shell:Creating prefix script '/home/lukevizzini/arm_new/arm_code/install/local_setup.bash'
[2.269s] INFO:colcon.colcon_core.shell:Creating prefix chain script '/home/lukevizzini/arm_new/arm_code/install/setup.bash'
[2.270s] INFO:colcon.colcon_core.shell:Creating prefix script '/home/lukevizzini/arm_new/arm_code/install/local_setup.zsh'
[2.270s] INFO:colcon.colcon_core.shell:Creating prefix chain script '/home/lukevizzini/arm_new/arm_code/install/setup.zsh'
