[0.899s] Invoking command in '/home/lukevizzini/logitech_arm_code/arm_code/arm_code_logitech/build/arm_teleop': PYTHONPATH=/home/lukevizzini/logitech_arm_code/arm_code/arm_code_logitech/build/arm_teleop/prefix_override:/usr/lib/python3/dist-packages/colcon_core/task/python/colcon_distutils_commands:/home/lukevizzini/logitech_arm_code/arm_code/arm_code_logitech/install/arm_teleop/lib/python3.10/site-packages:${PYTHONPATH} /usr/bin/python3 -W ignore:setup.py install is deprecated -W ignore:easy_install command is deprecated setup.py develop --editable --build-directory /home/lukevizzini/logitech_arm_code/arm_code/arm_code_logitech/build/arm_teleop/build --no-deps symlink_data
[1.198s] running develop
[1.378s] running egg_info
[1.379s] writing arm_teleop.egg-info/PKG-INFO
[1.379s] writing dependency_links to arm_teleop.egg-info/dependency_links.txt
[1.379s] writing entry points to arm_teleop.egg-info/entry_points.txt
[1.380s] writing requirements to arm_teleop.egg-info/requires.txt
[1.380s] writing top-level names to arm_teleop.egg-info/top_level.txt
[1.382s] reading manifest file 'arm_teleop.egg-info/SOURCES.txt'
[1.383s] writing manifest file 'arm_teleop.egg-info/SOURCES.txt'
[1.384s] running build_ext
[1.385s] Creating /home/lukevizzini/logitech_arm_code/arm_code/arm_code_logitech/install/arm_teleop/lib/python3.10/site-packages/arm-teleop.egg-link (link to .)
[1.386s] Installing joy_to_trajectory script to /home/lukevizzini/logitech_arm_code/arm_code/arm_code_logitech/install/arm_teleop/lib/arm_teleop
[1.386s] Installing keyboard_to_joy script to /home/lukevizzini/logitech_arm_code/arm_code/arm_code_logitech/install/arm_teleop/lib/arm_teleop
[1.386s] Installing logitech_ik_to_trajectory script to /home/lukevizzini/logitech_arm_code/arm_code/arm_code_logitech/install/arm_teleop/lib/arm_teleop
[1.386s] Installing logitech_to_ik script to /home/lukevizzini/logitech_arm_code/arm_code/arm_code_logitech/install/arm_teleop/lib/arm_teleop
[1.386s] 
[1.386s] Installed /home/lukevizzini/logitech_arm_code/arm_code/arm_code_logitech/build/arm_teleop
[1.386s] running symlink_data
[1.426s] Invoked command in '/home/lukevizzini/logitech_arm_code/arm_code/arm_code_logitech/build/arm_teleop' returned '0': PYTHONPATH=/home/lukevizzini/logitech_arm_code/arm_code/arm_code_logitech/build/arm_teleop/prefix_override:/usr/lib/python3/dist-packages/colcon_core/task/python/colcon_distutils_commands:/home/lukevizzini/logitech_arm_code/arm_code/arm_code_logitech/install/arm_teleop/lib/python3.10/site-packages:${PYTHONPATH} /usr/bin/python3 -W ignore:setup.py install is deprecated -W ignore:easy_install command is deprecated setup.py develop --editable --build-directory /home/lukevizzini/logitech_arm_code/arm_code/arm_code_logitech/build/arm_teleop/build --no-deps symlink_data
