[0.286s] DEBUG:colcon:Command line arguments: ['/usr/bin/colcon', 'build', '--symlink-install']
[0.286s] DEBUG:colcon:Parsed command line arguments: Namespace(log_base=None, log_level=None, verb_name='build', build_base='build', install_base='install', merge_install=False, symlink_install=True, test_result_base=None, continue_on_error=False, executor='parallel', parallel_workers=8, event_handlers=None, ignore_user_meta=False, metas=['./colcon.meta'], base_paths=['.'], packages_ignore=None, packages_ignore_regex=None, paths=None, packages_up_to=None, packages_up_to_regex=None, packages_above=None, packages_above_and_dependencies=None, packages_above_depth=None, packages_select_by_dep=None, packages_skip_by_dep=None, packages_skip_up_to=None, packages_select_build_failed=False, packages_skip_build_finished=False, packages_select_test_failures=False, packages_skip_test_passed=False, packages_select=None, packages_skip=None, packages_select_regex=None, packages_skip_regex=None, packages_start=None, packages_end=None, allow_overriding=[], cmake_args=None, cmake_target=None, cmake_target_skip_unavailable=False, cmake_clean_cache=False, cmake_clean_first=False, cmake_force_configure=False, ament_cmake_args=None, catkin_cmake_args=None, catkin_skip_building_tests=False, verb_parser=<colcon_defaults.argument_parser.defaults.DefaultArgumentsDecorator object at 0x79681856ea10>, verb_extension=<colcon_core.verb.build.BuildVerb object at 0x79681856e5c0>, main=<bound method BuildVerb.main of <colcon_core.verb.build.BuildVerb object at 0x79681856e5c0>>)
[0.474s] Level 1:colcon.colcon_core.package_discovery:discover_packages(colcon_meta) check parameters
[0.474s] Level 1:colcon.colcon_core.package_discovery:discover_packages(recursive) check parameters
[0.474s] Level 1:colcon.colcon_core.package_discovery:discover_packages(ignore) check parameters
[0.474s] Level 1:colcon.colcon_core.package_discovery:discover_packages(path) check parameters
[0.474s] Level 1:colcon.colcon_core.package_discovery:discover_packages(colcon_meta) discover
[0.474s] Level 1:colcon.colcon_core.package_discovery:discover_packages(recursive) discover
[0.474s] INFO:colcon.colcon_core.package_discovery:Crawling recursively for packages in '/home/lukevizzini/logitech_arm_code/arm_code/arm_code_logitech'
[0.474s] Level 1:colcon.colcon_core.package_identification:_identify(.) by extensions ['ignore', 'ignore_ament_install']
[0.474s] Level 1:colcon.colcon_core.package_identification:_identify(.) by extension 'ignore'
[0.474s] Level 1:colcon.colcon_core.package_identification:_identify(.) by extension 'ignore_ament_install'
[0.474s] Level 1:colcon.colcon_core.package_identification:_identify(.) by extensions ['colcon_pkg']
[0.474s] Level 1:colcon.colcon_core.package_identification:_identify(.) by extension 'colcon_pkg'
[0.474s] Level 1:colcon.colcon_core.package_identification:_identify(.) by extensions ['colcon_meta']
[0.474s] Level 1:colcon.colcon_core.package_identification:_identify(.) by extension 'colcon_meta'
[0.474s] Level 1:colcon.colcon_core.package_identification:_identify(.) by extensions ['ros']
[0.474s] Level 1:colcon.colcon_core.package_identification:_identify(.) by extension 'ros'
[0.483s] Level 1:colcon.colcon_core.package_identification:_identify(.) by extensions ['cmake', 'python']
[0.484s] Level 1:colcon.colcon_core.package_identification:_identify(.) by extension 'cmake'
[0.484s] Level 1:colcon.colcon_core.package_identification:_identify(.) by extension 'python'
[0.484s] Level 1:colcon.colcon_core.package_identification:_identify(.) by extensions ['python_setup_py']
[0.484s] Level 1:colcon.colcon_core.package_identification:_identify(.) by extension 'python_setup_py'
[0.484s] Level 1:colcon.colcon_core.package_identification:_identify(build) by extensions ['ignore', 'ignore_ament_install']
[0.484s] Level 1:colcon.colcon_core.package_identification:_identify(build) by extension 'ignore'
[0.484s] Level 1:colcon.colcon_core.package_identification:_identify(build) ignored
[0.484s] Level 1:colcon.colcon_core.package_identification:_identify(install) by extensions ['ignore', 'ignore_ament_install']
[0.484s] Level 1:colcon.colcon_core.package_identification:_identify(install) by extension 'ignore'
[0.484s] Level 1:colcon.colcon_core.package_identification:_identify(install) ignored
[0.484s] Level 1:colcon.colcon_core.package_identification:_identify(log) by extensions ['ignore', 'ignore_ament_install']
[0.485s] Level 1:colcon.colcon_core.package_identification:_identify(log) by extension 'ignore'
[0.485s] Level 1:colcon.colcon_core.package_identification:_identify(log) ignored
[0.485s] Level 1:colcon.colcon_core.package_identification:_identify(src) by extensions ['ignore', 'ignore_ament_install']
[0.485s] Level 1:colcon.colcon_core.package_identification:_identify(src) by extension 'ignore'
[0.485s] Level 1:colcon.colcon_core.package_identification:_identify(src) by extension 'ignore_ament_install'
[0.485s] Level 1:colcon.colcon_core.package_identification:_identify(src) by extensions ['colcon_pkg']
[0.485s] Level 1:colcon.colcon_core.package_identification:_identify(src) by extension 'colcon_pkg'
[0.485s] Level 1:colcon.colcon_core.package_identification:_identify(src) by extensions ['colcon_meta']
[0.485s] Level 1:colcon.colcon_core.package_identification:_identify(src) by extension 'colcon_meta'
[0.485s] Level 1:colcon.colcon_core.package_identification:_identify(src) by extensions ['ros']
[0.485s] Level 1:colcon.colcon_core.package_identification:_identify(src) by extension 'ros'
[0.485s] Level 1:colcon.colcon_core.package_identification:_identify(src) by extensions ['cmake', 'python']
[0.485s] Level 1:colcon.colcon_core.package_identification:_identify(src) by extension 'cmake'
[0.485s] Level 1:colcon.colcon_core.package_identification:_identify(src) by extension 'python'
[0.485s] Level 1:colcon.colcon_core.package_identification:_identify(src) by extensions ['python_setup_py']
[0.485s] Level 1:colcon.colcon_core.package_identification:_identify(src) by extension 'python_setup_py'
[0.485s] Level 1:colcon.colcon_core.package_identification:_identify(src/bringup) by extensions ['ignore', 'ignore_ament_install']
[0.485s] Level 1:colcon.colcon_core.package_identification:_identify(src/bringup) by extension 'ignore'
[0.485s] Level 1:colcon.colcon_core.package_identification:_identify(src/bringup) by extension 'ignore_ament_install'
[0.485s] Level 1:colcon.colcon_core.package_identification:_identify(src/bringup) by extensions ['colcon_pkg']
[0.485s] Level 1:colcon.colcon_core.package_identification:_identify(src/bringup) by extension 'colcon_pkg'
[0.485s] Level 1:colcon.colcon_core.package_identification:_identify(src/bringup) by extensions ['colcon_meta']
[0.485s] Level 1:colcon.colcon_core.package_identification:_identify(src/bringup) by extension 'colcon_meta'
[0.485s] Level 1:colcon.colcon_core.package_identification:_identify(src/bringup) by extensions ['ros']
[0.485s] Level 1:colcon.colcon_core.package_identification:_identify(src/bringup) by extension 'ros'
[0.488s] DEBUG:colcon.colcon_core.package_identification:Package 'src/bringup' with type 'ros.ament_cmake' and name 'arm_bringup'
[0.488s] Level 1:colcon.colcon_core.package_identification:_identify(src/config) by extensions ['ignore', 'ignore_ament_install']
[0.488s] Level 1:colcon.colcon_core.package_identification:_identify(src/config) by extension 'ignore'
[0.488s] Level 1:colcon.colcon_core.package_identification:_identify(src/config) by extension 'ignore_ament_install'
[0.488s] Level 1:colcon.colcon_core.package_identification:_identify(src/config) by extensions ['colcon_pkg']
[0.488s] Level 1:colcon.colcon_core.package_identification:_identify(src/config) by extension 'colcon_pkg'
[0.488s] Level 1:colcon.colcon_core.package_identification:_identify(src/config) by extensions ['colcon_meta']
[0.488s] Level 1:colcon.colcon_core.package_identification:_identify(src/config) by extension 'colcon_meta'
[0.488s] Level 1:colcon.colcon_core.package_identification:_identify(src/config) by extensions ['ros']
[0.488s] Level 1:colcon.colcon_core.package_identification:_identify(src/config) by extension 'ros'
[0.489s] DEBUG:colcon.colcon_core.package_identification:Package 'src/config' with type 'ros.ament_cmake' and name 'arm_config'
[0.489s] Level 1:colcon.colcon_core.package_identification:_identify(src/description) by extensions ['ignore', 'ignore_ament_install']
[0.489s] Level 1:colcon.colcon_core.package_identification:_identify(src/description) by extension 'ignore'
[0.489s] Level 1:colcon.colcon_core.package_identification:_identify(src/description) by extension 'ignore_ament_install'
[0.489s] Level 1:colcon.colcon_core.package_identification:_identify(src/description) by extensions ['colcon_pkg']
[0.489s] Level 1:colcon.colcon_core.package_identification:_identify(src/description) by extension 'colcon_pkg'
[0.489s] Level 1:colcon.colcon_core.package_identification:_identify(src/description) by extensions ['colcon_meta']
[0.489s] Level 1:colcon.colcon_core.package_identification:_identify(src/description) by extension 'colcon_meta'
[0.489s] Level 1:colcon.colcon_core.package_identification:_identify(src/description) by extensions ['ros']
[0.489s] Level 1:colcon.colcon_core.package_identification:_identify(src/description) by extension 'ros'
[0.490s] DEBUG:colcon.colcon_core.package_identification:Package 'src/description' with type 'ros.ament_cmake' and name 'arm_description'
[0.490s] Level 1:colcon.colcon_core.package_identification:_identify(src/launch) by extensions ['ignore', 'ignore_ament_install']
[0.490s] Level 1:colcon.colcon_core.package_identification:_identify(src/launch) by extension 'ignore'
[0.490s] Level 1:colcon.colcon_core.package_identification:_identify(src/launch) by extension 'ignore_ament_install'
[0.490s] Level 1:colcon.colcon_core.package_identification:_identify(src/launch) by extensions ['colcon_pkg']
[0.490s] Level 1:colcon.colcon_core.package_identification:_identify(src/launch) by extension 'colcon_pkg'
[0.490s] Level 1:colcon.colcon_core.package_identification:_identify(src/launch) by extensions ['colcon_meta']
[0.490s] Level 1:colcon.colcon_core.package_identification:_identify(src/launch) by extension 'colcon_meta'
[0.490s] Level 1:colcon.colcon_core.package_identification:_identify(src/launch) by extensions ['ros']
[0.490s] Level 1:colcon.colcon_core.package_identification:_identify(src/launch) by extension 'ros'
[0.490s] DEBUG:colcon.colcon_core.package_identification:Package 'src/launch' with type 'ros.ament_cmake' and name 'arm_launch'
[0.491s] Level 1:colcon.colcon_core.package_identification:_identify(src/pwm_bridge) by extensions ['ignore', 'ignore_ament_install']
[0.491s] Level 1:colcon.colcon_core.package_identification:_identify(src/pwm_bridge) by extension 'ignore'
[0.491s] Level 1:colcon.colcon_core.package_identification:_identify(src/pwm_bridge) by extension 'ignore_ament_install'
[0.491s] Level 1:colcon.colcon_core.package_identification:_identify(src/pwm_bridge) by extensions ['colcon_pkg']
[0.491s] Level 1:colcon.colcon_core.package_identification:_identify(src/pwm_bridge) by extension 'colcon_pkg'
[0.491s] Level 1:colcon.colcon_core.package_identification:_identify(src/pwm_bridge) by extensions ['colcon_meta']
[0.491s] Level 1:colcon.colcon_core.package_identification:_identify(src/pwm_bridge) by extension 'colcon_meta'
[0.491s] Level 1:colcon.colcon_core.package_identification:_identify(src/pwm_bridge) by extensions ['ros']
[0.491s] Level 1:colcon.colcon_core.package_identification:_identify(src/pwm_bridge) by extension 'ros'
[0.491s] DEBUG:colcon.colcon_core.package_identification:Package 'src/pwm_bridge' with type 'ros.ament_python' and name 'arm_pwm_bridge'
[0.491s] Level 1:colcon.colcon_core.package_identification:_identify(src/teleop) by extensions ['ignore', 'ignore_ament_install']
[0.491s] Level 1:colcon.colcon_core.package_identification:_identify(src/teleop) by extension 'ignore'
[0.491s] Level 1:colcon.colcon_core.package_identification:_identify(src/teleop) by extension 'ignore_ament_install'
[0.491s] Level 1:colcon.colcon_core.package_identification:_identify(src/teleop) by extensions ['colcon_pkg']
[0.492s] Level 1:colcon.colcon_core.package_identification:_identify(src/teleop) by extension 'colcon_pkg'
[0.492s] Level 1:colcon.colcon_core.package_identification:_identify(src/teleop) by extensions ['colcon_meta']
[0.492s] Level 1:colcon.colcon_core.package_identification:_identify(src/teleop) by extension 'colcon_meta'
[0.492s] Level 1:colcon.colcon_core.package_identification:_identify(src/teleop) by extensions ['ros']
[0.492s] Level 1:colcon.colcon_core.package_identification:_identify(src/teleop) by extension 'ros'
[0.492s] DEBUG:colcon.colcon_core.package_identification:Package 'src/teleop' with type 'ros.ament_python' and name 'arm_teleop'
[0.492s] Level 1:colcon.colcon_core.package_discovery:discover_packages(recursive) using defaults
[0.492s] Level 1:colcon.colcon_core.package_discovery:discover_packages(ignore) discover
[0.492s] Level 1:colcon.colcon_core.package_discovery:discover_packages(ignore) using defaults
[0.492s] Level 1:colcon.colcon_core.package_discovery:discover_packages(path) discover
[0.492s] Level 1:colcon.colcon_core.package_discovery:discover_packages(path) using defaults
[0.527s] Level 1:colcon.colcon_core.package_discovery:discover_packages(prefix_path) check parameters
[0.527s] Level 1:colcon.colcon_core.package_discovery:discover_packages(prefix_path) discover
[0.530s] DEBUG:colcon.colcon_installed_package_information.package_discovery:Found 6 installed packages in /home/lukevizzini/logitech_arm_code/arm_code/arm_code_logitech/install
[0.530s] DEBUG:colcon.colcon_installed_package_information.package_discovery:Found 6 installed packages in /home/lukevizzini/arm_v3/arm_code/install
[0.532s] DEBUG:colcon.colcon_installed_package_information.package_discovery:Found 6 installed packages in /home/lukevizzini/arm_new_v2/arm_code/install
[0.535s] DEBUG:colcon.colcon_installed_package_information.package_discovery:Found 421 installed packages in /opt/ros/humble
[0.537s] Level 1:colcon.colcon_core.package_discovery:discover_packages(prefix_path) using defaults
[0.593s] Level 5:colcon.colcon_core.verb:set package 'arm_config' build argument 'cmake_args' from command line to 'None'
[0.593s] Level 5:colcon.colcon_core.verb:set package 'arm_config' build argument 'cmake_target' from command line to 'None'
[0.593s] Level 5:colcon.colcon_core.verb:set package 'arm_config' build argument 'cmake_target_skip_unavailable' from command line to 'False'
[0.593s] Level 5:colcon.colcon_core.verb:set package 'arm_config' build argument 'cmake_clean_cache' from command line to 'False'
[0.593s] Level 5:colcon.colcon_core.verb:set package 'arm_config' build argument 'cmake_clean_first' from command line to 'False'
[0.593s] Level 5:colcon.colcon_core.verb:set package 'arm_config' build argument 'cmake_force_configure' from command line to 'False'
[0.593s] Level 5:colcon.colcon_core.verb:set package 'arm_config' build argument 'ament_cmake_args' from command line to 'None'
[0.593s] Level 5:colcon.colcon_core.verb:set package 'arm_config' build argument 'catkin_cmake_args' from command line to 'None'
[0.593s] Level 5:colcon.colcon_core.verb:set package 'arm_config' build argument 'catkin_skip_building_tests' from command line to 'False'
[0.593s] DEBUG:colcon.colcon_core.verb:Building package 'arm_config' with the following arguments: {'ament_cmake_args': None, 'build_base': '/home/lukevizzini/logitech_arm_code/arm_code/arm_code_logitech/build/arm_config', 'catkin_cmake_args': None, 'catkin_skip_building_tests': False, 'cmake_args': None, 'cmake_clean_cache': False, 'cmake_clean_first': False, 'cmake_force_configure': False, 'cmake_target': None, 'cmake_target_skip_unavailable': False, 'install_base': '/home/lukevizzini/logitech_arm_code/arm_code/arm_code_logitech/install/arm_config', 'merge_install': False, 'path': '/home/lukevizzini/logitech_arm_code/arm_code/arm_code_logitech/src/config', 'symlink_install': True, 'test_result_base': None}
[0.594s] Level 5:colcon.colcon_core.verb:set package 'arm_pwm_bridge' build argument 'cmake_args' from command line to 'None'
[0.594s] Level 5:colcon.colcon_core.verb:set package 'arm_pwm_bridge' build argument 'cmake_target' from command line to 'None'
[0.594s] Level 5:colcon.colcon_core.verb:set package 'arm_pwm_bridge' build argument 'cmake_target_skip_unavailable' from command line to 'False'
[0.594s] Level 5:colcon.colcon_core.verb:set package 'arm_pwm_bridge' build argument 'cmake_clean_cache' from command line to 'False'
[0.594s] Level 5:colcon.colcon_core.verb:set package 'arm_pwm_bridge' build argument 'cmake_clean_first' from command line to 'False'
[0.594s] Level 5:colcon.colcon_core.verb:set package 'arm_pwm_bridge' build argument 'cmake_force_configure' from command line to 'False'
[0.594s] Level 5:colcon.colcon_core.verb:set package 'arm_pwm_bridge' build argument 'ament_cmake_args' from command line to 'None'
[0.594s] Level 5:colcon.colcon_core.verb:set package 'arm_pwm_bridge' build argument 'catkin_cmake_args' from command line to 'None'
[0.594s] Level 5:colcon.colcon_core.verb:set package 'arm_pwm_bridge' build argument 'catkin_skip_building_tests' from command line to 'False'
[0.594s] DEBUG:colcon.colcon_core.verb:Building package 'arm_pwm_bridge' with the following arguments: {'ament_cmake_args': None, 'build_base': '/home/lukevizzini/logitech_arm_code/arm_code/arm_code_logitech/build/arm_pwm_bridge', 'catkin_cmake_args': None, 'catkin_skip_building_tests': False, 'cmake_args': None, 'cmake_clean_cache': False, 'cmake_clean_first': False, 'cmake_force_configure': False, 'cmake_target': None, 'cmake_target_skip_unavailable': False, 'install_base': '/home/lukevizzini/logitech_arm_code/arm_code/arm_code_logitech/install/arm_pwm_bridge', 'merge_install': False, 'path': '/home/lukevizzini/logitech_arm_code/arm_code/arm_code_logitech/src/pwm_bridge', 'symlink_install': True, 'test_result_base': None}
[0.594s] Level 5:colcon.colcon_core.verb:set package 'arm_teleop' build argument 'cmake_args' from command line to 'None'
[0.594s] Level 5:colcon.colcon_core.verb:set package 'arm_teleop' build argument 'cmake_target' from command line to 'None'
[0.594s] Level 5:colcon.colcon_core.verb:set package 'arm_teleop' build argument 'cmake_target_skip_unavailable' from command line to 'False'
[0.594s] Level 5:colcon.colcon_core.verb:set package 'arm_teleop' build argument 'cmake_clean_cache' from command line to 'False'
[0.594s] Level 5:colcon.colcon_core.verb:set package 'arm_teleop' build argument 'cmake_clean_first' from command line to 'False'
[0.594s] Level 5:colcon.colcon_core.verb:set package 'arm_teleop' build argument 'cmake_force_configure' from command line to 'False'
[0.594s] Level 5:colcon.colcon_core.verb:set package 'arm_teleop' build argument 'ament_cmake_args' from command line to 'None'
[0.594s] Level 5:colcon.colcon_core.verb:set package 'arm_teleop' build argument 'catkin_cmake_args' from command line to 'None'
[0.594s] Level 5:colcon.colcon_core.verb:set package 'arm_teleop' build argument 'catkin_skip_building_tests' from command line to 'False'
[0.594s] DEBUG:colcon.colcon_core.verb:Building package 'arm_teleop' with the following arguments: {'ament_cmake_args': None, 'build_base': '/home/lukevizzini/logitech_arm_code/arm_code/arm_code_logitech/build/arm_teleop', 'catkin_cmake_args': None, 'catkin_skip_building_tests': False, 'cmake_args': None, 'cmake_clean_cache': False, 'cmake_clean_first': False, 'cmake_force_configure': False, 'cmake_target': None, 'cmake_target_skip_unavailable': False, 'install_base': '/home/lukevizzini/logitech_arm_code/arm_code/arm_code_logitech/install/arm_teleop', 'merge_install': False, 'path': '/home/lukevizzini/logitech_arm_code/arm_code/arm_code_logitech/src/teleop', 'symlink_install': True, 'test_result_base': None}
[0.595s] Level 5:colcon.colcon_core.verb:set package 'arm_description' build argument 'cmake_args' from command line to 'None'
[0.595s] Level 5:colcon.colcon_core.verb:set package 'arm_description' build argument 'cmake_target' from command line to 'None'
[0.595s] Level 5:colcon.colcon_core.verb:set package 'arm_description' build argument 'cmake_target_skip_unavailable' from command line to 'False'
[0.595s] Level 5:colcon.colcon_core.verb:set package 'arm_description' build argument 'cmake_clean_cache' from command line to 'False'
[0.595s] Level 5:colcon.colcon_core.verb:set package 'arm_description' build argument 'cmake_clean_first' from command line to 'False'
[0.595s] Level 5:colcon.colcon_core.verb:set package 'arm_description' build argument 'cmake_force_configure' from command line to 'False'
[0.595s] Level 5:colcon.colcon_core.verb:set package 'arm_description' build argument 'ament_cmake_args' from command line to 'None'
[0.595s] Level 5:colcon.colcon_core.verb:set package 'arm_description' build argument 'catkin_cmake_args' from command line to 'None'
[0.595s] Level 5:colcon.colcon_core.verb:set package 'arm_description' build argument 'catkin_skip_building_tests' from command line to 'False'
[0.595s] DEBUG:colcon.colcon_core.verb:Building package 'arm_description' with the following arguments: {'ament_cmake_args': None, 'build_base': '/home/lukevizzini/logitech_arm_code/arm_code/arm_code_logitech/build/arm_description', 'catkin_cmake_args': None, 'catkin_skip_building_tests': False, 'cmake_args': None, 'cmake_clean_cache': False, 'cmake_clean_first': False, 'cmake_force_configure': False, 'cmake_target': None, 'cmake_target_skip_unavailable': False, 'install_base': '/home/lukevizzini/logitech_arm_code/arm_code/arm_code_logitech/install/arm_description', 'merge_install': False, 'path': '/home/lukevizzini/logitech_arm_code/arm_code/arm_code_logitech/src/description', 'symlink_install': True, 'test_result_base': None}
[0.595s] Level 5:colcon.colcon_core.verb:set package 'arm_bringup' build argument 'cmake_args' from command line to 'None'
[0.595s] Level 5:colcon.colcon_core.verb:set package 'arm_bringup' build argument 'cmake_target' from command line to 'None'
[0.595s] Level 5:colcon.colcon_core.verb:set package 'arm_bringup' build argument 'cmake_target_skip_unavailable' from command line to 'False'
[0.596s] Level 5:colcon.colcon_core.verb:set package 'arm_bringup' build argument 'cmake_clean_cache' from command line to 'False'
[0.596s] Level 5:colcon.colcon_core.verb:set package 'arm_bringup' build argument 'cmake_clean_first' from command line to 'False'
[0.596s] Level 5:colcon.colcon_core.verb:set package 'arm_bringup' build argument 'cmake_force_configure' from command line to 'False'
[0.596s] Level 5:colcon.colcon_core.verb:set package 'arm_bringup' build argument 'ament_cmake_args' from command line to 'None'
[0.596s] Level 5:colcon.colcon_core.verb:set package 'arm_bringup' build argument 'catkin_cmake_args' from command line to 'None'
[0.596s] Level 5:colcon.colcon_core.verb:set package 'arm_bringup' build argument 'catkin_skip_building_tests' from command line to 'False'
[0.596s] DEBUG:colcon.colcon_core.verb:Building package 'arm_bringup' with the following arguments: {'ament_cmake_args': None, 'build_base': '/home/lukevizzini/logitech_arm_code/arm_code/arm_code_logitech/build/arm_bringup', 'catkin_cmake_args': None, 'catkin_skip_building_tests': False, 'cmake_args': None, 'cmake_clean_cache': False, 'cmake_clean_first': False, 'cmake_force_configure': False, 'cmake_target': None, 'cmake_target_skip_unavailable': False, 'install_base': '/home/lukevizzini/logitech_arm_code/arm_code/arm_code_logitech/install/arm_bringup', 'merge_install': False, 'path': '/home/lukevizzini/logitech_arm_code/arm_code/arm_code_logitech/src/bringup', 'symlink_install': True, 'test_result_base': None}
[0.596s] Level 5:colcon.colcon_core.verb:set package 'arm_launch' build argument 'cmake_args' from command line to 'None'
[0.596s] Level 5:colcon.colcon_core.verb:set package 'arm_launch' build argument 'cmake_target' from command line to 'None'
[0.596s] Level 5:colcon.colcon_core.verb:set package 'arm_launch' build argument 'cmake_target_skip_unavailable' from command line to 'False'
[0.596s] Level 5:colcon.colcon_core.verb:set package 'arm_launch' build argument 'cmake_clean_cache' from command line to 'False'
[0.596s] Level 5:colcon.colcon_core.verb:set package 'arm_launch' build argument 'cmake_clean_first' from command line to 'False'
[0.596s] Level 5:colcon.colcon_core.verb:set package 'arm_launch' build argument 'cmake_force_configure' from command line to 'False'
[0.596s] Level 5:colcon.colcon_core.verb:set package 'arm_launch' build argument 'ament_cmake_args' from command line to 'None'
[0.596s] Level 5:colcon.colcon_core.verb:set package 'arm_launch' build argument 'catkin_cmake_args' from command line to 'None'
[0.596s] Level 5:colcon.colcon_core.verb:set package 'arm_launch' build argument 'catkin_skip_building_tests' from command line to 'False'
[0.596s] DEBUG:colcon.colcon_core.verb:Building package 'arm_launch' with the following arguments: {'ament_cmake_args': None, 'build_base': '/home/lukevizzini/logitech_arm_code/arm_code/arm_code_logitech/build/arm_launch', 'catkin_cmake_args': None, 'catkin_skip_building_tests': False, 'cmake_args': None, 'cmake_clean_cache': False, 'cmake_clean_first': False, 'cmake_force_configure': False, 'cmake_target': None, 'cmake_target_skip_unavailable': False, 'install_base': '/home/lukevizzini/logitech_arm_code/arm_code/arm_code_logitech/install/arm_launch', 'merge_install': False, 'path': '/home/lukevizzini/logitech_arm_code/arm_code/arm_code_logitech/src/launch', 'symlink_install': True, 'test_result_base': None}
[0.596s] INFO:colcon.colcon_core.executor:Executing jobs using 'parallel' executor
[0.598s] DEBUG:colcon.colcon_parallel_executor.executor.parallel:run_until_complete
[0.598s] INFO:colcon.colcon_ros.task.ament_cmake.build:Building ROS package in '/home/lukevizzini/logitech_arm_code/arm_code/arm_code_logitech/src/config' with build type 'ament_cmake'
[0.599s] INFO:colcon.colcon_cmake.task.cmake.build:Building CMake package in '/home/lukevizzini/logitech_arm_code/arm_code/arm_code_logitech/src/config'
[0.603s] INFO:colcon.colcon_core.plugin_system:Skipping extension 'colcon_core.shell.bat': Not used on non-Windows systems
[0.603s] INFO:colcon.colcon_core.shell:Skip shell extension 'powershell' for command environment: Not usable outside of PowerShell
[0.603s] DEBUG:colcon.colcon_core.shell:Skip shell extension 'dsv' for command environment
[0.608s] INFO:colcon.colcon_ros.task.ament_python.build:Building ROS package in '/home/lukevizzini/logitech_arm_code/arm_code/arm_code_logitech/src/pwm_bridge' with build type 'ament_python'
[0.609s] Level 1:colcon.colcon_core.shell:create_environment_hook('arm_pwm_bridge', 'ament_prefix_path')
[0.609s] INFO:colcon.colcon_core.shell:Creating environment hook '/home/lukevizzini/logitech_arm_code/arm_code/arm_code_logitech/install/arm_pwm_bridge/share/arm_pwm_bridge/hook/ament_prefix_path.ps1'
[0.610s] INFO:colcon.colcon_core.shell:Creating environment descriptor '/home/lukevizzini/logitech_arm_code/arm_code/arm_code_logitech/install/arm_pwm_bridge/share/arm_pwm_bridge/hook/ament_prefix_path.dsv'
[0.611s] INFO:colcon.colcon_core.shell:Creating environment hook '/home/lukevizzini/logitech_arm_code/arm_code/arm_code_logitech/install/arm_pwm_bridge/share/arm_pwm_bridge/hook/ament_prefix_path.sh'
[0.611s] INFO:colcon.colcon_core.shell:Skip shell extension 'powershell' for command environment: Not usable outside of PowerShell
[0.612s] DEBUG:colcon.colcon_core.shell:Skip shell extension 'dsv' for command environment
[0.616s] INFO:colcon.colcon_ros.task.ament_python.build:Building ROS package in '/home/lukevizzini/logitech_arm_code/arm_code/arm_code_logitech/src/teleop' with build type 'ament_python'
[0.617s] Level 1:colcon.colcon_core.shell:create_environment_hook('arm_teleop', 'ament_prefix_path')
[0.617s] INFO:colcon.colcon_core.shell:Creating environment hook '/home/lukevizzini/logitech_arm_code/arm_code/arm_code_logitech/install/arm_teleop/share/arm_teleop/hook/ament_prefix_path.ps1'
[0.618s] INFO:colcon.colcon_core.shell:Creating environment descriptor '/home/lukevizzini/logitech_arm_code/arm_code/arm_code_logitech/install/arm_teleop/share/arm_teleop/hook/ament_prefix_path.dsv'
[0.619s] INFO:colcon.colcon_core.shell:Creating environment hook '/home/lukevizzini/logitech_arm_code/arm_code/arm_code_logitech/install/arm_teleop/share/arm_teleop/hook/ament_prefix_path.sh'
[0.619s] INFO:colcon.colcon_core.shell:Skip shell extension 'powershell' for command environment: Not usable outside of PowerShell
[0.619s] DEBUG:colcon.colcon_core.shell:Skip shell extension 'dsv' for command environment
[0.630s] DEBUG:colcon.colcon_core.event_handler.log_command:Invoking command in '/home/lukevizzini/logitech_arm_code/arm_code/arm_code_logitech/build/arm_config': CMAKE_PREFIX_PATH=${CMAKE_PREFIX_PATH}:/home/lukevizzini/logitech_arm_code/arm_code/arm_code_logitech/install/arm_teleop:/home/lukevizzini/logitech_arm_code/arm_code/arm_code_logitech/install/arm_pwm_bridge:/home/lukevizzini/arm_v3/arm_code/install/arm_teleop:/home/lukevizzini/arm_v3/arm_code/install/arm_pwm_bridge:/home/lukevizzini/arm_new_v2/arm_code/install/arm_teleop:/home/lukevizzini/arm_new_v2/arm_code/install/arm_pwm_bridge:/opt/ros/humble /usr/bin/cmake --build /home/lukevizzini/logitech_arm_code/arm_code/arm_code_logitech/build/arm_config -- -j8 -l8
[0.888s] INFO:colcon.colcon_core.task.python.build:Building Python package in '/home/lukevizzini/logitech_arm_code/arm_code/arm_code_logitech/src/pwm_bridge'
[0.888s] INFO:colcon.colcon_core.shell:Skip shell extension 'powershell' for command environment: Not usable outside of PowerShell
[0.889s] DEBUG:colcon.colcon_core.shell:Skip shell extension 'dsv' for command environment
[1.165s] INFO:colcon.colcon_core.task.python.build:Building Python package in '/home/lukevizzini/logitech_arm_code/arm_code/arm_code_logitech/src/teleop'
[1.165s] INFO:colcon.colcon_core.shell:Skip shell extension 'powershell' for command environment: Not usable outside of PowerShell
[1.165s] DEBUG:colcon.colcon_core.shell:Skip shell extension 'dsv' for command environment
[1.171s] DEBUG:colcon.colcon_core.event_handler.log_command:Invoked command in '/home/lukevizzini/logitech_arm_code/arm_code/arm_code_logitech/build/arm_config' returned '0': CMAKE_PREFIX_PATH=${CMAKE_PREFIX_PATH}:/home/lukevizzini/logitech_arm_code/arm_code/arm_code_logitech/install/arm_teleop:/home/lukevizzini/logitech_arm_code/arm_code/arm_code_logitech/install/arm_pwm_bridge:/home/lukevizzini/arm_v3/arm_code/install/arm_teleop:/home/lukevizzini/arm_v3/arm_code/install/arm_pwm_bridge:/home/lukevizzini/arm_new_v2/arm_code/install/arm_teleop:/home/lukevizzini/arm_new_v2/arm_code/install/arm_pwm_bridge:/opt/ros/humble /usr/bin/cmake --build /home/lukevizzini/logitech_arm_code/arm_code/arm_code_logitech/build/arm_config -- -j8 -l8
[1.181s] DEBUG:colcon.colcon_core.event_handler.log_command:Invoking command in '/home/lukevizzini/logitech_arm_code/arm_code/arm_code_logitech/build/arm_config': CMAKE_PREFIX_PATH=${CMAKE_PREFIX_PATH}:/home/lukevizzini/logitech_arm_code/arm_code/arm_code_logitech/install/arm_teleop:/home/lukevizzini/logitech_arm_code/arm_code/arm_code_logitech/install/arm_pwm_bridge:/home/lukevizzini/arm_v3/arm_code/install/arm_teleop:/home/lukevizzini/arm_v3/arm_code/install/arm_pwm_bridge:/home/lukevizzini/arm_new_v2/arm_code/install/arm_teleop:/home/lukevizzini/arm_new_v2/arm_code/install/arm_pwm_bridge:/opt/ros/humble /usr/bin/cmake --install /home/lukevizzini/logitech_arm_code/arm_code/arm_code_logitech/build/arm_config
[1.203s] Level 1:colcon.colcon_core.environment:create_environment_scripts_only(arm_config)
[1.205s] DEBUG:colcon.colcon_core.event_handler.log_command:Invoked command in '/home/lukevizzini/logitech_arm_code/arm_code/arm_code_logitech/build/arm_config' returned '0': CMAKE_PREFIX_PATH=${CMAKE_PREFIX_PATH}:/home/lukevizzini/logitech_arm_code/arm_code/arm_code_logitech/install/arm_teleop:/home/lukevizzini/logitech_arm_code/arm_code/arm_code_logitech/install/arm_pwm_bridge:/home/lukevizzini/arm_v3/arm_code/install/arm_teleop:/home/lukevizzini/arm_v3/arm_code/install/arm_pwm_bridge:/home/lukevizzini/arm_new_v2/arm_code/install/arm_teleop:/home/lukevizzini/arm_new_v2/arm_code/install/arm_pwm_bridge:/opt/ros/humble /usr/bin/cmake --install /home/lukevizzini/logitech_arm_code/arm_code/arm_code_logitech/build/arm_config
[1.207s] Level 1:colcon.colcon_core.environment:checking '/home/lukevizzini/logitech_arm_code/arm_code/arm_code_logitech/install/arm_config' for CMake module files
[1.207s] Level 1:colcon.colcon_core.environment:checking '/home/lukevizzini/logitech_arm_code/arm_code/arm_code_logitech/install/arm_config' for CMake config files
[1.208s] Level 1:colcon.colcon_core.shell:create_environment_hook('arm_config', 'cmake_prefix_path')
[1.208s] INFO:colcon.colcon_core.shell:Creating environment hook '/home/lukevizzini/logitech_arm_code/arm_code/arm_code_logitech/install/arm_config/share/arm_config/hook/cmake_prefix_path.ps1'
[1.209s] INFO:colcon.colcon_core.shell:Creating environment descriptor '/home/lukevizzini/logitech_arm_code/arm_code/arm_code_logitech/install/arm_config/share/arm_config/hook/cmake_prefix_path.dsv'
[1.209s] INFO:colcon.colcon_core.shell:Creating environment hook '/home/lukevizzini/logitech_arm_code/arm_code/arm_code_logitech/install/arm_config/share/arm_config/hook/cmake_prefix_path.sh'
[1.210s] Level 1:colcon.colcon_core.environment:checking '/home/lukevizzini/logitech_arm_code/arm_code/arm_code_logitech/install/arm_config/bin'
[1.210s] Level 1:colcon.colcon_core.environment:checking '/home/lukevizzini/logitech_arm_code/arm_code/arm_code_logitech/install/arm_config/lib/pkgconfig/arm_config.pc'
[1.210s] Level 1:colcon.colcon_core.environment:checking '/home/lukevizzini/logitech_arm_code/arm_code/arm_code_logitech/install/arm_config/lib/python3.10/site-packages'
[1.211s] Level 1:colcon.colcon_core.environment:checking '/home/lukevizzini/logitech_arm_code/arm_code/arm_code_logitech/install/arm_config/bin'
[1.211s] INFO:colcon.colcon_core.shell:Creating package script '/home/lukevizzini/logitech_arm_code/arm_code/arm_code_logitech/install/arm_config/share/arm_config/package.ps1'
[1.212s] INFO:colcon.colcon_core.shell:Creating package descriptor '/home/lukevizzini/logitech_arm_code/arm_code/arm_code_logitech/install/arm_config/share/arm_config/package.dsv'
[1.213s] INFO:colcon.colcon_core.shell:Creating package script '/home/lukevizzini/logitech_arm_code/arm_code/arm_code_logitech/install/arm_config/share/arm_config/package.sh'
[1.214s] INFO:colcon.colcon_core.shell:Creating package script '/home/lukevizzini/logitech_arm_code/arm_code/arm_code_logitech/install/arm_config/share/arm_config/package.bash'
[1.215s] INFO:colcon.colcon_core.shell:Creating package script '/home/lukevizzini/logitech_arm_code/arm_code/arm_code_logitech/install/arm_config/share/arm_config/package.zsh'
[1.215s] Level 1:colcon.colcon_core.environment:create_file_with_runtime_dependencies(/home/lukevizzini/logitech_arm_code/arm_code/arm_code_logitech/install/arm_config/share/colcon-core/packages/arm_config)
[1.216s] Level 1:colcon.colcon_core.environment:create_environment_scripts_only(arm_config)
[1.217s] Level 1:colcon.colcon_core.environment:checking '/home/lukevizzini/logitech_arm_code/arm_code/arm_code_logitech/install/arm_config' for CMake module files
[1.217s] Level 1:colcon.colcon_core.environment:checking '/home/lukevizzini/logitech_arm_code/arm_code/arm_code_logitech/install/arm_config' for CMake config files
[1.218s] Level 1:colcon.colcon_core.shell:create_environment_hook('arm_config', 'cmake_prefix_path')
[1.218s] INFO:colcon.colcon_core.shell:Creating environment hook '/home/lukevizzini/logitech_arm_code/arm_code/arm_code_logitech/install/arm_config/share/arm_config/hook/cmake_prefix_path.ps1'
[1.219s] INFO:colcon.colcon_core.shell:Creating environment descriptor '/home/lukevizzini/logitech_arm_code/arm_code/arm_code_logitech/install/arm_config/share/arm_config/hook/cmake_prefix_path.dsv'
[1.220s] INFO:colcon.colcon_core.shell:Creating environment hook '/home/lukevizzini/logitech_arm_code/arm_code/arm_code_logitech/install/arm_config/share/arm_config/hook/cmake_prefix_path.sh'
[1.221s] Level 1:colcon.colcon_core.environment:checking '/home/lukevizzini/logitech_arm_code/arm_code/arm_code_logitech/install/arm_config/bin'
[1.221s] Level 1:colcon.colcon_core.environment:checking '/home/lukevizzini/logitech_arm_code/arm_code/arm_code_logitech/install/arm_config/lib/pkgconfig/arm_config.pc'
[1.221s] Level 1:colcon.colcon_core.environment:checking '/home/lukevizzini/logitech_arm_code/arm_code/arm_code_logitech/install/arm_config/lib/python3.10/site-packages'
[1.222s] Level 1:colcon.colcon_core.environment:checking '/home/lukevizzini/logitech_arm_code/arm_code/arm_code_logitech/install/arm_config/bin'
[1.222s] INFO:colcon.colcon_core.shell:Creating package script '/home/lukevizzini/logitech_arm_code/arm_code/arm_code_logitech/install/arm_config/share/arm_config/package.ps1'
[1.223s] INFO:colcon.colcon_core.shell:Creating package descriptor '/home/lukevizzini/logitech_arm_code/arm_code/arm_code_logitech/install/arm_config/share/arm_config/package.dsv'
[1.224s] INFO:colcon.colcon_core.shell:Creating package script '/home/lukevizzini/logitech_arm_code/arm_code/arm_code_logitech/install/arm_config/share/arm_config/package.sh'
[1.224s] INFO:colcon.colcon_core.shell:Creating package script '/home/lukevizzini/logitech_arm_code/arm_code/arm_code_logitech/install/arm_config/share/arm_config/package.bash'
[1.225s] INFO:colcon.colcon_core.shell:Creating package script '/home/lukevizzini/logitech_arm_code/arm_code/arm_code_logitech/install/arm_config/share/arm_config/package.zsh'
[1.225s] Level 1:colcon.colcon_core.environment:create_file_with_runtime_dependencies(/home/lukevizzini/logitech_arm_code/arm_code/arm_code_logitech/install/arm_config/share/colcon-core/packages/arm_config)
[1.226s] INFO:colcon.colcon_ros.task.ament_cmake.build:Building ROS package in '/home/lukevizzini/logitech_arm_code/arm_code/arm_code_logitech/src/description' with build type 'ament_cmake'
[1.226s] INFO:colcon.colcon_cmake.task.cmake.build:Building CMake package in '/home/lukevizzini/logitech_arm_code/arm_code/arm_code_logitech/src/description'
[1.227s] INFO:colcon.colcon_core.shell:Skip shell extension 'powershell' for command environment: Not usable outside of PowerShell
[1.227s] DEBUG:colcon.colcon_core.shell:Skip shell extension 'dsv' for command environment
[1.325s] DEBUG:colcon.colcon_core.event_handler.log_command:Invoking command in '/home/lukevizzini/logitech_arm_code/arm_code/arm_code_logitech/build/arm_description': CMAKE_PREFIX_PATH=/home/lukevizzini/logitech_arm_code/arm_code/arm_code_logitech/install/arm_config:/home/lukevizzini/logitech_arm_code/arm_code/arm_code_logitech/install/arm_launch:/home/lukevizzini/logitech_arm_code/arm_code/arm_code_logitech/install/arm_bringup:/home/lukevizzini/logitech_arm_code/arm_code/arm_code_logitech/install/arm_description:/home/lukevizzini/arm_v3/arm_code/install/arm_launch:/home/lukevizzini/arm_v3/arm_code/install/arm_bringup:/home/lukevizzini/arm_v3/arm_code/install/arm_description:/home/lukevizzini/arm_v3/arm_code/install/arm_config:/home/lukevizzini/arm_new_v2/arm_code/install/arm_launch:/home/lukevizzini/arm_new_v2/arm_code/install/arm_bringup:/home/lukevizzini/arm_new_v2/arm_code/install/arm_description:/home/lukevizzini/arm_new_v2/arm_code/install/arm_config:/home/lukevizzini/logitech_arm_code/arm_code/arm_code_logitech/install/arm_teleop:/home/lukevizzini/logitech_arm_code/arm_code/arm_code_logitech/install/arm_pwm_bridge:/home/lukevizzini/arm_v3/arm_code/install/arm_teleop:/home/lukevizzini/arm_v3/arm_code/install/arm_pwm_bridge:/home/lukevizzini/arm_new_v2/arm_code/install/arm_teleop:/home/lukevizzini/arm_new_v2/arm_code/install/arm_pwm_bridge:/opt/ros/humble /usr/bin/cmake --build /home/lukevizzini/logitech_arm_code/arm_code/arm_code_logitech/build/arm_description -- -j8 -l8
[1.368s] DEBUG:colcon.colcon_core.event_handler.log_command:Invoked command in '/home/lukevizzini/logitech_arm_code/arm_code/arm_code_logitech/build/arm_description' returned '0': CMAKE_PREFIX_PATH=/home/lukevizzini/logitech_arm_code/arm_code/arm_code_logitech/install/arm_config:/home/lukevizzini/logitech_arm_code/arm_code/arm_code_logitech/install/arm_launch:/home/lukevizzini/logitech_arm_code/arm_code/arm_code_logitech/install/arm_bringup:/home/lukevizzini/logitech_arm_code/arm_code/arm_code_logitech/install/arm_description:/home/lukevizzini/arm_v3/arm_code/install/arm_launch:/home/lukevizzini/arm_v3/arm_code/install/arm_bringup:/home/lukevizzini/arm_v3/arm_code/install/arm_description:/home/lukevizzini/arm_v3/arm_code/install/arm_config:/home/lukevizzini/arm_new_v2/arm_code/install/arm_launch:/home/lukevizzini/arm_new_v2/arm_code/install/arm_bringup:/home/lukevizzini/arm_new_v2/arm_code/install/arm_description:/home/lukevizzini/arm_new_v2/arm_code/install/arm_config:/home/lukevizzini/logitech_arm_code/arm_code/arm_code_logitech/install/arm_teleop:/home/lukevizzini/logitech_arm_code/arm_code/arm_code_logitech/install/arm_pwm_bridge:/home/lukevizzini/arm_v3/arm_code/install/arm_teleop:/home/lukevizzini/arm_v3/arm_code/install/arm_pwm_bridge:/home/lukevizzini/arm_new_v2/arm_code/install/arm_teleop:/home/lukevizzini/arm_new_v2/arm_code/install/arm_pwm_bridge:/opt/ros/humble /usr/bin/cmake --build /home/lukevizzini/logitech_arm_code/arm_code/arm_code_logitech/build/arm_description -- -j8 -l8
[1.371s] DEBUG:colcon.colcon_core.event_handler.log_command:Invoking command in '/home/lukevizzini/logitech_arm_code/arm_code/arm_code_logitech/build/arm_description': CMAKE_PREFIX_PATH=/home/lukevizzini/logitech_arm_code/arm_code/arm_code_logitech/install/arm_config:/home/lukevizzini/logitech_arm_code/arm_code/arm_code_logitech/install/arm_launch:/home/lukevizzini/logitech_arm_code/arm_code/arm_code_logitech/install/arm_bringup:/home/lukevizzini/logitech_arm_code/arm_code/arm_code_logitech/install/arm_description:/home/lukevizzini/arm_v3/arm_code/install/arm_launch:/home/lukevizzini/arm_v3/arm_code/install/arm_bringup:/home/lukevizzini/arm_v3/arm_code/install/arm_description:/home/lukevizzini/arm_v3/arm_code/install/arm_config:/home/lukevizzini/arm_new_v2/arm_code/install/arm_launch:/home/lukevizzini/arm_new_v2/arm_code/install/arm_bringup:/home/lukevizzini/arm_new_v2/arm_code/install/arm_description:/home/lukevizzini/arm_new_v2/arm_code/install/arm_config:/home/lukevizzini/logitech_arm_code/arm_code/arm_code_logitech/install/arm_teleop:/home/lukevizzini/logitech_arm_code/arm_code/arm_code_logitech/install/arm_pwm_bridge:/home/lukevizzini/arm_v3/arm_code/install/arm_teleop:/home/lukevizzini/arm_v3/arm_code/install/arm_pwm_bridge:/home/lukevizzini/arm_new_v2/arm_code/install/arm_teleop:/home/lukevizzini/arm_new_v2/arm_code/install/arm_pwm_bridge:/opt/ros/humble /usr/bin/cmake --install /home/lukevizzini/logitech_arm_code/arm_code/arm_code_logitech/build/arm_description
[1.398s] Level 1:colcon.colcon_core.environment:create_environment_scripts_only(arm_description)
[1.398s] Level 1:colcon.colcon_core.environment:checking '/home/lukevizzini/logitech_arm_code/arm_code/arm_code_logitech/install/arm_description' for CMake module files
[1.398s] DEBUG:colcon.colcon_core.event_handler.log_command:Invoked command in '/home/lukevizzini/logitech_arm_code/arm_code/arm_code_logitech/build/arm_description' returned '0': CMAKE_PREFIX_PATH=/home/lukevizzini/logitech_arm_code/arm_code/arm_code_logitech/install/arm_config:/home/lukevizzini/logitech_arm_code/arm_code/arm_code_logitech/install/arm_launch:/home/lukevizzini/logitech_arm_code/arm_code/arm_code_logitech/install/arm_bringup:/home/lukevizzini/logitech_arm_code/arm_code/arm_code_logitech/install/arm_description:/home/lukevizzini/arm_v3/arm_code/install/arm_launch:/home/lukevizzini/arm_v3/arm_code/install/arm_bringup:/home/lukevizzini/arm_v3/arm_code/install/arm_description:/home/lukevizzini/arm_v3/arm_code/install/arm_config:/home/lukevizzini/arm_new_v2/arm_code/install/arm_launch:/home/lukevizzini/arm_new_v2/arm_code/install/arm_bringup:/home/lukevizzini/arm_new_v2/arm_code/install/arm_description:/home/lukevizzini/arm_new_v2/arm_code/install/arm_config:/home/lukevizzini/logitech_arm_code/arm_code/arm_code_logitech/install/arm_teleop:/home/lukevizzini/logitech_arm_code/arm_code/arm_code_logitech/install/arm_pwm_bridge:/home/lukevizzini/arm_v3/arm_code/install/arm_teleop:/home/lukevizzini/arm_v3/arm_code/install/arm_pwm_bridge:/home/lukevizzini/arm_new_v2/arm_code/install/arm_teleop:/home/lukevizzini/arm_new_v2/arm_code/install/arm_pwm_bridge:/opt/ros/humble /usr/bin/cmake --install /home/lukevizzini/logitech_arm_code/arm_code/arm_code_logitech/build/arm_description
[1.399s] Level 1:colcon.colcon_core.environment:checking '/home/lukevizzini/logitech_arm_code/arm_code/arm_code_logitech/install/arm_description' for CMake config files
[1.399s] Level 1:colcon.colcon_core.shell:create_environment_hook('arm_description', 'cmake_prefix_path')
[1.400s] INFO:colcon.colcon_core.shell:Creating environment hook '/home/lukevizzini/logitech_arm_code/arm_code/arm_code_logitech/install/arm_description/share/arm_description/hook/cmake_prefix_path.ps1'
[1.400s] INFO:colcon.colcon_core.shell:Creating environment descriptor '/home/lukevizzini/logitech_arm_code/arm_code/arm_code_logitech/install/arm_description/share/arm_description/hook/cmake_prefix_path.dsv'
[1.401s] INFO:colcon.colcon_core.shell:Creating environment hook '/home/lukevizzini/logitech_arm_code/arm_code/arm_code_logitech/install/arm_description/share/arm_description/hook/cmake_prefix_path.sh'
[1.402s] Level 1:colcon.colcon_core.environment:checking '/home/lukevizzini/logitech_arm_code/arm_code/arm_code_logitech/install/arm_description/bin'
[1.402s] Level 1:colcon.colcon_core.environment:checking '/home/lukevizzini/logitech_arm_code/arm_code/arm_code_logitech/install/arm_description/lib/pkgconfig/arm_description.pc'
[1.402s] Level 1:colcon.colcon_core.environment:checking '/home/lukevizzini/logitech_arm_code/arm_code/arm_code_logitech/install/arm_description/lib/python3.10/site-packages'
[1.402s] Level 1:colcon.colcon_core.environment:checking '/home/lukevizzini/logitech_arm_code/arm_code/arm_code_logitech/install/arm_description/bin'
[1.402s] INFO:colcon.colcon_core.shell:Creating package script '/home/lukevizzini/logitech_arm_code/arm_code/arm_code_logitech/install/arm_description/share/arm_description/package.ps1'
[1.403s] INFO:colcon.colcon_core.shell:Creating package descriptor '/home/lukevizzini/logitech_arm_code/arm_code/arm_code_logitech/install/arm_description/share/arm_description/package.dsv'
[1.404s] INFO:colcon.colcon_core.shell:Creating package script '/home/lukevizzini/logitech_arm_code/arm_code/arm_code_logitech/install/arm_description/share/arm_description/package.sh'
[1.404s] INFO:colcon.colcon_core.shell:Creating package script '/home/lukevizzini/logitech_arm_code/arm_code/arm_code_logitech/install/arm_description/share/arm_description/package.bash'
[1.404s] INFO:colcon.colcon_core.shell:Creating package script '/home/lukevizzini/logitech_arm_code/arm_code/arm_code_logitech/install/arm_description/share/arm_description/package.zsh'
[1.405s] Level 1:colcon.colcon_core.environment:create_file_with_runtime_dependencies(/home/lukevizzini/logitech_arm_code/arm_code/arm_code_logitech/install/arm_description/share/colcon-core/packages/arm_description)
[1.406s] Level 1:colcon.colcon_core.environment:create_environment_scripts_only(arm_description)
[1.406s] Level 1:colcon.colcon_core.environment:checking '/home/lukevizzini/logitech_arm_code/arm_code/arm_code_logitech/install/arm_description' for CMake module files
[1.406s] Level 1:colcon.colcon_core.environment:checking '/home/lukevizzini/logitech_arm_code/arm_code/arm_code_logitech/install/arm_description' for CMake config files
[1.407s] Level 1:colcon.colcon_core.shell:create_environment_hook('arm_description', 'cmake_prefix_path')
[1.407s] INFO:colcon.colcon_core.shell:Creating environment hook '/home/lukevizzini/logitech_arm_code/arm_code/arm_code_logitech/install/arm_description/share/arm_description/hook/cmake_prefix_path.ps1'
[1.408s] INFO:colcon.colcon_core.shell:Creating environment descriptor '/home/lukevizzini/logitech_arm_code/arm_code/arm_code_logitech/install/arm_description/share/arm_description/hook/cmake_prefix_path.dsv'
[1.408s] INFO:colcon.colcon_core.shell:Creating environment hook '/home/lukevizzini/logitech_arm_code/arm_code/arm_code_logitech/install/arm_description/share/arm_description/hook/cmake_prefix_path.sh'
[1.410s] Level 1:colcon.colcon_core.environment:checking '/home/lukevizzini/logitech_arm_code/arm_code/arm_code_logitech/install/arm_description/bin'
[1.410s] Level 1:colcon.colcon_core.environment:checking '/home/lukevizzini/logitech_arm_code/arm_code/arm_code_logitech/install/arm_description/lib/pkgconfig/arm_description.pc'
[1.410s] Level 1:colcon.colcon_core.environment:checking '/home/lukevizzini/logitech_arm_code/arm_code/arm_code_logitech/install/arm_description/lib/python3.10/site-packages'
[1.410s] Level 1:colcon.colcon_core.environment:checking '/home/lukevizzini/logitech_arm_code/arm_code/arm_code_logitech/install/arm_description/bin'
[1.411s] INFO:colcon.colcon_core.shell:Creating package script '/home/lukevizzini/logitech_arm_code/arm_code/arm_code_logitech/install/arm_description/share/arm_description/package.ps1'
[1.411s] INFO:colcon.colcon_core.shell:Creating package descriptor '/home/lukevizzini/logitech_arm_code/arm_code/arm_code_logitech/install/arm_description/share/arm_description/package.dsv'
[1.412s] INFO:colcon.colcon_core.shell:Creating package script '/home/lukevizzini/logitech_arm_code/arm_code/arm_code_logitech/install/arm_description/share/arm_description/package.sh'
[1.412s] INFO:colcon.colcon_core.shell:Creating package script '/home/lukevizzini/logitech_arm_code/arm_code/arm_code_logitech/install/arm_description/share/arm_description/package.bash'
[1.413s] INFO:colcon.colcon_core.shell:Creating package script '/home/lukevizzini/logitech_arm_code/arm_code/arm_code_logitech/install/arm_description/share/arm_description/package.zsh'
[1.413s] Level 1:colcon.colcon_core.environment:create_file_with_runtime_dependencies(/home/lukevizzini/logitech_arm_code/arm_code/arm_code_logitech/install/arm_description/share/colcon-core/packages/arm_description)
[1.414s] INFO:colcon.colcon_ros.task.ament_cmake.build:Building ROS package in '/home/lukevizzini/logitech_arm_code/arm_code/arm_code_logitech/src/bringup' with build type 'ament_cmake'
[1.414s] INFO:colcon.colcon_cmake.task.cmake.build:Building CMake package in '/home/lukevizzini/logitech_arm_code/arm_code/arm_code_logitech/src/bringup'
[1.414s] INFO:colcon.colcon_core.shell:Skip shell extension 'powershell' for command environment: Not usable outside of PowerShell
[1.414s] DEBUG:colcon.colcon_core.shell:Skip shell extension 'dsv' for command environment
[1.571s] DEBUG:colcon.colcon_core.event_handler.log_command:Invoking command in '/home/lukevizzini/logitech_arm_code/arm_code/arm_code_logitech/build/arm_bringup': CMAKE_PREFIX_PATH=/home/lukevizzini/logitech_arm_code/arm_code/arm_code_logitech/install/arm_description:/home/lukevizzini/logitech_arm_code/arm_code/arm_code_logitech/install/arm_config:/home/lukevizzini/logitech_arm_code/arm_code/arm_code_logitech/install/arm_launch:/home/lukevizzini/logitech_arm_code/arm_code/arm_code_logitech/install/arm_bringup:/home/lukevizzini/arm_v3/arm_code/install/arm_launch:/home/lukevizzini/arm_v3/arm_code/install/arm_bringup:/home/lukevizzini/arm_v3/arm_code/install/arm_description:/home/lukevizzini/arm_v3/arm_code/install/arm_config:/home/lukevizzini/arm_new_v2/arm_code/install/arm_launch:/home/lukevizzini/arm_new_v2/arm_code/install/arm_bringup:/home/lukevizzini/arm_new_v2/arm_code/install/arm_description:/home/lukevizzini/arm_new_v2/arm_code/install/arm_config:/home/lukevizzini/logitech_arm_code/arm_code/arm_code_logitech/install/arm_teleop:/home/lukevizzini/logitech_arm_code/arm_code/arm_code_logitech/install/arm_pwm_bridge:/home/lukevizzini/arm_v3/arm_code/install/arm_teleop:/home/lukevizzini/arm_v3/arm_code/install/arm_pwm_bridge:/home/lukevizzini/arm_new_v2/arm_code/install/arm_teleop:/home/lukevizzini/arm_new_v2/arm_code/install/arm_pwm_bridge:/opt/ros/humble /usr/bin/cmake --build /home/lukevizzini/logitech_arm_code/arm_code/arm_code_logitech/build/arm_bringup -- -j8 -l8
[1.620s] DEBUG:colcon.colcon_core.event_handler.log_command:Invoked command in '/home/lukevizzini/logitech_arm_code/arm_code/arm_code_logitech/build/arm_bringup' returned '0': CMAKE_PREFIX_PATH=/home/lukevizzini/logitech_arm_code/arm_code/arm_code_logitech/install/arm_description:/home/lukevizzini/logitech_arm_code/arm_code/arm_code_logitech/install/arm_config:/home/lukevizzini/logitech_arm_code/arm_code/arm_code_logitech/install/arm_launch:/home/lukevizzini/logitech_arm_code/arm_code/arm_code_logitech/install/arm_bringup:/home/lukevizzini/arm_v3/arm_code/install/arm_launch:/home/lukevizzini/arm_v3/arm_code/install/arm_bringup:/home/lukevizzini/arm_v3/arm_code/install/arm_description:/home/lukevizzini/arm_v3/arm_code/install/arm_config:/home/lukevizzini/arm_new_v2/arm_code/install/arm_launch:/home/lukevizzini/arm_new_v2/arm_code/install/arm_bringup:/home/lukevizzini/arm_new_v2/arm_code/install/arm_description:/home/lukevizzini/arm_new_v2/arm_code/install/arm_config:/home/lukevizzini/logitech_arm_code/arm_code/arm_code_logitech/install/arm_teleop:/home/lukevizzini/logitech_arm_code/arm_code/arm_code_logitech/install/arm_pwm_bridge:/home/lukevizzini/arm_v3/arm_code/install/arm_teleop:/home/lukevizzini/arm_v3/arm_code/install/arm_pwm_bridge:/home/lukevizzini/arm_new_v2/arm_code/install/arm_teleop:/home/lukevizzini/arm_new_v2/arm_code/install/arm_pwm_bridge:/opt/ros/humble /usr/bin/cmake --build /home/lukevizzini/logitech_arm_code/arm_code/arm_code_logitech/build/arm_bringup -- -j8 -l8
[1.622s] DEBUG:colcon.colcon_core.event_handler.log_command:Invoking command in '/home/lukevizzini/logitech_arm_code/arm_code/arm_code_logitech/build/arm_bringup': CMAKE_PREFIX_PATH=/home/lukevizzini/logitech_arm_code/arm_code/arm_code_logitech/install/arm_description:/home/lukevizzini/logitech_arm_code/arm_code/arm_code_logitech/install/arm_config:/home/lukevizzini/logitech_arm_code/arm_code/arm_code_logitech/install/arm_launch:/home/lukevizzini/logitech_arm_code/arm_code/arm_code_logitech/install/arm_bringup:/home/lukevizzini/arm_v3/arm_code/install/arm_launch:/home/lukevizzini/arm_v3/arm_code/install/arm_bringup:/home/lukevizzini/arm_v3/arm_code/install/arm_description:/home/lukevizzini/arm_v3/arm_code/install/arm_config:/home/lukevizzini/arm_new_v2/arm_code/install/arm_launch:/home/lukevizzini/arm_new_v2/arm_code/install/arm_bringup:/home/lukevizzini/arm_new_v2/arm_code/install/arm_description:/home/lukevizzini/arm_new_v2/arm_code/install/arm_config:/home/lukevizzini/logitech_arm_code/arm_code/arm_code_logitech/install/arm_teleop:/home/lukevizzini/logitech_arm_code/arm_code/arm_code_logitech/install/arm_pwm_bridge:/home/lukevizzini/arm_v3/arm_code/install/arm_teleop:/home/lukevizzini/arm_v3/arm_code/install/arm_pwm_bridge:/home/lukevizzini/arm_new_v2/arm_code/install/arm_teleop:/home/lukevizzini/arm_new_v2/arm_code/install/arm_pwm_bridge:/opt/ros/humble /usr/bin/cmake --install /home/lukevizzini/logitech_arm_code/arm_code/arm_code_logitech/build/arm_bringup
[1.641s] DEBUG:colcon.colcon_core.event_handler.log_command:Invoking command in '/home/lukevizzini/logitech_arm_code/arm_code/arm_code_logitech/build/arm_teleop': PYTHONPATH=/home/lukevizzini/logitech_arm_code/arm_code/arm_code_logitech/build/arm_teleop/prefix_override:/usr/lib/python3/dist-packages/colcon_core/task/python/colcon_distutils_commands:/home/lukevizzini/logitech_arm_code/arm_code/arm_code_logitech/install/arm_teleop/lib/python3.10/site-packages:${PYTHONPATH} /usr/bin/python3 -W ignore:setup.py install is deprecated -W ignore:easy_install command is deprecated setup.py develop --editable --build-directory /home/lukevizzini/logitech_arm_code/arm_code/arm_code_logitech/build/arm_teleop/build --no-deps symlink_data
[1.644s] DEBUG:colcon.colcon_core.event_handler.log_command:Invoking command in '/home/lukevizzini/logitech_arm_code/arm_code/arm_code_logitech/build/arm_pwm_bridge': PYTHONPATH=/home/lukevizzini/logitech_arm_code/arm_code/arm_code_logitech/build/arm_pwm_bridge/prefix_override:/usr/lib/python3/dist-packages/colcon_core/task/python/colcon_distutils_commands:/home/lukevizzini/logitech_arm_code/arm_code/arm_code_logitech/install/arm_pwm_bridge/lib/python3.10/site-packages:${PYTHONPATH} /usr/bin/python3 -W ignore:setup.py install is deprecated -W ignore:easy_install command is deprecated setup.py develop --editable --build-directory /home/lukevizzini/logitech_arm_code/arm_code/arm_code_logitech/build/arm_pwm_bridge/build --no-deps symlink_data
[1.648s] Level 1:colcon.colcon_core.environment:create_environment_scripts_only(arm_bringup)
[1.648s] Level 1:colcon.colcon_core.environment:checking '/home/lukevizzini/logitech_arm_code/arm_code/arm_code_logitech/install/arm_bringup' for CMake module files
[1.649s] DEBUG:colcon.colcon_core.event_handler.log_command:Invoked command in '/home/lukevizzini/logitech_arm_code/arm_code/arm_code_logitech/build/arm_bringup' returned '0': CMAKE_PREFIX_PATH=/home/lukevizzini/logitech_arm_code/arm_code/arm_code_logitech/install/arm_description:/home/lukevizzini/logitech_arm_code/arm_code/arm_code_logitech/install/arm_config:/home/lukevizzini/logitech_arm_code/arm_code/arm_code_logitech/install/arm_launch:/home/lukevizzini/logitech_arm_code/arm_code/arm_code_logitech/install/arm_bringup:/home/lukevizzini/arm_v3/arm_code/install/arm_launch:/home/lukevizzini/arm_v3/arm_code/install/arm_bringup:/home/lukevizzini/arm_v3/arm_code/install/arm_description:/home/lukevizzini/arm_v3/arm_code/install/arm_config:/home/lukevizzini/arm_new_v2/arm_code/install/arm_launch:/home/lukevizzini/arm_new_v2/arm_code/install/arm_bringup:/home/lukevizzini/arm_new_v2/arm_code/install/arm_description:/home/lukevizzini/arm_new_v2/arm_code/install/arm_config:/home/lukevizzini/logitech_arm_code/arm_code/arm_code_logitech/install/arm_teleop:/home/lukevizzini/logitech_arm_code/arm_code/arm_code_logitech/install/arm_pwm_bridge:/home/lukevizzini/arm_v3/arm_code/install/arm_teleop:/home/lukevizzini/arm_v3/arm_code/install/arm_pwm_bridge:/home/lukevizzini/arm_new_v2/arm_code/install/arm_teleop:/home/lukevizzini/arm_new_v2/arm_code/install/arm_pwm_bridge:/opt/ros/humble /usr/bin/cmake --install /home/lukevizzini/logitech_arm_code/arm_code/arm_code_logitech/build/arm_bringup
[1.649s] Level 1:colcon.colcon_core.environment:checking '/home/lukevizzini/logitech_arm_code/arm_code/arm_code_logitech/install/arm_bringup' for CMake config files
[1.650s] Level 1:colcon.colcon_core.shell:create_environment_hook('arm_bringup', 'cmake_prefix_path')
[1.650s] INFO:colcon.colcon_core.shell:Creating environment hook '/home/lukevizzini/logitech_arm_code/arm_code/arm_code_logitech/install/arm_bringup/share/arm_bringup/hook/cmake_prefix_path.ps1'
[1.651s] INFO:colcon.colcon_core.shell:Creating environment descriptor '/home/lukevizzini/logitech_arm_code/arm_code/arm_code_logitech/install/arm_bringup/share/arm_bringup/hook/cmake_prefix_path.dsv'
[1.651s] INFO:colcon.colcon_core.shell:Creating environment hook '/home/lukevizzini/logitech_arm_code/arm_code/arm_code_logitech/install/arm_bringup/share/arm_bringup/hook/cmake_prefix_path.sh'
[1.652s] Level 1:colcon.colcon_core.environment:checking '/home/lukevizzini/logitech_arm_code/arm_code/arm_code_logitech/install/arm_bringup/bin'
[1.652s] Level 1:colcon.colcon_core.environment:checking '/home/lukevizzini/logitech_arm_code/arm_code/arm_code_logitech/install/arm_bringup/lib/pkgconfig/arm_bringup.pc'
[1.653s] Level 1:colcon.colcon_core.environment:checking '/home/lukevizzini/logitech_arm_code/arm_code/arm_code_logitech/install/arm_bringup/lib/python3.10/site-packages'
[1.653s] Level 1:colcon.colcon_core.environment:checking '/home/lukevizzini/logitech_arm_code/arm_code/arm_code_logitech/install/arm_bringup/bin'
[1.653s] INFO:colcon.colcon_core.shell:Creating package script '/home/lukevizzini/logitech_arm_code/arm_code/arm_code_logitech/install/arm_bringup/share/arm_bringup/package.ps1'
[1.654s] INFO:colcon.colcon_core.shell:Creating package descriptor '/home/lukevizzini/logitech_arm_code/arm_code/arm_code_logitech/install/arm_bringup/share/arm_bringup/package.dsv'
[1.654s] INFO:colcon.colcon_core.shell:Creating package script '/home/lukevizzini/logitech_arm_code/arm_code/arm_code_logitech/install/arm_bringup/share/arm_bringup/package.sh'
[1.655s] INFO:colcon.colcon_core.shell:Creating package script '/home/lukevizzini/logitech_arm_code/arm_code/arm_code_logitech/install/arm_bringup/share/arm_bringup/package.bash'
[1.655s] INFO:colcon.colcon_core.shell:Creating package script '/home/lukevizzini/logitech_arm_code/arm_code/arm_code_logitech/install/arm_bringup/share/arm_bringup/package.zsh'
[1.655s] Level 1:colcon.colcon_core.environment:create_file_with_runtime_dependencies(/home/lukevizzini/logitech_arm_code/arm_code/arm_code_logitech/install/arm_bringup/share/colcon-core/packages/arm_bringup)
[1.656s] Level 1:colcon.colcon_core.environment:create_environment_scripts_only(arm_bringup)
[1.656s] Level 1:colcon.colcon_core.environment:checking '/home/lukevizzini/logitech_arm_code/arm_code/arm_code_logitech/install/arm_bringup' for CMake module files
[1.656s] Level 1:colcon.colcon_core.environment:checking '/home/lukevizzini/logitech_arm_code/arm_code/arm_code_logitech/install/arm_bringup' for CMake config files
[1.657s] Level 1:colcon.colcon_core.shell:create_environment_hook('arm_bringup', 'cmake_prefix_path')
[1.657s] INFO:colcon.colcon_core.shell:Creating environment hook '/home/lukevizzini/logitech_arm_code/arm_code/arm_code_logitech/install/arm_bringup/share/arm_bringup/hook/cmake_prefix_path.ps1'
[1.657s] INFO:colcon.colcon_core.shell:Creating environment descriptor '/home/lukevizzini/logitech_arm_code/arm_code/arm_code_logitech/install/arm_bringup/share/arm_bringup/hook/cmake_prefix_path.dsv'
[1.657s] INFO:colcon.colcon_core.shell:Creating environment hook '/home/lukevizzini/logitech_arm_code/arm_code/arm_code_logitech/install/arm_bringup/share/arm_bringup/hook/cmake_prefix_path.sh'
[1.658s] Level 1:colcon.colcon_core.environment:checking '/home/lukevizzini/logitech_arm_code/arm_code/arm_code_logitech/install/arm_bringup/bin'
[1.658s] Level 1:colcon.colcon_core.environment:checking '/home/lukevizzini/logitech_arm_code/arm_code/arm_code_logitech/install/arm_bringup/lib/pkgconfig/arm_bringup.pc'
[1.658s] Level 1:colcon.colcon_core.environment:checking '/home/lukevizzini/logitech_arm_code/arm_code/arm_code_logitech/install/arm_bringup/lib/python3.10/site-packages'
[1.658s] Level 1:colcon.colcon_core.environment:checking '/home/lukevizzini/logitech_arm_code/arm_code/arm_code_logitech/install/arm_bringup/bin'
[1.659s] INFO:colcon.colcon_core.shell:Creating package script '/home/lukevizzini/logitech_arm_code/arm_code/arm_code_logitech/install/arm_bringup/share/arm_bringup/package.ps1'
[1.659s] INFO:colcon.colcon_core.shell:Creating package descriptor '/home/lukevizzini/logitech_arm_code/arm_code/arm_code_logitech/install/arm_bringup/share/arm_bringup/package.dsv'
[1.659s] INFO:colcon.colcon_core.shell:Creating package script '/home/lukevizzini/logitech_arm_code/arm_code/arm_code_logitech/install/arm_bringup/share/arm_bringup/package.sh'
[1.660s] INFO:colcon.colcon_core.shell:Creating package script '/home/lukevizzini/logitech_arm_code/arm_code/arm_code_logitech/install/arm_bringup/share/arm_bringup/package.bash'
[1.660s] INFO:colcon.colcon_core.shell:Creating package script '/home/lukevizzini/logitech_arm_code/arm_code/arm_code_logitech/install/arm_bringup/share/arm_bringup/package.zsh'
[1.661s] Level 1:colcon.colcon_core.environment:create_file_with_runtime_dependencies(/home/lukevizzini/logitech_arm_code/arm_code/arm_code_logitech/install/arm_bringup/share/colcon-core/packages/arm_bringup)
[2.090s] Level 1:colcon.colcon_core.shell:create_environment_hook('arm_teleop', 'pythonpath_develop')
[2.091s] INFO:colcon.colcon_core.shell:Creating environment hook '/home/lukevizzini/logitech_arm_code/arm_code/arm_code_logitech/build/arm_teleop/share/arm_teleop/hook/pythonpath_develop.ps1'
[2.091s] DEBUG:colcon.colcon_core.event_handler.log_command:Invoked command in '/home/lukevizzini/logitech_arm_code/arm_code/arm_code_logitech/build/arm_teleop' returned '0': PYTHONPATH=/home/lukevizzini/logitech_arm_code/arm_code/arm_code_logitech/build/arm_teleop/prefix_override:/usr/lib/python3/dist-packages/colcon_core/task/python/colcon_distutils_commands:/home/lukevizzini/logitech_arm_code/arm_code/arm_code_logitech/install/arm_teleop/lib/python3.10/site-packages:${PYTHONPATH} /usr/bin/python3 -W ignore:setup.py install is deprecated -W ignore:easy_install command is deprecated setup.py develop --editable --build-directory /home/lukevizzini/logitech_arm_code/arm_code/arm_code_logitech/build/arm_teleop/build --no-deps symlink_data
[2.093s] INFO:colcon.colcon_core.shell:Creating environment descriptor '/home/lukevizzini/logitech_arm_code/arm_code/arm_code_logitech/build/arm_teleop/share/arm_teleop/hook/pythonpath_develop.dsv'
[2.093s] INFO:colcon.colcon_core.shell:Creating environment hook '/home/lukevizzini/logitech_arm_code/arm_code/arm_code_logitech/build/arm_teleop/share/arm_teleop/hook/pythonpath_develop.sh'
[2.094s] Level 1:colcon.colcon_core.environment:checking '/home/lukevizzini/logitech_arm_code/arm_code/arm_code_logitech/install/arm_teleop' for CMake module files
[2.094s] Level 1:colcon.colcon_core.environment:checking '/home/lukevizzini/logitech_arm_code/arm_code/arm_code_logitech/install/arm_teleop' for CMake config files
[2.094s] Level 1:colcon.colcon_core.environment:checking '/home/lukevizzini/logitech_arm_code/arm_code/arm_code_logitech/install/arm_teleop/lib'
[2.095s] Level 1:colcon.colcon_core.environment:checking '/home/lukevizzini/logitech_arm_code/arm_code/arm_code_logitech/install/arm_teleop/bin'
[2.095s] Level 1:colcon.colcon_core.environment:checking '/home/lukevizzini/logitech_arm_code/arm_code/arm_code_logitech/install/arm_teleop/lib/pkgconfig/arm_teleop.pc'
[2.095s] Level 1:colcon.colcon_core.environment:checking '/home/lukevizzini/logitech_arm_code/arm_code/arm_code_logitech/install/arm_teleop/lib/python3.10/site-packages'
[2.095s] Level 1:colcon.colcon_core.shell:create_environment_hook('arm_teleop', 'pythonpath')
[2.095s] INFO:colcon.colcon_core.shell:Creating environment hook '/home/lukevizzini/logitech_arm_code/arm_code/arm_code_logitech/install/arm_teleop/share/arm_teleop/hook/pythonpath.ps1'
[2.096s] INFO:colcon.colcon_core.shell:Creating environment descriptor '/home/lukevizzini/logitech_arm_code/arm_code/arm_code_logitech/install/arm_teleop/share/arm_teleop/hook/pythonpath.dsv'
[2.096s] INFO:colcon.colcon_core.shell:Creating environment hook '/home/lukevizzini/logitech_arm_code/arm_code/arm_code_logitech/install/arm_teleop/share/arm_teleop/hook/pythonpath.sh'
[2.096s] Level 1:colcon.colcon_core.environment:checking '/home/lukevizzini/logitech_arm_code/arm_code/arm_code_logitech/install/arm_teleop/bin'
[2.096s] Level 1:colcon.colcon_core.environment:create_environment_scripts_only(arm_teleop)
[2.097s] INFO:colcon.colcon_core.shell:Creating package script '/home/lukevizzini/logitech_arm_code/arm_code/arm_code_logitech/install/arm_teleop/share/arm_teleop/package.ps1'
[2.097s] INFO:colcon.colcon_core.shell:Creating package descriptor '/home/lukevizzini/logitech_arm_code/arm_code/arm_code_logitech/install/arm_teleop/share/arm_teleop/package.dsv'
[2.098s] INFO:colcon.colcon_core.shell:Creating package script '/home/lukevizzini/logitech_arm_code/arm_code/arm_code_logitech/install/arm_teleop/share/arm_teleop/package.sh'
[2.098s] INFO:colcon.colcon_core.shell:Creating package script '/home/lukevizzini/logitech_arm_code/arm_code/arm_code_logitech/install/arm_teleop/share/arm_teleop/package.bash'
[2.099s] INFO:colcon.colcon_core.shell:Creating package script '/home/lukevizzini/logitech_arm_code/arm_code/arm_code_logitech/install/arm_teleop/share/arm_teleop/package.zsh'
[2.099s] Level 1:colcon.colcon_core.environment:create_file_with_runtime_dependencies(/home/lukevizzini/logitech_arm_code/arm_code/arm_code_logitech/install/arm_teleop/share/colcon-core/packages/arm_teleop)
[2.123s] Level 1:colcon.colcon_core.shell:create_environment_hook('arm_pwm_bridge', 'pythonpath_develop')
[2.123s] INFO:colcon.colcon_core.shell:Creating environment hook '/home/lukevizzini/logitech_arm_code/arm_code/arm_code_logitech/build/arm_pwm_bridge/share/arm_pwm_bridge/hook/pythonpath_develop.ps1'
[2.124s] DEBUG:colcon.colcon_core.event_handler.log_command:Invoked command in '/home/lukevizzini/logitech_arm_code/arm_code/arm_code_logitech/build/arm_pwm_bridge' returned '0': PYTHONPATH=/home/lukevizzini/logitech_arm_code/arm_code/arm_code_logitech/build/arm_pwm_bridge/prefix_override:/usr/lib/python3/dist-packages/colcon_core/task/python/colcon_distutils_commands:/home/lukevizzini/logitech_arm_code/arm_code/arm_code_logitech/install/arm_pwm_bridge/lib/python3.10/site-packages:${PYTHONPATH} /usr/bin/python3 -W ignore:setup.py install is deprecated -W ignore:easy_install command is deprecated setup.py develop --editable --build-directory /home/lukevizzini/logitech_arm_code/arm_code/arm_code_logitech/build/arm_pwm_bridge/build --no-deps symlink_data
[2.124s] INFO:colcon.colcon_core.shell:Creating environment descriptor '/home/lukevizzini/logitech_arm_code/arm_code/arm_code_logitech/build/arm_pwm_bridge/share/arm_pwm_bridge/hook/pythonpath_develop.dsv'
[2.124s] INFO:colcon.colcon_core.shell:Creating environment hook '/home/lukevizzini/logitech_arm_code/arm_code/arm_code_logitech/build/arm_pwm_bridge/share/arm_pwm_bridge/hook/pythonpath_develop.sh'
[2.125s] Level 1:colcon.colcon_core.environment:checking '/home/lukevizzini/logitech_arm_code/arm_code/arm_code_logitech/install/arm_pwm_bridge' for CMake module files
[2.125s] Level 1:colcon.colcon_core.environment:checking '/home/lukevizzini/logitech_arm_code/arm_code/arm_code_logitech/install/arm_pwm_bridge' for CMake config files
[2.126s] Level 1:colcon.colcon_core.environment:checking '/home/lukevizzini/logitech_arm_code/arm_code/arm_code_logitech/install/arm_pwm_bridge/lib'
[2.126s] Level 1:colcon.colcon_core.environment:checking '/home/lukevizzini/logitech_arm_code/arm_code/arm_code_logitech/install/arm_pwm_bridge/bin'
[2.126s] Level 1:colcon.colcon_core.environment:checking '/home/lukevizzini/logitech_arm_code/arm_code/arm_code_logitech/install/arm_pwm_bridge/lib/pkgconfig/arm_pwm_bridge.pc'
[2.126s] Level 1:colcon.colcon_core.environment:checking '/home/lukevizzini/logitech_arm_code/arm_code/arm_code_logitech/install/arm_pwm_bridge/lib/python3.10/site-packages'
[2.126s] Level 1:colcon.colcon_core.shell:create_environment_hook('arm_pwm_bridge', 'pythonpath')
[2.126s] INFO:colcon.colcon_core.shell:Creating environment hook '/home/lukevizzini/logitech_arm_code/arm_code/arm_code_logitech/install/arm_pwm_bridge/share/arm_pwm_bridge/hook/pythonpath.ps1'
[2.127s] INFO:colcon.colcon_core.shell:Creating environment descriptor '/home/lukevizzini/logitech_arm_code/arm_code/arm_code_logitech/install/arm_pwm_bridge/share/arm_pwm_bridge/hook/pythonpath.dsv'
[2.127s] INFO:colcon.colcon_core.shell:Creating environment hook '/home/lukevizzini/logitech_arm_code/arm_code/arm_code_logitech/install/arm_pwm_bridge/share/arm_pwm_bridge/hook/pythonpath.sh'
[2.128s] Level 1:colcon.colcon_core.environment:checking '/home/lukevizzini/logitech_arm_code/arm_code/arm_code_logitech/install/arm_pwm_bridge/bin'
[2.128s] Level 1:colcon.colcon_core.environment:create_environment_scripts_only(arm_pwm_bridge)
[2.128s] INFO:colcon.colcon_core.shell:Creating package script '/home/lukevizzini/logitech_arm_code/arm_code/arm_code_logitech/install/arm_pwm_bridge/share/arm_pwm_bridge/package.ps1'
[2.129s] INFO:colcon.colcon_core.shell:Creating package descriptor '/home/lukevizzini/logitech_arm_code/arm_code/arm_code_logitech/install/arm_pwm_bridge/share/arm_pwm_bridge/package.dsv'
[2.129s] INFO:colcon.colcon_core.shell:Creating package script '/home/lukevizzini/logitech_arm_code/arm_code/arm_code_logitech/install/arm_pwm_bridge/share/arm_pwm_bridge/package.sh'
[2.130s] INFO:colcon.colcon_core.shell:Creating package script '/home/lukevizzini/logitech_arm_code/arm_code/arm_code_logitech/install/arm_pwm_bridge/share/arm_pwm_bridge/package.bash'
[2.130s] INFO:colcon.colcon_core.shell:Creating package script '/home/lukevizzini/logitech_arm_code/arm_code/arm_code_logitech/install/arm_pwm_bridge/share/arm_pwm_bridge/package.zsh'
[2.131s] Level 1:colcon.colcon_core.environment:create_file_with_runtime_dependencies(/home/lukevizzini/logitech_arm_code/arm_code/arm_code_logitech/install/arm_pwm_bridge/share/colcon-core/packages/arm_pwm_bridge)
[2.131s] INFO:colcon.colcon_ros.task.ament_cmake.build:Building ROS package in '/home/lukevizzini/logitech_arm_code/arm_code/arm_code_logitech/src/launch' with build type 'ament_cmake'
[2.131s] INFO:colcon.colcon_cmake.task.cmake.build:Building CMake package in '/home/lukevizzini/logitech_arm_code/arm_code/arm_code_logitech/src/launch'
[2.132s] INFO:colcon.colcon_core.shell:Skip shell extension 'powershell' for command environment: Not usable outside of PowerShell
[2.132s] DEBUG:colcon.colcon_core.shell:Skip shell extension 'dsv' for command environment
[2.651s] DEBUG:colcon.colcon_core.event_handler.log_command:Invoking command in '/home/lukevizzini/logitech_arm_code/arm_code/arm_code_logitech/build/arm_launch': AMENT_PREFIX_PATH=/home/lukevizzini/logitech_arm_code/arm_code/arm_code_logitech/install/arm_teleop:/home/lukevizzini/logitech_arm_code/arm_code/arm_code_logitech/install/arm_pwm_bridge:/home/lukevizzini/logitech_arm_code/arm_code/arm_code_logitech/install/arm_launch:/home/lukevizzini/logitech_arm_code/arm_code/arm_code_logitech/install/arm_bringup:/home/lukevizzini/logitech_arm_code/arm_code/arm_code_logitech/install/arm_description:/home/lukevizzini/logitech_arm_code/arm_code/arm_code_logitech/install/arm_config:/home/lukevizzini/arm_v3/arm_code/install/arm_launch:/home/lukevizzini/arm_v3/arm_code/install/arm_teleop:/home/lukevizzini/arm_v3/arm_code/install/arm_pwm_bridge:/home/lukevizzini/arm_v3/arm_code/install/arm_bringup:/home/lukevizzini/arm_v3/arm_code/install/arm_description:/home/lukevizzini/arm_v3/arm_code/install/arm_config:/home/lukevizzini/arm_new_v2/arm_code/install/arm_launch:/home/lukevizzini/arm_new_v2/arm_code/install/arm_teleop:/home/lukevizzini/arm_new_v2/arm_code/install/arm_pwm_bridge:/home/lukevizzini/arm_new_v2/arm_code/install/arm_bringup:/home/lukevizzini/arm_new_v2/arm_code/install/arm_description:/home/lukevizzini/arm_new_v2/arm_code/install/arm_config:/opt/ros/humble CMAKE_PREFIX_PATH=/home/lukevizzini/logitech_arm_code/arm_code/arm_code_logitech/install/arm_bringup:/home/lukevizzini/logitech_arm_code/arm_code/arm_code_logitech/install/arm_description:/home/lukevizzini/logitech_arm_code/arm_code/arm_code_logitech/install/arm_config:/home/lukevizzini/logitech_arm_code/arm_code/arm_code_logitech/install/arm_launch:/home/lukevizzini/arm_v3/arm_code/install/arm_launch:/home/lukevizzini/arm_v3/arm_code/install/arm_bringup:/home/lukevizzini/arm_v3/arm_code/install/arm_description:/home/lukevizzini/arm_v3/arm_code/install/arm_config:/home/lukevizzini/arm_new_v2/arm_code/install/arm_launch:/home/lukevizzini/arm_new_v2/arm_code/install/arm_bringup:/home/lukevizzini/arm_new_v2/arm_code/install/arm_description:/home/lukevizzini/arm_new_v2/arm_code/install/arm_config:/home/lukevizzini/logitech_arm_code/arm_code/arm_code_logitech/install/arm_teleop:/home/lukevizzini/logitech_arm_code/arm_code/arm_code_logitech/install/arm_pwm_bridge:/home/lukevizzini/arm_v3/arm_code/install/arm_teleop:/home/lukevizzini/arm_v3/arm_code/install/arm_pwm_bridge:/home/lukevizzini/arm_new_v2/arm_code/install/arm_teleop:/home/lukevizzini/arm_new_v2/arm_code/install/arm_pwm_bridge:/opt/ros/humble /usr/bin/cmake --build /home/lukevizzini/logitech_arm_code/arm_code/arm_code_logitech/build/arm_launch -- -j8 -l8
[2.689s] DEBUG:colcon.colcon_core.event_handler.log_command:Invoked command in '/home/lukevizzini/logitech_arm_code/arm_code/arm_code_logitech/build/arm_launch' returned '0': AMENT_PREFIX_PATH=/home/lukevizzini/logitech_arm_code/arm_code/arm_code_logitech/install/arm_teleop:/home/lukevizzini/logitech_arm_code/arm_code/arm_code_logitech/install/arm_pwm_bridge:/home/lukevizzini/logitech_arm_code/arm_code/arm_code_logitech/install/arm_launch:/home/lukevizzini/logitech_arm_code/arm_code/arm_code_logitech/install/arm_bringup:/home/lukevizzini/logitech_arm_code/arm_code/arm_code_logitech/install/arm_description:/home/lukevizzini/logitech_arm_code/arm_code/arm_code_logitech/install/arm_config:/home/lukevizzini/arm_v3/arm_code/install/arm_launch:/home/lukevizzini/arm_v3/arm_code/install/arm_teleop:/home/lukevizzini/arm_v3/arm_code/install/arm_pwm_bridge:/home/lukevizzini/arm_v3/arm_code/install/arm_bringup:/home/lukevizzini/arm_v3/arm_code/install/arm_description:/home/lukevizzini/arm_v3/arm_code/install/arm_config:/home/lukevizzini/arm_new_v2/arm_code/install/arm_launch:/home/lukevizzini/arm_new_v2/arm_code/install/arm_teleop:/home/lukevizzini/arm_new_v2/arm_code/install/arm_pwm_bridge:/home/lukevizzini/arm_new_v2/arm_code/install/arm_bringup:/home/lukevizzini/arm_new_v2/arm_code/install/arm_description:/home/lukevizzini/arm_new_v2/arm_code/install/arm_config:/opt/ros/humble CMAKE_PREFIX_PATH=/home/lukevizzini/logitech_arm_code/arm_code/arm_code_logitech/install/arm_bringup:/home/lukevizzini/logitech_arm_code/arm_code/arm_code_logitech/install/arm_description:/home/lukevizzini/logitech_arm_code/arm_code/arm_code_logitech/install/arm_config:/home/lukevizzini/logitech_arm_code/arm_code/arm_code_logitech/install/arm_launch:/home/lukevizzini/arm_v3/arm_code/install/arm_launch:/home/lukevizzini/arm_v3/arm_code/install/arm_bringup:/home/lukevizzini/arm_v3/arm_code/install/arm_description:/home/lukevizzini/arm_v3/arm_code/install/arm_config:/home/lukevizzini/arm_new_v2/arm_code/install/arm_launch:/home/lukevizzini/arm_new_v2/arm_code/install/arm_bringup:/home/lukevizzini/arm_new_v2/arm_code/install/arm_description:/home/lukevizzini/arm_new_v2/arm_code/install/arm_config:/home/lukevizzini/logitech_arm_code/arm_code/arm_code_logitech/install/arm_teleop:/home/lukevizzini/logitech_arm_code/arm_code/arm_code_logitech/install/arm_pwm_bridge:/home/lukevizzini/arm_v3/arm_code/install/arm_teleop:/home/lukevizzini/arm_v3/arm_code/install/arm_pwm_bridge:/home/lukevizzini/arm_new_v2/arm_code/install/arm_teleop:/home/lukevizzini/arm_new_v2/arm_code/install/arm_pwm_bridge:/opt/ros/humble /usr/bin/cmake --build /home/lukevizzini/logitech_arm_code/arm_code/arm_code_logitech/build/arm_launch -- -j8 -l8
[2.691s] DEBUG:colcon.colcon_core.event_handler.log_command:Invoking command in '/home/lukevizzini/logitech_arm_code/arm_code/arm_code_logitech/build/arm_launch': AMENT_PREFIX_PATH=/home/lukevizzini/logitech_arm_code/arm_code/arm_code_logitech/install/arm_teleop:/home/lukevizzini/logitech_arm_code/arm_code/arm_code_logitech/install/arm_pwm_bridge:/home/lukevizzini/logitech_arm_code/arm_code/arm_code_logitech/install/arm_launch:/home/lukevizzini/logitech_arm_code/arm_code/arm_code_logitech/install/arm_bringup:/home/lukevizzini/logitech_arm_code/arm_code/arm_code_logitech/install/arm_description:/home/lukevizzini/logitech_arm_code/arm_code/arm_code_logitech/install/arm_config:/home/lukevizzini/arm_v3/arm_code/install/arm_launch:/home/lukevizzini/arm_v3/arm_code/install/arm_teleop:/home/lukevizzini/arm_v3/arm_code/install/arm_pwm_bridge:/home/lukevizzini/arm_v3/arm_code/install/arm_bringup:/home/lukevizzini/arm_v3/arm_code/install/arm_description:/home/lukevizzini/arm_v3/arm_code/install/arm_config:/home/lukevizzini/arm_new_v2/arm_code/install/arm_launch:/home/lukevizzini/arm_new_v2/arm_code/install/arm_teleop:/home/lukevizzini/arm_new_v2/arm_code/install/arm_pwm_bridge:/home/lukevizzini/arm_new_v2/arm_code/install/arm_bringup:/home/lukevizzini/arm_new_v2/arm_code/install/arm_description:/home/lukevizzini/arm_new_v2/arm_code/install/arm_config:/opt/ros/humble CMAKE_PREFIX_PATH=/home/lukevizzini/logitech_arm_code/arm_code/arm_code_logitech/install/arm_bringup:/home/lukevizzini/logitech_arm_code/arm_code/arm_code_logitech/install/arm_description:/home/lukevizzini/logitech_arm_code/arm_code/arm_code_logitech/install/arm_config:/home/lukevizzini/logitech_arm_code/arm_code/arm_code_logitech/install/arm_launch:/home/lukevizzini/arm_v3/arm_code/install/arm_launch:/home/lukevizzini/arm_v3/arm_code/install/arm_bringup:/home/lukevizzini/arm_v3/arm_code/install/arm_description:/home/lukevizzini/arm_v3/arm_code/install/arm_config:/home/lukevizzini/arm_new_v2/arm_code/install/arm_launch:/home/lukevizzini/arm_new_v2/arm_code/install/arm_bringup:/home/lukevizzini/arm_new_v2/arm_code/install/arm_description:/home/lukevizzini/arm_new_v2/arm_code/install/arm_config:/home/lukevizzini/logitech_arm_code/arm_code/arm_code_logitech/install/arm_teleop:/home/lukevizzini/logitech_arm_code/arm_code/arm_code_logitech/install/arm_pwm_bridge:/home/lukevizzini/arm_v3/arm_code/install/arm_teleop:/home/lukevizzini/arm_v3/arm_code/install/arm_pwm_bridge:/home/lukevizzini/arm_new_v2/arm_code/install/arm_teleop:/home/lukevizzini/arm_new_v2/arm_code/install/arm_pwm_bridge:/opt/ros/humble /usr/bin/cmake --install /home/lukevizzini/logitech_arm_code/arm_code/arm_code_logitech/build/arm_launch
[2.716s] Level 1:colcon.colcon_core.environment:create_environment_scripts_only(arm_launch)
[2.717s] Level 1:colcon.colcon_core.environment:checking '/home/lukevizzini/logitech_arm_code/arm_code/arm_code_logitech/install/arm_launch' for CMake module files
[2.717s] DEBUG:colcon.colcon_core.event_handler.log_command:Invoked command in '/home/lukevizzini/logitech_arm_code/arm_code/arm_code_logitech/build/arm_launch' returned '0': AMENT_PREFIX_PATH=/home/lukevizzini/logitech_arm_code/arm_code/arm_code_logitech/install/arm_teleop:/home/lukevizzini/logitech_arm_code/arm_code/arm_code_logitech/install/arm_pwm_bridge:/home/lukevizzini/logitech_arm_code/arm_code/arm_code_logitech/install/arm_launch:/home/lukevizzini/logitech_arm_code/arm_code/arm_code_logitech/install/arm_bringup:/home/lukevizzini/logitech_arm_code/arm_code/arm_code_logitech/install/arm_description:/home/lukevizzini/logitech_arm_code/arm_code/arm_code_logitech/install/arm_config:/home/lukevizzini/arm_v3/arm_code/install/arm_launch:/home/lukevizzini/arm_v3/arm_code/install/arm_teleop:/home/lukevizzini/arm_v3/arm_code/install/arm_pwm_bridge:/home/lukevizzini/arm_v3/arm_code/install/arm_bringup:/home/lukevizzini/arm_v3/arm_code/install/arm_description:/home/lukevizzini/arm_v3/arm_code/install/arm_config:/home/lukevizzini/arm_new_v2/arm_code/install/arm_launch:/home/lukevizzini/arm_new_v2/arm_code/install/arm_teleop:/home/lukevizzini/arm_new_v2/arm_code/install/arm_pwm_bridge:/home/lukevizzini/arm_new_v2/arm_code/install/arm_bringup:/home/lukevizzini/arm_new_v2/arm_code/install/arm_description:/home/lukevizzini/arm_new_v2/arm_code/install/arm_config:/opt/ros/humble CMAKE_PREFIX_PATH=/home/lukevizzini/logitech_arm_code/arm_code/arm_code_logitech/install/arm_bringup:/home/lukevizzini/logitech_arm_code/arm_code/arm_code_logitech/install/arm_description:/home/lukevizzini/logitech_arm_code/arm_code/arm_code_logitech/install/arm_config:/home/lukevizzini/logitech_arm_code/arm_code/arm_code_logitech/install/arm_launch:/home/lukevizzini/arm_v3/arm_code/install/arm_launch:/home/lukevizzini/arm_v3/arm_code/install/arm_bringup:/home/lukevizzini/arm_v3/arm_code/install/arm_description:/home/lukevizzini/arm_v3/arm_code/install/arm_config:/home/lukevizzini/arm_new_v2/arm_code/install/arm_launch:/home/lukevizzini/arm_new_v2/arm_code/install/arm_bringup:/home/lukevizzini/arm_new_v2/arm_code/install/arm_description:/home/lukevizzini/arm_new_v2/arm_code/install/arm_config:/home/lukevizzini/logitech_arm_code/arm_code/arm_code_logitech/install/arm_teleop:/home/lukevizzini/logitech_arm_code/arm_code/arm_code_logitech/install/arm_pwm_bridge:/home/lukevizzini/arm_v3/arm_code/install/arm_teleop:/home/lukevizzini/arm_v3/arm_code/install/arm_pwm_bridge:/home/lukevizzini/arm_new_v2/arm_code/install/arm_teleop:/home/lukevizzini/arm_new_v2/arm_code/install/arm_pwm_bridge:/opt/ros/humble /usr/bin/cmake --install /home/lukevizzini/logitech_arm_code/arm_code/arm_code_logitech/build/arm_launch
[2.718s] Level 1:colcon.colcon_core.environment:checking '/home/lukevizzini/logitech_arm_code/arm_code/arm_code_logitech/install/arm_launch' for CMake config files
[2.718s] Level 1:colcon.colcon_core.shell:create_environment_hook('arm_launch', 'cmake_prefix_path')
[2.718s] INFO:colcon.colcon_core.shell:Creating environment hook '/home/lukevizzini/logitech_arm_code/arm_code/arm_code_logitech/install/arm_launch/share/arm_launch/hook/cmake_prefix_path.ps1'
[2.719s] INFO:colcon.colcon_core.shell:Creating environment descriptor '/home/lukevizzini/logitech_arm_code/arm_code/arm_code_logitech/install/arm_launch/share/arm_launch/hook/cmake_prefix_path.dsv'
[2.719s] INFO:colcon.colcon_core.shell:Creating environment hook '/home/lukevizzini/logitech_arm_code/arm_code/arm_code_logitech/install/arm_launch/share/arm_launch/hook/cmake_prefix_path.sh'
[2.720s] Level 1:colcon.colcon_core.environment:checking '/home/lukevizzini/logitech_arm_code/arm_code/arm_code_logitech/install/arm_launch/bin'
[2.720s] Level 1:colcon.colcon_core.environment:checking '/home/lukevizzini/logitech_arm_code/arm_code/arm_code_logitech/install/arm_launch/lib/pkgconfig/arm_launch.pc'
[2.720s] Level 1:colcon.colcon_core.environment:checking '/home/lukevizzini/logitech_arm_code/arm_code/arm_code_logitech/install/arm_launch/lib/python3.10/site-packages'
[2.720s] Level 1:colcon.colcon_core.environment:checking '/home/lukevizzini/logitech_arm_code/arm_code/arm_code_logitech/install/arm_launch/bin'
[2.721s] INFO:colcon.colcon_core.shell:Creating package script '/home/lukevizzini/logitech_arm_code/arm_code/arm_code_logitech/install/arm_launch/share/arm_launch/package.ps1'
[2.721s] INFO:colcon.colcon_core.shell:Creating package descriptor '/home/lukevizzini/logitech_arm_code/arm_code/arm_code_logitech/install/arm_launch/share/arm_launch/package.dsv'
[2.722s] INFO:colcon.colcon_core.shell:Creating package script '/home/lukevizzini/logitech_arm_code/arm_code/arm_code_logitech/install/arm_launch/share/arm_launch/package.sh'
[2.722s] INFO:colcon.colcon_core.shell:Creating package script '/home/lukevizzini/logitech_arm_code/arm_code/arm_code_logitech/install/arm_launch/share/arm_launch/package.bash'
[2.723s] INFO:colcon.colcon_core.shell:Creating package script '/home/lukevizzini/logitech_arm_code/arm_code/arm_code_logitech/install/arm_launch/share/arm_launch/package.zsh'
[2.723s] Level 1:colcon.colcon_core.environment:create_file_with_runtime_dependencies(/home/lukevizzini/logitech_arm_code/arm_code/arm_code_logitech/install/arm_launch/share/colcon-core/packages/arm_launch)
[2.724s] Level 1:colcon.colcon_core.environment:create_environment_scripts_only(arm_launch)
[2.724s] Level 1:colcon.colcon_core.environment:checking '/home/lukevizzini/logitech_arm_code/arm_code/arm_code_logitech/install/arm_launch' for CMake module files
[2.724s] Level 1:colcon.colcon_core.environment:checking '/home/lukevizzini/logitech_arm_code/arm_code/arm_code_logitech/install/arm_launch' for CMake config files
[2.725s] Level 1:colcon.colcon_core.shell:create_environment_hook('arm_launch', 'cmake_prefix_path')
[2.725s] INFO:colcon.colcon_core.shell:Creating environment hook '/home/lukevizzini/logitech_arm_code/arm_code/arm_code_logitech/install/arm_launch/share/arm_launch/hook/cmake_prefix_path.ps1'
[2.726s] INFO:colcon.colcon_core.shell:Creating environment descriptor '/home/lukevizzini/logitech_arm_code/arm_code/arm_code_logitech/install/arm_launch/share/arm_launch/hook/cmake_prefix_path.dsv'
[2.726s] INFO:colcon.colcon_core.shell:Creating environment hook '/home/lukevizzini/logitech_arm_code/arm_code/arm_code_logitech/install/arm_launch/share/arm_launch/hook/cmake_prefix_path.sh'
[2.726s] Level 1:colcon.colcon_core.environment:checking '/home/lukevizzini/logitech_arm_code/arm_code/arm_code_logitech/install/arm_launch/bin'
[2.727s] Level 1:colcon.colcon_core.environment:checking '/home/lukevizzini/logitech_arm_code/arm_code/arm_code_logitech/install/arm_launch/lib/pkgconfig/arm_launch.pc'
[2.727s] Level 1:colcon.colcon_core.environment:checking '/home/lukevizzini/logitech_arm_code/arm_code/arm_code_logitech/install/arm_launch/lib/python3.10/site-packages'
[2.727s] Level 1:colcon.colcon_core.environment:checking '/home/lukevizzini/logitech_arm_code/arm_code/arm_code_logitech/install/arm_launch/bin'
[2.727s] INFO:colcon.colcon_core.shell:Creating package script '/home/lukevizzini/logitech_arm_code/arm_code/arm_code_logitech/install/arm_launch/share/arm_launch/package.ps1'
[2.728s] INFO:colcon.colcon_core.shell:Creating package descriptor '/home/lukevizzini/logitech_arm_code/arm_code/arm_code_logitech/install/arm_launch/share/arm_launch/package.dsv'
[2.728s] INFO:colcon.colcon_core.shell:Creating package script '/home/lukevizzini/logitech_arm_code/arm_code/arm_code_logitech/install/arm_launch/share/arm_launch/package.sh'
[2.729s] INFO:colcon.colcon_core.shell:Creating package script '/home/lukevizzini/logitech_arm_code/arm_code/arm_code_logitech/install/arm_launch/share/arm_launch/package.bash'
[2.729s] INFO:colcon.colcon_core.shell:Creating package script '/home/lukevizzini/logitech_arm_code/arm_code/arm_code_logitech/install/arm_launch/share/arm_launch/package.zsh'
[2.730s] Level 1:colcon.colcon_core.environment:create_file_with_runtime_dependencies(/home/lukevizzini/logitech_arm_code/arm_code/arm_code_logitech/install/arm_launch/share/colcon-core/packages/arm_launch)
[2.730s] DEBUG:colcon.colcon_parallel_executor.executor.parallel:closing loop
[2.731s] DEBUG:colcon.colcon_parallel_executor.executor.parallel:loop closed
[2.731s] DEBUG:colcon.colcon_parallel_executor.executor.parallel:run_until_complete finished with '0'
[2.731s] DEBUG:colcon.colcon_core.event_reactor:joining thread
[2.792s] INFO:colcon.colcon_core.plugin_system:Skipping extension 'colcon_notification.desktop_notification.notify_send': Could not find 'notify-send'
[2.792s] INFO:colcon.colcon_core.plugin_system:Skipping extension 'colcon_notification.desktop_notification.terminal_notifier': Not used on non-Darwin systems
[2.793s] INFO:colcon.colcon_core.plugin_system:Skipping extension 'colcon_notification.desktop_notification.win32': Not used on non-Windows systems
[2.793s] INFO:colcon.colcon_notification.desktop_notification:Sending desktop notification using 'notify2'
[2.794s] DEBUG:colcon.colcon_notification.desktop_notification.notify2:Failed to initialize notify2: org.freedesktop.DBus.Error.ServiceUnknown: The name org.freedesktop.Notifications was not provided by any .service files
[2.794s] DEBUG:colcon.colcon_core.event_reactor:joined thread
[2.794s] INFO:colcon.colcon_core.shell:Creating prefix script '/home/lukevizzini/logitech_arm_code/arm_code/arm_code_logitech/install/local_setup.ps1'
[2.795s] INFO:colcon.colcon_core.shell:Creating prefix util module '/home/lukevizzini/logitech_arm_code/arm_code/arm_code_logitech/install/_local_setup_util_ps1.py'
[2.796s] INFO:colcon.colcon_core.shell:Creating prefix chain script '/home/lukevizzini/logitech_arm_code/arm_code/arm_code_logitech/install/setup.ps1'
[2.797s] INFO:colcon.colcon_core.shell:Creating prefix script '/home/lukevizzini/logitech_arm_code/arm_code/arm_code_logitech/install/local_setup.sh'
[2.798s] INFO:colcon.colcon_core.shell:Creating prefix util module '/home/lukevizzini/logitech_arm_code/arm_code/arm_code_logitech/install/_local_setup_util_sh.py'
[2.798s] INFO:colcon.colcon_core.shell:Creating prefix chain script '/home/lukevizzini/logitech_arm_code/arm_code/arm_code_logitech/install/setup.sh'
[2.800s] INFO:colcon.colcon_core.shell:Creating prefix script '/home/lukevizzini/logitech_arm_code/arm_code/arm_code_logitech/install/local_setup.bash'
[2.801s] INFO:colcon.colcon_core.shell:Creating prefix chain script '/home/lukevizzini/logitech_arm_code/arm_code/arm_code_logitech/install/setup.bash'
[2.802s] INFO:colcon.colcon_core.shell:Creating prefix script '/home/lukevizzini/logitech_arm_code/arm_code/arm_code_logitech/install/local_setup.zsh'
[2.803s] INFO:colcon.colcon_core.shell:Creating prefix chain script '/home/lukevizzini/logitech_arm_code/arm_code/arm_code_logitech/install/setup.zsh'
