[0.833s] Invoking command in '/home/lukevizzini/logitech_arm_code/arm_code/arm_code_logitech/build/arm_pwm_bridge': PYTHONPATH=/home/lukevizzini/logitech_arm_code/arm_code/arm_code_logitech/build/arm_pwm_bridge/prefix_override:/usr/lib/python3/dist-packages/colcon_core/task/python/colcon_distutils_commands:/home/lukevizzini/logitech_arm_code/arm_code/arm_code_logitech/install/arm_pwm_bridge/lib/python3.10/site-packages:${PYTHONPATH} /usr/bin/python3 -W ignore:setup.py install is deprecated -W ignore:easy_install command is deprecated setup.py develop --editable --build-directory /home/lukevizzini/logitech_arm_code/arm_code/arm_code_logitech/build/arm_pwm_bridge/build --no-deps symlink_data
[1.080s] running develop
[1.248s] running egg_info
[1.248s] creating arm_pwm_bridge.egg-info
[1.249s] writing arm_pwm_bridge.egg-info/PKG-INFO
[1.249s] writing dependency_links to arm_pwm_bridge.egg-info/dependency_links.txt
[1.249s] writing entry points to arm_pwm_bridge.egg-info/entry_points.txt
[1.249s] writing requirements to arm_pwm_bridge.egg-info/requires.txt
[1.250s] writing top-level names to arm_pwm_bridge.egg-info/top_level.txt
[1.250s] writing manifest file 'arm_pwm_bridge.egg-info/SOURCES.txt'
[1.252s] reading manifest file 'arm_pwm_bridge.egg-info/SOURCES.txt'
[1.252s] writing manifest file 'arm_pwm_bridge.egg-info/SOURCES.txt'
[1.254s] running build_ext
[1.254s] Creating /home/lukevizzini/logitech_arm_code/arm_code/arm_code_logitech/install/arm_pwm_bridge/lib/python3.10/site-packages/arm-pwm-bridge.egg-link (link to .)
[1.255s] Installing joint_traj_to_pwm script to /home/lukevizzini/logitech_arm_code/arm_code/arm_code_logitech/install/arm_pwm_bridge/lib/arm_pwm_bridge
[1.256s] 
[1.256s] Installed /home/lukevizzini/logitech_arm_code/arm_code/arm_code_logitech/build/arm_pwm_bridge
[1.256s] running symlink_data
[1.256s] creating /home/lukevizzini/logitech_arm_code/arm_code/arm_code_logitech/install/arm_pwm_bridge/share/ament_index
[1.256s] creating /home/lukevizzini/logitech_arm_code/arm_code/arm_code_logitech/install/arm_pwm_bridge/share/ament_index/resource_index
[1.256s] creating /home/lukevizzini/logitech_arm_code/arm_code/arm_code_logitech/install/arm_pwm_bridge/share/ament_index/resource_index/packages
[1.257s] symbolically linking /home/lukevizzini/logitech_arm_code/arm_code/arm_code_logitech/build/arm_pwm_bridge/resource/arm_pwm_bridge -> /home/lukevizzini/logitech_arm_code/arm_code/arm_code_logitech/install/arm_pwm_bridge/share/ament_index/resource_index/packages
[1.257s] symbolically linking /home/lukevizzini/logitech_arm_code/arm_code/arm_code_logitech/build/arm_pwm_bridge/package.xml -> /home/lukevizzini/logitech_arm_code/arm_code/arm_code_logitech/install/arm_pwm_bridge/share/arm_pwm_bridge
[1.257s] symbolically linking /home/lukevizzini/logitech_arm_code/arm_code/arm_code_logitech/build/arm_pwm_bridge/README.md -> /home/lukevizzini/logitech_arm_code/arm_code/arm_code_logitech/install/arm_pwm_bridge/share/arm_pwm_bridge
[1.257s] creating /home/lukevizzini/logitech_arm_code/arm_code/arm_code_logitech/install/arm_pwm_bridge/share/arm_pwm_bridge/launch
[1.258s] symbolically linking /home/lukevizzini/logitech_arm_code/arm_code/arm_code_logitech/build/arm_pwm_bridge/launch/pwm_bridge.launch.py -> /home/lukevizzini/logitech_arm_code/arm_code/arm_code_logitech/install/arm_pwm_bridge/share/arm_pwm_bridge/launch
[1.287s] Invoked command in '/home/lukevizzini/logitech_arm_code/arm_code/arm_code_logitech/build/arm_pwm_bridge' returned '0': PYTHONPATH=/home/lukevizzini/logitech_arm_code/arm_code/arm_code_logitech/build/arm_pwm_bridge/prefix_override:/usr/lib/python3/dist-packages/colcon_core/task/python/colcon_distutils_commands:/home/lukevizzini/logitech_arm_code/arm_code/arm_code_logitech/install/arm_pwm_bridge/lib/python3.10/site-packages:${PYTHONPATH} /usr/bin/python3 -W ignore:setup.py install is deprecated -W ignore:easy_install command is deprecated setup.py develop --editable --build-directory /home/lukevizzini/logitech_arm_code/arm_code/arm_code_logitech/build/arm_pwm_bridge/build --no-deps symlink_data
