[0.029s] Invoking command in '/home/lukevizzini/arm_v3/arm_code/build/arm_config': CMAKE_PREFIX_PATH=${CMAKE_PREFIX_PATH}:/home/lukevizzini/arm_new_v2/arm_code/install/arm_teleop:/home/lukevizzini/arm_new_v2/arm_code/install/arm_pwm_bridge:/home/lukevizzini/arm_v3/arm_code/install/arm_teleop:/home/lukevizzini/arm_v3/arm_code/install/arm_pwm_bridge:/opt/ros/humble /usr/bin/cmake /home/lukevizzini/arm_v3/arm_code/src/config -DCMAKE_INSTALL_PREFIX=/home/lukevizzini/arm_v3/arm_code/install/arm_config
[0.276s] -- Found ament_cmake: 1.3.11 (/opt/ros/humble/share/ament_cmake/cmake)
[0.276s] -- Override CMake install command with custom implementation using symlinks instead of copying resources
[0.278s] -- Configuring done
[0.278s] -- Generating done
[0.279s] -- Build files have been written to: /home/lukevizzini/arm_v3/arm_code/build/arm_config
[0.572s] Invoked command in '/home/lukevizzini/arm_v3/arm_code/build/arm_config' returned '0': CMAKE_PREFIX_PATH=${CMAKE_PREFIX_PATH}:/home/lukevizzini/arm_new_v2/arm_code/install/arm_teleop:/home/lukevizzini/arm_new_v2/arm_code/install/arm_pwm_bridge:/home/lukevizzini/arm_v3/arm_code/install/arm_teleop:/home/lukevizzini/arm_v3/arm_code/install/arm_pwm_bridge:/opt/ros/humble /usr/bin/cmake /home/lukevizzini/arm_v3/arm_code/src/config -DCMAKE_INSTALL_PREFIX=/home/lukevizzini/arm_v3/arm_code/install/arm_config
[0.575s] Invoking command in '/home/lukevizzini/arm_v3/arm_code/build/arm_config': CMAKE_PREFIX_PATH=${CMAKE_PREFIX_PATH}:/home/lukevizzini/arm_new_v2/arm_code/install/arm_teleop:/home/lukevizzini/arm_new_v2/arm_code/install/arm_pwm_bridge:/home/lukevizzini/arm_v3/arm_code/install/arm_teleop:/home/lukevizzini/arm_v3/arm_code/install/arm_pwm_bridge:/opt/ros/humble /usr/bin/cmake --build /home/lukevizzini/arm_v3/arm_code/build/arm_config -- -j8 -l8
[0.616s] Invoked command in '/home/lukevizzini/arm_v3/arm_code/build/arm_config' returned '0': CMAKE_PREFIX_PATH=${CMAKE_PREFIX_PATH}:/home/lukevizzini/arm_new_v2/arm_code/install/arm_teleop:/home/lukevizzini/arm_new_v2/arm_code/install/arm_pwm_bridge:/home/lukevizzini/arm_v3/arm_code/install/arm_teleop:/home/lukevizzini/arm_v3/arm_code/install/arm_pwm_bridge:/opt/ros/humble /usr/bin/cmake --build /home/lukevizzini/arm_v3/arm_code/build/arm_config -- -j8 -l8
[0.627s] Invoking command in '/home/lukevizzini/arm_v3/arm_code/build/arm_config': CMAKE_PREFIX_PATH=${CMAKE_PREFIX_PATH}:/home/lukevizzini/arm_new_v2/arm_code/install/arm_teleop:/home/lukevizzini/arm_new_v2/arm_code/install/arm_pwm_bridge:/home/lukevizzini/arm_v3/arm_code/install/arm_teleop:/home/lukevizzini/arm_v3/arm_code/install/arm_pwm_bridge:/opt/ros/humble /usr/bin/cmake --install /home/lukevizzini/arm_v3/arm_code/build/arm_config
[0.633s] -- Install configuration: ""
[0.633s] -- Execute custom install script
[0.634s] -- Up-to-date symlink: /home/lukevizzini/arm_v3/arm_code/install/arm_config/share/arm_config/config/four_dof_arm.srdf
[0.634s] -- Up-to-date symlink: /home/lukevizzini/arm_v3/arm_code/install/arm_config/share/arm_config/config/initial_positions.yaml
[0.634s] -- Up-to-date symlink: /home/lukevizzini/arm_v3/arm_code/install/arm_config/share/arm_config/config/joint_limits.yaml
[0.635s] -- Up-to-date symlink: /home/lukevizzini/arm_v3/arm_code/install/arm_config/share/arm_config/config/kinematics.yaml
[0.635s] -- Up-to-date symlink: /home/lukevizzini/arm_v3/arm_code/install/arm_config/share/arm_config/config/moveit_controllers.yaml
[0.635s] -- Up-to-date symlink: /home/lukevizzini/arm_v3/arm_code/install/arm_config/share/arm_config/config/moveit_servo.yaml
[0.635s] -- Up-to-date symlink: /home/lukevizzini/arm_v3/arm_code/install/arm_config/share/arm_config/config/ompl_planning.yaml
[0.636s] -- Up-to-date symlink: /home/lukevizzini/arm_v3/arm_code/install/arm_config/share/arm_config/config/ros2_controllers.yaml
[0.636s] -- Up-to-date symlink: /home/lukevizzini/arm_v3/arm_code/install/arm_config/share/ament_index/resource_index/package_run_dependencies/arm_config
[0.636s] -- Up-to-date symlink: /home/lukevizzini/arm_v3/arm_code/install/arm_config/share/ament_index/resource_index/parent_prefix_path/arm_config
[0.636s] -- Up-to-date symlink: /home/lukevizzini/arm_v3/arm_code/install/arm_config/share/arm_config/environment/ament_prefix_path.sh
[0.637s] -- Up-to-date symlink: /home/lukevizzini/arm_v3/arm_code/install/arm_config/share/arm_config/environment/ament_prefix_path.dsv
[0.637s] -- Up-to-date symlink: /home/lukevizzini/arm_v3/arm_code/install/arm_config/share/arm_config/environment/path.sh
[0.637s] -- Up-to-date symlink: /home/lukevizzini/arm_v3/arm_code/install/arm_config/share/arm_config/environment/path.dsv
[0.637s] -- Up-to-date symlink: /home/lukevizzini/arm_v3/arm_code/install/arm_config/share/arm_config/local_setup.bash
[0.637s] -- Up-to-date symlink: /home/lukevizzini/arm_v3/arm_code/install/arm_config/share/arm_config/local_setup.sh
[0.638s] -- Up-to-date symlink: /home/lukevizzini/arm_v3/arm_code/install/arm_config/share/arm_config/local_setup.zsh
[0.638s] -- Up-to-date symlink: /home/lukevizzini/arm_v3/arm_code/install/arm_config/share/arm_config/local_setup.dsv
[0.638s] -- Symlinking: /home/lukevizzini/arm_v3/arm_code/install/arm_config/share/arm_config/package.dsv
[0.648s] -- Up-to-date symlink: /home/lukevizzini/arm_v3/arm_code/install/arm_config/share/ament_index/resource_index/packages/arm_config
[0.648s] -- Up-to-date symlink: /home/lukevizzini/arm_v3/arm_code/install/arm_config/share/arm_config/cmake/arm_configConfig.cmake
[0.648s] -- Up-to-date symlink: /home/lukevizzini/arm_v3/arm_code/install/arm_config/share/arm_config/cmake/arm_configConfig-version.cmake
[0.648s] -- Up-to-date symlink: /home/lukevizzini/arm_v3/arm_code/install/arm_config/share/arm_config/package.xml
[0.652s] Invoked command in '/home/lukevizzini/arm_v3/arm_code/build/arm_config' returned '0': CMAKE_PREFIX_PATH=${CMAKE_PREFIX_PATH}:/home/lukevizzini/arm_new_v2/arm_code/install/arm_teleop:/home/lukevizzini/arm_new_v2/arm_code/install/arm_pwm_bridge:/home/lukevizzini/arm_v3/arm_code/install/arm_teleop:/home/lukevizzini/arm_v3/arm_code/install/arm_pwm_bridge:/opt/ros/humble /usr/bin/cmake --install /home/lukevizzini/arm_v3/arm_code/build/arm_config
