[0.196s] DEBUG:colcon:Command line arguments: ['/usr/bin/colcon', 'build', '--symlink-install']
[0.196s] DEBUG:colcon:Parsed command line arguments: Namespace(log_base=None, log_level=None, verb_name='build', build_base='build', install_base='install', merge_install=False, symlink_install=True, test_result_base=None, continue_on_error=False, executor='parallel', parallel_workers=8, event_handlers=None, ignore_user_meta=False, metas=['./colcon.meta'], base_paths=['.'], packages_ignore=None, packages_ignore_regex=None, paths=None, packages_up_to=None, packages_up_to_regex=None, packages_above=None, packages_above_and_dependencies=None, packages_above_depth=None, packages_select_by_dep=None, packages_skip_by_dep=None, packages_skip_up_to=None, packages_select_build_failed=False, packages_skip_build_finished=False, packages_select_test_failures=False, packages_skip_test_passed=False, packages_select=None, packages_skip=None, packages_select_regex=None, packages_skip_regex=None, packages_start=None, packages_end=None, allow_overriding=[], cmake_args=None, cmake_target=None, cmake_target_skip_unavailable=False, cmake_clean_cache=False, cmake_clean_first=False, cmake_force_configure=False, ament_cmake_args=None, catkin_cmake_args=None, catkin_skip_building_tests=False, verb_parser=<colcon_defaults.argument_parser.defaults.DefaultArgumentsDecorator object at 0x71dee7461ff0>, verb_extension=<colcon_core.verb.build.BuildVerb object at 0x71dee7461ba0>, main=<bound method BuildVerb.main of <colcon_core.verb.build.BuildVerb object at 0x71dee7461ba0>>)
[0.353s] Level 1:colcon.colcon_core.package_discovery:discover_packages(colcon_meta) check parameters
[0.353s] Level 1:colcon.colcon_core.package_discovery:discover_packages(recursive) check parameters
[0.353s] Level 1:colcon.colcon_core.package_discovery:discover_packages(ignore) check parameters
[0.353s] Level 1:colcon.colcon_core.package_discovery:discover_packages(path) check parameters
[0.353s] Level 1:colcon.colcon_core.package_discovery:discover_packages(colcon_meta) discover
[0.354s] Level 1:colcon.colcon_core.package_discovery:discover_packages(recursive) discover
[0.354s] INFO:colcon.colcon_core.package_discovery:Crawling recursively for packages in '/home/lukevizzini/arm_v3/arm_code'
[0.354s] Level 1:colcon.colcon_core.package_identification:_identify(.) by extensions ['ignore', 'ignore_ament_install']
[0.354s] Level 1:colcon.colcon_core.package_identification:_identify(.) by extension 'ignore'
[0.354s] Level 1:colcon.colcon_core.package_identification:_identify(.) by extension 'ignore_ament_install'
[0.354s] Level 1:colcon.colcon_core.package_identification:_identify(.) by extensions ['colcon_pkg']
[0.354s] Level 1:colcon.colcon_core.package_identification:_identify(.) by extension 'colcon_pkg'
[0.354s] Level 1:colcon.colcon_core.package_identification:_identify(.) by extensions ['colcon_meta']
[0.354s] Level 1:colcon.colcon_core.package_identification:_identify(.) by extension 'colcon_meta'
[0.354s] Level 1:colcon.colcon_core.package_identification:_identify(.) by extensions ['ros']
[0.354s] Level 1:colcon.colcon_core.package_identification:_identify(.) by extension 'ros'
[0.364s] Level 1:colcon.colcon_core.package_identification:_identify(.) by extensions ['cmake', 'python']
[0.364s] Level 1:colcon.colcon_core.package_identification:_identify(.) by extension 'cmake'
[0.365s] Level 1:colcon.colcon_core.package_identification:_identify(.) by extension 'python'
[0.365s] Level 1:colcon.colcon_core.package_identification:_identify(.) by extensions ['python_setup_py']
[0.365s] Level 1:colcon.colcon_core.package_identification:_identify(.) by extension 'python_setup_py'
[0.365s] Level 1:colcon.colcon_core.package_identification:_identify(build) by extensions ['ignore', 'ignore_ament_install']
[0.365s] Level 1:colcon.colcon_core.package_identification:_identify(build) by extension 'ignore'
[0.365s] Level 1:colcon.colcon_core.package_identification:_identify(build) ignored
[0.365s] Level 1:colcon.colcon_core.package_identification:_identify(install) by extensions ['ignore', 'ignore_ament_install']
[0.365s] Level 1:colcon.colcon_core.package_identification:_identify(install) by extension 'ignore'
[0.365s] Level 1:colcon.colcon_core.package_identification:_identify(install) ignored
[0.365s] Level 1:colcon.colcon_core.package_identification:_identify(log) by extensions ['ignore', 'ignore_ament_install']
[0.365s] Level 1:colcon.colcon_core.package_identification:_identify(log) by extension 'ignore'
[0.365s] Level 1:colcon.colcon_core.package_identification:_identify(log) ignored
[0.365s] Level 1:colcon.colcon_core.package_identification:_identify(src) by extensions ['ignore', 'ignore_ament_install']
[0.365s] Level 1:colcon.colcon_core.package_identification:_identify(src) by extension 'ignore'
[0.365s] Level 1:colcon.colcon_core.package_identification:_identify(src) by extension 'ignore_ament_install'
[0.365s] Level 1:colcon.colcon_core.package_identification:_identify(src) by extensions ['colcon_pkg']
[0.365s] Level 1:colcon.colcon_core.package_identification:_identify(src) by extension 'colcon_pkg'
[0.365s] Level 1:colcon.colcon_core.package_identification:_identify(src) by extensions ['colcon_meta']
[0.365s] Level 1:colcon.colcon_core.package_identification:_identify(src) by extension 'colcon_meta'
[0.366s] Level 1:colcon.colcon_core.package_identification:_identify(src) by extensions ['ros']
[0.366s] Level 1:colcon.colcon_core.package_identification:_identify(src) by extension 'ros'
[0.366s] Level 1:colcon.colcon_core.package_identification:_identify(src) by extensions ['cmake', 'python']
[0.366s] Level 1:colcon.colcon_core.package_identification:_identify(src) by extension 'cmake'
[0.366s] Level 1:colcon.colcon_core.package_identification:_identify(src) by extension 'python'
[0.366s] Level 1:colcon.colcon_core.package_identification:_identify(src) by extensions ['python_setup_py']
[0.366s] Level 1:colcon.colcon_core.package_identification:_identify(src) by extension 'python_setup_py'
[0.366s] Level 1:colcon.colcon_core.package_identification:_identify(src/bringup) by extensions ['ignore', 'ignore_ament_install']
[0.366s] Level 1:colcon.colcon_core.package_identification:_identify(src/bringup) by extension 'ignore'
[0.366s] Level 1:colcon.colcon_core.package_identification:_identify(src/bringup) by extension 'ignore_ament_install'
[0.366s] Level 1:colcon.colcon_core.package_identification:_identify(src/bringup) by extensions ['colcon_pkg']
[0.366s] Level 1:colcon.colcon_core.package_identification:_identify(src/bringup) by extension 'colcon_pkg'
[0.366s] Level 1:colcon.colcon_core.package_identification:_identify(src/bringup) by extensions ['colcon_meta']
[0.366s] Level 1:colcon.colcon_core.package_identification:_identify(src/bringup) by extension 'colcon_meta'
[0.366s] Level 1:colcon.colcon_core.package_identification:_identify(src/bringup) by extensions ['ros']
[0.366s] Level 1:colcon.colcon_core.package_identification:_identify(src/bringup) by extension 'ros'
[0.369s] DEBUG:colcon.colcon_core.package_identification:Package 'src/bringup' with type 'ros.ament_cmake' and name 'arm_bringup'
[0.369s] Level 1:colcon.colcon_core.package_identification:_identify(src/config) by extensions ['ignore', 'ignore_ament_install']
[0.369s] Level 1:colcon.colcon_core.package_identification:_identify(src/config) by extension 'ignore'
[0.369s] Level 1:colcon.colcon_core.package_identification:_identify(src/config) by extension 'ignore_ament_install'
[0.369s] Level 1:colcon.colcon_core.package_identification:_identify(src/config) by extensions ['colcon_pkg']
[0.369s] Level 1:colcon.colcon_core.package_identification:_identify(src/config) by extension 'colcon_pkg'
[0.369s] Level 1:colcon.colcon_core.package_identification:_identify(src/config) by extensions ['colcon_meta']
[0.369s] Level 1:colcon.colcon_core.package_identification:_identify(src/config) by extension 'colcon_meta'
[0.369s] Level 1:colcon.colcon_core.package_identification:_identify(src/config) by extensions ['ros']
[0.369s] Level 1:colcon.colcon_core.package_identification:_identify(src/config) by extension 'ros'
[0.370s] DEBUG:colcon.colcon_core.package_identification:Package 'src/config' with type 'ros.ament_cmake' and name 'arm_config'
[0.370s] Level 1:colcon.colcon_core.package_identification:_identify(src/description) by extensions ['ignore', 'ignore_ament_install']
[0.370s] Level 1:colcon.colcon_core.package_identification:_identify(src/description) by extension 'ignore'
[0.370s] Level 1:colcon.colcon_core.package_identification:_identify(src/description) by extension 'ignore_ament_install'
[0.370s] Level 1:colcon.colcon_core.package_identification:_identify(src/description) by extensions ['colcon_pkg']
[0.370s] Level 1:colcon.colcon_core.package_identification:_identify(src/description) by extension 'colcon_pkg'
[0.370s] Level 1:colcon.colcon_core.package_identification:_identify(src/description) by extensions ['colcon_meta']
[0.370s] Level 1:colcon.colcon_core.package_identification:_identify(src/description) by extension 'colcon_meta'
[0.370s] Level 1:colcon.colcon_core.package_identification:_identify(src/description) by extensions ['ros']
[0.370s] Level 1:colcon.colcon_core.package_identification:_identify(src/description) by extension 'ros'
[0.370s] DEBUG:colcon.colcon_core.package_identification:Package 'src/description' with type 'ros.ament_cmake' and name 'arm_description'
[0.371s] Level 1:colcon.colcon_core.package_identification:_identify(src/launch) by extensions ['ignore', 'ignore_ament_install']
[0.371s] Level 1:colcon.colcon_core.package_identification:_identify(src/launch) by extension 'ignore'
[0.371s] Level 1:colcon.colcon_core.package_identification:_identify(src/launch) by extension 'ignore_ament_install'
[0.371s] Level 1:colcon.colcon_core.package_identification:_identify(src/launch) by extensions ['colcon_pkg']
[0.371s] Level 1:colcon.colcon_core.package_identification:_identify(src/launch) by extension 'colcon_pkg'
[0.371s] Level 1:colcon.colcon_core.package_identification:_identify(src/launch) by extensions ['colcon_meta']
[0.371s] Level 1:colcon.colcon_core.package_identification:_identify(src/launch) by extension 'colcon_meta'
[0.371s] Level 1:colcon.colcon_core.package_identification:_identify(src/launch) by extensions ['ros']
[0.371s] Level 1:colcon.colcon_core.package_identification:_identify(src/launch) by extension 'ros'
[0.371s] DEBUG:colcon.colcon_core.package_identification:Package 'src/launch' with type 'ros.ament_cmake' and name 'arm_launch'
[0.372s] Level 1:colcon.colcon_core.package_identification:_identify(src/pwm_bridge) by extensions ['ignore', 'ignore_ament_install']
[0.372s] Level 1:colcon.colcon_core.package_identification:_identify(src/pwm_bridge) by extension 'ignore'
[0.372s] Level 1:colcon.colcon_core.package_identification:_identify(src/pwm_bridge) by extension 'ignore_ament_install'
[0.372s] Level 1:colcon.colcon_core.package_identification:_identify(src/pwm_bridge) by extensions ['colcon_pkg']
[0.372s] Level 1:colcon.colcon_core.package_identification:_identify(src/pwm_bridge) by extension 'colcon_pkg'
[0.372s] Level 1:colcon.colcon_core.package_identification:_identify(src/pwm_bridge) by extensions ['colcon_meta']
[0.372s] Level 1:colcon.colcon_core.package_identification:_identify(src/pwm_bridge) by extension 'colcon_meta'
[0.372s] Level 1:colcon.colcon_core.package_identification:_identify(src/pwm_bridge) by extensions ['ros']
[0.372s] Level 1:colcon.colcon_core.package_identification:_identify(src/pwm_bridge) by extension 'ros'
[0.372s] DEBUG:colcon.colcon_core.package_identification:Package 'src/pwm_bridge' with type 'ros.ament_python' and name 'arm_pwm_bridge'
[0.372s] Level 1:colcon.colcon_core.package_identification:_identify(src/teleop) by extensions ['ignore', 'ignore_ament_install']
[0.372s] Level 1:colcon.colcon_core.package_identification:_identify(src/teleop) by extension 'ignore'
[0.372s] Level 1:colcon.colcon_core.package_identification:_identify(src/teleop) by extension 'ignore_ament_install'
[0.372s] Level 1:colcon.colcon_core.package_identification:_identify(src/teleop) by extensions ['colcon_pkg']
[0.372s] Level 1:colcon.colcon_core.package_identification:_identify(src/teleop) by extension 'colcon_pkg'
[0.373s] Level 1:colcon.colcon_core.package_identification:_identify(src/teleop) by extensions ['colcon_meta']
[0.373s] Level 1:colcon.colcon_core.package_identification:_identify(src/teleop) by extension 'colcon_meta'
[0.373s] Level 1:colcon.colcon_core.package_identification:_identify(src/teleop) by extensions ['ros']
[0.373s] Level 1:colcon.colcon_core.package_identification:_identify(src/teleop) by extension 'ros'
[0.373s] DEBUG:colcon.colcon_core.package_identification:Package 'src/teleop' with type 'ros.ament_python' and name 'arm_teleop'
[0.373s] Level 1:colcon.colcon_core.package_discovery:discover_packages(recursive) using defaults
[0.373s] Level 1:colcon.colcon_core.package_discovery:discover_packages(ignore) discover
[0.373s] Level 1:colcon.colcon_core.package_discovery:discover_packages(ignore) using defaults
[0.373s] Level 1:colcon.colcon_core.package_discovery:discover_packages(path) discover
[0.373s] Level 1:colcon.colcon_core.package_discovery:discover_packages(path) using defaults
[0.403s] Level 1:colcon.colcon_core.package_discovery:discover_packages(prefix_path) check parameters
[0.403s] Level 1:colcon.colcon_core.package_discovery:discover_packages(prefix_path) discover
[0.405s] DEBUG:colcon.colcon_installed_package_information.package_discovery:Found 6 installed packages in /home/lukevizzini/arm_v3/arm_code/install
[0.405s] DEBUG:colcon.colcon_installed_package_information.package_discovery:Found 6 installed packages in /home/lukevizzini/arm_new_v2/arm_code/install
[0.407s] DEBUG:colcon.colcon_installed_package_information.package_discovery:Found 421 installed packages in /opt/ros/humble
[0.409s] Level 1:colcon.colcon_core.package_discovery:discover_packages(prefix_path) using defaults
[0.452s] Level 5:colcon.colcon_core.verb:set package 'arm_config' build argument 'cmake_args' from command line to 'None'
[0.453s] Level 5:colcon.colcon_core.verb:set package 'arm_config' build argument 'cmake_target' from command line to 'None'
[0.453s] Level 5:colcon.colcon_core.verb:set package 'arm_config' build argument 'cmake_target_skip_unavailable' from command line to 'False'
[0.453s] Level 5:colcon.colcon_core.verb:set package 'arm_config' build argument 'cmake_clean_cache' from command line to 'False'
[0.453s] Level 5:colcon.colcon_core.verb:set package 'arm_config' build argument 'cmake_clean_first' from command line to 'False'
[0.453s] Level 5:colcon.colcon_core.verb:set package 'arm_config' build argument 'cmake_force_configure' from command line to 'False'
[0.453s] Level 5:colcon.colcon_core.verb:set package 'arm_config' build argument 'ament_cmake_args' from command line to 'None'
[0.453s] Level 5:colcon.colcon_core.verb:set package 'arm_config' build argument 'catkin_cmake_args' from command line to 'None'
[0.453s] Level 5:colcon.colcon_core.verb:set package 'arm_config' build argument 'catkin_skip_building_tests' from command line to 'False'
[0.453s] DEBUG:colcon.colcon_core.verb:Building package 'arm_config' with the following arguments: {'ament_cmake_args': None, 'build_base': '/home/lukevizzini/arm_v3/arm_code/build/arm_config', 'catkin_cmake_args': None, 'catkin_skip_building_tests': False, 'cmake_args': None, 'cmake_clean_cache': False, 'cmake_clean_first': False, 'cmake_force_configure': False, 'cmake_target': None, 'cmake_target_skip_unavailable': False, 'install_base': '/home/lukevizzini/arm_v3/arm_code/install/arm_config', 'merge_install': False, 'path': '/home/lukevizzini/arm_v3/arm_code/src/config', 'symlink_install': True, 'test_result_base': None}
[0.453s] Level 5:colcon.colcon_core.verb:set package 'arm_pwm_bridge' build argument 'cmake_args' from command line to 'None'
[0.453s] Level 5:colcon.colcon_core.verb:set package 'arm_pwm_bridge' build argument 'cmake_target' from command line to 'None'
[0.453s] Level 5:colcon.colcon_core.verb:set package 'arm_pwm_bridge' build argument 'cmake_target_skip_unavailable' from command line to 'False'
[0.453s] Level 5:colcon.colcon_core.verb:set package 'arm_pwm_bridge' build argument 'cmake_clean_cache' from command line to 'False'
[0.453s] Level 5:colcon.colcon_core.verb:set package 'arm_pwm_bridge' build argument 'cmake_clean_first' from command line to 'False'
[0.453s] Level 5:colcon.colcon_core.verb:set package 'arm_pwm_bridge' build argument 'cmake_force_configure' from command line to 'False'
[0.453s] Level 5:colcon.colcon_core.verb:set package 'arm_pwm_bridge' build argument 'ament_cmake_args' from command line to 'None'
[0.453s] Level 5:colcon.colcon_core.verb:set package 'arm_pwm_bridge' build argument 'catkin_cmake_args' from command line to 'None'
[0.453s] Level 5:colcon.colcon_core.verb:set package 'arm_pwm_bridge' build argument 'catkin_skip_building_tests' from command line to 'False'
[0.453s] DEBUG:colcon.colcon_core.verb:Building package 'arm_pwm_bridge' with the following arguments: {'ament_cmake_args': None, 'build_base': '/home/lukevizzini/arm_v3/arm_code/build/arm_pwm_bridge', 'catkin_cmake_args': None, 'catkin_skip_building_tests': False, 'cmake_args': None, 'cmake_clean_cache': False, 'cmake_clean_first': False, 'cmake_force_configure': False, 'cmake_target': None, 'cmake_target_skip_unavailable': False, 'install_base': '/home/lukevizzini/arm_v3/arm_code/install/arm_pwm_bridge', 'merge_install': False, 'path': '/home/lukevizzini/arm_v3/arm_code/src/pwm_bridge', 'symlink_install': True, 'test_result_base': None}
[0.454s] Level 5:colcon.colcon_core.verb:set package 'arm_teleop' build argument 'cmake_args' from command line to 'None'
[0.454s] Level 5:colcon.colcon_core.verb:set package 'arm_teleop' build argument 'cmake_target' from command line to 'None'
[0.454s] Level 5:colcon.colcon_core.verb:set package 'arm_teleop' build argument 'cmake_target_skip_unavailable' from command line to 'False'
[0.454s] Level 5:colcon.colcon_core.verb:set package 'arm_teleop' build argument 'cmake_clean_cache' from command line to 'False'
[0.454s] Level 5:colcon.colcon_core.verb:set package 'arm_teleop' build argument 'cmake_clean_first' from command line to 'False'
[0.454s] Level 5:colcon.colcon_core.verb:set package 'arm_teleop' build argument 'cmake_force_configure' from command line to 'False'
[0.454s] Level 5:colcon.colcon_core.verb:set package 'arm_teleop' build argument 'ament_cmake_args' from command line to 'None'
[0.454s] Level 5:colcon.colcon_core.verb:set package 'arm_teleop' build argument 'catkin_cmake_args' from command line to 'None'
[0.454s] Level 5:colcon.colcon_core.verb:set package 'arm_teleop' build argument 'catkin_skip_building_tests' from command line to 'False'
[0.454s] DEBUG:colcon.colcon_core.verb:Building package 'arm_teleop' with the following arguments: {'ament_cmake_args': None, 'build_base': '/home/lukevizzini/arm_v3/arm_code/build/arm_teleop', 'catkin_cmake_args': None, 'catkin_skip_building_tests': False, 'cmake_args': None, 'cmake_clean_cache': False, 'cmake_clean_first': False, 'cmake_force_configure': False, 'cmake_target': None, 'cmake_target_skip_unavailable': False, 'install_base': '/home/lukevizzini/arm_v3/arm_code/install/arm_teleop', 'merge_install': False, 'path': '/home/lukevizzini/arm_v3/arm_code/src/teleop', 'symlink_install': True, 'test_result_base': None}
[0.454s] Level 5:colcon.colcon_core.verb:set package 'arm_description' build argument 'cmake_args' from command line to 'None'
[0.454s] Level 5:colcon.colcon_core.verb:set package 'arm_description' build argument 'cmake_target' from command line to 'None'
[0.454s] Level 5:colcon.colcon_core.verb:set package 'arm_description' build argument 'cmake_target_skip_unavailable' from command line to 'False'
[0.454s] Level 5:colcon.colcon_core.verb:set package 'arm_description' build argument 'cmake_clean_cache' from command line to 'False'
[0.454s] Level 5:colcon.colcon_core.verb:set package 'arm_description' build argument 'cmake_clean_first' from command line to 'False'
[0.454s] Level 5:colcon.colcon_core.verb:set package 'arm_description' build argument 'cmake_force_configure' from command line to 'False'
[0.454s] Level 5:colcon.colcon_core.verb:set package 'arm_description' build argument 'ament_cmake_args' from command line to 'None'
[0.454s] Level 5:colcon.colcon_core.verb:set package 'arm_description' build argument 'catkin_cmake_args' from command line to 'None'
[0.454s] Level 5:colcon.colcon_core.verb:set package 'arm_description' build argument 'catkin_skip_building_tests' from command line to 'False'
[0.454s] DEBUG:colcon.colcon_core.verb:Building package 'arm_description' with the following arguments: {'ament_cmake_args': None, 'build_base': '/home/lukevizzini/arm_v3/arm_code/build/arm_description', 'catkin_cmake_args': None, 'catkin_skip_building_tests': False, 'cmake_args': None, 'cmake_clean_cache': False, 'cmake_clean_first': False, 'cmake_force_configure': False, 'cmake_target': None, 'cmake_target_skip_unavailable': False, 'install_base': '/home/lukevizzini/arm_v3/arm_code/install/arm_description', 'merge_install': False, 'path': '/home/lukevizzini/arm_v3/arm_code/src/description', 'symlink_install': True, 'test_result_base': None}
[0.455s] Level 5:colcon.colcon_core.verb:set package 'arm_bringup' build argument 'cmake_args' from command line to 'None'
[0.455s] Level 5:colcon.colcon_core.verb:set package 'arm_bringup' build argument 'cmake_target' from command line to 'None'
[0.455s] Level 5:colcon.colcon_core.verb:set package 'arm_bringup' build argument 'cmake_target_skip_unavailable' from command line to 'False'
[0.455s] Level 5:colcon.colcon_core.verb:set package 'arm_bringup' build argument 'cmake_clean_cache' from command line to 'False'
[0.455s] Level 5:colcon.colcon_core.verb:set package 'arm_bringup' build argument 'cmake_clean_first' from command line to 'False'
[0.455s] Level 5:colcon.colcon_core.verb:set package 'arm_bringup' build argument 'cmake_force_configure' from command line to 'False'
[0.455s] Level 5:colcon.colcon_core.verb:set package 'arm_bringup' build argument 'ament_cmake_args' from command line to 'None'
[0.455s] Level 5:colcon.colcon_core.verb:set package 'arm_bringup' build argument 'catkin_cmake_args' from command line to 'None'
[0.455s] Level 5:colcon.colcon_core.verb:set package 'arm_bringup' build argument 'catkin_skip_building_tests' from command line to 'False'
[0.455s] DEBUG:colcon.colcon_core.verb:Building package 'arm_bringup' with the following arguments: {'ament_cmake_args': None, 'build_base': '/home/lukevizzini/arm_v3/arm_code/build/arm_bringup', 'catkin_cmake_args': None, 'catkin_skip_building_tests': False, 'cmake_args': None, 'cmake_clean_cache': False, 'cmake_clean_first': False, 'cmake_force_configure': False, 'cmake_target': None, 'cmake_target_skip_unavailable': False, 'install_base': '/home/lukevizzini/arm_v3/arm_code/install/arm_bringup', 'merge_install': False, 'path': '/home/lukevizzini/arm_v3/arm_code/src/bringup', 'symlink_install': True, 'test_result_base': None}
[0.455s] Level 5:colcon.colcon_core.verb:set package 'arm_launch' build argument 'cmake_args' from command line to 'None'
[0.455s] Level 5:colcon.colcon_core.verb:set package 'arm_launch' build argument 'cmake_target' from command line to 'None'
[0.455s] Level 5:colcon.colcon_core.verb:set package 'arm_launch' build argument 'cmake_target_skip_unavailable' from command line to 'False'
[0.455s] Level 5:colcon.colcon_core.verb:set package 'arm_launch' build argument 'cmake_clean_cache' from command line to 'False'
[0.455s] Level 5:colcon.colcon_core.verb:set package 'arm_launch' build argument 'cmake_clean_first' from command line to 'False'
[0.455s] Level 5:colcon.colcon_core.verb:set package 'arm_launch' build argument 'cmake_force_configure' from command line to 'False'
[0.455s] Level 5:colcon.colcon_core.verb:set package 'arm_launch' build argument 'ament_cmake_args' from command line to 'None'
[0.455s] Level 5:colcon.colcon_core.verb:set package 'arm_launch' build argument 'catkin_cmake_args' from command line to 'None'
[0.455s] Level 5:colcon.colcon_core.verb:set package 'arm_launch' build argument 'catkin_skip_building_tests' from command line to 'False'
[0.455s] DEBUG:colcon.colcon_core.verb:Building package 'arm_launch' with the following arguments: {'ament_cmake_args': None, 'build_base': '/home/lukevizzini/arm_v3/arm_code/build/arm_launch', 'catkin_cmake_args': None, 'catkin_skip_building_tests': False, 'cmake_args': None, 'cmake_clean_cache': False, 'cmake_clean_first': False, 'cmake_force_configure': False, 'cmake_target': None, 'cmake_target_skip_unavailable': False, 'install_base': '/home/lukevizzini/arm_v3/arm_code/install/arm_launch', 'merge_install': False, 'path': '/home/lukevizzini/arm_v3/arm_code/src/launch', 'symlink_install': True, 'test_result_base': None}
[0.455s] INFO:colcon.colcon_core.executor:Executing jobs using 'parallel' executor
[0.456s] DEBUG:colcon.colcon_parallel_executor.executor.parallel:run_until_complete
[0.457s] INFO:colcon.colcon_ros.task.ament_cmake.build:Building ROS package in '/home/lukevizzini/arm_v3/arm_code/src/config' with build type 'ament_cmake'
[0.457s] INFO:colcon.colcon_cmake.task.cmake.build:Building CMake package in '/home/lukevizzini/arm_v3/arm_code/src/config'
[0.460s] INFO:colcon.colcon_core.plugin_system:Skipping extension 'colcon_core.shell.bat': Not used on non-Windows systems
[0.460s] INFO:colcon.colcon_core.shell:Skip shell extension 'powershell' for command environment: Not usable outside of PowerShell
[0.460s] DEBUG:colcon.colcon_core.shell:Skip shell extension 'dsv' for command environment
[0.464s] INFO:colcon.colcon_ros.task.ament_python.build:Building ROS package in '/home/lukevizzini/arm_v3/arm_code/src/pwm_bridge' with build type 'ament_python'
[0.464s] Level 1:colcon.colcon_core.shell:create_environment_hook('arm_pwm_bridge', 'ament_prefix_path')
[0.465s] INFO:colcon.colcon_core.shell:Creating environment hook '/home/lukevizzini/arm_v3/arm_code/install/arm_pwm_bridge/share/arm_pwm_bridge/hook/ament_prefix_path.ps1'
[0.466s] INFO:colcon.colcon_core.shell:Creating environment descriptor '/home/lukevizzini/arm_v3/arm_code/install/arm_pwm_bridge/share/arm_pwm_bridge/hook/ament_prefix_path.dsv'
[0.466s] INFO:colcon.colcon_core.shell:Creating environment hook '/home/lukevizzini/arm_v3/arm_code/install/arm_pwm_bridge/share/arm_pwm_bridge/hook/ament_prefix_path.sh'
[0.467s] INFO:colcon.colcon_core.shell:Skip shell extension 'powershell' for command environment: Not usable outside of PowerShell
[0.467s] DEBUG:colcon.colcon_core.shell:Skip shell extension 'dsv' for command environment
[0.471s] INFO:colcon.colcon_ros.task.ament_python.build:Building ROS package in '/home/lukevizzini/arm_v3/arm_code/src/teleop' with build type 'ament_python'
[0.472s] Level 1:colcon.colcon_core.shell:create_environment_hook('arm_teleop', 'ament_prefix_path')
[0.472s] INFO:colcon.colcon_core.shell:Creating environment hook '/home/lukevizzini/arm_v3/arm_code/install/arm_teleop/share/arm_teleop/hook/ament_prefix_path.ps1'
[0.473s] INFO:colcon.colcon_core.shell:Creating environment descriptor '/home/lukevizzini/arm_v3/arm_code/install/arm_teleop/share/arm_teleop/hook/ament_prefix_path.dsv'
[0.473s] INFO:colcon.colcon_core.shell:Creating environment hook '/home/lukevizzini/arm_v3/arm_code/install/arm_teleop/share/arm_teleop/hook/ament_prefix_path.sh'
[0.474s] INFO:colcon.colcon_core.shell:Skip shell extension 'powershell' for command environment: Not usable outside of PowerShell
[0.474s] DEBUG:colcon.colcon_core.shell:Skip shell extension 'dsv' for command environment
[0.484s] DEBUG:colcon.colcon_core.event_handler.log_command:Invoking command in '/home/lukevizzini/arm_v3/arm_code/build/arm_config': CMAKE_PREFIX_PATH=${CMAKE_PREFIX_PATH}:/home/lukevizzini/arm_new_v2/arm_code/install/arm_teleop:/home/lukevizzini/arm_new_v2/arm_code/install/arm_pwm_bridge:/home/lukevizzini/arm_v3/arm_code/install/arm_teleop:/home/lukevizzini/arm_v3/arm_code/install/arm_pwm_bridge:/opt/ros/humble /usr/bin/cmake --build /home/lukevizzini/arm_v3/arm_code/build/arm_config -- -j8 -l8
[0.744s] INFO:colcon.colcon_core.task.python.build:Building Python package in '/home/lukevizzini/arm_v3/arm_code/src/pwm_bridge'
[0.744s] INFO:colcon.colcon_core.shell:Skip shell extension 'powershell' for command environment: Not usable outside of PowerShell
[0.744s] DEBUG:colcon.colcon_core.shell:Skip shell extension 'dsv' for command environment
[1.016s] INFO:colcon.colcon_core.task.python.build:Building Python package in '/home/lukevizzini/arm_v3/arm_code/src/teleop'
[1.017s] INFO:colcon.colcon_core.shell:Skip shell extension 'powershell' for command environment: Not usable outside of PowerShell
[1.017s] DEBUG:colcon.colcon_core.shell:Skip shell extension 'dsv' for command environment
[1.022s] DEBUG:colcon.colcon_core.event_handler.log_command:Invoked command in '/home/lukevizzini/arm_v3/arm_code/build/arm_config' returned '0': CMAKE_PREFIX_PATH=${CMAKE_PREFIX_PATH}:/home/lukevizzini/arm_new_v2/arm_code/install/arm_teleop:/home/lukevizzini/arm_new_v2/arm_code/install/arm_pwm_bridge:/home/lukevizzini/arm_v3/arm_code/install/arm_teleop:/home/lukevizzini/arm_v3/arm_code/install/arm_pwm_bridge:/opt/ros/humble /usr/bin/cmake --build /home/lukevizzini/arm_v3/arm_code/build/arm_config -- -j8 -l8
[1.032s] DEBUG:colcon.colcon_core.event_handler.log_command:Invoking command in '/home/lukevizzini/arm_v3/arm_code/build/arm_config': CMAKE_PREFIX_PATH=${CMAKE_PREFIX_PATH}:/home/lukevizzini/arm_new_v2/arm_code/install/arm_teleop:/home/lukevizzini/arm_new_v2/arm_code/install/arm_pwm_bridge:/home/lukevizzini/arm_v3/arm_code/install/arm_teleop:/home/lukevizzini/arm_v3/arm_code/install/arm_pwm_bridge:/opt/ros/humble /usr/bin/cmake --install /home/lukevizzini/arm_v3/arm_code/build/arm_config
[1.055s] Level 1:colcon.colcon_core.environment:create_environment_scripts_only(arm_config)
[1.056s] DEBUG:colcon.colcon_core.event_handler.log_command:Invoked command in '/home/lukevizzini/arm_v3/arm_code/build/arm_config' returned '0': CMAKE_PREFIX_PATH=${CMAKE_PREFIX_PATH}:/home/lukevizzini/arm_new_v2/arm_code/install/arm_teleop:/home/lukevizzini/arm_new_v2/arm_code/install/arm_pwm_bridge:/home/lukevizzini/arm_v3/arm_code/install/arm_teleop:/home/lukevizzini/arm_v3/arm_code/install/arm_pwm_bridge:/opt/ros/humble /usr/bin/cmake --install /home/lukevizzini/arm_v3/arm_code/build/arm_config
[1.057s] Level 1:colcon.colcon_core.environment:checking '/home/lukevizzini/arm_v3/arm_code/install/arm_config' for CMake module files
[1.058s] Level 1:colcon.colcon_core.environment:checking '/home/lukevizzini/arm_v3/arm_code/install/arm_config' for CMake config files
[1.058s] Level 1:colcon.colcon_core.shell:create_environment_hook('arm_config', 'cmake_prefix_path')
[1.058s] INFO:colcon.colcon_core.shell:Creating environment hook '/home/lukevizzini/arm_v3/arm_code/install/arm_config/share/arm_config/hook/cmake_prefix_path.ps1'
[1.059s] INFO:colcon.colcon_core.shell:Creating environment descriptor '/home/lukevizzini/arm_v3/arm_code/install/arm_config/share/arm_config/hook/cmake_prefix_path.dsv'
[1.059s] INFO:colcon.colcon_core.shell:Creating environment hook '/home/lukevizzini/arm_v3/arm_code/install/arm_config/share/arm_config/hook/cmake_prefix_path.sh'
[1.060s] Level 1:colcon.colcon_core.environment:checking '/home/lukevizzini/arm_v3/arm_code/install/arm_config/bin'
[1.060s] Level 1:colcon.colcon_core.environment:checking '/home/lukevizzini/arm_v3/arm_code/install/arm_config/lib/pkgconfig/arm_config.pc'
[1.060s] Level 1:colcon.colcon_core.environment:checking '/home/lukevizzini/arm_v3/arm_code/install/arm_config/lib/python3.10/site-packages'
[1.061s] Level 1:colcon.colcon_core.environment:checking '/home/lukevizzini/arm_v3/arm_code/install/arm_config/bin'
[1.061s] INFO:colcon.colcon_core.shell:Creating package script '/home/lukevizzini/arm_v3/arm_code/install/arm_config/share/arm_config/package.ps1'
[1.061s] INFO:colcon.colcon_core.shell:Creating package descriptor '/home/lukevizzini/arm_v3/arm_code/install/arm_config/share/arm_config/package.dsv'
[1.062s] INFO:colcon.colcon_core.shell:Creating package script '/home/lukevizzini/arm_v3/arm_code/install/arm_config/share/arm_config/package.sh'
[1.063s] INFO:colcon.colcon_core.shell:Creating package script '/home/lukevizzini/arm_v3/arm_code/install/arm_config/share/arm_config/package.bash'
[1.063s] INFO:colcon.colcon_core.shell:Creating package script '/home/lukevizzini/arm_v3/arm_code/install/arm_config/share/arm_config/package.zsh'
[1.064s] Level 1:colcon.colcon_core.environment:create_file_with_runtime_dependencies(/home/lukevizzini/arm_v3/arm_code/install/arm_config/share/colcon-core/packages/arm_config)
[1.064s] Level 1:colcon.colcon_core.environment:create_environment_scripts_only(arm_config)
[1.065s] Level 1:colcon.colcon_core.environment:checking '/home/lukevizzini/arm_v3/arm_code/install/arm_config' for CMake module files
[1.066s] Level 1:colcon.colcon_core.environment:checking '/home/lukevizzini/arm_v3/arm_code/install/arm_config' for CMake config files
[1.066s] Level 1:colcon.colcon_core.shell:create_environment_hook('arm_config', 'cmake_prefix_path')
[1.066s] INFO:colcon.colcon_core.shell:Creating environment hook '/home/lukevizzini/arm_v3/arm_code/install/arm_config/share/arm_config/hook/cmake_prefix_path.ps1'
[1.067s] INFO:colcon.colcon_core.shell:Creating environment descriptor '/home/lukevizzini/arm_v3/arm_code/install/arm_config/share/arm_config/hook/cmake_prefix_path.dsv'
[1.067s] INFO:colcon.colcon_core.shell:Creating environment hook '/home/lukevizzini/arm_v3/arm_code/install/arm_config/share/arm_config/hook/cmake_prefix_path.sh'
[1.068s] Level 1:colcon.colcon_core.environment:checking '/home/lukevizzini/arm_v3/arm_code/install/arm_config/bin'
[1.068s] Level 1:colcon.colcon_core.environment:checking '/home/lukevizzini/arm_v3/arm_code/install/arm_config/lib/pkgconfig/arm_config.pc'
[1.068s] Level 1:colcon.colcon_core.environment:checking '/home/lukevizzini/arm_v3/arm_code/install/arm_config/lib/python3.10/site-packages'
[1.068s] Level 1:colcon.colcon_core.environment:checking '/home/lukevizzini/arm_v3/arm_code/install/arm_config/bin'
[1.069s] INFO:colcon.colcon_core.shell:Creating package script '/home/lukevizzini/arm_v3/arm_code/install/arm_config/share/arm_config/package.ps1'
[1.069s] INFO:colcon.colcon_core.shell:Creating package descriptor '/home/lukevizzini/arm_v3/arm_code/install/arm_config/share/arm_config/package.dsv'
[1.070s] INFO:colcon.colcon_core.shell:Creating package script '/home/lukevizzini/arm_v3/arm_code/install/arm_config/share/arm_config/package.sh'
[1.070s] INFO:colcon.colcon_core.shell:Creating package script '/home/lukevizzini/arm_v3/arm_code/install/arm_config/share/arm_config/package.bash'
[1.071s] INFO:colcon.colcon_core.shell:Creating package script '/home/lukevizzini/arm_v3/arm_code/install/arm_config/share/arm_config/package.zsh'
[1.071s] Level 1:colcon.colcon_core.environment:create_file_with_runtime_dependencies(/home/lukevizzini/arm_v3/arm_code/install/arm_config/share/colcon-core/packages/arm_config)
[1.072s] INFO:colcon.colcon_ros.task.ament_cmake.build:Building ROS package in '/home/lukevizzini/arm_v3/arm_code/src/description' with build type 'ament_cmake'
[1.072s] INFO:colcon.colcon_cmake.task.cmake.build:Building CMake package in '/home/lukevizzini/arm_v3/arm_code/src/description'
[1.072s] INFO:colcon.colcon_core.shell:Skip shell extension 'powershell' for command environment: Not usable outside of PowerShell
[1.072s] DEBUG:colcon.colcon_core.shell:Skip shell extension 'dsv' for command environment
[1.145s] DEBUG:colcon.colcon_core.event_handler.log_command:Invoking command in '/home/lukevizzini/arm_v3/arm_code/build/arm_description': CMAKE_PREFIX_PATH=/home/lukevizzini/arm_v3/arm_code/install/arm_config:/home/lukevizzini/arm_new_v2/arm_code/install/arm_launch:/home/lukevizzini/arm_new_v2/arm_code/install/arm_bringup:/home/lukevizzini/arm_new_v2/arm_code/install/arm_description:/home/lukevizzini/arm_new_v2/arm_code/install/arm_config:/home/lukevizzini/arm_v3/arm_code/install/arm_launch:/home/lukevizzini/arm_v3/arm_code/install/arm_bringup:/home/lukevizzini/arm_v3/arm_code/install/arm_description:/home/lukevizzini/arm_new_v2/arm_code/install/arm_teleop:/home/lukevizzini/arm_new_v2/arm_code/install/arm_pwm_bridge:/home/lukevizzini/arm_v3/arm_code/install/arm_teleop:/home/lukevizzini/arm_v3/arm_code/install/arm_pwm_bridge:/opt/ros/humble /usr/bin/cmake --build /home/lukevizzini/arm_v3/arm_code/build/arm_description -- -j8 -l8
[1.180s] DEBUG:colcon.colcon_core.event_handler.log_command:Invoked command in '/home/lukevizzini/arm_v3/arm_code/build/arm_description' returned '0': CMAKE_PREFIX_PATH=/home/lukevizzini/arm_v3/arm_code/install/arm_config:/home/lukevizzini/arm_new_v2/arm_code/install/arm_launch:/home/lukevizzini/arm_new_v2/arm_code/install/arm_bringup:/home/lukevizzini/arm_new_v2/arm_code/install/arm_description:/home/lukevizzini/arm_new_v2/arm_code/install/arm_config:/home/lukevizzini/arm_v3/arm_code/install/arm_launch:/home/lukevizzini/arm_v3/arm_code/install/arm_bringup:/home/lukevizzini/arm_v3/arm_code/install/arm_description:/home/lukevizzini/arm_new_v2/arm_code/install/arm_teleop:/home/lukevizzini/arm_new_v2/arm_code/install/arm_pwm_bridge:/home/lukevizzini/arm_v3/arm_code/install/arm_teleop:/home/lukevizzini/arm_v3/arm_code/install/arm_pwm_bridge:/opt/ros/humble /usr/bin/cmake --build /home/lukevizzini/arm_v3/arm_code/build/arm_description -- -j8 -l8
[1.182s] DEBUG:colcon.colcon_core.event_handler.log_command:Invoking command in '/home/lukevizzini/arm_v3/arm_code/build/arm_description': CMAKE_PREFIX_PATH=/home/lukevizzini/arm_v3/arm_code/install/arm_config:/home/lukevizzini/arm_new_v2/arm_code/install/arm_launch:/home/lukevizzini/arm_new_v2/arm_code/install/arm_bringup:/home/lukevizzini/arm_new_v2/arm_code/install/arm_description:/home/lukevizzini/arm_new_v2/arm_code/install/arm_config:/home/lukevizzini/arm_v3/arm_code/install/arm_launch:/home/lukevizzini/arm_v3/arm_code/install/arm_bringup:/home/lukevizzini/arm_v3/arm_code/install/arm_description:/home/lukevizzini/arm_new_v2/arm_code/install/arm_teleop:/home/lukevizzini/arm_new_v2/arm_code/install/arm_pwm_bridge:/home/lukevizzini/arm_v3/arm_code/install/arm_teleop:/home/lukevizzini/arm_v3/arm_code/install/arm_pwm_bridge:/opt/ros/humble /usr/bin/cmake --install /home/lukevizzini/arm_v3/arm_code/build/arm_description
[1.208s] Level 1:colcon.colcon_core.environment:create_environment_scripts_only(arm_description)
[1.208s] Level 1:colcon.colcon_core.environment:checking '/home/lukevizzini/arm_v3/arm_code/install/arm_description' for CMake module files
[1.209s] DEBUG:colcon.colcon_core.event_handler.log_command:Invoked command in '/home/lukevizzini/arm_v3/arm_code/build/arm_description' returned '0': CMAKE_PREFIX_PATH=/home/lukevizzini/arm_v3/arm_code/install/arm_config:/home/lukevizzini/arm_new_v2/arm_code/install/arm_launch:/home/lukevizzini/arm_new_v2/arm_code/install/arm_bringup:/home/lukevizzini/arm_new_v2/arm_code/install/arm_description:/home/lukevizzini/arm_new_v2/arm_code/install/arm_config:/home/lukevizzini/arm_v3/arm_code/install/arm_launch:/home/lukevizzini/arm_v3/arm_code/install/arm_bringup:/home/lukevizzini/arm_v3/arm_code/install/arm_description:/home/lukevizzini/arm_new_v2/arm_code/install/arm_teleop:/home/lukevizzini/arm_new_v2/arm_code/install/arm_pwm_bridge:/home/lukevizzini/arm_v3/arm_code/install/arm_teleop:/home/lukevizzini/arm_v3/arm_code/install/arm_pwm_bridge:/opt/ros/humble /usr/bin/cmake --install /home/lukevizzini/arm_v3/arm_code/build/arm_description
[1.210s] Level 1:colcon.colcon_core.environment:checking '/home/lukevizzini/arm_v3/arm_code/install/arm_description' for CMake config files
[1.210s] Level 1:colcon.colcon_core.shell:create_environment_hook('arm_description', 'cmake_prefix_path')
[1.211s] INFO:colcon.colcon_core.shell:Creating environment hook '/home/lukevizzini/arm_v3/arm_code/install/arm_description/share/arm_description/hook/cmake_prefix_path.ps1'
[1.212s] INFO:colcon.colcon_core.shell:Creating environment descriptor '/home/lukevizzini/arm_v3/arm_code/install/arm_description/share/arm_description/hook/cmake_prefix_path.dsv'
[1.212s] INFO:colcon.colcon_core.shell:Creating environment hook '/home/lukevizzini/arm_v3/arm_code/install/arm_description/share/arm_description/hook/cmake_prefix_path.sh'
[1.213s] Level 1:colcon.colcon_core.environment:checking '/home/lukevizzini/arm_v3/arm_code/install/arm_description/bin'
[1.213s] Level 1:colcon.colcon_core.environment:checking '/home/lukevizzini/arm_v3/arm_code/install/arm_description/lib/pkgconfig/arm_description.pc'
[1.213s] Level 1:colcon.colcon_core.environment:checking '/home/lukevizzini/arm_v3/arm_code/install/arm_description/lib/python3.10/site-packages'
[1.213s] Level 1:colcon.colcon_core.environment:checking '/home/lukevizzini/arm_v3/arm_code/install/arm_description/bin'
[1.214s] INFO:colcon.colcon_core.shell:Creating package script '/home/lukevizzini/arm_v3/arm_code/install/arm_description/share/arm_description/package.ps1'
[1.215s] INFO:colcon.colcon_core.shell:Creating package descriptor '/home/lukevizzini/arm_v3/arm_code/install/arm_description/share/arm_description/package.dsv'
[1.215s] INFO:colcon.colcon_core.shell:Creating package script '/home/lukevizzini/arm_v3/arm_code/install/arm_description/share/arm_description/package.sh'
[1.216s] INFO:colcon.colcon_core.shell:Creating package script '/home/lukevizzini/arm_v3/arm_code/install/arm_description/share/arm_description/package.bash'
[1.217s] INFO:colcon.colcon_core.shell:Creating package script '/home/lukevizzini/arm_v3/arm_code/install/arm_description/share/arm_description/package.zsh'
[1.217s] Level 1:colcon.colcon_core.environment:create_file_with_runtime_dependencies(/home/lukevizzini/arm_v3/arm_code/install/arm_description/share/colcon-core/packages/arm_description)
[1.218s] Level 1:colcon.colcon_core.environment:create_environment_scripts_only(arm_description)
[1.219s] Level 1:colcon.colcon_core.environment:checking '/home/lukevizzini/arm_v3/arm_code/install/arm_description' for CMake module files
[1.219s] Level 1:colcon.colcon_core.environment:checking '/home/lukevizzini/arm_v3/arm_code/install/arm_description' for CMake config files
[1.220s] Level 1:colcon.colcon_core.shell:create_environment_hook('arm_description', 'cmake_prefix_path')
[1.220s] INFO:colcon.colcon_core.shell:Creating environment hook '/home/lukevizzini/arm_v3/arm_code/install/arm_description/share/arm_description/hook/cmake_prefix_path.ps1'
[1.221s] INFO:colcon.colcon_core.shell:Creating environment descriptor '/home/lukevizzini/arm_v3/arm_code/install/arm_description/share/arm_description/hook/cmake_prefix_path.dsv'
[1.221s] INFO:colcon.colcon_core.shell:Creating environment hook '/home/lukevizzini/arm_v3/arm_code/install/arm_description/share/arm_description/hook/cmake_prefix_path.sh'
[1.222s] Level 1:colcon.colcon_core.environment:checking '/home/lukevizzini/arm_v3/arm_code/install/arm_description/bin'
[1.222s] Level 1:colcon.colcon_core.environment:checking '/home/lukevizzini/arm_v3/arm_code/install/arm_description/lib/pkgconfig/arm_description.pc'
[1.222s] Level 1:colcon.colcon_core.environment:checking '/home/lukevizzini/arm_v3/arm_code/install/arm_description/lib/python3.10/site-packages'
[1.223s] Level 1:colcon.colcon_core.environment:checking '/home/lukevizzini/arm_v3/arm_code/install/arm_description/bin'
[1.223s] INFO:colcon.colcon_core.shell:Creating package script '/home/lukevizzini/arm_v3/arm_code/install/arm_description/share/arm_description/package.ps1'
[1.223s] INFO:colcon.colcon_core.shell:Creating package descriptor '/home/lukevizzini/arm_v3/arm_code/install/arm_description/share/arm_description/package.dsv'
[1.224s] INFO:colcon.colcon_core.shell:Creating package script '/home/lukevizzini/arm_v3/arm_code/install/arm_description/share/arm_description/package.sh'
[1.224s] INFO:colcon.colcon_core.shell:Creating package script '/home/lukevizzini/arm_v3/arm_code/install/arm_description/share/arm_description/package.bash'
[1.225s] INFO:colcon.colcon_core.shell:Creating package script '/home/lukevizzini/arm_v3/arm_code/install/arm_description/share/arm_description/package.zsh'
[1.225s] Level 1:colcon.colcon_core.environment:create_file_with_runtime_dependencies(/home/lukevizzini/arm_v3/arm_code/install/arm_description/share/colcon-core/packages/arm_description)
[1.226s] INFO:colcon.colcon_ros.task.ament_cmake.build:Building ROS package in '/home/lukevizzini/arm_v3/arm_code/src/bringup' with build type 'ament_cmake'
[1.226s] INFO:colcon.colcon_cmake.task.cmake.build:Building CMake package in '/home/lukevizzini/arm_v3/arm_code/src/bringup'
[1.227s] INFO:colcon.colcon_core.shell:Skip shell extension 'powershell' for command environment: Not usable outside of PowerShell
[1.227s] DEBUG:colcon.colcon_core.shell:Skip shell extension 'dsv' for command environment
[1.363s] DEBUG:colcon.colcon_core.event_handler.log_command:Invoking command in '/home/lukevizzini/arm_v3/arm_code/build/arm_bringup': CMAKE_PREFIX_PATH=/home/lukevizzini/arm_v3/arm_code/install/arm_description:/home/lukevizzini/arm_v3/arm_code/install/arm_config:/home/lukevizzini/arm_new_v2/arm_code/install/arm_launch:/home/lukevizzini/arm_new_v2/arm_code/install/arm_bringup:/home/lukevizzini/arm_new_v2/arm_code/install/arm_description:/home/lukevizzini/arm_new_v2/arm_code/install/arm_config:/home/lukevizzini/arm_v3/arm_code/install/arm_launch:/home/lukevizzini/arm_v3/arm_code/install/arm_bringup:/home/lukevizzini/arm_new_v2/arm_code/install/arm_teleop:/home/lukevizzini/arm_new_v2/arm_code/install/arm_pwm_bridge:/home/lukevizzini/arm_v3/arm_code/install/arm_teleop:/home/lukevizzini/arm_v3/arm_code/install/arm_pwm_bridge:/opt/ros/humble /usr/bin/cmake --build /home/lukevizzini/arm_v3/arm_code/build/arm_bringup -- -j8 -l8
[1.410s] DEBUG:colcon.colcon_core.event_handler.log_command:Invoking command in '/home/lukevizzini/arm_v3/arm_code/build/arm_pwm_bridge': PYTHONPATH=/home/lukevizzini/arm_v3/arm_code/build/arm_pwm_bridge/prefix_override:/usr/lib/python3/dist-packages/colcon_core/task/python/colcon_distutils_commands:/home/lukevizzini/arm_v3/arm_code/install/arm_pwm_bridge/lib/python3.10/site-packages:${PYTHONPATH} /usr/bin/python3 -W ignore:setup.py install is deprecated -W ignore:easy_install command is deprecated setup.py develop --editable --build-directory /home/lukevizzini/arm_v3/arm_code/build/arm_pwm_bridge/build --no-deps symlink_data
[1.412s] DEBUG:colcon.colcon_core.event_handler.log_command:Invoked command in '/home/lukevizzini/arm_v3/arm_code/build/arm_bringup' returned '0': CMAKE_PREFIX_PATH=/home/lukevizzini/arm_v3/arm_code/install/arm_description:/home/lukevizzini/arm_v3/arm_code/install/arm_config:/home/lukevizzini/arm_new_v2/arm_code/install/arm_launch:/home/lukevizzini/arm_new_v2/arm_code/install/arm_bringup:/home/lukevizzini/arm_new_v2/arm_code/install/arm_description:/home/lukevizzini/arm_new_v2/arm_code/install/arm_config:/home/lukevizzini/arm_v3/arm_code/install/arm_launch:/home/lukevizzini/arm_v3/arm_code/install/arm_bringup:/home/lukevizzini/arm_new_v2/arm_code/install/arm_teleop:/home/lukevizzini/arm_new_v2/arm_code/install/arm_pwm_bridge:/home/lukevizzini/arm_v3/arm_code/install/arm_teleop:/home/lukevizzini/arm_v3/arm_code/install/arm_pwm_bridge:/opt/ros/humble /usr/bin/cmake --build /home/lukevizzini/arm_v3/arm_code/build/arm_bringup -- -j8 -l8
[1.418s] DEBUG:colcon.colcon_core.event_handler.log_command:Invoking command in '/home/lukevizzini/arm_v3/arm_code/build/arm_bringup': CMAKE_PREFIX_PATH=/home/lukevizzini/arm_v3/arm_code/install/arm_description:/home/lukevizzini/arm_v3/arm_code/install/arm_config:/home/lukevizzini/arm_new_v2/arm_code/install/arm_launch:/home/lukevizzini/arm_new_v2/arm_code/install/arm_bringup:/home/lukevizzini/arm_new_v2/arm_code/install/arm_description:/home/lukevizzini/arm_new_v2/arm_code/install/arm_config:/home/lukevizzini/arm_v3/arm_code/install/arm_launch:/home/lukevizzini/arm_v3/arm_code/install/arm_bringup:/home/lukevizzini/arm_new_v2/arm_code/install/arm_teleop:/home/lukevizzini/arm_new_v2/arm_code/install/arm_pwm_bridge:/home/lukevizzini/arm_v3/arm_code/install/arm_teleop:/home/lukevizzini/arm_v3/arm_code/install/arm_pwm_bridge:/opt/ros/humble /usr/bin/cmake --install /home/lukevizzini/arm_v3/arm_code/build/arm_bringup
[1.451s] Level 1:colcon.colcon_core.environment:create_environment_scripts_only(arm_bringup)
[1.452s] DEBUG:colcon.colcon_core.event_handler.log_command:Invoked command in '/home/lukevizzini/arm_v3/arm_code/build/arm_bringup' returned '0': CMAKE_PREFIX_PATH=/home/lukevizzini/arm_v3/arm_code/install/arm_description:/home/lukevizzini/arm_v3/arm_code/install/arm_config:/home/lukevizzini/arm_new_v2/arm_code/install/arm_launch:/home/lukevizzini/arm_new_v2/arm_code/install/arm_bringup:/home/lukevizzini/arm_new_v2/arm_code/install/arm_description:/home/lukevizzini/arm_new_v2/arm_code/install/arm_config:/home/lukevizzini/arm_v3/arm_code/install/arm_launch:/home/lukevizzini/arm_v3/arm_code/install/arm_bringup:/home/lukevizzini/arm_new_v2/arm_code/install/arm_teleop:/home/lukevizzini/arm_new_v2/arm_code/install/arm_pwm_bridge:/home/lukevizzini/arm_v3/arm_code/install/arm_teleop:/home/lukevizzini/arm_v3/arm_code/install/arm_pwm_bridge:/opt/ros/humble /usr/bin/cmake --install /home/lukevizzini/arm_v3/arm_code/build/arm_bringup
[1.452s] Level 1:colcon.colcon_core.environment:checking '/home/lukevizzini/arm_v3/arm_code/install/arm_bringup' for CMake module files
[1.453s] Level 1:colcon.colcon_core.environment:checking '/home/lukevizzini/arm_v3/arm_code/install/arm_bringup' for CMake config files
[1.454s] Level 1:colcon.colcon_core.shell:create_environment_hook('arm_bringup', 'cmake_prefix_path')
[1.454s] INFO:colcon.colcon_core.shell:Creating environment hook '/home/lukevizzini/arm_v3/arm_code/install/arm_bringup/share/arm_bringup/hook/cmake_prefix_path.ps1'
[1.455s] INFO:colcon.colcon_core.shell:Creating environment descriptor '/home/lukevizzini/arm_v3/arm_code/install/arm_bringup/share/arm_bringup/hook/cmake_prefix_path.dsv'
[1.456s] INFO:colcon.colcon_core.shell:Creating environment hook '/home/lukevizzini/arm_v3/arm_code/install/arm_bringup/share/arm_bringup/hook/cmake_prefix_path.sh'
[1.457s] Level 1:colcon.colcon_core.environment:checking '/home/lukevizzini/arm_v3/arm_code/install/arm_bringup/bin'
[1.457s] Level 1:colcon.colcon_core.environment:checking '/home/lukevizzini/arm_v3/arm_code/install/arm_bringup/lib/pkgconfig/arm_bringup.pc'
[1.457s] Level 1:colcon.colcon_core.environment:checking '/home/lukevizzini/arm_v3/arm_code/install/arm_bringup/lib/python3.10/site-packages'
[1.457s] Level 1:colcon.colcon_core.environment:checking '/home/lukevizzini/arm_v3/arm_code/install/arm_bringup/bin'
[1.458s] INFO:colcon.colcon_core.shell:Creating package script '/home/lukevizzini/arm_v3/arm_code/install/arm_bringup/share/arm_bringup/package.ps1'
[1.459s] INFO:colcon.colcon_core.shell:Creating package descriptor '/home/lukevizzini/arm_v3/arm_code/install/arm_bringup/share/arm_bringup/package.dsv'
[1.459s] INFO:colcon.colcon_core.shell:Creating package script '/home/lukevizzini/arm_v3/arm_code/install/arm_bringup/share/arm_bringup/package.sh'
[1.460s] INFO:colcon.colcon_core.shell:Creating package script '/home/lukevizzini/arm_v3/arm_code/install/arm_bringup/share/arm_bringup/package.bash'
[1.460s] INFO:colcon.colcon_core.shell:Creating package script '/home/lukevizzini/arm_v3/arm_code/install/arm_bringup/share/arm_bringup/package.zsh'
[1.461s] Level 1:colcon.colcon_core.environment:create_file_with_runtime_dependencies(/home/lukevizzini/arm_v3/arm_code/install/arm_bringup/share/colcon-core/packages/arm_bringup)
[1.461s] Level 1:colcon.colcon_core.environment:create_environment_scripts_only(arm_bringup)
[1.462s] Level 1:colcon.colcon_core.environment:checking '/home/lukevizzini/arm_v3/arm_code/install/arm_bringup' for CMake module files
[1.462s] Level 1:colcon.colcon_core.environment:checking '/home/lukevizzini/arm_v3/arm_code/install/arm_bringup' for CMake config files
[1.463s] Level 1:colcon.colcon_core.shell:create_environment_hook('arm_bringup', 'cmake_prefix_path')
[1.463s] INFO:colcon.colcon_core.shell:Creating environment hook '/home/lukevizzini/arm_v3/arm_code/install/arm_bringup/share/arm_bringup/hook/cmake_prefix_path.ps1'
[1.463s] INFO:colcon.colcon_core.shell:Creating environment descriptor '/home/lukevizzini/arm_v3/arm_code/install/arm_bringup/share/arm_bringup/hook/cmake_prefix_path.dsv'
[1.464s] INFO:colcon.colcon_core.shell:Creating environment hook '/home/lukevizzini/arm_v3/arm_code/install/arm_bringup/share/arm_bringup/hook/cmake_prefix_path.sh'
[1.465s] Level 1:colcon.colcon_core.environment:checking '/home/lukevizzini/arm_v3/arm_code/install/arm_bringup/bin'
[1.465s] Level 1:colcon.colcon_core.environment:checking '/home/lukevizzini/arm_v3/arm_code/install/arm_bringup/lib/pkgconfig/arm_bringup.pc'
[1.465s] Level 1:colcon.colcon_core.environment:checking '/home/lukevizzini/arm_v3/arm_code/install/arm_bringup/lib/python3.10/site-packages'
[1.465s] Level 1:colcon.colcon_core.environment:checking '/home/lukevizzini/arm_v3/arm_code/install/arm_bringup/bin'
[1.466s] INFO:colcon.colcon_core.shell:Creating package script '/home/lukevizzini/arm_v3/arm_code/install/arm_bringup/share/arm_bringup/package.ps1'
[1.468s] INFO:colcon.colcon_core.shell:Creating package descriptor '/home/lukevizzini/arm_v3/arm_code/install/arm_bringup/share/arm_bringup/package.dsv'
[1.468s] INFO:colcon.colcon_core.shell:Creating package script '/home/lukevizzini/arm_v3/arm_code/install/arm_bringup/share/arm_bringup/package.sh'
[1.469s] INFO:colcon.colcon_core.shell:Creating package script '/home/lukevizzini/arm_v3/arm_code/install/arm_bringup/share/arm_bringup/package.bash'
[1.470s] INFO:colcon.colcon_core.shell:Creating package script '/home/lukevizzini/arm_v3/arm_code/install/arm_bringup/share/arm_bringup/package.zsh'
[1.470s] Level 1:colcon.colcon_core.environment:create_file_with_runtime_dependencies(/home/lukevizzini/arm_v3/arm_code/install/arm_bringup/share/colcon-core/packages/arm_bringup)
[1.476s] DEBUG:colcon.colcon_core.event_handler.log_command:Invoking command in '/home/lukevizzini/arm_v3/arm_code/build/arm_teleop': PYTHONPATH=/home/lukevizzini/arm_v3/arm_code/build/arm_teleop/prefix_override:/usr/lib/python3/dist-packages/colcon_core/task/python/colcon_distutils_commands:/home/lukevizzini/arm_v3/arm_code/install/arm_teleop/lib/python3.10/site-packages:${PYTHONPATH} /usr/bin/python3 -W ignore:setup.py install is deprecated -W ignore:easy_install command is deprecated setup.py develop --editable --build-directory /home/lukevizzini/arm_v3/arm_code/build/arm_teleop/build --no-deps symlink_data
[1.934s] Level 1:colcon.colcon_core.shell:create_environment_hook('arm_pwm_bridge', 'pythonpath_develop')
[1.934s] DEBUG:colcon.colcon_core.event_handler.log_command:Invoked command in '/home/lukevizzini/arm_v3/arm_code/build/arm_pwm_bridge' returned '0': PYTHONPATH=/home/lukevizzini/arm_v3/arm_code/build/arm_pwm_bridge/prefix_override:/usr/lib/python3/dist-packages/colcon_core/task/python/colcon_distutils_commands:/home/lukevizzini/arm_v3/arm_code/install/arm_pwm_bridge/lib/python3.10/site-packages:${PYTHONPATH} /usr/bin/python3 -W ignore:setup.py install is deprecated -W ignore:easy_install command is deprecated setup.py develop --editable --build-directory /home/lukevizzini/arm_v3/arm_code/build/arm_pwm_bridge/build --no-deps symlink_data
[1.935s] INFO:colcon.colcon_core.shell:Creating environment hook '/home/lukevizzini/arm_v3/arm_code/build/arm_pwm_bridge/share/arm_pwm_bridge/hook/pythonpath_develop.ps1'
[1.936s] INFO:colcon.colcon_core.shell:Creating environment descriptor '/home/lukevizzini/arm_v3/arm_code/build/arm_pwm_bridge/share/arm_pwm_bridge/hook/pythonpath_develop.dsv'
[1.936s] INFO:colcon.colcon_core.shell:Creating environment hook '/home/lukevizzini/arm_v3/arm_code/build/arm_pwm_bridge/share/arm_pwm_bridge/hook/pythonpath_develop.sh'
[1.937s] Level 1:colcon.colcon_core.environment:checking '/home/lukevizzini/arm_v3/arm_code/install/arm_pwm_bridge' for CMake module files
[1.937s] Level 1:colcon.colcon_core.environment:checking '/home/lukevizzini/arm_v3/arm_code/install/arm_pwm_bridge' for CMake config files
[1.937s] Level 1:colcon.colcon_core.environment:checking '/home/lukevizzini/arm_v3/arm_code/install/arm_pwm_bridge/lib'
[1.938s] Level 1:colcon.colcon_core.environment:checking '/home/lukevizzini/arm_v3/arm_code/install/arm_pwm_bridge/bin'
[1.938s] Level 1:colcon.colcon_core.environment:checking '/home/lukevizzini/arm_v3/arm_code/install/arm_pwm_bridge/lib/pkgconfig/arm_pwm_bridge.pc'
[1.938s] Level 1:colcon.colcon_core.environment:checking '/home/lukevizzini/arm_v3/arm_code/install/arm_pwm_bridge/lib/python3.10/site-packages'
[1.938s] Level 1:colcon.colcon_core.shell:create_environment_hook('arm_pwm_bridge', 'pythonpath')
[1.938s] INFO:colcon.colcon_core.shell:Creating environment hook '/home/lukevizzini/arm_v3/arm_code/install/arm_pwm_bridge/share/arm_pwm_bridge/hook/pythonpath.ps1'
[1.939s] INFO:colcon.colcon_core.shell:Creating environment descriptor '/home/lukevizzini/arm_v3/arm_code/install/arm_pwm_bridge/share/arm_pwm_bridge/hook/pythonpath.dsv'
[1.939s] INFO:colcon.colcon_core.shell:Creating environment hook '/home/lukevizzini/arm_v3/arm_code/install/arm_pwm_bridge/share/arm_pwm_bridge/hook/pythonpath.sh'
[1.939s] Level 1:colcon.colcon_core.environment:checking '/home/lukevizzini/arm_v3/arm_code/install/arm_pwm_bridge/bin'
[1.939s] Level 1:colcon.colcon_core.environment:create_environment_scripts_only(arm_pwm_bridge)
[1.940s] INFO:colcon.colcon_core.shell:Creating package script '/home/lukevizzini/arm_v3/arm_code/install/arm_pwm_bridge/share/arm_pwm_bridge/package.ps1'
[1.940s] INFO:colcon.colcon_core.shell:Creating package descriptor '/home/lukevizzini/arm_v3/arm_code/install/arm_pwm_bridge/share/arm_pwm_bridge/package.dsv'
[1.941s] INFO:colcon.colcon_core.shell:Creating package script '/home/lukevizzini/arm_v3/arm_code/install/arm_pwm_bridge/share/arm_pwm_bridge/package.sh'
[1.941s] INFO:colcon.colcon_core.shell:Creating package script '/home/lukevizzini/arm_v3/arm_code/install/arm_pwm_bridge/share/arm_pwm_bridge/package.bash'
[1.941s] INFO:colcon.colcon_core.shell:Creating package script '/home/lukevizzini/arm_v3/arm_code/install/arm_pwm_bridge/share/arm_pwm_bridge/package.zsh'
[1.942s] Level 1:colcon.colcon_core.environment:create_file_with_runtime_dependencies(/home/lukevizzini/arm_v3/arm_code/install/arm_pwm_bridge/share/colcon-core/packages/arm_pwm_bridge)
[1.991s] Level 1:colcon.colcon_core.shell:create_environment_hook('arm_teleop', 'pythonpath_develop')
[1.991s] DEBUG:colcon.colcon_core.event_handler.log_command:Invoked command in '/home/lukevizzini/arm_v3/arm_code/build/arm_teleop' returned '0': PYTHONPATH=/home/lukevizzini/arm_v3/arm_code/build/arm_teleop/prefix_override:/usr/lib/python3/dist-packages/colcon_core/task/python/colcon_distutils_commands:/home/lukevizzini/arm_v3/arm_code/install/arm_teleop/lib/python3.10/site-packages:${PYTHONPATH} /usr/bin/python3 -W ignore:setup.py install is deprecated -W ignore:easy_install command is deprecated setup.py develop --editable --build-directory /home/lukevizzini/arm_v3/arm_code/build/arm_teleop/build --no-deps symlink_data
[1.991s] INFO:colcon.colcon_core.shell:Creating environment hook '/home/lukevizzini/arm_v3/arm_code/build/arm_teleop/share/arm_teleop/hook/pythonpath_develop.ps1'
[1.992s] INFO:colcon.colcon_core.shell:Creating environment descriptor '/home/lukevizzini/arm_v3/arm_code/build/arm_teleop/share/arm_teleop/hook/pythonpath_develop.dsv'
[1.993s] INFO:colcon.colcon_core.shell:Creating environment hook '/home/lukevizzini/arm_v3/arm_code/build/arm_teleop/share/arm_teleop/hook/pythonpath_develop.sh'
[1.993s] Level 1:colcon.colcon_core.environment:checking '/home/lukevizzini/arm_v3/arm_code/install/arm_teleop' for CMake module files
[1.994s] Level 1:colcon.colcon_core.environment:checking '/home/lukevizzini/arm_v3/arm_code/install/arm_teleop' for CMake config files
[1.994s] Level 1:colcon.colcon_core.environment:checking '/home/lukevizzini/arm_v3/arm_code/install/arm_teleop/lib'
[1.994s] Level 1:colcon.colcon_core.environment:checking '/home/lukevizzini/arm_v3/arm_code/install/arm_teleop/bin'
[1.994s] Level 1:colcon.colcon_core.environment:checking '/home/lukevizzini/arm_v3/arm_code/install/arm_teleop/lib/pkgconfig/arm_teleop.pc'
[1.994s] Level 1:colcon.colcon_core.environment:checking '/home/lukevizzini/arm_v3/arm_code/install/arm_teleop/lib/python3.10/site-packages'
[1.995s] Level 1:colcon.colcon_core.shell:create_environment_hook('arm_teleop', 'pythonpath')
[1.995s] INFO:colcon.colcon_core.shell:Creating environment hook '/home/lukevizzini/arm_v3/arm_code/install/arm_teleop/share/arm_teleop/hook/pythonpath.ps1'
[1.995s] INFO:colcon.colcon_core.shell:Creating environment descriptor '/home/lukevizzini/arm_v3/arm_code/install/arm_teleop/share/arm_teleop/hook/pythonpath.dsv'
[1.995s] INFO:colcon.colcon_core.shell:Creating environment hook '/home/lukevizzini/arm_v3/arm_code/install/arm_teleop/share/arm_teleop/hook/pythonpath.sh'
[1.996s] Level 1:colcon.colcon_core.environment:checking '/home/lukevizzini/arm_v3/arm_code/install/arm_teleop/bin'
[1.996s] Level 1:colcon.colcon_core.environment:create_environment_scripts_only(arm_teleop)
[1.996s] INFO:colcon.colcon_core.shell:Creating package script '/home/lukevizzini/arm_v3/arm_code/install/arm_teleop/share/arm_teleop/package.ps1'
[1.997s] INFO:colcon.colcon_core.shell:Creating package descriptor '/home/lukevizzini/arm_v3/arm_code/install/arm_teleop/share/arm_teleop/package.dsv'
[1.997s] INFO:colcon.colcon_core.shell:Creating package script '/home/lukevizzini/arm_v3/arm_code/install/arm_teleop/share/arm_teleop/package.sh'
[1.998s] INFO:colcon.colcon_core.shell:Creating package script '/home/lukevizzini/arm_v3/arm_code/install/arm_teleop/share/arm_teleop/package.bash'
[1.998s] INFO:colcon.colcon_core.shell:Creating package script '/home/lukevizzini/arm_v3/arm_code/install/arm_teleop/share/arm_teleop/package.zsh'
[1.998s] Level 1:colcon.colcon_core.environment:create_file_with_runtime_dependencies(/home/lukevizzini/arm_v3/arm_code/install/arm_teleop/share/colcon-core/packages/arm_teleop)
[1.999s] INFO:colcon.colcon_ros.task.ament_cmake.build:Building ROS package in '/home/lukevizzini/arm_v3/arm_code/src/launch' with build type 'ament_cmake'
[1.999s] INFO:colcon.colcon_cmake.task.cmake.build:Building CMake package in '/home/lukevizzini/arm_v3/arm_code/src/launch'
[2.000s] INFO:colcon.colcon_core.shell:Skip shell extension 'powershell' for command environment: Not usable outside of PowerShell
[2.000s] DEBUG:colcon.colcon_core.shell:Skip shell extension 'dsv' for command environment
[2.449s] DEBUG:colcon.colcon_core.event_handler.log_command:Invoking command in '/home/lukevizzini/arm_v3/arm_code/build/arm_launch': AMENT_PREFIX_PATH=/home/lukevizzini/arm_v3/arm_code/install/arm_teleop:/home/lukevizzini/arm_v3/arm_code/install/arm_pwm_bridge:/home/lukevizzini/arm_new_v2/arm_code/install/arm_launch:/home/lukevizzini/arm_new_v2/arm_code/install/arm_teleop:/home/lukevizzini/arm_new_v2/arm_code/install/arm_pwm_bridge:/home/lukevizzini/arm_new_v2/arm_code/install/arm_bringup:/home/lukevizzini/arm_new_v2/arm_code/install/arm_description:/home/lukevizzini/arm_new_v2/arm_code/install/arm_config:/home/lukevizzini/arm_v3/arm_code/install/arm_launch:/home/lukevizzini/arm_v3/arm_code/install/arm_bringup:/home/lukevizzini/arm_v3/arm_code/install/arm_description:/home/lukevizzini/arm_v3/arm_code/install/arm_config:/opt/ros/humble CMAKE_PREFIX_PATH=/home/lukevizzini/arm_v3/arm_code/install/arm_bringup:/home/lukevizzini/arm_v3/arm_code/install/arm_description:/home/lukevizzini/arm_v3/arm_code/install/arm_config:/home/lukevizzini/arm_new_v2/arm_code/install/arm_launch:/home/lukevizzini/arm_new_v2/arm_code/install/arm_bringup:/home/lukevizzini/arm_new_v2/arm_code/install/arm_description:/home/lukevizzini/arm_new_v2/arm_code/install/arm_config:/home/lukevizzini/arm_v3/arm_code/install/arm_launch:/home/lukevizzini/arm_new_v2/arm_code/install/arm_teleop:/home/lukevizzini/arm_new_v2/arm_code/install/arm_pwm_bridge:/home/lukevizzini/arm_v3/arm_code/install/arm_teleop:/home/lukevizzini/arm_v3/arm_code/install/arm_pwm_bridge:/opt/ros/humble PYTHONPATH=/home/lukevizzini/arm_v3/arm_code/build/arm_teleop:/home/lukevizzini/arm_v3/arm_code/install/arm_teleop/lib/python3.10/site-packages:/home/lukevizzini/arm_v3/arm_code/build/arm_pwm_bridge:/home/lukevizzini/arm_v3/arm_code/install/arm_pwm_bridge/lib/python3.10/site-packages:/home/lukevizzini/arm_new_v2/arm_code/build/arm_teleop:/home/lukevizzini/arm_new_v2/arm_code/install/arm_teleop/lib/python3.10/site-packages:/home/lukevizzini/arm_new_v2/arm_code/build/arm_pwm_bridge:/home/lukevizzini/arm_new_v2/arm_code/install/arm_pwm_bridge/lib/python3.10/site-packages:/opt/ros/humble/lib/python3.10/site-packages:/opt/ros/humble/local/lib/python3.10/dist-packages /usr/bin/cmake --build /home/lukevizzini/arm_v3/arm_code/build/arm_launch -- -j8 -l8
[2.482s] DEBUG:colcon.colcon_core.event_handler.log_command:Invoked command in '/home/lukevizzini/arm_v3/arm_code/build/arm_launch' returned '0': AMENT_PREFIX_PATH=/home/lukevizzini/arm_v3/arm_code/install/arm_teleop:/home/lukevizzini/arm_v3/arm_code/install/arm_pwm_bridge:/home/lukevizzini/arm_new_v2/arm_code/install/arm_launch:/home/lukevizzini/arm_new_v2/arm_code/install/arm_teleop:/home/lukevizzini/arm_new_v2/arm_code/install/arm_pwm_bridge:/home/lukevizzini/arm_new_v2/arm_code/install/arm_bringup:/home/lukevizzini/arm_new_v2/arm_code/install/arm_description:/home/lukevizzini/arm_new_v2/arm_code/install/arm_config:/home/lukevizzini/arm_v3/arm_code/install/arm_launch:/home/lukevizzini/arm_v3/arm_code/install/arm_bringup:/home/lukevizzini/arm_v3/arm_code/install/arm_description:/home/lukevizzini/arm_v3/arm_code/install/arm_config:/opt/ros/humble CMAKE_PREFIX_PATH=/home/lukevizzini/arm_v3/arm_code/install/arm_bringup:/home/lukevizzini/arm_v3/arm_code/install/arm_description:/home/lukevizzini/arm_v3/arm_code/install/arm_config:/home/lukevizzini/arm_new_v2/arm_code/install/arm_launch:/home/lukevizzini/arm_new_v2/arm_code/install/arm_bringup:/home/lukevizzini/arm_new_v2/arm_code/install/arm_description:/home/lukevizzini/arm_new_v2/arm_code/install/arm_config:/home/lukevizzini/arm_v3/arm_code/install/arm_launch:/home/lukevizzini/arm_new_v2/arm_code/install/arm_teleop:/home/lukevizzini/arm_new_v2/arm_code/install/arm_pwm_bridge:/home/lukevizzini/arm_v3/arm_code/install/arm_teleop:/home/lukevizzini/arm_v3/arm_code/install/arm_pwm_bridge:/opt/ros/humble PYTHONPATH=/home/lukevizzini/arm_v3/arm_code/build/arm_teleop:/home/lukevizzini/arm_v3/arm_code/install/arm_teleop/lib/python3.10/site-packages:/home/lukevizzini/arm_v3/arm_code/build/arm_pwm_bridge:/home/lukevizzini/arm_v3/arm_code/install/arm_pwm_bridge/lib/python3.10/site-packages:/home/lukevizzini/arm_new_v2/arm_code/build/arm_teleop:/home/lukevizzini/arm_new_v2/arm_code/install/arm_teleop/lib/python3.10/site-packages:/home/lukevizzini/arm_new_v2/arm_code/build/arm_pwm_bridge:/home/lukevizzini/arm_new_v2/arm_code/install/arm_pwm_bridge/lib/python3.10/site-packages:/opt/ros/humble/lib/python3.10/site-packages:/opt/ros/humble/local/lib/python3.10/dist-packages /usr/bin/cmake --build /home/lukevizzini/arm_v3/arm_code/build/arm_launch -- -j8 -l8
[2.484s] DEBUG:colcon.colcon_core.event_handler.log_command:Invoking command in '/home/lukevizzini/arm_v3/arm_code/build/arm_launch': AMENT_PREFIX_PATH=/home/lukevizzini/arm_v3/arm_code/install/arm_teleop:/home/lukevizzini/arm_v3/arm_code/install/arm_pwm_bridge:/home/lukevizzini/arm_new_v2/arm_code/install/arm_launch:/home/lukevizzini/arm_new_v2/arm_code/install/arm_teleop:/home/lukevizzini/arm_new_v2/arm_code/install/arm_pwm_bridge:/home/lukevizzini/arm_new_v2/arm_code/install/arm_bringup:/home/lukevizzini/arm_new_v2/arm_code/install/arm_description:/home/lukevizzini/arm_new_v2/arm_code/install/arm_config:/home/lukevizzini/arm_v3/arm_code/install/arm_launch:/home/lukevizzini/arm_v3/arm_code/install/arm_bringup:/home/lukevizzini/arm_v3/arm_code/install/arm_description:/home/lukevizzini/arm_v3/arm_code/install/arm_config:/opt/ros/humble CMAKE_PREFIX_PATH=/home/lukevizzini/arm_v3/arm_code/install/arm_bringup:/home/lukevizzini/arm_v3/arm_code/install/arm_description:/home/lukevizzini/arm_v3/arm_code/install/arm_config:/home/lukevizzini/arm_new_v2/arm_code/install/arm_launch:/home/lukevizzini/arm_new_v2/arm_code/install/arm_bringup:/home/lukevizzini/arm_new_v2/arm_code/install/arm_description:/home/lukevizzini/arm_new_v2/arm_code/install/arm_config:/home/lukevizzini/arm_v3/arm_code/install/arm_launch:/home/lukevizzini/arm_new_v2/arm_code/install/arm_teleop:/home/lukevizzini/arm_new_v2/arm_code/install/arm_pwm_bridge:/home/lukevizzini/arm_v3/arm_code/install/arm_teleop:/home/lukevizzini/arm_v3/arm_code/install/arm_pwm_bridge:/opt/ros/humble PYTHONPATH=/home/lukevizzini/arm_v3/arm_code/build/arm_teleop:/home/lukevizzini/arm_v3/arm_code/install/arm_teleop/lib/python3.10/site-packages:/home/lukevizzini/arm_v3/arm_code/build/arm_pwm_bridge:/home/lukevizzini/arm_v3/arm_code/install/arm_pwm_bridge/lib/python3.10/site-packages:/home/lukevizzini/arm_new_v2/arm_code/build/arm_teleop:/home/lukevizzini/arm_new_v2/arm_code/install/arm_teleop/lib/python3.10/site-packages:/home/lukevizzini/arm_new_v2/arm_code/build/arm_pwm_bridge:/home/lukevizzini/arm_new_v2/arm_code/install/arm_pwm_bridge/lib/python3.10/site-packages:/opt/ros/humble/lib/python3.10/site-packages:/opt/ros/humble/local/lib/python3.10/dist-packages /usr/bin/cmake --install /home/lukevizzini/arm_v3/arm_code/build/arm_launch
[2.504s] Level 1:colcon.colcon_core.environment:create_environment_scripts_only(arm_launch)
[2.504s] DEBUG:colcon.colcon_core.event_handler.log_command:Invoked command in '/home/lukevizzini/arm_v3/arm_code/build/arm_launch' returned '0': AMENT_PREFIX_PATH=/home/lukevizzini/arm_v3/arm_code/install/arm_teleop:/home/lukevizzini/arm_v3/arm_code/install/arm_pwm_bridge:/home/lukevizzini/arm_new_v2/arm_code/install/arm_launch:/home/lukevizzini/arm_new_v2/arm_code/install/arm_teleop:/home/lukevizzini/arm_new_v2/arm_code/install/arm_pwm_bridge:/home/lukevizzini/arm_new_v2/arm_code/install/arm_bringup:/home/lukevizzini/arm_new_v2/arm_code/install/arm_description:/home/lukevizzini/arm_new_v2/arm_code/install/arm_config:/home/lukevizzini/arm_v3/arm_code/install/arm_launch:/home/lukevizzini/arm_v3/arm_code/install/arm_bringup:/home/lukevizzini/arm_v3/arm_code/install/arm_description:/home/lukevizzini/arm_v3/arm_code/install/arm_config:/opt/ros/humble CMAKE_PREFIX_PATH=/home/lukevizzini/arm_v3/arm_code/install/arm_bringup:/home/lukevizzini/arm_v3/arm_code/install/arm_description:/home/lukevizzini/arm_v3/arm_code/install/arm_config:/home/lukevizzini/arm_new_v2/arm_code/install/arm_launch:/home/lukevizzini/arm_new_v2/arm_code/install/arm_bringup:/home/lukevizzini/arm_new_v2/arm_code/install/arm_description:/home/lukevizzini/arm_new_v2/arm_code/install/arm_config:/home/lukevizzini/arm_v3/arm_code/install/arm_launch:/home/lukevizzini/arm_new_v2/arm_code/install/arm_teleop:/home/lukevizzini/arm_new_v2/arm_code/install/arm_pwm_bridge:/home/lukevizzini/arm_v3/arm_code/install/arm_teleop:/home/lukevizzini/arm_v3/arm_code/install/arm_pwm_bridge:/opt/ros/humble PYTHONPATH=/home/lukevizzini/arm_v3/arm_code/build/arm_teleop:/home/lukevizzini/arm_v3/arm_code/install/arm_teleop/lib/python3.10/site-packages:/home/lukevizzini/arm_v3/arm_code/build/arm_pwm_bridge:/home/lukevizzini/arm_v3/arm_code/install/arm_pwm_bridge/lib/python3.10/site-packages:/home/lukevizzini/arm_new_v2/arm_code/build/arm_teleop:/home/lukevizzini/arm_new_v2/arm_code/install/arm_teleop/lib/python3.10/site-packages:/home/lukevizzini/arm_new_v2/arm_code/build/arm_pwm_bridge:/home/lukevizzini/arm_new_v2/arm_code/install/arm_pwm_bridge/lib/python3.10/site-packages:/opt/ros/humble/lib/python3.10/site-packages:/opt/ros/humble/local/lib/python3.10/dist-packages /usr/bin/cmake --install /home/lukevizzini/arm_v3/arm_code/build/arm_launch
[2.505s] Level 1:colcon.colcon_core.environment:checking '/home/lukevizzini/arm_v3/arm_code/install/arm_launch' for CMake module files
[2.505s] Level 1:colcon.colcon_core.environment:checking '/home/lukevizzini/arm_v3/arm_code/install/arm_launch' for CMake config files
[2.505s] Level 1:colcon.colcon_core.shell:create_environment_hook('arm_launch', 'cmake_prefix_path')
[2.506s] INFO:colcon.colcon_core.shell:Creating environment hook '/home/lukevizzini/arm_v3/arm_code/install/arm_launch/share/arm_launch/hook/cmake_prefix_path.ps1'
[2.506s] INFO:colcon.colcon_core.shell:Creating environment descriptor '/home/lukevizzini/arm_v3/arm_code/install/arm_launch/share/arm_launch/hook/cmake_prefix_path.dsv'
[2.507s] INFO:colcon.colcon_core.shell:Creating environment hook '/home/lukevizzini/arm_v3/arm_code/install/arm_launch/share/arm_launch/hook/cmake_prefix_path.sh'
[2.507s] Level 1:colcon.colcon_core.environment:checking '/home/lukevizzini/arm_v3/arm_code/install/arm_launch/bin'
[2.507s] Level 1:colcon.colcon_core.environment:checking '/home/lukevizzini/arm_v3/arm_code/install/arm_launch/lib/pkgconfig/arm_launch.pc'
[2.508s] Level 1:colcon.colcon_core.environment:checking '/home/lukevizzini/arm_v3/arm_code/install/arm_launch/lib/python3.10/site-packages'
[2.508s] Level 1:colcon.colcon_core.environment:checking '/home/lukevizzini/arm_v3/arm_code/install/arm_launch/bin'
[2.508s] INFO:colcon.colcon_core.shell:Creating package script '/home/lukevizzini/arm_v3/arm_code/install/arm_launch/share/arm_launch/package.ps1'
[2.509s] INFO:colcon.colcon_core.shell:Creating package descriptor '/home/lukevizzini/arm_v3/arm_code/install/arm_launch/share/arm_launch/package.dsv'
[2.509s] INFO:colcon.colcon_core.shell:Creating package script '/home/lukevizzini/arm_v3/arm_code/install/arm_launch/share/arm_launch/package.sh'
[2.509s] INFO:colcon.colcon_core.shell:Creating package script '/home/lukevizzini/arm_v3/arm_code/install/arm_launch/share/arm_launch/package.bash'
[2.510s] INFO:colcon.colcon_core.shell:Creating package script '/home/lukevizzini/arm_v3/arm_code/install/arm_launch/share/arm_launch/package.zsh'
[2.510s] Level 1:colcon.colcon_core.environment:create_file_with_runtime_dependencies(/home/lukevizzini/arm_v3/arm_code/install/arm_launch/share/colcon-core/packages/arm_launch)
[2.511s] Level 1:colcon.colcon_core.environment:create_environment_scripts_only(arm_launch)
[2.511s] Level 1:colcon.colcon_core.environment:checking '/home/lukevizzini/arm_v3/arm_code/install/arm_launch' for CMake module files
[2.511s] Level 1:colcon.colcon_core.environment:checking '/home/lukevizzini/arm_v3/arm_code/install/arm_launch' for CMake config files
[2.512s] Level 1:colcon.colcon_core.shell:create_environment_hook('arm_launch', 'cmake_prefix_path')
[2.512s] INFO:colcon.colcon_core.shell:Creating environment hook '/home/lukevizzini/arm_v3/arm_code/install/arm_launch/share/arm_launch/hook/cmake_prefix_path.ps1'
[2.512s] INFO:colcon.colcon_core.shell:Creating environment descriptor '/home/lukevizzini/arm_v3/arm_code/install/arm_launch/share/arm_launch/hook/cmake_prefix_path.dsv'
[2.513s] INFO:colcon.colcon_core.shell:Creating environment hook '/home/lukevizzini/arm_v3/arm_code/install/arm_launch/share/arm_launch/hook/cmake_prefix_path.sh'
[2.513s] Level 1:colcon.colcon_core.environment:checking '/home/lukevizzini/arm_v3/arm_code/install/arm_launch/bin'
[2.513s] Level 1:colcon.colcon_core.environment:checking '/home/lukevizzini/arm_v3/arm_code/install/arm_launch/lib/pkgconfig/arm_launch.pc'
[2.513s] Level 1:colcon.colcon_core.environment:checking '/home/lukevizzini/arm_v3/arm_code/install/arm_launch/lib/python3.10/site-packages'
[2.514s] Level 1:colcon.colcon_core.environment:checking '/home/lukevizzini/arm_v3/arm_code/install/arm_launch/bin'
[2.514s] INFO:colcon.colcon_core.shell:Creating package script '/home/lukevizzini/arm_v3/arm_code/install/arm_launch/share/arm_launch/package.ps1'
[2.514s] INFO:colcon.colcon_core.shell:Creating package descriptor '/home/lukevizzini/arm_v3/arm_code/install/arm_launch/share/arm_launch/package.dsv'
[2.515s] INFO:colcon.colcon_core.shell:Creating package script '/home/lukevizzini/arm_v3/arm_code/install/arm_launch/share/arm_launch/package.sh'
[2.515s] INFO:colcon.colcon_core.shell:Creating package script '/home/lukevizzini/arm_v3/arm_code/install/arm_launch/share/arm_launch/package.bash'
[2.516s] INFO:colcon.colcon_core.shell:Creating package script '/home/lukevizzini/arm_v3/arm_code/install/arm_launch/share/arm_launch/package.zsh'
[2.516s] Level 1:colcon.colcon_core.environment:create_file_with_runtime_dependencies(/home/lukevizzini/arm_v3/arm_code/install/arm_launch/share/colcon-core/packages/arm_launch)
[2.516s] DEBUG:colcon.colcon_parallel_executor.executor.parallel:closing loop
[2.517s] DEBUG:colcon.colcon_parallel_executor.executor.parallel:loop closed
[2.517s] DEBUG:colcon.colcon_parallel_executor.executor.parallel:run_until_complete finished with '0'
[2.518s] DEBUG:colcon.colcon_core.event_reactor:joining thread
[2.562s] INFO:colcon.colcon_core.plugin_system:Skipping extension 'colcon_notification.desktop_notification.notify_send': Could not find 'notify-send'
[2.563s] INFO:colcon.colcon_core.plugin_system:Skipping extension 'colcon_notification.desktop_notification.terminal_notifier': Not used on non-Darwin systems
[2.563s] INFO:colcon.colcon_core.plugin_system:Skipping extension 'colcon_notification.desktop_notification.win32': Not used on non-Windows systems
[2.563s] INFO:colcon.colcon_notification.desktop_notification:Sending desktop notification using 'notify2'
[2.564s] DEBUG:colcon.colcon_notification.desktop_notification.notify2:Failed to initialize notify2: org.freedesktop.DBus.Error.ServiceUnknown: The name org.freedesktop.Notifications was not provided by any .service files
[2.564s] DEBUG:colcon.colcon_core.event_reactor:joined thread
[2.565s] INFO:colcon.colcon_core.shell:Creating prefix script '/home/lukevizzini/arm_v3/arm_code/install/local_setup.ps1'
[2.565s] INFO:colcon.colcon_core.shell:Creating prefix util module '/home/lukevizzini/arm_v3/arm_code/install/_local_setup_util_ps1.py'
[2.567s] INFO:colcon.colcon_core.shell:Creating prefix chain script '/home/lukevizzini/arm_v3/arm_code/install/setup.ps1'
[2.568s] INFO:colcon.colcon_core.shell:Creating prefix script '/home/lukevizzini/arm_v3/arm_code/install/local_setup.sh'
[2.568s] INFO:colcon.colcon_core.shell:Creating prefix util module '/home/lukevizzini/arm_v3/arm_code/install/_local_setup_util_sh.py'
[2.569s] INFO:colcon.colcon_core.shell:Creating prefix chain script '/home/lukevizzini/arm_v3/arm_code/install/setup.sh'
[2.570s] INFO:colcon.colcon_core.shell:Creating prefix script '/home/lukevizzini/arm_v3/arm_code/install/local_setup.bash'
[2.570s] INFO:colcon.colcon_core.shell:Creating prefix chain script '/home/lukevizzini/arm_v3/arm_code/install/setup.bash'
[2.571s] INFO:colcon.colcon_core.shell:Creating prefix script '/home/lukevizzini/arm_v3/arm_code/install/local_setup.zsh'
[2.572s] INFO:colcon.colcon_core.shell:Creating prefix chain script '/home/lukevizzini/arm_v3/arm_code/install/setup.zsh'
