[0.890s] DEBUG:colcon:Command line arguments: ['/usr/bin/colcon', 'build', '--symlink-install']
[0.890s] DEBUG:colcon:Parsed command line arguments: Namespace(log_base=None, log_level=None, verb_name='build', build_base='build', install_base='install', merge_install=False, symlink_install=True, test_result_base=None, continue_on_error=False, executor='parallel', parallel_workers=8, event_handlers=None, ignore_user_meta=False, metas=['./colcon.meta'], base_paths=['.'], packages_ignore=None, packages_ignore_regex=None, paths=None, packages_up_to=None, packages_up_to_regex=None, packages_above=None, packages_above_and_dependencies=None, packages_above_depth=None, packages_select_by_dep=None, packages_skip_by_dep=None, packages_skip_up_to=None, packages_select_build_failed=False, packages_skip_build_finished=False, packages_select_test_failures=False, packages_skip_test_passed=False, packages_select=None, packages_skip=None, packages_select_regex=None, packages_skip_regex=None, packages_start=None, packages_end=None, allow_overriding=[], cmake_args=None, cmake_target=None, cmake_target_skip_unavailable=False, cmake_clean_cache=False, cmake_clean_first=False, cmake_force_configure=False, ament_cmake_args=None, catkin_cmake_args=None, catkin_skip_building_tests=False, verb_parser=<colcon_defaults.argument_parser.defaults.DefaultArgumentsDecorator object at 0x73c50d966020>, verb_extension=<colcon_core.verb.build.BuildVerb object at 0x73c50d965bd0>, main=<bound method BuildVerb.main of <colcon_core.verb.build.BuildVerb object at 0x73c50d965bd0>>)
[1.915s] Level 1:colcon.colcon_core.package_discovery:discover_packages(colcon_meta) check parameters
[1.916s] Level 1:colcon.colcon_core.package_discovery:discover_packages(recursive) check parameters
[1.917s] Level 1:colcon.colcon_core.package_discovery:discover_packages(ignore) check parameters
[1.917s] Level 1:colcon.colcon_core.package_discovery:discover_packages(path) check parameters
[1.917s] Level 1:colcon.colcon_core.package_discovery:discover_packages(colcon_meta) discover
[1.917s] Level 1:colcon.colcon_core.package_discovery:discover_packages(recursive) discover
[1.917s] INFO:colcon.colcon_core.package_discovery:Crawling recursively for packages in '/home/lukevizzini/arm_v3/arm_code'
[1.918s] Level 1:colcon.colcon_core.package_identification:_identify(.) by extensions ['ignore', 'ignore_ament_install']
[1.918s] Level 1:colcon.colcon_core.package_identification:_identify(.) by extension 'ignore'
[1.918s] Level 1:colcon.colcon_core.package_identification:_identify(.) by extension 'ignore_ament_install'
[1.918s] Level 1:colcon.colcon_core.package_identification:_identify(.) by extensions ['colcon_pkg']
[1.918s] Level 1:colcon.colcon_core.package_identification:_identify(.) by extension 'colcon_pkg'
[1.918s] Level 1:colcon.colcon_core.package_identification:_identify(.) by extensions ['colcon_meta']
[1.918s] Level 1:colcon.colcon_core.package_identification:_identify(.) by extension 'colcon_meta'
[1.918s] Level 1:colcon.colcon_core.package_identification:_identify(.) by extensions ['ros']
[1.918s] Level 1:colcon.colcon_core.package_identification:_identify(.) by extension 'ros'
[1.950s] Level 1:colcon.colcon_core.package_identification:_identify(.) by extensions ['cmake', 'python']
[1.951s] Level 1:colcon.colcon_core.package_identification:_identify(.) by extension 'cmake'
[1.951s] Level 1:colcon.colcon_core.package_identification:_identify(.) by extension 'python'
[1.952s] Level 1:colcon.colcon_core.package_identification:_identify(.) by extensions ['python_setup_py']
[1.952s] Level 1:colcon.colcon_core.package_identification:_identify(.) by extension 'python_setup_py'
[1.952s] Level 1:colcon.colcon_core.package_identification:_identify(build) by extensions ['ignore', 'ignore_ament_install']
[1.952s] Level 1:colcon.colcon_core.package_identification:_identify(build) by extension 'ignore'
[1.952s] Level 1:colcon.colcon_core.package_identification:_identify(build) ignored
[1.953s] Level 1:colcon.colcon_core.package_identification:_identify(install) by extensions ['ignore', 'ignore_ament_install']
[1.953s] Level 1:colcon.colcon_core.package_identification:_identify(install) by extension 'ignore'
[1.953s] Level 1:colcon.colcon_core.package_identification:_identify(install) ignored
[1.954s] Level 1:colcon.colcon_core.package_identification:_identify(log) by extensions ['ignore', 'ignore_ament_install']
[1.954s] Level 1:colcon.colcon_core.package_identification:_identify(log) by extension 'ignore'
[1.954s] Level 1:colcon.colcon_core.package_identification:_identify(log) ignored
[1.954s] Level 1:colcon.colcon_core.package_identification:_identify(src) by extensions ['ignore', 'ignore_ament_install']
[1.954s] Level 1:colcon.colcon_core.package_identification:_identify(src) by extension 'ignore'
[1.954s] Level 1:colcon.colcon_core.package_identification:_identify(src) by extension 'ignore_ament_install'
[1.955s] Level 1:colcon.colcon_core.package_identification:_identify(src) by extensions ['colcon_pkg']
[1.955s] Level 1:colcon.colcon_core.package_identification:_identify(src) by extension 'colcon_pkg'
[1.955s] Level 1:colcon.colcon_core.package_identification:_identify(src) by extensions ['colcon_meta']
[1.955s] Level 1:colcon.colcon_core.package_identification:_identify(src) by extension 'colcon_meta'
[1.955s] Level 1:colcon.colcon_core.package_identification:_identify(src) by extensions ['ros']
[1.955s] Level 1:colcon.colcon_core.package_identification:_identify(src) by extension 'ros'
[1.955s] Level 1:colcon.colcon_core.package_identification:_identify(src) by extensions ['cmake', 'python']
[1.955s] Level 1:colcon.colcon_core.package_identification:_identify(src) by extension 'cmake'
[1.955s] Level 1:colcon.colcon_core.package_identification:_identify(src) by extension 'python'
[1.955s] Level 1:colcon.colcon_core.package_identification:_identify(src) by extensions ['python_setup_py']
[1.955s] Level 1:colcon.colcon_core.package_identification:_identify(src) by extension 'python_setup_py'
[1.956s] Level 1:colcon.colcon_core.package_identification:_identify(src/bringup) by extensions ['ignore', 'ignore_ament_install']
[1.956s] Level 1:colcon.colcon_core.package_identification:_identify(src/bringup) by extension 'ignore'
[1.956s] Level 1:colcon.colcon_core.package_identification:_identify(src/bringup) by extension 'ignore_ament_install'
[1.956s] Level 1:colcon.colcon_core.package_identification:_identify(src/bringup) by extensions ['colcon_pkg']
[1.956s] Level 1:colcon.colcon_core.package_identification:_identify(src/bringup) by extension 'colcon_pkg'
[1.956s] Level 1:colcon.colcon_core.package_identification:_identify(src/bringup) by extensions ['colcon_meta']
[1.956s] Level 1:colcon.colcon_core.package_identification:_identify(src/bringup) by extension 'colcon_meta'
[1.957s] Level 1:colcon.colcon_core.package_identification:_identify(src/bringup) by extensions ['ros']
[1.957s] Level 1:colcon.colcon_core.package_identification:_identify(src/bringup) by extension 'ros'
[1.965s] DEBUG:colcon.colcon_core.package_identification:Package 'src/bringup' with type 'ros.ament_cmake' and name 'arm_bringup'
[1.965s] Level 1:colcon.colcon_core.package_identification:_identify(src/config) by extensions ['ignore', 'ignore_ament_install']
[1.966s] Level 1:colcon.colcon_core.package_identification:_identify(src/config) by extension 'ignore'
[1.966s] Level 1:colcon.colcon_core.package_identification:_identify(src/config) by extension 'ignore_ament_install'
[1.966s] Level 1:colcon.colcon_core.package_identification:_identify(src/config) by extensions ['colcon_pkg']
[1.966s] Level 1:colcon.colcon_core.package_identification:_identify(src/config) by extension 'colcon_pkg'
[1.966s] Level 1:colcon.colcon_core.package_identification:_identify(src/config) by extensions ['colcon_meta']
[1.966s] Level 1:colcon.colcon_core.package_identification:_identify(src/config) by extension 'colcon_meta'
[1.966s] Level 1:colcon.colcon_core.package_identification:_identify(src/config) by extensions ['ros']
[1.966s] Level 1:colcon.colcon_core.package_identification:_identify(src/config) by extension 'ros'
[1.969s] DEBUG:colcon.colcon_core.package_identification:Package 'src/config' with type 'ros.ament_cmake' and name 'arm_config'
[1.969s] Level 1:colcon.colcon_core.package_identification:_identify(src/description) by extensions ['ignore', 'ignore_ament_install']
[1.969s] Level 1:colcon.colcon_core.package_identification:_identify(src/description) by extension 'ignore'
[1.969s] Level 1:colcon.colcon_core.package_identification:_identify(src/description) by extension 'ignore_ament_install'
[1.969s] Level 1:colcon.colcon_core.package_identification:_identify(src/description) by extensions ['colcon_pkg']
[1.969s] Level 1:colcon.colcon_core.package_identification:_identify(src/description) by extension 'colcon_pkg'
[1.970s] Level 1:colcon.colcon_core.package_identification:_identify(src/description) by extensions ['colcon_meta']
[1.970s] Level 1:colcon.colcon_core.package_identification:_identify(src/description) by extension 'colcon_meta'
[1.970s] Level 1:colcon.colcon_core.package_identification:_identify(src/description) by extensions ['ros']
[1.970s] Level 1:colcon.colcon_core.package_identification:_identify(src/description) by extension 'ros'
[1.972s] DEBUG:colcon.colcon_core.package_identification:Package 'src/description' with type 'ros.ament_cmake' and name 'arm_description'
[1.972s] Level 1:colcon.colcon_core.package_identification:_identify(src/launch) by extensions ['ignore', 'ignore_ament_install']
[1.972s] Level 1:colcon.colcon_core.package_identification:_identify(src/launch) by extension 'ignore'
[1.972s] Level 1:colcon.colcon_core.package_identification:_identify(src/launch) by extension 'ignore_ament_install'
[1.973s] Level 1:colcon.colcon_core.package_identification:_identify(src/launch) by extensions ['colcon_pkg']
[1.973s] Level 1:colcon.colcon_core.package_identification:_identify(src/launch) by extension 'colcon_pkg'
[1.973s] Level 1:colcon.colcon_core.package_identification:_identify(src/launch) by extensions ['colcon_meta']
[1.973s] Level 1:colcon.colcon_core.package_identification:_identify(src/launch) by extension 'colcon_meta'
[1.973s] Level 1:colcon.colcon_core.package_identification:_identify(src/launch) by extensions ['ros']
[1.973s] Level 1:colcon.colcon_core.package_identification:_identify(src/launch) by extension 'ros'
[1.975s] DEBUG:colcon.colcon_core.package_identification:Package 'src/launch' with type 'ros.ament_cmake' and name 'arm_launch'
[1.976s] Level 1:colcon.colcon_core.package_identification:_identify(src/pwm_bridge) by extensions ['ignore', 'ignore_ament_install']
[1.976s] Level 1:colcon.colcon_core.package_identification:_identify(src/pwm_bridge) by extension 'ignore'
[1.976s] Level 1:colcon.colcon_core.package_identification:_identify(src/pwm_bridge) by extension 'ignore_ament_install'
[1.976s] Level 1:colcon.colcon_core.package_identification:_identify(src/pwm_bridge) by extensions ['colcon_pkg']
[1.976s] Level 1:colcon.colcon_core.package_identification:_identify(src/pwm_bridge) by extension 'colcon_pkg'
[1.977s] Level 1:colcon.colcon_core.package_identification:_identify(src/pwm_bridge) by extensions ['colcon_meta']
[1.977s] Level 1:colcon.colcon_core.package_identification:_identify(src/pwm_bridge) by extension 'colcon_meta'
[1.977s] Level 1:colcon.colcon_core.package_identification:_identify(src/pwm_bridge) by extensions ['ros']
[1.977s] Level 1:colcon.colcon_core.package_identification:_identify(src/pwm_bridge) by extension 'ros'
[1.979s] DEBUG:colcon.colcon_core.package_identification:Package 'src/pwm_bridge' with type 'ros.ament_python' and name 'arm_pwm_bridge'
[1.979s] Level 1:colcon.colcon_core.package_identification:_identify(src/teleop) by extensions ['ignore', 'ignore_ament_install']
[1.979s] Level 1:colcon.colcon_core.package_identification:_identify(src/teleop) by extension 'ignore'
[1.980s] Level 1:colcon.colcon_core.package_identification:_identify(src/teleop) by extension 'ignore_ament_install'
[1.980s] Level 1:colcon.colcon_core.package_identification:_identify(src/teleop) by extensions ['colcon_pkg']
[1.980s] Level 1:colcon.colcon_core.package_identification:_identify(src/teleop) by extension 'colcon_pkg'
[1.980s] Level 1:colcon.colcon_core.package_identification:_identify(src/teleop) by extensions ['colcon_meta']
[1.980s] Level 1:colcon.colcon_core.package_identification:_identify(src/teleop) by extension 'colcon_meta'
[1.980s] Level 1:colcon.colcon_core.package_identification:_identify(src/teleop) by extensions ['ros']
[1.980s] Level 1:colcon.colcon_core.package_identification:_identify(src/teleop) by extension 'ros'
[1.982s] DEBUG:colcon.colcon_core.package_identification:Package 'src/teleop' with type 'ros.ament_python' and name 'arm_teleop'
[1.983s] Level 1:colcon.colcon_core.package_discovery:discover_packages(recursive) using defaults
[1.983s] Level 1:colcon.colcon_core.package_discovery:discover_packages(ignore) discover
[1.983s] Level 1:colcon.colcon_core.package_discovery:discover_packages(ignore) using defaults
[1.983s] Level 1:colcon.colcon_core.package_discovery:discover_packages(path) discover
[1.983s] Level 1:colcon.colcon_core.package_discovery:discover_packages(path) using defaults
[2.070s] Level 1:colcon.colcon_core.package_discovery:discover_packages(prefix_path) check parameters
[2.070s] Level 1:colcon.colcon_core.package_discovery:discover_packages(prefix_path) discover
[2.080s] DEBUG:colcon.colcon_installed_package_information.package_discovery:Found 6 installed packages in /home/lukevizzini/arm_v3/arm_code/install
[2.081s] DEBUG:colcon.colcon_installed_package_information.package_discovery:Found 6 installed packages in /home/lukevizzini/arm_new_v2/arm_code/install
[2.084s] DEBUG:colcon.colcon_installed_package_information.package_discovery:Found 421 installed packages in /opt/ros/humble
[2.086s] Level 1:colcon.colcon_core.package_discovery:discover_packages(prefix_path) using defaults
[2.176s] Level 5:colcon.colcon_core.verb:set package 'arm_config' build argument 'cmake_args' from command line to 'None'
[2.176s] Level 5:colcon.colcon_core.verb:set package 'arm_config' build argument 'cmake_target' from command line to 'None'
[2.176s] Level 5:colcon.colcon_core.verb:set package 'arm_config' build argument 'cmake_target_skip_unavailable' from command line to 'False'
[2.176s] Level 5:colcon.colcon_core.verb:set package 'arm_config' build argument 'cmake_clean_cache' from command line to 'False'
[2.176s] Level 5:colcon.colcon_core.verb:set package 'arm_config' build argument 'cmake_clean_first' from command line to 'False'
[2.177s] Level 5:colcon.colcon_core.verb:set package 'arm_config' build argument 'cmake_force_configure' from command line to 'False'
[2.177s] Level 5:colcon.colcon_core.verb:set package 'arm_config' build argument 'ament_cmake_args' from command line to 'None'
[2.177s] Level 5:colcon.colcon_core.verb:set package 'arm_config' build argument 'catkin_cmake_args' from command line to 'None'
[2.177s] Level 5:colcon.colcon_core.verb:set package 'arm_config' build argument 'catkin_skip_building_tests' from command line to 'False'
[2.177s] DEBUG:colcon.colcon_core.verb:Building package 'arm_config' with the following arguments: {'ament_cmake_args': None, 'build_base': '/home/lukevizzini/arm_v3/arm_code/build/arm_config', 'catkin_cmake_args': None, 'catkin_skip_building_tests': False, 'cmake_args': None, 'cmake_clean_cache': False, 'cmake_clean_first': False, 'cmake_force_configure': False, 'cmake_target': None, 'cmake_target_skip_unavailable': False, 'install_base': '/home/lukevizzini/arm_v3/arm_code/install/arm_config', 'merge_install': False, 'path': '/home/lukevizzini/arm_v3/arm_code/src/config', 'symlink_install': True, 'test_result_base': None}
[2.177s] Level 5:colcon.colcon_core.verb:set package 'arm_pwm_bridge' build argument 'cmake_args' from command line to 'None'
[2.177s] Level 5:colcon.colcon_core.verb:set package 'arm_pwm_bridge' build argument 'cmake_target' from command line to 'None'
[2.177s] Level 5:colcon.colcon_core.verb:set package 'arm_pwm_bridge' build argument 'cmake_target_skip_unavailable' from command line to 'False'
[2.177s] Level 5:colcon.colcon_core.verb:set package 'arm_pwm_bridge' build argument 'cmake_clean_cache' from command line to 'False'
[2.177s] Level 5:colcon.colcon_core.verb:set package 'arm_pwm_bridge' build argument 'cmake_clean_first' from command line to 'False'
[2.178s] Level 5:colcon.colcon_core.verb:set package 'arm_pwm_bridge' build argument 'cmake_force_configure' from command line to 'False'
[2.178s] Level 5:colcon.colcon_core.verb:set package 'arm_pwm_bridge' build argument 'ament_cmake_args' from command line to 'None'
[2.178s] Level 5:colcon.colcon_core.verb:set package 'arm_pwm_bridge' build argument 'catkin_cmake_args' from command line to 'None'
[2.178s] Level 5:colcon.colcon_core.verb:set package 'arm_pwm_bridge' build argument 'catkin_skip_building_tests' from command line to 'False'
[2.178s] DEBUG:colcon.colcon_core.verb:Building package 'arm_pwm_bridge' with the following arguments: {'ament_cmake_args': None, 'build_base': '/home/lukevizzini/arm_v3/arm_code/build/arm_pwm_bridge', 'catkin_cmake_args': None, 'catkin_skip_building_tests': False, 'cmake_args': None, 'cmake_clean_cache': False, 'cmake_clean_first': False, 'cmake_force_configure': False, 'cmake_target': None, 'cmake_target_skip_unavailable': False, 'install_base': '/home/lukevizzini/arm_v3/arm_code/install/arm_pwm_bridge', 'merge_install': False, 'path': '/home/lukevizzini/arm_v3/arm_code/src/pwm_bridge', 'symlink_install': True, 'test_result_base': None}
[2.178s] Level 5:colcon.colcon_core.verb:set package 'arm_teleop' build argument 'cmake_args' from command line to 'None'
[2.178s] Level 5:colcon.colcon_core.verb:set package 'arm_teleop' build argument 'cmake_target' from command line to 'None'
[2.178s] Level 5:colcon.colcon_core.verb:set package 'arm_teleop' build argument 'cmake_target_skip_unavailable' from command line to 'False'
[2.179s] Level 5:colcon.colcon_core.verb:set package 'arm_teleop' build argument 'cmake_clean_cache' from command line to 'False'
[2.179s] Level 5:colcon.colcon_core.verb:set package 'arm_teleop' build argument 'cmake_clean_first' from command line to 'False'
[2.179s] Level 5:colcon.colcon_core.verb:set package 'arm_teleop' build argument 'cmake_force_configure' from command line to 'False'
[2.179s] Level 5:colcon.colcon_core.verb:set package 'arm_teleop' build argument 'ament_cmake_args' from command line to 'None'
[2.179s] Level 5:colcon.colcon_core.verb:set package 'arm_teleop' build argument 'catkin_cmake_args' from command line to 'None'
[2.179s] Level 5:colcon.colcon_core.verb:set package 'arm_teleop' build argument 'catkin_skip_building_tests' from command line to 'False'
[2.179s] DEBUG:colcon.colcon_core.verb:Building package 'arm_teleop' with the following arguments: {'ament_cmake_args': None, 'build_base': '/home/lukevizzini/arm_v3/arm_code/build/arm_teleop', 'catkin_cmake_args': None, 'catkin_skip_building_tests': False, 'cmake_args': None, 'cmake_clean_cache': False, 'cmake_clean_first': False, 'cmake_force_configure': False, 'cmake_target': None, 'cmake_target_skip_unavailable': False, 'install_base': '/home/lukevizzini/arm_v3/arm_code/install/arm_teleop', 'merge_install': False, 'path': '/home/lukevizzini/arm_v3/arm_code/src/teleop', 'symlink_install': True, 'test_result_base': None}
[2.179s] Level 5:colcon.colcon_core.verb:set package 'arm_description' build argument 'cmake_args' from command line to 'None'
[2.179s] Level 5:colcon.colcon_core.verb:set package 'arm_description' build argument 'cmake_target' from command line to 'None'
[2.180s] Level 5:colcon.colcon_core.verb:set package 'arm_description' build argument 'cmake_target_skip_unavailable' from command line to 'False'
[2.180s] Level 5:colcon.colcon_core.verb:set package 'arm_description' build argument 'cmake_clean_cache' from command line to 'False'
[2.180s] Level 5:colcon.colcon_core.verb:set package 'arm_description' build argument 'cmake_clean_first' from command line to 'False'
[2.180s] Level 5:colcon.colcon_core.verb:set package 'arm_description' build argument 'cmake_force_configure' from command line to 'False'
[2.180s] Level 5:colcon.colcon_core.verb:set package 'arm_description' build argument 'ament_cmake_args' from command line to 'None'
[2.180s] Level 5:colcon.colcon_core.verb:set package 'arm_description' build argument 'catkin_cmake_args' from command line to 'None'
[2.180s] Level 5:colcon.colcon_core.verb:set package 'arm_description' build argument 'catkin_skip_building_tests' from command line to 'False'
[2.180s] DEBUG:colcon.colcon_core.verb:Building package 'arm_description' with the following arguments: {'ament_cmake_args': None, 'build_base': '/home/lukevizzini/arm_v3/arm_code/build/arm_description', 'catkin_cmake_args': None, 'catkin_skip_building_tests': False, 'cmake_args': None, 'cmake_clean_cache': False, 'cmake_clean_first': False, 'cmake_force_configure': False, 'cmake_target': None, 'cmake_target_skip_unavailable': False, 'install_base': '/home/lukevizzini/arm_v3/arm_code/install/arm_description', 'merge_install': False, 'path': '/home/lukevizzini/arm_v3/arm_code/src/description', 'symlink_install': True, 'test_result_base': None}
[2.181s] Level 5:colcon.colcon_core.verb:set package 'arm_bringup' build argument 'cmake_args' from command line to 'None'
[2.181s] Level 5:colcon.colcon_core.verb:set package 'arm_bringup' build argument 'cmake_target' from command line to 'None'
[2.181s] Level 5:colcon.colcon_core.verb:set package 'arm_bringup' build argument 'cmake_target_skip_unavailable' from command line to 'False'
[2.181s] Level 5:colcon.colcon_core.verb:set package 'arm_bringup' build argument 'cmake_clean_cache' from command line to 'False'
[2.181s] Level 5:colcon.colcon_core.verb:set package 'arm_bringup' build argument 'cmake_clean_first' from command line to 'False'
[2.181s] Level 5:colcon.colcon_core.verb:set package 'arm_bringup' build argument 'cmake_force_configure' from command line to 'False'
[2.181s] Level 5:colcon.colcon_core.verb:set package 'arm_bringup' build argument 'ament_cmake_args' from command line to 'None'
[2.181s] Level 5:colcon.colcon_core.verb:set package 'arm_bringup' build argument 'catkin_cmake_args' from command line to 'None'
[2.181s] Level 5:colcon.colcon_core.verb:set package 'arm_bringup' build argument 'catkin_skip_building_tests' from command line to 'False'
[2.181s] DEBUG:colcon.colcon_core.verb:Building package 'arm_bringup' with the following arguments: {'ament_cmake_args': None, 'build_base': '/home/lukevizzini/arm_v3/arm_code/build/arm_bringup', 'catkin_cmake_args': None, 'catkin_skip_building_tests': False, 'cmake_args': None, 'cmake_clean_cache': False, 'cmake_clean_first': False, 'cmake_force_configure': False, 'cmake_target': None, 'cmake_target_skip_unavailable': False, 'install_base': '/home/lukevizzini/arm_v3/arm_code/install/arm_bringup', 'merge_install': False, 'path': '/home/lukevizzini/arm_v3/arm_code/src/bringup', 'symlink_install': True, 'test_result_base': None}
[2.182s] Level 5:colcon.colcon_core.verb:set package 'arm_launch' build argument 'cmake_args' from command line to 'None'
[2.183s] Level 5:colcon.colcon_core.verb:set package 'arm_launch' build argument 'cmake_target' from command line to 'None'
[2.183s] Level 5:colcon.colcon_core.verb:set package 'arm_launch' build argument 'cmake_target_skip_unavailable' from command line to 'False'
[2.183s] Level 5:colcon.colcon_core.verb:set package 'arm_launch' build argument 'cmake_clean_cache' from command line to 'False'
[2.183s] Level 5:colcon.colcon_core.verb:set package 'arm_launch' build argument 'cmake_clean_first' from command line to 'False'
[2.183s] Level 5:colcon.colcon_core.verb:set package 'arm_launch' build argument 'cmake_force_configure' from command line to 'False'
[2.183s] Level 5:colcon.colcon_core.verb:set package 'arm_launch' build argument 'ament_cmake_args' from command line to 'None'
[2.183s] Level 5:colcon.colcon_core.verb:set package 'arm_launch' build argument 'catkin_cmake_args' from command line to 'None'
[2.183s] Level 5:colcon.colcon_core.verb:set package 'arm_launch' build argument 'catkin_skip_building_tests' from command line to 'False'
[2.183s] DEBUG:colcon.colcon_core.verb:Building package 'arm_launch' with the following arguments: {'ament_cmake_args': None, 'build_base': '/home/lukevizzini/arm_v3/arm_code/build/arm_launch', 'catkin_cmake_args': None, 'catkin_skip_building_tests': False, 'cmake_args': None, 'cmake_clean_cache': False, 'cmake_clean_first': False, 'cmake_force_configure': False, 'cmake_target': None, 'cmake_target_skip_unavailable': False, 'install_base': '/home/lukevizzini/arm_v3/arm_code/install/arm_launch', 'merge_install': False, 'path': '/home/lukevizzini/arm_v3/arm_code/src/launch', 'symlink_install': True, 'test_result_base': None}
[2.184s] INFO:colcon.colcon_core.executor:Executing jobs using 'parallel' executor
[2.189s] DEBUG:colcon.colcon_parallel_executor.executor.parallel:run_until_complete
[2.190s] INFO:colcon.colcon_ros.task.ament_cmake.build:Building ROS package in '/home/lukevizzini/arm_v3/arm_code/src/config' with build type 'ament_cmake'
[2.190s] INFO:colcon.colcon_cmake.task.cmake.build:Building CMake package in '/home/lukevizzini/arm_v3/arm_code/src/config'
[2.208s] INFO:colcon.colcon_core.plugin_system:Skipping extension 'colcon_core.shell.bat': Not used on non-Windows systems
[2.208s] INFO:colcon.colcon_core.shell:Skip shell extension 'powershell' for command environment: Not usable outside of PowerShell
[2.208s] DEBUG:colcon.colcon_core.shell:Skip shell extension 'dsv' for command environment
[2.219s] INFO:colcon.colcon_ros.task.ament_python.build:Building ROS package in '/home/lukevizzini/arm_v3/arm_code/src/pwm_bridge' with build type 'ament_python'
[2.220s] Level 1:colcon.colcon_core.shell:create_environment_hook('arm_pwm_bridge', 'ament_prefix_path')
[2.220s] INFO:colcon.colcon_core.shell:Creating environment hook '/home/lukevizzini/arm_v3/arm_code/install/arm_pwm_bridge/share/arm_pwm_bridge/hook/ament_prefix_path.ps1'
[2.224s] INFO:colcon.colcon_core.shell:Creating environment descriptor '/home/lukevizzini/arm_v3/arm_code/install/arm_pwm_bridge/share/arm_pwm_bridge/hook/ament_prefix_path.dsv'
[2.226s] INFO:colcon.colcon_core.shell:Creating environment hook '/home/lukevizzini/arm_v3/arm_code/install/arm_pwm_bridge/share/arm_pwm_bridge/hook/ament_prefix_path.sh'
[2.228s] INFO:colcon.colcon_core.shell:Skip shell extension 'powershell' for command environment: Not usable outside of PowerShell
[2.228s] DEBUG:colcon.colcon_core.shell:Skip shell extension 'dsv' for command environment
[2.234s] INFO:colcon.colcon_ros.task.ament_python.build:Building ROS package in '/home/lukevizzini/arm_v3/arm_code/src/teleop' with build type 'ament_python'
[2.235s] Level 1:colcon.colcon_core.shell:create_environment_hook('arm_teleop', 'ament_prefix_path')
[2.236s] INFO:colcon.colcon_core.shell:Creating environment hook '/home/lukevizzini/arm_v3/arm_code/install/arm_teleop/share/arm_teleop/hook/ament_prefix_path.ps1'
[2.238s] INFO:colcon.colcon_core.shell:Creating environment descriptor '/home/lukevizzini/arm_v3/arm_code/install/arm_teleop/share/arm_teleop/hook/ament_prefix_path.dsv'
[2.239s] INFO:colcon.colcon_core.shell:Creating environment hook '/home/lukevizzini/arm_v3/arm_code/install/arm_teleop/share/arm_teleop/hook/ament_prefix_path.sh'
[2.240s] INFO:colcon.colcon_core.shell:Skip shell extension 'powershell' for command environment: Not usable outside of PowerShell
[2.240s] DEBUG:colcon.colcon_core.shell:Skip shell extension 'dsv' for command environment
[2.258s] DEBUG:colcon.colcon_core.event_handler.log_command:Invoking command in '/home/lukevizzini/arm_v3/arm_code/build/arm_config': CMAKE_PREFIX_PATH=${CMAKE_PREFIX_PATH}:/home/lukevizzini/arm_v3/arm_code/install/arm_teleop:/home/lukevizzini/arm_v3/arm_code/install/arm_pwm_bridge:/home/lukevizzini/arm_new_v2/arm_code/install/arm_teleop:/home/lukevizzini/arm_new_v2/arm_code/install/arm_pwm_bridge:/opt/ros/humble /usr/bin/cmake --build /home/lukevizzini/arm_v3/arm_code/build/arm_config -- -j8 -l8
[2.764s] INFO:colcon.colcon_core.task.python.build:Building Python package in '/home/lukevizzini/arm_v3/arm_code/src/pwm_bridge'
[2.765s] INFO:colcon.colcon_core.shell:Skip shell extension 'powershell' for command environment: Not usable outside of PowerShell
[2.766s] DEBUG:colcon.colcon_core.shell:Skip shell extension 'dsv' for command environment
[3.195s] INFO:colcon.colcon_core.task.python.build:Building Python package in '/home/lukevizzini/arm_v3/arm_code/src/teleop'
[3.196s] INFO:colcon.colcon_core.shell:Skip shell extension 'powershell' for command environment: Not usable outside of PowerShell
[3.196s] DEBUG:colcon.colcon_core.shell:Skip shell extension 'dsv' for command environment
[3.206s] DEBUG:colcon.colcon_core.event_handler.log_command:Invoked command in '/home/lukevizzini/arm_v3/arm_code/build/arm_config' returned '0': CMAKE_PREFIX_PATH=${CMAKE_PREFIX_PATH}:/home/lukevizzini/arm_v3/arm_code/install/arm_teleop:/home/lukevizzini/arm_v3/arm_code/install/arm_pwm_bridge:/home/lukevizzini/arm_new_v2/arm_code/install/arm_teleop:/home/lukevizzini/arm_new_v2/arm_code/install/arm_pwm_bridge:/opt/ros/humble /usr/bin/cmake --build /home/lukevizzini/arm_v3/arm_code/build/arm_config -- -j8 -l8
[3.230s] DEBUG:colcon.colcon_core.event_handler.log_command:Invoking command in '/home/lukevizzini/arm_v3/arm_code/build/arm_config': CMAKE_PREFIX_PATH=${CMAKE_PREFIX_PATH}:/home/lukevizzini/arm_v3/arm_code/install/arm_teleop:/home/lukevizzini/arm_v3/arm_code/install/arm_pwm_bridge:/home/lukevizzini/arm_new_v2/arm_code/install/arm_teleop:/home/lukevizzini/arm_new_v2/arm_code/install/arm_pwm_bridge:/opt/ros/humble /usr/bin/cmake --install /home/lukevizzini/arm_v3/arm_code/build/arm_config
[3.272s] Level 1:colcon.colcon_core.environment:create_environment_scripts_only(arm_config)
[3.274s] DEBUG:colcon.colcon_core.event_handler.log_command:Invoked command in '/home/lukevizzini/arm_v3/arm_code/build/arm_config' returned '0': CMAKE_PREFIX_PATH=${CMAKE_PREFIX_PATH}:/home/lukevizzini/arm_v3/arm_code/install/arm_teleop:/home/lukevizzini/arm_v3/arm_code/install/arm_pwm_bridge:/home/lukevizzini/arm_new_v2/arm_code/install/arm_teleop:/home/lukevizzini/arm_new_v2/arm_code/install/arm_pwm_bridge:/opt/ros/humble /usr/bin/cmake --install /home/lukevizzini/arm_v3/arm_code/build/arm_config
[3.291s] Level 1:colcon.colcon_core.environment:checking '/home/lukevizzini/arm_v3/arm_code/install/arm_config' for CMake module files
[3.292s] Level 1:colcon.colcon_core.environment:checking '/home/lukevizzini/arm_v3/arm_code/install/arm_config' for CMake config files
[3.293s] Level 1:colcon.colcon_core.shell:create_environment_hook('arm_config', 'cmake_prefix_path')
[3.293s] INFO:colcon.colcon_core.shell:Creating environment hook '/home/lukevizzini/arm_v3/arm_code/install/arm_config/share/arm_config/hook/cmake_prefix_path.ps1'
[3.294s] INFO:colcon.colcon_core.shell:Creating environment descriptor '/home/lukevizzini/arm_v3/arm_code/install/arm_config/share/arm_config/hook/cmake_prefix_path.dsv'
[3.295s] INFO:colcon.colcon_core.shell:Creating environment hook '/home/lukevizzini/arm_v3/arm_code/install/arm_config/share/arm_config/hook/cmake_prefix_path.sh'
[3.296s] Level 1:colcon.colcon_core.environment:checking '/home/lukevizzini/arm_v3/arm_code/install/arm_config/bin'
[3.297s] Level 1:colcon.colcon_core.environment:checking '/home/lukevizzini/arm_v3/arm_code/install/arm_config/lib/pkgconfig/arm_config.pc'
[3.297s] Level 1:colcon.colcon_core.environment:checking '/home/lukevizzini/arm_v3/arm_code/install/arm_config/lib/python3.10/site-packages'
[3.297s] Level 1:colcon.colcon_core.environment:checking '/home/lukevizzini/arm_v3/arm_code/install/arm_config/bin'
[3.298s] INFO:colcon.colcon_core.shell:Creating package script '/home/lukevizzini/arm_v3/arm_code/install/arm_config/share/arm_config/package.ps1'
[3.300s] INFO:colcon.colcon_core.shell:Creating package descriptor '/home/lukevizzini/arm_v3/arm_code/install/arm_config/share/arm_config/package.dsv'
[3.302s] INFO:colcon.colcon_core.shell:Creating package script '/home/lukevizzini/arm_v3/arm_code/install/arm_config/share/arm_config/package.sh'
[3.304s] INFO:colcon.colcon_core.shell:Creating package script '/home/lukevizzini/arm_v3/arm_code/install/arm_config/share/arm_config/package.bash'
[3.307s] INFO:colcon.colcon_core.shell:Creating package script '/home/lukevizzini/arm_v3/arm_code/install/arm_config/share/arm_config/package.zsh'
[3.310s] Level 1:colcon.colcon_core.environment:create_file_with_runtime_dependencies(/home/lukevizzini/arm_v3/arm_code/install/arm_config/share/colcon-core/packages/arm_config)
[3.311s] Level 1:colcon.colcon_core.environment:create_environment_scripts_only(arm_config)
[3.311s] Level 1:colcon.colcon_core.environment:checking '/home/lukevizzini/arm_v3/arm_code/install/arm_config' for CMake module files
[3.312s] Level 1:colcon.colcon_core.environment:checking '/home/lukevizzini/arm_v3/arm_code/install/arm_config' for CMake config files
[3.313s] Level 1:colcon.colcon_core.shell:create_environment_hook('arm_config', 'cmake_prefix_path')
[3.313s] INFO:colcon.colcon_core.shell:Creating environment hook '/home/lukevizzini/arm_v3/arm_code/install/arm_config/share/arm_config/hook/cmake_prefix_path.ps1'
[3.314s] INFO:colcon.colcon_core.shell:Creating environment descriptor '/home/lukevizzini/arm_v3/arm_code/install/arm_config/share/arm_config/hook/cmake_prefix_path.dsv'
[3.315s] INFO:colcon.colcon_core.shell:Creating environment hook '/home/lukevizzini/arm_v3/arm_code/install/arm_config/share/arm_config/hook/cmake_prefix_path.sh'
[3.316s] Level 1:colcon.colcon_core.environment:checking '/home/lukevizzini/arm_v3/arm_code/install/arm_config/bin'
[3.316s] Level 1:colcon.colcon_core.environment:checking '/home/lukevizzini/arm_v3/arm_code/install/arm_config/lib/pkgconfig/arm_config.pc'
[3.316s] Level 1:colcon.colcon_core.environment:checking '/home/lukevizzini/arm_v3/arm_code/install/arm_config/lib/python3.10/site-packages'
[3.317s] Level 1:colcon.colcon_core.environment:checking '/home/lukevizzini/arm_v3/arm_code/install/arm_config/bin'
[3.317s] INFO:colcon.colcon_core.shell:Creating package script '/home/lukevizzini/arm_v3/arm_code/install/arm_config/share/arm_config/package.ps1'
[3.318s] INFO:colcon.colcon_core.shell:Creating package descriptor '/home/lukevizzini/arm_v3/arm_code/install/arm_config/share/arm_config/package.dsv'
[3.318s] INFO:colcon.colcon_core.shell:Creating package script '/home/lukevizzini/arm_v3/arm_code/install/arm_config/share/arm_config/package.sh'
[3.319s] INFO:colcon.colcon_core.shell:Creating package script '/home/lukevizzini/arm_v3/arm_code/install/arm_config/share/arm_config/package.bash'
[3.320s] INFO:colcon.colcon_core.shell:Creating package script '/home/lukevizzini/arm_v3/arm_code/install/arm_config/share/arm_config/package.zsh'
[3.321s] Level 1:colcon.colcon_core.environment:create_file_with_runtime_dependencies(/home/lukevizzini/arm_v3/arm_code/install/arm_config/share/colcon-core/packages/arm_config)
[3.322s] INFO:colcon.colcon_ros.task.ament_cmake.build:Building ROS package in '/home/lukevizzini/arm_v3/arm_code/src/description' with build type 'ament_cmake'
[3.323s] INFO:colcon.colcon_cmake.task.cmake.build:Building CMake package in '/home/lukevizzini/arm_v3/arm_code/src/description'
[3.324s] INFO:colcon.colcon_core.shell:Skip shell extension 'powershell' for command environment: Not usable outside of PowerShell
[3.324s] DEBUG:colcon.colcon_core.shell:Skip shell extension 'dsv' for command environment
[3.486s] DEBUG:colcon.colcon_core.event_handler.log_command:Invoking command in '/home/lukevizzini/arm_v3/arm_code/build/arm_description': CMAKE_PREFIX_PATH=/home/lukevizzini/arm_v3/arm_code/install/arm_config:/home/lukevizzini/arm_v3/arm_code/install/arm_launch:/home/lukevizzini/arm_v3/arm_code/install/arm_bringup:/home/lukevizzini/arm_v3/arm_code/install/arm_description:/home/lukevizzini/arm_new_v2/arm_code/install/arm_launch:/home/lukevizzini/arm_new_v2/arm_code/install/arm_bringup:/home/lukevizzini/arm_new_v2/arm_code/install/arm_description:/home/lukevizzini/arm_new_v2/arm_code/install/arm_config:/home/lukevizzini/arm_v3/arm_code/install/arm_teleop:/home/lukevizzini/arm_v3/arm_code/install/arm_pwm_bridge:/home/lukevizzini/arm_new_v2/arm_code/install/arm_teleop:/home/lukevizzini/arm_new_v2/arm_code/install/arm_pwm_bridge:/opt/ros/humble /usr/bin/cmake --build /home/lukevizzini/arm_v3/arm_code/build/arm_description -- -j8 -l8
[3.558s] DEBUG:colcon.colcon_core.event_handler.log_command:Invoked command in '/home/lukevizzini/arm_v3/arm_code/build/arm_description' returned '0': CMAKE_PREFIX_PATH=/home/lukevizzini/arm_v3/arm_code/install/arm_config:/home/lukevizzini/arm_v3/arm_code/install/arm_launch:/home/lukevizzini/arm_v3/arm_code/install/arm_bringup:/home/lukevizzini/arm_v3/arm_code/install/arm_description:/home/lukevizzini/arm_new_v2/arm_code/install/arm_launch:/home/lukevizzini/arm_new_v2/arm_code/install/arm_bringup:/home/lukevizzini/arm_new_v2/arm_code/install/arm_description:/home/lukevizzini/arm_new_v2/arm_code/install/arm_config:/home/lukevizzini/arm_v3/arm_code/install/arm_teleop:/home/lukevizzini/arm_v3/arm_code/install/arm_pwm_bridge:/home/lukevizzini/arm_new_v2/arm_code/install/arm_teleop:/home/lukevizzini/arm_new_v2/arm_code/install/arm_pwm_bridge:/opt/ros/humble /usr/bin/cmake --build /home/lukevizzini/arm_v3/arm_code/build/arm_description -- -j8 -l8
[3.563s] DEBUG:colcon.colcon_core.event_handler.log_command:Invoking command in '/home/lukevizzini/arm_v3/arm_code/build/arm_description': CMAKE_PREFIX_PATH=/home/lukevizzini/arm_v3/arm_code/install/arm_config:/home/lukevizzini/arm_v3/arm_code/install/arm_launch:/home/lukevizzini/arm_v3/arm_code/install/arm_bringup:/home/lukevizzini/arm_v3/arm_code/install/arm_description:/home/lukevizzini/arm_new_v2/arm_code/install/arm_launch:/home/lukevizzini/arm_new_v2/arm_code/install/arm_bringup:/home/lukevizzini/arm_new_v2/arm_code/install/arm_description:/home/lukevizzini/arm_new_v2/arm_code/install/arm_config:/home/lukevizzini/arm_v3/arm_code/install/arm_teleop:/home/lukevizzini/arm_v3/arm_code/install/arm_pwm_bridge:/home/lukevizzini/arm_new_v2/arm_code/install/arm_teleop:/home/lukevizzini/arm_new_v2/arm_code/install/arm_pwm_bridge:/opt/ros/humble /usr/bin/cmake --install /home/lukevizzini/arm_v3/arm_code/build/arm_description
[3.601s] Level 1:colcon.colcon_core.environment:create_environment_scripts_only(arm_description)
[3.601s] Level 1:colcon.colcon_core.environment:checking '/home/lukevizzini/arm_v3/arm_code/install/arm_description' for CMake module files
[3.603s] DEBUG:colcon.colcon_core.event_handler.log_command:Invoked command in '/home/lukevizzini/arm_v3/arm_code/build/arm_description' returned '0': CMAKE_PREFIX_PATH=/home/lukevizzini/arm_v3/arm_code/install/arm_config:/home/lukevizzini/arm_v3/arm_code/install/arm_launch:/home/lukevizzini/arm_v3/arm_code/install/arm_bringup:/home/lukevizzini/arm_v3/arm_code/install/arm_description:/home/lukevizzini/arm_new_v2/arm_code/install/arm_launch:/home/lukevizzini/arm_new_v2/arm_code/install/arm_bringup:/home/lukevizzini/arm_new_v2/arm_code/install/arm_description:/home/lukevizzini/arm_new_v2/arm_code/install/arm_config:/home/lukevizzini/arm_v3/arm_code/install/arm_teleop:/home/lukevizzini/arm_v3/arm_code/install/arm_pwm_bridge:/home/lukevizzini/arm_new_v2/arm_code/install/arm_teleop:/home/lukevizzini/arm_new_v2/arm_code/install/arm_pwm_bridge:/opt/ros/humble /usr/bin/cmake --install /home/lukevizzini/arm_v3/arm_code/build/arm_description
[3.603s] Level 1:colcon.colcon_core.environment:checking '/home/lukevizzini/arm_v3/arm_code/install/arm_description' for CMake config files
[3.604s] Level 1:colcon.colcon_core.shell:create_environment_hook('arm_description', 'cmake_prefix_path')
[3.605s] INFO:colcon.colcon_core.shell:Creating environment hook '/home/lukevizzini/arm_v3/arm_code/install/arm_description/share/arm_description/hook/cmake_prefix_path.ps1'
[3.606s] INFO:colcon.colcon_core.shell:Creating environment descriptor '/home/lukevizzini/arm_v3/arm_code/install/arm_description/share/arm_description/hook/cmake_prefix_path.dsv'
[3.607s] INFO:colcon.colcon_core.shell:Creating environment hook '/home/lukevizzini/arm_v3/arm_code/install/arm_description/share/arm_description/hook/cmake_prefix_path.sh'
[3.608s] Level 1:colcon.colcon_core.environment:checking '/home/lukevizzini/arm_v3/arm_code/install/arm_description/bin'
[3.608s] Level 1:colcon.colcon_core.environment:checking '/home/lukevizzini/arm_v3/arm_code/install/arm_description/lib/pkgconfig/arm_description.pc'
[3.608s] Level 1:colcon.colcon_core.environment:checking '/home/lukevizzini/arm_v3/arm_code/install/arm_description/lib/python3.10/site-packages'
[3.609s] Level 1:colcon.colcon_core.environment:checking '/home/lukevizzini/arm_v3/arm_code/install/arm_description/bin'
[3.609s] INFO:colcon.colcon_core.shell:Creating package script '/home/lukevizzini/arm_v3/arm_code/install/arm_description/share/arm_description/package.ps1'
[3.610s] INFO:colcon.colcon_core.shell:Creating package descriptor '/home/lukevizzini/arm_v3/arm_code/install/arm_description/share/arm_description/package.dsv'
[3.611s] INFO:colcon.colcon_core.shell:Creating package script '/home/lukevizzini/arm_v3/arm_code/install/arm_description/share/arm_description/package.sh'
[3.611s] INFO:colcon.colcon_core.shell:Creating package script '/home/lukevizzini/arm_v3/arm_code/install/arm_description/share/arm_description/package.bash'
[3.612s] INFO:colcon.colcon_core.shell:Creating package script '/home/lukevizzini/arm_v3/arm_code/install/arm_description/share/arm_description/package.zsh'
[3.612s] Level 1:colcon.colcon_core.environment:create_file_with_runtime_dependencies(/home/lukevizzini/arm_v3/arm_code/install/arm_description/share/colcon-core/packages/arm_description)
[3.613s] Level 1:colcon.colcon_core.environment:create_environment_scripts_only(arm_description)
[3.614s] Level 1:colcon.colcon_core.environment:checking '/home/lukevizzini/arm_v3/arm_code/install/arm_description' for CMake module files
[3.614s] Level 1:colcon.colcon_core.environment:checking '/home/lukevizzini/arm_v3/arm_code/install/arm_description' for CMake config files
[3.615s] Level 1:colcon.colcon_core.shell:create_environment_hook('arm_description', 'cmake_prefix_path')
[3.615s] INFO:colcon.colcon_core.shell:Creating environment hook '/home/lukevizzini/arm_v3/arm_code/install/arm_description/share/arm_description/hook/cmake_prefix_path.ps1'
[3.616s] INFO:colcon.colcon_core.shell:Creating environment descriptor '/home/lukevizzini/arm_v3/arm_code/install/arm_description/share/arm_description/hook/cmake_prefix_path.dsv'
[3.616s] INFO:colcon.colcon_core.shell:Creating environment hook '/home/lukevizzini/arm_v3/arm_code/install/arm_description/share/arm_description/hook/cmake_prefix_path.sh'
[3.617s] Level 1:colcon.colcon_core.environment:checking '/home/lukevizzini/arm_v3/arm_code/install/arm_description/bin'
[3.617s] Level 1:colcon.colcon_core.environment:checking '/home/lukevizzini/arm_v3/arm_code/install/arm_description/lib/pkgconfig/arm_description.pc'
[3.617s] Level 1:colcon.colcon_core.environment:checking '/home/lukevizzini/arm_v3/arm_code/install/arm_description/lib/python3.10/site-packages'
[3.618s] Level 1:colcon.colcon_core.environment:checking '/home/lukevizzini/arm_v3/arm_code/install/arm_description/bin'
[3.618s] INFO:colcon.colcon_core.shell:Creating package script '/home/lukevizzini/arm_v3/arm_code/install/arm_description/share/arm_description/package.ps1'
[3.619s] INFO:colcon.colcon_core.shell:Creating package descriptor '/home/lukevizzini/arm_v3/arm_code/install/arm_description/share/arm_description/package.dsv'
[3.619s] INFO:colcon.colcon_core.shell:Creating package script '/home/lukevizzini/arm_v3/arm_code/install/arm_description/share/arm_description/package.sh'
[3.621s] INFO:colcon.colcon_core.shell:Creating package script '/home/lukevizzini/arm_v3/arm_code/install/arm_description/share/arm_description/package.bash'
[3.622s] INFO:colcon.colcon_core.shell:Creating package script '/home/lukevizzini/arm_v3/arm_code/install/arm_description/share/arm_description/package.zsh'
[3.624s] Level 1:colcon.colcon_core.environment:create_file_with_runtime_dependencies(/home/lukevizzini/arm_v3/arm_code/install/arm_description/share/colcon-core/packages/arm_description)
[3.626s] INFO:colcon.colcon_ros.task.ament_cmake.build:Building ROS package in '/home/lukevizzini/arm_v3/arm_code/src/bringup' with build type 'ament_cmake'
[3.626s] INFO:colcon.colcon_cmake.task.cmake.build:Building CMake package in '/home/lukevizzini/arm_v3/arm_code/src/bringup'
[3.627s] INFO:colcon.colcon_core.shell:Skip shell extension 'powershell' for command environment: Not usable outside of PowerShell
[3.627s] DEBUG:colcon.colcon_core.shell:Skip shell extension 'dsv' for command environment
[3.958s] DEBUG:colcon.colcon_core.event_handler.log_command:Invoking command in '/home/lukevizzini/arm_v3/arm_code/build/arm_bringup': CMAKE_PREFIX_PATH=/home/lukevizzini/arm_v3/arm_code/install/arm_description:/home/lukevizzini/arm_v3/arm_code/install/arm_config:/home/lukevizzini/arm_v3/arm_code/install/arm_launch:/home/lukevizzini/arm_v3/arm_code/install/arm_bringup:/home/lukevizzini/arm_new_v2/arm_code/install/arm_launch:/home/lukevizzini/arm_new_v2/arm_code/install/arm_bringup:/home/lukevizzini/arm_new_v2/arm_code/install/arm_description:/home/lukevizzini/arm_new_v2/arm_code/install/arm_config:/home/lukevizzini/arm_v3/arm_code/install/arm_teleop:/home/lukevizzini/arm_v3/arm_code/install/arm_pwm_bridge:/home/lukevizzini/arm_new_v2/arm_code/install/arm_teleop:/home/lukevizzini/arm_new_v2/arm_code/install/arm_pwm_bridge:/opt/ros/humble /usr/bin/cmake --build /home/lukevizzini/arm_v3/arm_code/build/arm_bringup -- -j8 -l8
[4.013s] DEBUG:colcon.colcon_core.event_handler.log_command:Invoked command in '/home/lukevizzini/arm_v3/arm_code/build/arm_bringup' returned '0': CMAKE_PREFIX_PATH=/home/lukevizzini/arm_v3/arm_code/install/arm_description:/home/lukevizzini/arm_v3/arm_code/install/arm_config:/home/lukevizzini/arm_v3/arm_code/install/arm_launch:/home/lukevizzini/arm_v3/arm_code/install/arm_bringup:/home/lukevizzini/arm_new_v2/arm_code/install/arm_launch:/home/lukevizzini/arm_new_v2/arm_code/install/arm_bringup:/home/lukevizzini/arm_new_v2/arm_code/install/arm_description:/home/lukevizzini/arm_new_v2/arm_code/install/arm_config:/home/lukevizzini/arm_v3/arm_code/install/arm_teleop:/home/lukevizzini/arm_v3/arm_code/install/arm_pwm_bridge:/home/lukevizzini/arm_new_v2/arm_code/install/arm_teleop:/home/lukevizzini/arm_new_v2/arm_code/install/arm_pwm_bridge:/opt/ros/humble /usr/bin/cmake --build /home/lukevizzini/arm_v3/arm_code/build/arm_bringup -- -j8 -l8
[4.018s] DEBUG:colcon.colcon_core.event_handler.log_command:Invoking command in '/home/lukevizzini/arm_v3/arm_code/build/arm_bringup': CMAKE_PREFIX_PATH=/home/lukevizzini/arm_v3/arm_code/install/arm_description:/home/lukevizzini/arm_v3/arm_code/install/arm_config:/home/lukevizzini/arm_v3/arm_code/install/arm_launch:/home/lukevizzini/arm_v3/arm_code/install/arm_bringup:/home/lukevizzini/arm_new_v2/arm_code/install/arm_launch:/home/lukevizzini/arm_new_v2/arm_code/install/arm_bringup:/home/lukevizzini/arm_new_v2/arm_code/install/arm_description:/home/lukevizzini/arm_new_v2/arm_code/install/arm_config:/home/lukevizzini/arm_v3/arm_code/install/arm_teleop:/home/lukevizzini/arm_v3/arm_code/install/arm_pwm_bridge:/home/lukevizzini/arm_new_v2/arm_code/install/arm_teleop:/home/lukevizzini/arm_new_v2/arm_code/install/arm_pwm_bridge:/opt/ros/humble /usr/bin/cmake --install /home/lukevizzini/arm_v3/arm_code/build/arm_bringup
[4.055s] DEBUG:colcon.colcon_core.event_handler.log_command:Invoking command in '/home/lukevizzini/arm_v3/arm_code/build/arm_pwm_bridge': PYTHONPATH=/home/lukevizzini/arm_v3/arm_code/build/arm_pwm_bridge/prefix_override:/usr/lib/python3/dist-packages/colcon_core/task/python/colcon_distutils_commands:/home/lukevizzini/arm_v3/arm_code/install/arm_pwm_bridge/lib/python3.10/site-packages:${PYTHONPATH} /usr/bin/python3 -W ignore:setup.py install is deprecated -W ignore:easy_install command is deprecated setup.py develop --editable --build-directory /home/lukevizzini/arm_v3/arm_code/build/arm_pwm_bridge/build --no-deps symlink_data
[4.062s] Level 1:colcon.colcon_core.environment:create_environment_scripts_only(arm_bringup)
[4.063s] Level 1:colcon.colcon_core.environment:checking '/home/lukevizzini/arm_v3/arm_code/install/arm_bringup' for CMake module files
[4.064s] DEBUG:colcon.colcon_core.event_handler.log_command:Invoking command in '/home/lukevizzini/arm_v3/arm_code/build/arm_teleop': PYTHONPATH=/home/lukevizzini/arm_v3/arm_code/build/arm_teleop/prefix_override:/usr/lib/python3/dist-packages/colcon_core/task/python/colcon_distutils_commands:/home/lukevizzini/arm_v3/arm_code/install/arm_teleop/lib/python3.10/site-packages:${PYTHONPATH} /usr/bin/python3 -W ignore:setup.py install is deprecated -W ignore:easy_install command is deprecated setup.py develop --editable --build-directory /home/lukevizzini/arm_v3/arm_code/build/arm_teleop/build --no-deps symlink_data
[4.065s] DEBUG:colcon.colcon_core.event_handler.log_command:Invoked command in '/home/lukevizzini/arm_v3/arm_code/build/arm_bringup' returned '0': CMAKE_PREFIX_PATH=/home/lukevizzini/arm_v3/arm_code/install/arm_description:/home/lukevizzini/arm_v3/arm_code/install/arm_config:/home/lukevizzini/arm_v3/arm_code/install/arm_launch:/home/lukevizzini/arm_v3/arm_code/install/arm_bringup:/home/lukevizzini/arm_new_v2/arm_code/install/arm_launch:/home/lukevizzini/arm_new_v2/arm_code/install/arm_bringup:/home/lukevizzini/arm_new_v2/arm_code/install/arm_description:/home/lukevizzini/arm_new_v2/arm_code/install/arm_config:/home/lukevizzini/arm_v3/arm_code/install/arm_teleop:/home/lukevizzini/arm_v3/arm_code/install/arm_pwm_bridge:/home/lukevizzini/arm_new_v2/arm_code/install/arm_teleop:/home/lukevizzini/arm_new_v2/arm_code/install/arm_pwm_bridge:/opt/ros/humble /usr/bin/cmake --install /home/lukevizzini/arm_v3/arm_code/build/arm_bringup
[4.065s] Level 1:colcon.colcon_core.environment:checking '/home/lukevizzini/arm_v3/arm_code/install/arm_bringup' for CMake config files
[4.066s] Level 1:colcon.colcon_core.shell:create_environment_hook('arm_bringup', 'cmake_prefix_path')
[4.066s] INFO:colcon.colcon_core.shell:Creating environment hook '/home/lukevizzini/arm_v3/arm_code/install/arm_bringup/share/arm_bringup/hook/cmake_prefix_path.ps1'
[4.067s] INFO:colcon.colcon_core.shell:Creating environment descriptor '/home/lukevizzini/arm_v3/arm_code/install/arm_bringup/share/arm_bringup/hook/cmake_prefix_path.dsv'
[4.067s] INFO:colcon.colcon_core.shell:Creating environment hook '/home/lukevizzini/arm_v3/arm_code/install/arm_bringup/share/arm_bringup/hook/cmake_prefix_path.sh'
[4.068s] Level 1:colcon.colcon_core.environment:checking '/home/lukevizzini/arm_v3/arm_code/install/arm_bringup/bin'
[4.068s] Level 1:colcon.colcon_core.environment:checking '/home/lukevizzini/arm_v3/arm_code/install/arm_bringup/lib/pkgconfig/arm_bringup.pc'
[4.069s] Level 1:colcon.colcon_core.environment:checking '/home/lukevizzini/arm_v3/arm_code/install/arm_bringup/lib/python3.10/site-packages'
[4.069s] Level 1:colcon.colcon_core.environment:checking '/home/lukevizzini/arm_v3/arm_code/install/arm_bringup/bin'
[4.069s] INFO:colcon.colcon_core.shell:Creating package script '/home/lukevizzini/arm_v3/arm_code/install/arm_bringup/share/arm_bringup/package.ps1'
[4.070s] INFO:colcon.colcon_core.shell:Creating package descriptor '/home/lukevizzini/arm_v3/arm_code/install/arm_bringup/share/arm_bringup/package.dsv'
[4.070s] INFO:colcon.colcon_core.shell:Creating package script '/home/lukevizzini/arm_v3/arm_code/install/arm_bringup/share/arm_bringup/package.sh'
[4.071s] INFO:colcon.colcon_core.shell:Creating package script '/home/lukevizzini/arm_v3/arm_code/install/arm_bringup/share/arm_bringup/package.bash'
[4.072s] INFO:colcon.colcon_core.shell:Creating package script '/home/lukevizzini/arm_v3/arm_code/install/arm_bringup/share/arm_bringup/package.zsh'
[4.072s] Level 1:colcon.colcon_core.environment:create_file_with_runtime_dependencies(/home/lukevizzini/arm_v3/arm_code/install/arm_bringup/share/colcon-core/packages/arm_bringup)
[4.073s] Level 1:colcon.colcon_core.environment:create_environment_scripts_only(arm_bringup)
[4.073s] Level 1:colcon.colcon_core.environment:checking '/home/lukevizzini/arm_v3/arm_code/install/arm_bringup' for CMake module files
[4.074s] Level 1:colcon.colcon_core.environment:checking '/home/lukevizzini/arm_v3/arm_code/install/arm_bringup' for CMake config files
[4.074s] Level 1:colcon.colcon_core.shell:create_environment_hook('arm_bringup', 'cmake_prefix_path')
[4.074s] INFO:colcon.colcon_core.shell:Creating environment hook '/home/lukevizzini/arm_v3/arm_code/install/arm_bringup/share/arm_bringup/hook/cmake_prefix_path.ps1'
[4.075s] INFO:colcon.colcon_core.shell:Creating environment descriptor '/home/lukevizzini/arm_v3/arm_code/install/arm_bringup/share/arm_bringup/hook/cmake_prefix_path.dsv'
[4.076s] INFO:colcon.colcon_core.shell:Creating environment hook '/home/lukevizzini/arm_v3/arm_code/install/arm_bringup/share/arm_bringup/hook/cmake_prefix_path.sh'
[4.076s] Level 1:colcon.colcon_core.environment:checking '/home/lukevizzini/arm_v3/arm_code/install/arm_bringup/bin'
[4.077s] Level 1:colcon.colcon_core.environment:checking '/home/lukevizzini/arm_v3/arm_code/install/arm_bringup/lib/pkgconfig/arm_bringup.pc'
[4.077s] Level 1:colcon.colcon_core.environment:checking '/home/lukevizzini/arm_v3/arm_code/install/arm_bringup/lib/python3.10/site-packages'
[4.077s] Level 1:colcon.colcon_core.environment:checking '/home/lukevizzini/arm_v3/arm_code/install/arm_bringup/bin'
[4.077s] INFO:colcon.colcon_core.shell:Creating package script '/home/lukevizzini/arm_v3/arm_code/install/arm_bringup/share/arm_bringup/package.ps1'
[4.078s] INFO:colcon.colcon_core.shell:Creating package descriptor '/home/lukevizzini/arm_v3/arm_code/install/arm_bringup/share/arm_bringup/package.dsv'
[4.079s] INFO:colcon.colcon_core.shell:Creating package script '/home/lukevizzini/arm_v3/arm_code/install/arm_bringup/share/arm_bringup/package.sh'
[4.079s] INFO:colcon.colcon_core.shell:Creating package script '/home/lukevizzini/arm_v3/arm_code/install/arm_bringup/share/arm_bringup/package.bash'
[4.080s] INFO:colcon.colcon_core.shell:Creating package script '/home/lukevizzini/arm_v3/arm_code/install/arm_bringup/share/arm_bringup/package.zsh'
[4.081s] Level 1:colcon.colcon_core.environment:create_file_with_runtime_dependencies(/home/lukevizzini/arm_v3/arm_code/install/arm_bringup/share/colcon-core/packages/arm_bringup)
[4.896s] Level 1:colcon.colcon_core.shell:create_environment_hook('arm_pwm_bridge', 'pythonpath_develop')
[4.896s] INFO:colcon.colcon_core.shell:Creating environment hook '/home/lukevizzini/arm_v3/arm_code/build/arm_pwm_bridge/share/arm_pwm_bridge/hook/pythonpath_develop.ps1'
[4.897s] DEBUG:colcon.colcon_core.event_handler.log_command:Invoked command in '/home/lukevizzini/arm_v3/arm_code/build/arm_pwm_bridge' returned '0': PYTHONPATH=/home/lukevizzini/arm_v3/arm_code/build/arm_pwm_bridge/prefix_override:/usr/lib/python3/dist-packages/colcon_core/task/python/colcon_distutils_commands:/home/lukevizzini/arm_v3/arm_code/install/arm_pwm_bridge/lib/python3.10/site-packages:${PYTHONPATH} /usr/bin/python3 -W ignore:setup.py install is deprecated -W ignore:easy_install command is deprecated setup.py develop --editable --build-directory /home/lukevizzini/arm_v3/arm_code/build/arm_pwm_bridge/build --no-deps symlink_data
[4.899s] INFO:colcon.colcon_core.shell:Creating environment descriptor '/home/lukevizzini/arm_v3/arm_code/build/arm_pwm_bridge/share/arm_pwm_bridge/hook/pythonpath_develop.dsv'
[4.900s] INFO:colcon.colcon_core.shell:Creating environment hook '/home/lukevizzini/arm_v3/arm_code/build/arm_pwm_bridge/share/arm_pwm_bridge/hook/pythonpath_develop.sh'
[4.901s] Level 1:colcon.colcon_core.environment:checking '/home/lukevizzini/arm_v3/arm_code/install/arm_pwm_bridge' for CMake module files
[4.902s] Level 1:colcon.colcon_core.environment:checking '/home/lukevizzini/arm_v3/arm_code/install/arm_pwm_bridge' for CMake config files
[4.903s] Level 1:colcon.colcon_core.environment:checking '/home/lukevizzini/arm_v3/arm_code/install/arm_pwm_bridge/lib'
[4.903s] Level 1:colcon.colcon_core.environment:checking '/home/lukevizzini/arm_v3/arm_code/install/arm_pwm_bridge/bin'
[4.904s] Level 1:colcon.colcon_core.environment:checking '/home/lukevizzini/arm_v3/arm_code/install/arm_pwm_bridge/lib/pkgconfig/arm_pwm_bridge.pc'
[4.904s] Level 1:colcon.colcon_core.environment:checking '/home/lukevizzini/arm_v3/arm_code/install/arm_pwm_bridge/lib/python3.10/site-packages'
[4.904s] Level 1:colcon.colcon_core.shell:create_environment_hook('arm_pwm_bridge', 'pythonpath')
[4.904s] INFO:colcon.colcon_core.shell:Creating environment hook '/home/lukevizzini/arm_v3/arm_code/install/arm_pwm_bridge/share/arm_pwm_bridge/hook/pythonpath.ps1'
[4.905s] INFO:colcon.colcon_core.shell:Creating environment descriptor '/home/lukevizzini/arm_v3/arm_code/install/arm_pwm_bridge/share/arm_pwm_bridge/hook/pythonpath.dsv'
[4.906s] INFO:colcon.colcon_core.shell:Creating environment hook '/home/lukevizzini/arm_v3/arm_code/install/arm_pwm_bridge/share/arm_pwm_bridge/hook/pythonpath.sh'
[4.909s] Level 1:colcon.colcon_core.environment:checking '/home/lukevizzini/arm_v3/arm_code/install/arm_pwm_bridge/bin'
[4.910s] Level 1:colcon.colcon_core.environment:create_environment_scripts_only(arm_pwm_bridge)
[4.910s] INFO:colcon.colcon_core.shell:Creating package script '/home/lukevizzini/arm_v3/arm_code/install/arm_pwm_bridge/share/arm_pwm_bridge/package.ps1'
[4.911s] INFO:colcon.colcon_core.shell:Creating package descriptor '/home/lukevizzini/arm_v3/arm_code/install/arm_pwm_bridge/share/arm_pwm_bridge/package.dsv'
[4.912s] INFO:colcon.colcon_core.shell:Creating package script '/home/lukevizzini/arm_v3/arm_code/install/arm_pwm_bridge/share/arm_pwm_bridge/package.sh'
[4.913s] INFO:colcon.colcon_core.shell:Creating package script '/home/lukevizzini/arm_v3/arm_code/install/arm_pwm_bridge/share/arm_pwm_bridge/package.bash'
[4.913s] INFO:colcon.colcon_core.shell:Creating package script '/home/lukevizzini/arm_v3/arm_code/install/arm_pwm_bridge/share/arm_pwm_bridge/package.zsh'
[4.914s] Level 1:colcon.colcon_core.environment:create_file_with_runtime_dependencies(/home/lukevizzini/arm_v3/arm_code/install/arm_pwm_bridge/share/colcon-core/packages/arm_pwm_bridge)
[4.917s] Level 1:colcon.colcon_core.shell:create_environment_hook('arm_teleop', 'pythonpath_develop')
[4.917s] INFO:colcon.colcon_core.shell:Creating environment hook '/home/lukevizzini/arm_v3/arm_code/build/arm_teleop/share/arm_teleop/hook/pythonpath_develop.ps1'
[4.918s] DEBUG:colcon.colcon_core.event_handler.log_command:Invoked command in '/home/lukevizzini/arm_v3/arm_code/build/arm_teleop' returned '0': PYTHONPATH=/home/lukevizzini/arm_v3/arm_code/build/arm_teleop/prefix_override:/usr/lib/python3/dist-packages/colcon_core/task/python/colcon_distutils_commands:/home/lukevizzini/arm_v3/arm_code/install/arm_teleop/lib/python3.10/site-packages:${PYTHONPATH} /usr/bin/python3 -W ignore:setup.py install is deprecated -W ignore:easy_install command is deprecated setup.py develop --editable --build-directory /home/lukevizzini/arm_v3/arm_code/build/arm_teleop/build --no-deps symlink_data
[4.919s] INFO:colcon.colcon_core.shell:Creating environment descriptor '/home/lukevizzini/arm_v3/arm_code/build/arm_teleop/share/arm_teleop/hook/pythonpath_develop.dsv'
[4.920s] INFO:colcon.colcon_core.shell:Creating environment hook '/home/lukevizzini/arm_v3/arm_code/build/arm_teleop/share/arm_teleop/hook/pythonpath_develop.sh'
[4.921s] Level 1:colcon.colcon_core.environment:checking '/home/lukevizzini/arm_v3/arm_code/install/arm_teleop' for CMake module files
[4.921s] Level 1:colcon.colcon_core.environment:checking '/home/lukevizzini/arm_v3/arm_code/install/arm_teleop' for CMake config files
[4.922s] Level 1:colcon.colcon_core.environment:checking '/home/lukevizzini/arm_v3/arm_code/install/arm_teleop/lib'
[4.922s] Level 1:colcon.colcon_core.environment:checking '/home/lukevizzini/arm_v3/arm_code/install/arm_teleop/bin'
[4.922s] Level 1:colcon.colcon_core.environment:checking '/home/lukevizzini/arm_v3/arm_code/install/arm_teleop/lib/pkgconfig/arm_teleop.pc'
[4.922s] Level 1:colcon.colcon_core.environment:checking '/home/lukevizzini/arm_v3/arm_code/install/arm_teleop/lib/python3.10/site-packages'
[4.922s] Level 1:colcon.colcon_core.shell:create_environment_hook('arm_teleop', 'pythonpath')
[4.923s] INFO:colcon.colcon_core.shell:Creating environment hook '/home/lukevizzini/arm_v3/arm_code/install/arm_teleop/share/arm_teleop/hook/pythonpath.ps1'
[4.924s] INFO:colcon.colcon_core.shell:Creating environment descriptor '/home/lukevizzini/arm_v3/arm_code/install/arm_teleop/share/arm_teleop/hook/pythonpath.dsv'
[4.925s] INFO:colcon.colcon_core.shell:Creating environment hook '/home/lukevizzini/arm_v3/arm_code/install/arm_teleop/share/arm_teleop/hook/pythonpath.sh'
[4.926s] Level 1:colcon.colcon_core.environment:checking '/home/lukevizzini/arm_v3/arm_code/install/arm_teleop/bin'
[4.926s] Level 1:colcon.colcon_core.environment:create_environment_scripts_only(arm_teleop)
[4.927s] INFO:colcon.colcon_core.shell:Creating package script '/home/lukevizzini/arm_v3/arm_code/install/arm_teleop/share/arm_teleop/package.ps1'
[4.927s] INFO:colcon.colcon_core.shell:Creating package descriptor '/home/lukevizzini/arm_v3/arm_code/install/arm_teleop/share/arm_teleop/package.dsv'
[4.928s] INFO:colcon.colcon_core.shell:Creating package script '/home/lukevizzini/arm_v3/arm_code/install/arm_teleop/share/arm_teleop/package.sh'
[4.929s] INFO:colcon.colcon_core.shell:Creating package script '/home/lukevizzini/arm_v3/arm_code/install/arm_teleop/share/arm_teleop/package.bash'
[4.929s] INFO:colcon.colcon_core.shell:Creating package script '/home/lukevizzini/arm_v3/arm_code/install/arm_teleop/share/arm_teleop/package.zsh'
[4.930s] Level 1:colcon.colcon_core.environment:create_file_with_runtime_dependencies(/home/lukevizzini/arm_v3/arm_code/install/arm_teleop/share/colcon-core/packages/arm_teleop)
[4.931s] INFO:colcon.colcon_ros.task.ament_cmake.build:Building ROS package in '/home/lukevizzini/arm_v3/arm_code/src/launch' with build type 'ament_cmake'
[4.931s] INFO:colcon.colcon_cmake.task.cmake.build:Building CMake package in '/home/lukevizzini/arm_v3/arm_code/src/launch'
[4.932s] INFO:colcon.colcon_core.shell:Skip shell extension 'powershell' for command environment: Not usable outside of PowerShell
[4.932s] DEBUG:colcon.colcon_core.shell:Skip shell extension 'dsv' for command environment
[6.326s] DEBUG:colcon.colcon_core.event_handler.log_command:Invoking command in '/home/lukevizzini/arm_v3/arm_code/build/arm_launch': AMENT_PREFIX_PATH=/home/lukevizzini/arm_v3/arm_code/install/arm_teleop:/home/lukevizzini/arm_v3/arm_code/install/arm_pwm_bridge:/home/lukevizzini/arm_v3/arm_code/install/arm_launch:/home/lukevizzini/arm_v3/arm_code/install/arm_bringup:/home/lukevizzini/arm_v3/arm_code/install/arm_description:/home/lukevizzini/arm_v3/arm_code/install/arm_config:/home/lukevizzini/arm_new_v2/arm_code/install/arm_launch:/home/lukevizzini/arm_new_v2/arm_code/install/arm_teleop:/home/lukevizzini/arm_new_v2/arm_code/install/arm_pwm_bridge:/home/lukevizzini/arm_new_v2/arm_code/install/arm_bringup:/home/lukevizzini/arm_new_v2/arm_code/install/arm_description:/home/lukevizzini/arm_new_v2/arm_code/install/arm_config:/opt/ros/humble CMAKE_PREFIX_PATH=/home/lukevizzini/arm_v3/arm_code/install/arm_bringup:/home/lukevizzini/arm_v3/arm_code/install/arm_description:/home/lukevizzini/arm_v3/arm_code/install/arm_config:/home/lukevizzini/arm_v3/arm_code/install/arm_launch:/home/lukevizzini/arm_new_v2/arm_code/install/arm_launch:/home/lukevizzini/arm_new_v2/arm_code/install/arm_bringup:/home/lukevizzini/arm_new_v2/arm_code/install/arm_description:/home/lukevizzini/arm_new_v2/arm_code/install/arm_config:/home/lukevizzini/arm_v3/arm_code/install/arm_teleop:/home/lukevizzini/arm_v3/arm_code/install/arm_pwm_bridge:/home/lukevizzini/arm_new_v2/arm_code/install/arm_teleop:/home/lukevizzini/arm_new_v2/arm_code/install/arm_pwm_bridge:/opt/ros/humble /usr/bin/cmake --build /home/lukevizzini/arm_v3/arm_code/build/arm_launch -- -j8 -l8
[6.390s] DEBUG:colcon.colcon_core.event_handler.log_command:Invoked command in '/home/lukevizzini/arm_v3/arm_code/build/arm_launch' returned '0': AMENT_PREFIX_PATH=/home/lukevizzini/arm_v3/arm_code/install/arm_teleop:/home/lukevizzini/arm_v3/arm_code/install/arm_pwm_bridge:/home/lukevizzini/arm_v3/arm_code/install/arm_launch:/home/lukevizzini/arm_v3/arm_code/install/arm_bringup:/home/lukevizzini/arm_v3/arm_code/install/arm_description:/home/lukevizzini/arm_v3/arm_code/install/arm_config:/home/lukevizzini/arm_new_v2/arm_code/install/arm_launch:/home/lukevizzini/arm_new_v2/arm_code/install/arm_teleop:/home/lukevizzini/arm_new_v2/arm_code/install/arm_pwm_bridge:/home/lukevizzini/arm_new_v2/arm_code/install/arm_bringup:/home/lukevizzini/arm_new_v2/arm_code/install/arm_description:/home/lukevizzini/arm_new_v2/arm_code/install/arm_config:/opt/ros/humble CMAKE_PREFIX_PATH=/home/lukevizzini/arm_v3/arm_code/install/arm_bringup:/home/lukevizzini/arm_v3/arm_code/install/arm_description:/home/lukevizzini/arm_v3/arm_code/install/arm_config:/home/lukevizzini/arm_v3/arm_code/install/arm_launch:/home/lukevizzini/arm_new_v2/arm_code/install/arm_launch:/home/lukevizzini/arm_new_v2/arm_code/install/arm_bringup:/home/lukevizzini/arm_new_v2/arm_code/install/arm_description:/home/lukevizzini/arm_new_v2/arm_code/install/arm_config:/home/lukevizzini/arm_v3/arm_code/install/arm_teleop:/home/lukevizzini/arm_v3/arm_code/install/arm_pwm_bridge:/home/lukevizzini/arm_new_v2/arm_code/install/arm_teleop:/home/lukevizzini/arm_new_v2/arm_code/install/arm_pwm_bridge:/opt/ros/humble /usr/bin/cmake --build /home/lukevizzini/arm_v3/arm_code/build/arm_launch -- -j8 -l8
[6.395s] DEBUG:colcon.colcon_core.event_handler.log_command:Invoking command in '/home/lukevizzini/arm_v3/arm_code/build/arm_launch': AMENT_PREFIX_PATH=/home/lukevizzini/arm_v3/arm_code/install/arm_teleop:/home/lukevizzini/arm_v3/arm_code/install/arm_pwm_bridge:/home/lukevizzini/arm_v3/arm_code/install/arm_launch:/home/lukevizzini/arm_v3/arm_code/install/arm_bringup:/home/lukevizzini/arm_v3/arm_code/install/arm_description:/home/lukevizzini/arm_v3/arm_code/install/arm_config:/home/lukevizzini/arm_new_v2/arm_code/install/arm_launch:/home/lukevizzini/arm_new_v2/arm_code/install/arm_teleop:/home/lukevizzini/arm_new_v2/arm_code/install/arm_pwm_bridge:/home/lukevizzini/arm_new_v2/arm_code/install/arm_bringup:/home/lukevizzini/arm_new_v2/arm_code/install/arm_description:/home/lukevizzini/arm_new_v2/arm_code/install/arm_config:/opt/ros/humble CMAKE_PREFIX_PATH=/home/lukevizzini/arm_v3/arm_code/install/arm_bringup:/home/lukevizzini/arm_v3/arm_code/install/arm_description:/home/lukevizzini/arm_v3/arm_code/install/arm_config:/home/lukevizzini/arm_v3/arm_code/install/arm_launch:/home/lukevizzini/arm_new_v2/arm_code/install/arm_launch:/home/lukevizzini/arm_new_v2/arm_code/install/arm_bringup:/home/lukevizzini/arm_new_v2/arm_code/install/arm_description:/home/lukevizzini/arm_new_v2/arm_code/install/arm_config:/home/lukevizzini/arm_v3/arm_code/install/arm_teleop:/home/lukevizzini/arm_v3/arm_code/install/arm_pwm_bridge:/home/lukevizzini/arm_new_v2/arm_code/install/arm_teleop:/home/lukevizzini/arm_new_v2/arm_code/install/arm_pwm_bridge:/opt/ros/humble /usr/bin/cmake --install /home/lukevizzini/arm_v3/arm_code/build/arm_launch
[6.438s] Level 1:colcon.colcon_core.environment:create_environment_scripts_only(arm_launch)
[6.439s] Level 1:colcon.colcon_core.environment:checking '/home/lukevizzini/arm_v3/arm_code/install/arm_launch' for CMake module files
[6.440s] DEBUG:colcon.colcon_core.event_handler.log_command:Invoked command in '/home/lukevizzini/arm_v3/arm_code/build/arm_launch' returned '0': AMENT_PREFIX_PATH=/home/lukevizzini/arm_v3/arm_code/install/arm_teleop:/home/lukevizzini/arm_v3/arm_code/install/arm_pwm_bridge:/home/lukevizzini/arm_v3/arm_code/install/arm_launch:/home/lukevizzini/arm_v3/arm_code/install/arm_bringup:/home/lukevizzini/arm_v3/arm_code/install/arm_description:/home/lukevizzini/arm_v3/arm_code/install/arm_config:/home/lukevizzini/arm_new_v2/arm_code/install/arm_launch:/home/lukevizzini/arm_new_v2/arm_code/install/arm_teleop:/home/lukevizzini/arm_new_v2/arm_code/install/arm_pwm_bridge:/home/lukevizzini/arm_new_v2/arm_code/install/arm_bringup:/home/lukevizzini/arm_new_v2/arm_code/install/arm_description:/home/lukevizzini/arm_new_v2/arm_code/install/arm_config:/opt/ros/humble CMAKE_PREFIX_PATH=/home/lukevizzini/arm_v3/arm_code/install/arm_bringup:/home/lukevizzini/arm_v3/arm_code/install/arm_description:/home/lukevizzini/arm_v3/arm_code/install/arm_config:/home/lukevizzini/arm_v3/arm_code/install/arm_launch:/home/lukevizzini/arm_new_v2/arm_code/install/arm_launch:/home/lukevizzini/arm_new_v2/arm_code/install/arm_bringup:/home/lukevizzini/arm_new_v2/arm_code/install/arm_description:/home/lukevizzini/arm_new_v2/arm_code/install/arm_config:/home/lukevizzini/arm_v3/arm_code/install/arm_teleop:/home/lukevizzini/arm_v3/arm_code/install/arm_pwm_bridge:/home/lukevizzini/arm_new_v2/arm_code/install/arm_teleop:/home/lukevizzini/arm_new_v2/arm_code/install/arm_pwm_bridge:/opt/ros/humble /usr/bin/cmake --install /home/lukevizzini/arm_v3/arm_code/build/arm_launch
[6.441s] Level 1:colcon.colcon_core.environment:checking '/home/lukevizzini/arm_v3/arm_code/install/arm_launch' for CMake config files
[6.442s] Level 1:colcon.colcon_core.shell:create_environment_hook('arm_launch', 'cmake_prefix_path')
[6.442s] INFO:colcon.colcon_core.shell:Creating environment hook '/home/lukevizzini/arm_v3/arm_code/install/arm_launch/share/arm_launch/hook/cmake_prefix_path.ps1'
[6.443s] INFO:colcon.colcon_core.shell:Creating environment descriptor '/home/lukevizzini/arm_v3/arm_code/install/arm_launch/share/arm_launch/hook/cmake_prefix_path.dsv'
[6.444s] INFO:colcon.colcon_core.shell:Creating environment hook '/home/lukevizzini/arm_v3/arm_code/install/arm_launch/share/arm_launch/hook/cmake_prefix_path.sh'
[6.445s] Level 1:colcon.colcon_core.environment:checking '/home/lukevizzini/arm_v3/arm_code/install/arm_launch/bin'
[6.445s] Level 1:colcon.colcon_core.environment:checking '/home/lukevizzini/arm_v3/arm_code/install/arm_launch/lib/pkgconfig/arm_launch.pc'
[6.446s] Level 1:colcon.colcon_core.environment:checking '/home/lukevizzini/arm_v3/arm_code/install/arm_launch/lib/python3.10/site-packages'
[6.446s] Level 1:colcon.colcon_core.environment:checking '/home/lukevizzini/arm_v3/arm_code/install/arm_launch/bin'
[6.447s] INFO:colcon.colcon_core.shell:Creating package script '/home/lukevizzini/arm_v3/arm_code/install/arm_launch/share/arm_launch/package.ps1'
[6.448s] INFO:colcon.colcon_core.shell:Creating package descriptor '/home/lukevizzini/arm_v3/arm_code/install/arm_launch/share/arm_launch/package.dsv'
[6.449s] INFO:colcon.colcon_core.shell:Creating package script '/home/lukevizzini/arm_v3/arm_code/install/arm_launch/share/arm_launch/package.sh'
[6.450s] INFO:colcon.colcon_core.shell:Creating package script '/home/lukevizzini/arm_v3/arm_code/install/arm_launch/share/arm_launch/package.bash'
[6.451s] INFO:colcon.colcon_core.shell:Creating package script '/home/lukevizzini/arm_v3/arm_code/install/arm_launch/share/arm_launch/package.zsh'
[6.452s] Level 1:colcon.colcon_core.environment:create_file_with_runtime_dependencies(/home/lukevizzini/arm_v3/arm_code/install/arm_launch/share/colcon-core/packages/arm_launch)
[6.453s] Level 1:colcon.colcon_core.environment:create_environment_scripts_only(arm_launch)
[6.454s] Level 1:colcon.colcon_core.environment:checking '/home/lukevizzini/arm_v3/arm_code/install/arm_launch' for CMake module files
[6.455s] Level 1:colcon.colcon_core.environment:checking '/home/lukevizzini/arm_v3/arm_code/install/arm_launch' for CMake config files
[6.455s] Level 1:colcon.colcon_core.shell:create_environment_hook('arm_launch', 'cmake_prefix_path')
[6.456s] INFO:colcon.colcon_core.shell:Creating environment hook '/home/lukevizzini/arm_v3/arm_code/install/arm_launch/share/arm_launch/hook/cmake_prefix_path.ps1'
[6.457s] INFO:colcon.colcon_core.shell:Creating environment descriptor '/home/lukevizzini/arm_v3/arm_code/install/arm_launch/share/arm_launch/hook/cmake_prefix_path.dsv'
[6.457s] INFO:colcon.colcon_core.shell:Creating environment hook '/home/lukevizzini/arm_v3/arm_code/install/arm_launch/share/arm_launch/hook/cmake_prefix_path.sh'
[6.459s] Level 1:colcon.colcon_core.environment:checking '/home/lukevizzini/arm_v3/arm_code/install/arm_launch/bin'
[6.459s] Level 1:colcon.colcon_core.environment:checking '/home/lukevizzini/arm_v3/arm_code/install/arm_launch/lib/pkgconfig/arm_launch.pc'
[6.459s] Level 1:colcon.colcon_core.environment:checking '/home/lukevizzini/arm_v3/arm_code/install/arm_launch/lib/python3.10/site-packages'
[6.460s] Level 1:colcon.colcon_core.environment:checking '/home/lukevizzini/arm_v3/arm_code/install/arm_launch/bin'
[6.460s] INFO:colcon.colcon_core.shell:Creating package script '/home/lukevizzini/arm_v3/arm_code/install/arm_launch/share/arm_launch/package.ps1'
[6.461s] INFO:colcon.colcon_core.shell:Creating package descriptor '/home/lukevizzini/arm_v3/arm_code/install/arm_launch/share/arm_launch/package.dsv'
[6.462s] INFO:colcon.colcon_core.shell:Creating package script '/home/lukevizzini/arm_v3/arm_code/install/arm_launch/share/arm_launch/package.sh'
[6.463s] INFO:colcon.colcon_core.shell:Creating package script '/home/lukevizzini/arm_v3/arm_code/install/arm_launch/share/arm_launch/package.bash'
[6.464s] INFO:colcon.colcon_core.shell:Creating package script '/home/lukevizzini/arm_v3/arm_code/install/arm_launch/share/arm_launch/package.zsh'
[6.465s] Level 1:colcon.colcon_core.environment:create_file_with_runtime_dependencies(/home/lukevizzini/arm_v3/arm_code/install/arm_launch/share/colcon-core/packages/arm_launch)
[6.466s] DEBUG:colcon.colcon_parallel_executor.executor.parallel:closing loop
[6.468s] DEBUG:colcon.colcon_parallel_executor.executor.parallel:loop closed
[6.470s] DEBUG:colcon.colcon_parallel_executor.executor.parallel:run_until_complete finished with '0'
[6.470s] DEBUG:colcon.colcon_core.event_reactor:joining thread
[6.616s] INFO:colcon.colcon_core.plugin_system:Skipping extension 'colcon_notification.desktop_notification.notify_send': Could not find 'notify-send'
[6.616s] INFO:colcon.colcon_core.plugin_system:Skipping extension 'colcon_notification.desktop_notification.terminal_notifier': Not used on non-Darwin systems
[6.616s] INFO:colcon.colcon_core.plugin_system:Skipping extension 'colcon_notification.desktop_notification.win32': Not used on non-Windows systems
[6.617s] INFO:colcon.colcon_notification.desktop_notification:Sending desktop notification using 'notify2'
[6.619s] DEBUG:colcon.colcon_notification.desktop_notification.notify2:Failed to initialize notify2: org.freedesktop.DBus.Error.ServiceUnknown: The name org.freedesktop.Notifications was not provided by any .service files
[6.619s] DEBUG:colcon.colcon_core.event_reactor:joined thread
[6.620s] INFO:colcon.colcon_core.shell:Creating prefix script '/home/lukevizzini/arm_v3/arm_code/install/local_setup.ps1'
[6.623s] INFO:colcon.colcon_core.shell:Creating prefix util module '/home/lukevizzini/arm_v3/arm_code/install/_local_setup_util_ps1.py'
[6.626s] INFO:colcon.colcon_core.shell:Creating prefix chain script '/home/lukevizzini/arm_v3/arm_code/install/setup.ps1'
[6.629s] INFO:colcon.colcon_core.shell:Creating prefix script '/home/lukevizzini/arm_v3/arm_code/install/local_setup.sh'
[6.630s] INFO:colcon.colcon_core.shell:Creating prefix util module '/home/lukevizzini/arm_v3/arm_code/install/_local_setup_util_sh.py'
[6.631s] INFO:colcon.colcon_core.shell:Creating prefix chain script '/home/lukevizzini/arm_v3/arm_code/install/setup.sh'
[6.634s] INFO:colcon.colcon_core.shell:Creating prefix script '/home/lukevizzini/arm_v3/arm_code/install/local_setup.bash'
[6.635s] INFO:colcon.colcon_core.shell:Creating prefix chain script '/home/lukevizzini/arm_v3/arm_code/install/setup.bash'
[6.638s] INFO:colcon.colcon_core.shell:Creating prefix script '/home/lukevizzini/arm_v3/arm_code/install/local_setup.zsh'
[6.639s] INFO:colcon.colcon_core.shell:Creating prefix chain script '/home/lukevizzini/arm_v3/arm_code/install/setup.zsh'
