[0.443s] DEBUG:colcon:Command line arguments: ['/usr/bin/colcon', 'build', '--symlink-install']
[0.443s] DEBUG:colcon:Parsed command line arguments: Namespace(log_base=None, log_level=None, verb_name='build', build_base='build', install_base='install', merge_install=False, symlink_install=True, test_result_base=None, continue_on_error=False, executor='parallel', parallel_workers=8, event_handlers=None, ignore_user_meta=False, metas=['./colcon.meta'], base_paths=['.'], packages_ignore=None, packages_ignore_regex=None, paths=None, packages_up_to=None, packages_up_to_regex=None, packages_above=None, packages_above_and_dependencies=None, packages_above_depth=None, packages_select_by_dep=None, packages_skip_by_dep=None, packages_skip_up_to=None, packages_select_build_failed=False, packages_skip_build_finished=False, packages_select_test_failures=False, packages_skip_test_passed=False, packages_select=None, packages_skip=None, packages_select_regex=None, packages_skip_regex=None, packages_start=None, packages_end=None, allow_overriding=[], cmake_args=None, cmake_target=None, cmake_target_skip_unavailable=False, cmake_clean_cache=False, cmake_clean_first=False, cmake_force_configure=False, ament_cmake_args=None, catkin_cmake_args=None, catkin_skip_building_tests=False, verb_parser=<colcon_defaults.argument_parser.defaults.DefaultArgumentsDecorator object at 0x7e223c876b60>, verb_extension=<colcon_core.verb.build.BuildVerb object at 0x7e223c876710>, main=<bound method BuildVerb.main of <colcon_core.verb.build.BuildVerb object at 0x7e223c876710>>)
[0.692s] Level 1:colcon.colcon_core.package_discovery:discover_packages(colcon_meta) check parameters
[0.692s] Level 1:colcon.colcon_core.package_discovery:discover_packages(recursive) check parameters
[0.692s] Level 1:colcon.colcon_core.package_discovery:discover_packages(ignore) check parameters
[0.692s] Level 1:colcon.colcon_core.package_discovery:discover_packages(path) check parameters
[0.692s] Level 1:colcon.colcon_core.package_discovery:discover_packages(colcon_meta) discover
[0.692s] Level 1:colcon.colcon_core.package_discovery:discover_packages(recursive) discover
[0.693s] INFO:colcon.colcon_core.package_discovery:Crawling recursively for packages in '/home/lukevizzini/logitech_arm_code/arm_code/arm_code_logitech'
[0.693s] Level 1:colcon.colcon_core.package_identification:_identify(.) by extensions ['ignore', 'ignore_ament_install']
[0.693s] Level 1:colcon.colcon_core.package_identification:_identify(.) by extension 'ignore'
[0.693s] Level 1:colcon.colcon_core.package_identification:_identify(.) by extension 'ignore_ament_install'
[0.693s] Level 1:colcon.colcon_core.package_identification:_identify(.) by extensions ['colcon_pkg']
[0.694s] Level 1:colcon.colcon_core.package_identification:_identify(.) by extension 'colcon_pkg'
[0.694s] Level 1:colcon.colcon_core.package_identification:_identify(.) by extensions ['colcon_meta']
[0.694s] Level 1:colcon.colcon_core.package_identification:_identify(.) by extension 'colcon_meta'
[0.694s] Level 1:colcon.colcon_core.package_identification:_identify(.) by extensions ['ros']
[0.694s] Level 1:colcon.colcon_core.package_identification:_identify(.) by extension 'ros'
[0.709s] Level 1:colcon.colcon_core.package_identification:_identify(.) by extensions ['cmake', 'python']
[0.710s] Level 1:colcon.colcon_core.package_identification:_identify(.) by extension 'cmake'
[0.710s] Level 1:colcon.colcon_core.package_identification:_identify(.) by extension 'python'
[0.710s] Level 1:colcon.colcon_core.package_identification:_identify(.) by extensions ['python_setup_py']
[0.710s] Level 1:colcon.colcon_core.package_identification:_identify(.) by extension 'python_setup_py'
[0.710s] Level 1:colcon.colcon_core.package_identification:_identify(build) by extensions ['ignore', 'ignore_ament_install']
[0.710s] Level 1:colcon.colcon_core.package_identification:_identify(build) by extension 'ignore'
[0.710s] Level 1:colcon.colcon_core.package_identification:_identify(build) ignored
[0.711s] Level 1:colcon.colcon_core.package_identification:_identify(install) by extensions ['ignore', 'ignore_ament_install']
[0.711s] Level 1:colcon.colcon_core.package_identification:_identify(install) by extension 'ignore'
[0.711s] Level 1:colcon.colcon_core.package_identification:_identify(install) ignored
[0.711s] Level 1:colcon.colcon_core.package_identification:_identify(log) by extensions ['ignore', 'ignore_ament_install']
[0.711s] Level 1:colcon.colcon_core.package_identification:_identify(log) by extension 'ignore'
[0.711s] Level 1:colcon.colcon_core.package_identification:_identify(log) ignored
[0.711s] Level 1:colcon.colcon_core.package_identification:_identify(src) by extensions ['ignore', 'ignore_ament_install']
[0.712s] Level 1:colcon.colcon_core.package_identification:_identify(src) by extension 'ignore'
[0.712s] Level 1:colcon.colcon_core.package_identification:_identify(src) by extension 'ignore_ament_install'
[0.712s] Level 1:colcon.colcon_core.package_identification:_identify(src) by extensions ['colcon_pkg']
[0.712s] Level 1:colcon.colcon_core.package_identification:_identify(src) by extension 'colcon_pkg'
[0.712s] Level 1:colcon.colcon_core.package_identification:_identify(src) by extensions ['colcon_meta']
[0.712s] Level 1:colcon.colcon_core.package_identification:_identify(src) by extension 'colcon_meta'
[0.712s] Level 1:colcon.colcon_core.package_identification:_identify(src) by extensions ['ros']
[0.712s] Level 1:colcon.colcon_core.package_identification:_identify(src) by extension 'ros'
[0.712s] Level 1:colcon.colcon_core.package_identification:_identify(src) by extensions ['cmake', 'python']
[0.712s] Level 1:colcon.colcon_core.package_identification:_identify(src) by extension 'cmake'
[0.712s] Level 1:colcon.colcon_core.package_identification:_identify(src) by extension 'python'
[0.712s] Level 1:colcon.colcon_core.package_identification:_identify(src) by extensions ['python_setup_py']
[0.712s] Level 1:colcon.colcon_core.package_identification:_identify(src) by extension 'python_setup_py'
[0.712s] Level 1:colcon.colcon_core.package_identification:_identify(src/bringup) by extensions ['ignore', 'ignore_ament_install']
[0.713s] Level 1:colcon.colcon_core.package_identification:_identify(src/bringup) by extension 'ignore'
[0.713s] Level 1:colcon.colcon_core.package_identification:_identify(src/bringup) by extension 'ignore_ament_install'
[0.713s] Level 1:colcon.colcon_core.package_identification:_identify(src/bringup) by extensions ['colcon_pkg']
[0.713s] Level 1:colcon.colcon_core.package_identification:_identify(src/bringup) by extension 'colcon_pkg'
[0.713s] Level 1:colcon.colcon_core.package_identification:_identify(src/bringup) by extensions ['colcon_meta']
[0.713s] Level 1:colcon.colcon_core.package_identification:_identify(src/bringup) by extension 'colcon_meta'
[0.713s] Level 1:colcon.colcon_core.package_identification:_identify(src/bringup) by extensions ['ros']
[0.713s] Level 1:colcon.colcon_core.package_identification:_identify(src/bringup) by extension 'ros'
[0.716s] DEBUG:colcon.colcon_core.package_identification:Package 'src/bringup' with type 'ros.ament_cmake' and name 'arm_bringup'
[0.716s] Level 1:colcon.colcon_core.package_identification:_identify(src/config) by extensions ['ignore', 'ignore_ament_install']
[0.716s] Level 1:colcon.colcon_core.package_identification:_identify(src/config) by extension 'ignore'
[0.716s] Level 1:colcon.colcon_core.package_identification:_identify(src/config) by extension 'ignore_ament_install'
[0.717s] Level 1:colcon.colcon_core.package_identification:_identify(src/config) by extensions ['colcon_pkg']
[0.717s] Level 1:colcon.colcon_core.package_identification:_identify(src/config) by extension 'colcon_pkg'
[0.717s] Level 1:colcon.colcon_core.package_identification:_identify(src/config) by extensions ['colcon_meta']
[0.717s] Level 1:colcon.colcon_core.package_identification:_identify(src/config) by extension 'colcon_meta'
[0.717s] Level 1:colcon.colcon_core.package_identification:_identify(src/config) by extensions ['ros']
[0.717s] Level 1:colcon.colcon_core.package_identification:_identify(src/config) by extension 'ros'
[0.718s] DEBUG:colcon.colcon_core.package_identification:Package 'src/config' with type 'ros.ament_cmake' and name 'arm_config'
[0.718s] Level 1:colcon.colcon_core.package_identification:_identify(src/description) by extensions ['ignore', 'ignore_ament_install']
[0.718s] Level 1:colcon.colcon_core.package_identification:_identify(src/description) by extension 'ignore'
[0.718s] Level 1:colcon.colcon_core.package_identification:_identify(src/description) by extension 'ignore_ament_install'
[0.718s] Level 1:colcon.colcon_core.package_identification:_identify(src/description) by extensions ['colcon_pkg']
[0.718s] Level 1:colcon.colcon_core.package_identification:_identify(src/description) by extension 'colcon_pkg'
[0.718s] Level 1:colcon.colcon_core.package_identification:_identify(src/description) by extensions ['colcon_meta']
[0.718s] Level 1:colcon.colcon_core.package_identification:_identify(src/description) by extension 'colcon_meta'
[0.718s] Level 1:colcon.colcon_core.package_identification:_identify(src/description) by extensions ['ros']
[0.718s] Level 1:colcon.colcon_core.package_identification:_identify(src/description) by extension 'ros'
[0.719s] DEBUG:colcon.colcon_core.package_identification:Package 'src/description' with type 'ros.ament_cmake' and name 'arm_description'
[0.719s] Level 1:colcon.colcon_core.package_identification:_identify(src/launch) by extensions ['ignore', 'ignore_ament_install']
[0.719s] Level 1:colcon.colcon_core.package_identification:_identify(src/launch) by extension 'ignore'
[0.720s] Level 1:colcon.colcon_core.package_identification:_identify(src/launch) by extension 'ignore_ament_install'
[0.720s] Level 1:colcon.colcon_core.package_identification:_identify(src/launch) by extensions ['colcon_pkg']
[0.720s] Level 1:colcon.colcon_core.package_identification:_identify(src/launch) by extension 'colcon_pkg'
[0.720s] Level 1:colcon.colcon_core.package_identification:_identify(src/launch) by extensions ['colcon_meta']
[0.720s] Level 1:colcon.colcon_core.package_identification:_identify(src/launch) by extension 'colcon_meta'
[0.720s] Level 1:colcon.colcon_core.package_identification:_identify(src/launch) by extensions ['ros']
[0.720s] Level 1:colcon.colcon_core.package_identification:_identify(src/launch) by extension 'ros'
[0.721s] DEBUG:colcon.colcon_core.package_identification:Package 'src/launch' with type 'ros.ament_cmake' and name 'arm_launch'
[0.721s] Level 1:colcon.colcon_core.package_identification:_identify(src/pwm_bridge) by extensions ['ignore', 'ignore_ament_install']
[0.721s] Level 1:colcon.colcon_core.package_identification:_identify(src/pwm_bridge) by extension 'ignore'
[0.722s] Level 1:colcon.colcon_core.package_identification:_identify(src/pwm_bridge) by extension 'ignore_ament_install'
[0.722s] Level 1:colcon.colcon_core.package_identification:_identify(src/pwm_bridge) by extensions ['colcon_pkg']
[0.722s] Level 1:colcon.colcon_core.package_identification:_identify(src/pwm_bridge) by extension 'colcon_pkg'
[0.722s] Level 1:colcon.colcon_core.package_identification:_identify(src/pwm_bridge) by extensions ['colcon_meta']
[0.722s] Level 1:colcon.colcon_core.package_identification:_identify(src/pwm_bridge) by extension 'colcon_meta'
[0.722s] Level 1:colcon.colcon_core.package_identification:_identify(src/pwm_bridge) by extensions ['ros']
[0.722s] Level 1:colcon.colcon_core.package_identification:_identify(src/pwm_bridge) by extension 'ros'
[0.723s] DEBUG:colcon.colcon_core.package_identification:Package 'src/pwm_bridge' with type 'ros.ament_python' and name 'arm_pwm_bridge'
[0.723s] Level 1:colcon.colcon_core.package_identification:_identify(src/teleop) by extensions ['ignore', 'ignore_ament_install']
[0.723s] Level 1:colcon.colcon_core.package_identification:_identify(src/teleop) by extension 'ignore'
[0.724s] Level 1:colcon.colcon_core.package_identification:_identify(src/teleop) by extension 'ignore_ament_install'
[0.724s] Level 1:colcon.colcon_core.package_identification:_identify(src/teleop) by extensions ['colcon_pkg']
[0.724s] Level 1:colcon.colcon_core.package_identification:_identify(src/teleop) by extension 'colcon_pkg'
[0.724s] Level 1:colcon.colcon_core.package_identification:_identify(src/teleop) by extensions ['colcon_meta']
[0.724s] Level 1:colcon.colcon_core.package_identification:_identify(src/teleop) by extension 'colcon_meta'
[0.724s] Level 1:colcon.colcon_core.package_identification:_identify(src/teleop) by extensions ['ros']
[0.724s] Level 1:colcon.colcon_core.package_identification:_identify(src/teleop) by extension 'ros'
[0.725s] DEBUG:colcon.colcon_core.package_identification:Package 'src/teleop' with type 'ros.ament_python' and name 'arm_teleop'
[0.725s] Level 1:colcon.colcon_core.package_discovery:discover_packages(recursive) using defaults
[0.725s] Level 1:colcon.colcon_core.package_discovery:discover_packages(ignore) discover
[0.725s] Level 1:colcon.colcon_core.package_discovery:discover_packages(ignore) using defaults
[0.725s] Level 1:colcon.colcon_core.package_discovery:discover_packages(path) discover
[0.725s] Level 1:colcon.colcon_core.package_discovery:discover_packages(path) using defaults
[0.784s] Level 1:colcon.colcon_core.package_discovery:discover_packages(prefix_path) check parameters
[0.785s] Level 1:colcon.colcon_core.package_discovery:discover_packages(prefix_path) discover
[0.790s] DEBUG:colcon.colcon_installed_package_information.package_discovery:Found 6 installed packages in /home/lukevizzini/logitech_arm_code/arm_code/arm_code_logitech/install
[0.792s] DEBUG:colcon.colcon_installed_package_information.package_discovery:Found 6 installed packages in /home/lukevizzini/arm_v3/arm_code/install
[0.794s] DEBUG:colcon.colcon_installed_package_information.package_discovery:Found 6 installed packages in /home/lukevizzini/arm_new_v2/arm_code/install
[0.796s] DEBUG:colcon.colcon_installed_package_information.package_discovery:Found 421 installed packages in /opt/ros/humble
[0.799s] Level 1:colcon.colcon_core.package_discovery:discover_packages(prefix_path) using defaults
[0.885s] Level 5:colcon.colcon_core.verb:set package 'arm_config' build argument 'cmake_args' from command line to 'None'
[0.885s] Level 5:colcon.colcon_core.verb:set package 'arm_config' build argument 'cmake_target' from command line to 'None'
[0.885s] Level 5:colcon.colcon_core.verb:set package 'arm_config' build argument 'cmake_target_skip_unavailable' from command line to 'False'
[0.885s] Level 5:colcon.colcon_core.verb:set package 'arm_config' build argument 'cmake_clean_cache' from command line to 'False'
[0.885s] Level 5:colcon.colcon_core.verb:set package 'arm_config' build argument 'cmake_clean_first' from command line to 'False'
[0.885s] Level 5:colcon.colcon_core.verb:set package 'arm_config' build argument 'cmake_force_configure' from command line to 'False'
[0.885s] Level 5:colcon.colcon_core.verb:set package 'arm_config' build argument 'ament_cmake_args' from command line to 'None'
[0.885s] Level 5:colcon.colcon_core.verb:set package 'arm_config' build argument 'catkin_cmake_args' from command line to 'None'
[0.885s] Level 5:colcon.colcon_core.verb:set package 'arm_config' build argument 'catkin_skip_building_tests' from command line to 'False'
[0.885s] DEBUG:colcon.colcon_core.verb:Building package 'arm_config' with the following arguments: {'ament_cmake_args': None, 'build_base': '/home/lukevizzini/logitech_arm_code/arm_code/arm_code_logitech/build/arm_config', 'catkin_cmake_args': None, 'catkin_skip_building_tests': False, 'cmake_args': None, 'cmake_clean_cache': False, 'cmake_clean_first': False, 'cmake_force_configure': False, 'cmake_target': None, 'cmake_target_skip_unavailable': False, 'install_base': '/home/lukevizzini/logitech_arm_code/arm_code/arm_code_logitech/install/arm_config', 'merge_install': False, 'path': '/home/lukevizzini/logitech_arm_code/arm_code/arm_code_logitech/src/config', 'symlink_install': True, 'test_result_base': None}
[0.886s] Level 5:colcon.colcon_core.verb:set package 'arm_pwm_bridge' build argument 'cmake_args' from command line to 'None'
[0.886s] Level 5:colcon.colcon_core.verb:set package 'arm_pwm_bridge' build argument 'cmake_target' from command line to 'None'
[0.886s] Level 5:colcon.colcon_core.verb:set package 'arm_pwm_bridge' build argument 'cmake_target_skip_unavailable' from command line to 'False'
[0.886s] Level 5:colcon.colcon_core.verb:set package 'arm_pwm_bridge' build argument 'cmake_clean_cache' from command line to 'False'
[0.886s] Level 5:colcon.colcon_core.verb:set package 'arm_pwm_bridge' build argument 'cmake_clean_first' from command line to 'False'
[0.886s] Level 5:colcon.colcon_core.verb:set package 'arm_pwm_bridge' build argument 'cmake_force_configure' from command line to 'False'
[0.886s] Level 5:colcon.colcon_core.verb:set package 'arm_pwm_bridge' build argument 'ament_cmake_args' from command line to 'None'
[0.886s] Level 5:colcon.colcon_core.verb:set package 'arm_pwm_bridge' build argument 'catkin_cmake_args' from command line to 'None'
[0.886s] Level 5:colcon.colcon_core.verb:set package 'arm_pwm_bridge' build argument 'catkin_skip_building_tests' from command line to 'False'
[0.886s] DEBUG:colcon.colcon_core.verb:Building package 'arm_pwm_bridge' with the following arguments: {'ament_cmake_args': None, 'build_base': '/home/lukevizzini/logitech_arm_code/arm_code/arm_code_logitech/build/arm_pwm_bridge', 'catkin_cmake_args': None, 'catkin_skip_building_tests': False, 'cmake_args': None, 'cmake_clean_cache': False, 'cmake_clean_first': False, 'cmake_force_configure': False, 'cmake_target': None, 'cmake_target_skip_unavailable': False, 'install_base': '/home/lukevizzini/logitech_arm_code/arm_code/arm_code_logitech/install/arm_pwm_bridge', 'merge_install': False, 'path': '/home/lukevizzini/logitech_arm_code/arm_code/arm_code_logitech/src/pwm_bridge', 'symlink_install': True, 'test_result_base': None}
[0.887s] Level 5:colcon.colcon_core.verb:set package 'arm_teleop' build argument 'cmake_args' from command line to 'None'
[0.887s] Level 5:colcon.colcon_core.verb:set package 'arm_teleop' build argument 'cmake_target' from command line to 'None'
[0.887s] Level 5:colcon.colcon_core.verb:set package 'arm_teleop' build argument 'cmake_target_skip_unavailable' from command line to 'False'
[0.887s] Level 5:colcon.colcon_core.verb:set package 'arm_teleop' build argument 'cmake_clean_cache' from command line to 'False'
[0.887s] Level 5:colcon.colcon_core.verb:set package 'arm_teleop' build argument 'cmake_clean_first' from command line to 'False'
[0.887s] Level 5:colcon.colcon_core.verb:set package 'arm_teleop' build argument 'cmake_force_configure' from command line to 'False'
[0.887s] Level 5:colcon.colcon_core.verb:set package 'arm_teleop' build argument 'ament_cmake_args' from command line to 'None'
[0.887s] Level 5:colcon.colcon_core.verb:set package 'arm_teleop' build argument 'catkin_cmake_args' from command line to 'None'
[0.887s] Level 5:colcon.colcon_core.verb:set package 'arm_teleop' build argument 'catkin_skip_building_tests' from command line to 'False'
[0.887s] DEBUG:colcon.colcon_core.verb:Building package 'arm_teleop' with the following arguments: {'ament_cmake_args': None, 'build_base': '/home/lukevizzini/logitech_arm_code/arm_code/arm_code_logitech/build/arm_teleop', 'catkin_cmake_args': None, 'catkin_skip_building_tests': False, 'cmake_args': None, 'cmake_clean_cache': False, 'cmake_clean_first': False, 'cmake_force_configure': False, 'cmake_target': None, 'cmake_target_skip_unavailable': False, 'install_base': '/home/lukevizzini/logitech_arm_code/arm_code/arm_code_logitech/install/arm_teleop', 'merge_install': False, 'path': '/home/lukevizzini/logitech_arm_code/arm_code/arm_code_logitech/src/teleop', 'symlink_install': True, 'test_result_base': None}
[0.887s] Level 5:colcon.colcon_core.verb:set package 'arm_description' build argument 'cmake_args' from command line to 'None'
[0.887s] Level 5:colcon.colcon_core.verb:set package 'arm_description' build argument 'cmake_target' from command line to 'None'
[0.887s] Level 5:colcon.colcon_core.verb:set package 'arm_description' build argument 'cmake_target_skip_unavailable' from command line to 'False'
[0.887s] Level 5:colcon.colcon_core.verb:set package 'arm_description' build argument 'cmake_clean_cache' from command line to 'False'
[0.888s] Level 5:colcon.colcon_core.verb:set package 'arm_description' build argument 'cmake_clean_first' from command line to 'False'
[0.888s] Level 5:colcon.colcon_core.verb:set package 'arm_description' build argument 'cmake_force_configure' from command line to 'False'
[0.888s] Level 5:colcon.colcon_core.verb:set package 'arm_description' build argument 'ament_cmake_args' from command line to 'None'
[0.888s] Level 5:colcon.colcon_core.verb:set package 'arm_description' build argument 'catkin_cmake_args' from command line to 'None'
[0.888s] Level 5:colcon.colcon_core.verb:set package 'arm_description' build argument 'catkin_skip_building_tests' from command line to 'False'
[0.888s] DEBUG:colcon.colcon_core.verb:Building package 'arm_description' with the following arguments: {'ament_cmake_args': None, 'build_base': '/home/lukevizzini/logitech_arm_code/arm_code/arm_code_logitech/build/arm_description', 'catkin_cmake_args': None, 'catkin_skip_building_tests': False, 'cmake_args': None, 'cmake_clean_cache': False, 'cmake_clean_first': False, 'cmake_force_configure': False, 'cmake_target': None, 'cmake_target_skip_unavailable': False, 'install_base': '/home/lukevizzini/logitech_arm_code/arm_code/arm_code_logitech/install/arm_description', 'merge_install': False, 'path': '/home/lukevizzini/logitech_arm_code/arm_code/arm_code_logitech/src/description', 'symlink_install': True, 'test_result_base': None}
[0.888s] Level 5:colcon.colcon_core.verb:set package 'arm_bringup' build argument 'cmake_args' from command line to 'None'
[0.888s] Level 5:colcon.colcon_core.verb:set package 'arm_bringup' build argument 'cmake_target' from command line to 'None'
[0.888s] Level 5:colcon.colcon_core.verb:set package 'arm_bringup' build argument 'cmake_target_skip_unavailable' from command line to 'False'
[0.888s] Level 5:colcon.colcon_core.verb:set package 'arm_bringup' build argument 'cmake_clean_cache' from command line to 'False'
[0.888s] Level 5:colcon.colcon_core.verb:set package 'arm_bringup' build argument 'cmake_clean_first' from command line to 'False'
[0.888s] Level 5:colcon.colcon_core.verb:set package 'arm_bringup' build argument 'cmake_force_configure' from command line to 'False'
[0.888s] Level 5:colcon.colcon_core.verb:set package 'arm_bringup' build argument 'ament_cmake_args' from command line to 'None'
[0.888s] Level 5:colcon.colcon_core.verb:set package 'arm_bringup' build argument 'catkin_cmake_args' from command line to 'None'
[0.888s] Level 5:colcon.colcon_core.verb:set package 'arm_bringup' build argument 'catkin_skip_building_tests' from command line to 'False'
[0.888s] DEBUG:colcon.colcon_core.verb:Building package 'arm_bringup' with the following arguments: {'ament_cmake_args': None, 'build_base': '/home/lukevizzini/logitech_arm_code/arm_code/arm_code_logitech/build/arm_bringup', 'catkin_cmake_args': None, 'catkin_skip_building_tests': False, 'cmake_args': None, 'cmake_clean_cache': False, 'cmake_clean_first': False, 'cmake_force_configure': False, 'cmake_target': None, 'cmake_target_skip_unavailable': False, 'install_base': '/home/lukevizzini/logitech_arm_code/arm_code/arm_code_logitech/install/arm_bringup', 'merge_install': False, 'path': '/home/lukevizzini/logitech_arm_code/arm_code/arm_code_logitech/src/bringup', 'symlink_install': True, 'test_result_base': None}
[0.889s] Level 5:colcon.colcon_core.verb:set package 'arm_launch' build argument 'cmake_args' from command line to 'None'
[0.889s] Level 5:colcon.colcon_core.verb:set package 'arm_launch' build argument 'cmake_target' from command line to 'None'
[0.889s] Level 5:colcon.colcon_core.verb:set package 'arm_launch' build argument 'cmake_target_skip_unavailable' from command line to 'False'
[0.889s] Level 5:colcon.colcon_core.verb:set package 'arm_launch' build argument 'cmake_clean_cache' from command line to 'False'
[0.889s] Level 5:colcon.colcon_core.verb:set package 'arm_launch' build argument 'cmake_clean_first' from command line to 'False'
[0.889s] Level 5:colcon.colcon_core.verb:set package 'arm_launch' build argument 'cmake_force_configure' from command line to 'False'
[0.889s] Level 5:colcon.colcon_core.verb:set package 'arm_launch' build argument 'ament_cmake_args' from command line to 'None'
[0.889s] Level 5:colcon.colcon_core.verb:set package 'arm_launch' build argument 'catkin_cmake_args' from command line to 'None'
[0.889s] Level 5:colcon.colcon_core.verb:set package 'arm_launch' build argument 'catkin_skip_building_tests' from command line to 'False'
[0.889s] DEBUG:colcon.colcon_core.verb:Building package 'arm_launch' with the following arguments: {'ament_cmake_args': None, 'build_base': '/home/lukevizzini/logitech_arm_code/arm_code/arm_code_logitech/build/arm_launch', 'catkin_cmake_args': None, 'catkin_skip_building_tests': False, 'cmake_args': None, 'cmake_clean_cache': False, 'cmake_clean_first': False, 'cmake_force_configure': False, 'cmake_target': None, 'cmake_target_skip_unavailable': False, 'install_base': '/home/lukevizzini/logitech_arm_code/arm_code/arm_code_logitech/install/arm_launch', 'merge_install': False, 'path': '/home/lukevizzini/logitech_arm_code/arm_code/arm_code_logitech/src/launch', 'symlink_install': True, 'test_result_base': None}
[0.890s] INFO:colcon.colcon_core.executor:Executing jobs using 'parallel' executor
[0.891s] DEBUG:colcon.colcon_parallel_executor.executor.parallel:run_until_complete
[0.892s] INFO:colcon.colcon_ros.task.ament_cmake.build:Building ROS package in '/home/lukevizzini/logitech_arm_code/arm_code/arm_code_logitech/src/config' with build type 'ament_cmake'
[0.892s] INFO:colcon.colcon_cmake.task.cmake.build:Building CMake package in '/home/lukevizzini/logitech_arm_code/arm_code/arm_code_logitech/src/config'
[0.897s] INFO:colcon.colcon_core.plugin_system:Skipping extension 'colcon_core.shell.bat': Not used on non-Windows systems
[0.897s] INFO:colcon.colcon_core.shell:Skip shell extension 'powershell' for command environment: Not usable outside of PowerShell
[0.898s] DEBUG:colcon.colcon_core.shell:Skip shell extension 'dsv' for command environment
[0.909s] INFO:colcon.colcon_ros.task.ament_python.build:Building ROS package in '/home/lukevizzini/logitech_arm_code/arm_code/arm_code_logitech/src/pwm_bridge' with build type 'ament_python'
[0.910s] Level 1:colcon.colcon_core.shell:create_environment_hook('arm_pwm_bridge', 'ament_prefix_path')
[0.911s] INFO:colcon.colcon_core.shell:Creating environment hook '/home/lukevizzini/logitech_arm_code/arm_code/arm_code_logitech/install/arm_pwm_bridge/share/arm_pwm_bridge/hook/ament_prefix_path.ps1'
[0.912s] INFO:colcon.colcon_core.shell:Creating environment descriptor '/home/lukevizzini/logitech_arm_code/arm_code/arm_code_logitech/install/arm_pwm_bridge/share/arm_pwm_bridge/hook/ament_prefix_path.dsv'
[0.913s] INFO:colcon.colcon_core.shell:Creating environment hook '/home/lukevizzini/logitech_arm_code/arm_code/arm_code_logitech/install/arm_pwm_bridge/share/arm_pwm_bridge/hook/ament_prefix_path.sh'
[0.914s] INFO:colcon.colcon_core.shell:Skip shell extension 'powershell' for command environment: Not usable outside of PowerShell
[0.914s] DEBUG:colcon.colcon_core.shell:Skip shell extension 'dsv' for command environment
[0.920s] INFO:colcon.colcon_ros.task.ament_python.build:Building ROS package in '/home/lukevizzini/logitech_arm_code/arm_code/arm_code_logitech/src/teleop' with build type 'ament_python'
[0.921s] Level 1:colcon.colcon_core.shell:create_environment_hook('arm_teleop', 'ament_prefix_path')
[0.922s] INFO:colcon.colcon_core.shell:Creating environment hook '/home/lukevizzini/logitech_arm_code/arm_code/arm_code_logitech/install/arm_teleop/share/arm_teleop/hook/ament_prefix_path.ps1'
[0.923s] INFO:colcon.colcon_core.shell:Creating environment descriptor '/home/lukevizzini/logitech_arm_code/arm_code/arm_code_logitech/install/arm_teleop/share/arm_teleop/hook/ament_prefix_path.dsv'
[0.924s] INFO:colcon.colcon_core.shell:Creating environment hook '/home/lukevizzini/logitech_arm_code/arm_code/arm_code_logitech/install/arm_teleop/share/arm_teleop/hook/ament_prefix_path.sh'
[0.926s] INFO:colcon.colcon_core.shell:Skip shell extension 'powershell' for command environment: Not usable outside of PowerShell
[0.926s] DEBUG:colcon.colcon_core.shell:Skip shell extension 'dsv' for command environment
[0.943s] DEBUG:colcon.colcon_core.event_handler.log_command:Invoking command in '/home/lukevizzini/logitech_arm_code/arm_code/arm_code_logitech/build/arm_config': CMAKE_PREFIX_PATH=${CMAKE_PREFIX_PATH}:/home/lukevizzini/logitech_arm_code/arm_code/arm_code_logitech/install/arm_teleop:/home/lukevizzini/logitech_arm_code/arm_code/arm_code_logitech/install/arm_pwm_bridge:/home/lukevizzini/arm_v3/arm_code/install/arm_teleop:/home/lukevizzini/arm_v3/arm_code/install/arm_pwm_bridge:/home/lukevizzini/arm_new_v2/arm_code/install/arm_teleop:/home/lukevizzini/arm_new_v2/arm_code/install/arm_pwm_bridge:/opt/ros/humble /usr/bin/cmake --build /home/lukevizzini/logitech_arm_code/arm_code/arm_code_logitech/build/arm_config -- -j8 -l8
[1.372s] INFO:colcon.colcon_core.task.python.build:Building Python package in '/home/lukevizzini/logitech_arm_code/arm_code/arm_code_logitech/src/pwm_bridge'
[1.373s] INFO:colcon.colcon_core.shell:Skip shell extension 'powershell' for command environment: Not usable outside of PowerShell
[1.373s] DEBUG:colcon.colcon_core.shell:Skip shell extension 'dsv' for command environment
[1.793s] INFO:colcon.colcon_core.task.python.build:Building Python package in '/home/lukevizzini/logitech_arm_code/arm_code/arm_code_logitech/src/teleop'
[1.794s] INFO:colcon.colcon_core.shell:Skip shell extension 'powershell' for command environment: Not usable outside of PowerShell
[1.794s] DEBUG:colcon.colcon_core.shell:Skip shell extension 'dsv' for command environment
[1.804s] DEBUG:colcon.colcon_core.event_handler.log_command:Invoked command in '/home/lukevizzini/logitech_arm_code/arm_code/arm_code_logitech/build/arm_config' returned '0': CMAKE_PREFIX_PATH=${CMAKE_PREFIX_PATH}:/home/lukevizzini/logitech_arm_code/arm_code/arm_code_logitech/install/arm_teleop:/home/lukevizzini/logitech_arm_code/arm_code/arm_code_logitech/install/arm_pwm_bridge:/home/lukevizzini/arm_v3/arm_code/install/arm_teleop:/home/lukevizzini/arm_v3/arm_code/install/arm_pwm_bridge:/home/lukevizzini/arm_new_v2/arm_code/install/arm_teleop:/home/lukevizzini/arm_new_v2/arm_code/install/arm_pwm_bridge:/opt/ros/humble /usr/bin/cmake --build /home/lukevizzini/logitech_arm_code/arm_code/arm_code_logitech/build/arm_config -- -j8 -l8
[1.821s] DEBUG:colcon.colcon_core.event_handler.log_command:Invoking command in '/home/lukevizzini/logitech_arm_code/arm_code/arm_code_logitech/build/arm_config': CMAKE_PREFIX_PATH=${CMAKE_PREFIX_PATH}:/home/lukevizzini/logitech_arm_code/arm_code/arm_code_logitech/install/arm_teleop:/home/lukevizzini/logitech_arm_code/arm_code/arm_code_logitech/install/arm_pwm_bridge:/home/lukevizzini/arm_v3/arm_code/install/arm_teleop:/home/lukevizzini/arm_v3/arm_code/install/arm_pwm_bridge:/home/lukevizzini/arm_new_v2/arm_code/install/arm_teleop:/home/lukevizzini/arm_new_v2/arm_code/install/arm_pwm_bridge:/opt/ros/humble /usr/bin/cmake --install /home/lukevizzini/logitech_arm_code/arm_code/arm_code_logitech/build/arm_config
[1.867s] Level 1:colcon.colcon_core.environment:create_environment_scripts_only(arm_config)
[1.868s] DEBUG:colcon.colcon_core.event_handler.log_command:Invoked command in '/home/lukevizzini/logitech_arm_code/arm_code/arm_code_logitech/build/arm_config' returned '0': CMAKE_PREFIX_PATH=${CMAKE_PREFIX_PATH}:/home/lukevizzini/logitech_arm_code/arm_code/arm_code_logitech/install/arm_teleop:/home/lukevizzini/logitech_arm_code/arm_code/arm_code_logitech/install/arm_pwm_bridge:/home/lukevizzini/arm_v3/arm_code/install/arm_teleop:/home/lukevizzini/arm_v3/arm_code/install/arm_pwm_bridge:/home/lukevizzini/arm_new_v2/arm_code/install/arm_teleop:/home/lukevizzini/arm_new_v2/arm_code/install/arm_pwm_bridge:/opt/ros/humble /usr/bin/cmake --install /home/lukevizzini/logitech_arm_code/arm_code/arm_code_logitech/build/arm_config
[1.872s] Level 1:colcon.colcon_core.environment:checking '/home/lukevizzini/logitech_arm_code/arm_code/arm_code_logitech/install/arm_config' for CMake module files
[1.873s] Level 1:colcon.colcon_core.environment:checking '/home/lukevizzini/logitech_arm_code/arm_code/arm_code_logitech/install/arm_config' for CMake config files
[1.874s] Level 1:colcon.colcon_core.shell:create_environment_hook('arm_config', 'cmake_prefix_path')
[1.874s] INFO:colcon.colcon_core.shell:Creating environment hook '/home/lukevizzini/logitech_arm_code/arm_code/arm_code_logitech/install/arm_config/share/arm_config/hook/cmake_prefix_path.ps1'
[1.875s] INFO:colcon.colcon_core.shell:Creating environment descriptor '/home/lukevizzini/logitech_arm_code/arm_code/arm_code_logitech/install/arm_config/share/arm_config/hook/cmake_prefix_path.dsv'
[1.876s] INFO:colcon.colcon_core.shell:Creating environment hook '/home/lukevizzini/logitech_arm_code/arm_code/arm_code_logitech/install/arm_config/share/arm_config/hook/cmake_prefix_path.sh'
[1.877s] Level 1:colcon.colcon_core.environment:checking '/home/lukevizzini/logitech_arm_code/arm_code/arm_code_logitech/install/arm_config/bin'
[1.877s] Level 1:colcon.colcon_core.environment:checking '/home/lukevizzini/logitech_arm_code/arm_code/arm_code_logitech/install/arm_config/lib/pkgconfig/arm_config.pc'
[1.878s] Level 1:colcon.colcon_core.environment:checking '/home/lukevizzini/logitech_arm_code/arm_code/arm_code_logitech/install/arm_config/lib/python3.10/site-packages'
[1.878s] Level 1:colcon.colcon_core.environment:checking '/home/lukevizzini/logitech_arm_code/arm_code/arm_code_logitech/install/arm_config/bin'
[1.879s] INFO:colcon.colcon_core.shell:Creating package script '/home/lukevizzini/logitech_arm_code/arm_code/arm_code_logitech/install/arm_config/share/arm_config/package.ps1'
[1.880s] INFO:colcon.colcon_core.shell:Creating package descriptor '/home/lukevizzini/logitech_arm_code/arm_code/arm_code_logitech/install/arm_config/share/arm_config/package.dsv'
[1.882s] INFO:colcon.colcon_core.shell:Creating package script '/home/lukevizzini/logitech_arm_code/arm_code/arm_code_logitech/install/arm_config/share/arm_config/package.sh'
[1.883s] INFO:colcon.colcon_core.shell:Creating package script '/home/lukevizzini/logitech_arm_code/arm_code/arm_code_logitech/install/arm_config/share/arm_config/package.bash'
[1.884s] INFO:colcon.colcon_core.shell:Creating package script '/home/lukevizzini/logitech_arm_code/arm_code/arm_code_logitech/install/arm_config/share/arm_config/package.zsh'
[1.885s] Level 1:colcon.colcon_core.environment:create_file_with_runtime_dependencies(/home/lukevizzini/logitech_arm_code/arm_code/arm_code_logitech/install/arm_config/share/colcon-core/packages/arm_config)
[1.885s] Level 1:colcon.colcon_core.environment:create_environment_scripts_only(arm_config)
[1.886s] Level 1:colcon.colcon_core.environment:checking '/home/lukevizzini/logitech_arm_code/arm_code/arm_code_logitech/install/arm_config' for CMake module files
[1.886s] Level 1:colcon.colcon_core.environment:checking '/home/lukevizzini/logitech_arm_code/arm_code/arm_code_logitech/install/arm_config' for CMake config files
[1.887s] Level 1:colcon.colcon_core.shell:create_environment_hook('arm_config', 'cmake_prefix_path')
[1.887s] INFO:colcon.colcon_core.shell:Creating environment hook '/home/lukevizzini/logitech_arm_code/arm_code/arm_code_logitech/install/arm_config/share/arm_config/hook/cmake_prefix_path.ps1'
[1.888s] INFO:colcon.colcon_core.shell:Creating environment descriptor '/home/lukevizzini/logitech_arm_code/arm_code/arm_code_logitech/install/arm_config/share/arm_config/hook/cmake_prefix_path.dsv'
[1.888s] INFO:colcon.colcon_core.shell:Creating environment hook '/home/lukevizzini/logitech_arm_code/arm_code/arm_code_logitech/install/arm_config/share/arm_config/hook/cmake_prefix_path.sh'
[1.889s] Level 1:colcon.colcon_core.environment:checking '/home/lukevizzini/logitech_arm_code/arm_code/arm_code_logitech/install/arm_config/bin'
[1.889s] Level 1:colcon.colcon_core.environment:checking '/home/lukevizzini/logitech_arm_code/arm_code/arm_code_logitech/install/arm_config/lib/pkgconfig/arm_config.pc'
[1.890s] Level 1:colcon.colcon_core.environment:checking '/home/lukevizzini/logitech_arm_code/arm_code/arm_code_logitech/install/arm_config/lib/python3.10/site-packages'
[1.890s] Level 1:colcon.colcon_core.environment:checking '/home/lukevizzini/logitech_arm_code/arm_code/arm_code_logitech/install/arm_config/bin'
[1.890s] INFO:colcon.colcon_core.shell:Creating package script '/home/lukevizzini/logitech_arm_code/arm_code/arm_code_logitech/install/arm_config/share/arm_config/package.ps1'
[1.891s] INFO:colcon.colcon_core.shell:Creating package descriptor '/home/lukevizzini/logitech_arm_code/arm_code/arm_code_logitech/install/arm_config/share/arm_config/package.dsv'
[1.892s] INFO:colcon.colcon_core.shell:Creating package script '/home/lukevizzini/logitech_arm_code/arm_code/arm_code_logitech/install/arm_config/share/arm_config/package.sh'
[1.892s] INFO:colcon.colcon_core.shell:Creating package script '/home/lukevizzini/logitech_arm_code/arm_code/arm_code_logitech/install/arm_config/share/arm_config/package.bash'
[1.893s] INFO:colcon.colcon_core.shell:Creating package script '/home/lukevizzini/logitech_arm_code/arm_code/arm_code_logitech/install/arm_config/share/arm_config/package.zsh'
[1.894s] Level 1:colcon.colcon_core.environment:create_file_with_runtime_dependencies(/home/lukevizzini/logitech_arm_code/arm_code/arm_code_logitech/install/arm_config/share/colcon-core/packages/arm_config)
[1.895s] INFO:colcon.colcon_ros.task.ament_cmake.build:Building ROS package in '/home/lukevizzini/logitech_arm_code/arm_code/arm_code_logitech/src/description' with build type 'ament_cmake'
[1.896s] INFO:colcon.colcon_cmake.task.cmake.build:Building CMake package in '/home/lukevizzini/logitech_arm_code/arm_code/arm_code_logitech/src/description'
[1.897s] INFO:colcon.colcon_core.shell:Skip shell extension 'powershell' for command environment: Not usable outside of PowerShell
[1.897s] DEBUG:colcon.colcon_core.shell:Skip shell extension 'dsv' for command environment
[2.027s] DEBUG:colcon.colcon_core.event_handler.log_command:Invoking command in '/home/lukevizzini/logitech_arm_code/arm_code/arm_code_logitech/build/arm_description': CMAKE_PREFIX_PATH=/home/lukevizzini/logitech_arm_code/arm_code/arm_code_logitech/install/arm_config:/home/lukevizzini/logitech_arm_code/arm_code/arm_code_logitech/install/arm_launch:/home/lukevizzini/logitech_arm_code/arm_code/arm_code_logitech/install/arm_bringup:/home/lukevizzini/logitech_arm_code/arm_code/arm_code_logitech/install/arm_description:/home/lukevizzini/arm_v3/arm_code/install/arm_launch:/home/lukevizzini/arm_v3/arm_code/install/arm_bringup:/home/lukevizzini/arm_v3/arm_code/install/arm_description:/home/lukevizzini/arm_v3/arm_code/install/arm_config:/home/lukevizzini/arm_new_v2/arm_code/install/arm_launch:/home/lukevizzini/arm_new_v2/arm_code/install/arm_bringup:/home/lukevizzini/arm_new_v2/arm_code/install/arm_description:/home/lukevizzini/arm_new_v2/arm_code/install/arm_config:/home/lukevizzini/logitech_arm_code/arm_code/arm_code_logitech/install/arm_teleop:/home/lukevizzini/logitech_arm_code/arm_code/arm_code_logitech/install/arm_pwm_bridge:/home/lukevizzini/arm_v3/arm_code/install/arm_teleop:/home/lukevizzini/arm_v3/arm_code/install/arm_pwm_bridge:/home/lukevizzini/arm_new_v2/arm_code/install/arm_teleop:/home/lukevizzini/arm_new_v2/arm_code/install/arm_pwm_bridge:/opt/ros/humble /usr/bin/cmake --build /home/lukevizzini/logitech_arm_code/arm_code/arm_code_logitech/build/arm_description -- -j8 -l8
[2.086s] DEBUG:colcon.colcon_core.event_handler.log_command:Invoked command in '/home/lukevizzini/logitech_arm_code/arm_code/arm_code_logitech/build/arm_description' returned '0': CMAKE_PREFIX_PATH=/home/lukevizzini/logitech_arm_code/arm_code/arm_code_logitech/install/arm_config:/home/lukevizzini/logitech_arm_code/arm_code/arm_code_logitech/install/arm_launch:/home/lukevizzini/logitech_arm_code/arm_code/arm_code_logitech/install/arm_bringup:/home/lukevizzini/logitech_arm_code/arm_code/arm_code_logitech/install/arm_description:/home/lukevizzini/arm_v3/arm_code/install/arm_launch:/home/lukevizzini/arm_v3/arm_code/install/arm_bringup:/home/lukevizzini/arm_v3/arm_code/install/arm_description:/home/lukevizzini/arm_v3/arm_code/install/arm_config:/home/lukevizzini/arm_new_v2/arm_code/install/arm_launch:/home/lukevizzini/arm_new_v2/arm_code/install/arm_bringup:/home/lukevizzini/arm_new_v2/arm_code/install/arm_description:/home/lukevizzini/arm_new_v2/arm_code/install/arm_config:/home/lukevizzini/logitech_arm_code/arm_code/arm_code_logitech/install/arm_teleop:/home/lukevizzini/logitech_arm_code/arm_code/arm_code_logitech/install/arm_pwm_bridge:/home/lukevizzini/arm_v3/arm_code/install/arm_teleop:/home/lukevizzini/arm_v3/arm_code/install/arm_pwm_bridge:/home/lukevizzini/arm_new_v2/arm_code/install/arm_teleop:/home/lukevizzini/arm_new_v2/arm_code/install/arm_pwm_bridge:/opt/ros/humble /usr/bin/cmake --build /home/lukevizzini/logitech_arm_code/arm_code/arm_code_logitech/build/arm_description -- -j8 -l8
[2.090s] DEBUG:colcon.colcon_core.event_handler.log_command:Invoking command in '/home/lukevizzini/logitech_arm_code/arm_code/arm_code_logitech/build/arm_description': CMAKE_PREFIX_PATH=/home/lukevizzini/logitech_arm_code/arm_code/arm_code_logitech/install/arm_config:/home/lukevizzini/logitech_arm_code/arm_code/arm_code_logitech/install/arm_launch:/home/lukevizzini/logitech_arm_code/arm_code/arm_code_logitech/install/arm_bringup:/home/lukevizzini/logitech_arm_code/arm_code/arm_code_logitech/install/arm_description:/home/lukevizzini/arm_v3/arm_code/install/arm_launch:/home/lukevizzini/arm_v3/arm_code/install/arm_bringup:/home/lukevizzini/arm_v3/arm_code/install/arm_description:/home/lukevizzini/arm_v3/arm_code/install/arm_config:/home/lukevizzini/arm_new_v2/arm_code/install/arm_launch:/home/lukevizzini/arm_new_v2/arm_code/install/arm_bringup:/home/lukevizzini/arm_new_v2/arm_code/install/arm_description:/home/lukevizzini/arm_new_v2/arm_code/install/arm_config:/home/lukevizzini/logitech_arm_code/arm_code/arm_code_logitech/install/arm_teleop:/home/lukevizzini/logitech_arm_code/arm_code/arm_code_logitech/install/arm_pwm_bridge:/home/lukevizzini/arm_v3/arm_code/install/arm_teleop:/home/lukevizzini/arm_v3/arm_code/install/arm_pwm_bridge:/home/lukevizzini/arm_new_v2/arm_code/install/arm_teleop:/home/lukevizzini/arm_new_v2/arm_code/install/arm_pwm_bridge:/opt/ros/humble /usr/bin/cmake --install /home/lukevizzini/logitech_arm_code/arm_code/arm_code_logitech/build/arm_description
[2.127s] Level 1:colcon.colcon_core.environment:create_environment_scripts_only(arm_description)
[2.128s] Level 1:colcon.colcon_core.environment:checking '/home/lukevizzini/logitech_arm_code/arm_code/arm_code_logitech/install/arm_description' for CMake module files
[2.129s] DEBUG:colcon.colcon_core.event_handler.log_command:Invoked command in '/home/lukevizzini/logitech_arm_code/arm_code/arm_code_logitech/build/arm_description' returned '0': CMAKE_PREFIX_PATH=/home/lukevizzini/logitech_arm_code/arm_code/arm_code_logitech/install/arm_config:/home/lukevizzini/logitech_arm_code/arm_code/arm_code_logitech/install/arm_launch:/home/lukevizzini/logitech_arm_code/arm_code/arm_code_logitech/install/arm_bringup:/home/lukevizzini/logitech_arm_code/arm_code/arm_code_logitech/install/arm_description:/home/lukevizzini/arm_v3/arm_code/install/arm_launch:/home/lukevizzini/arm_v3/arm_code/install/arm_bringup:/home/lukevizzini/arm_v3/arm_code/install/arm_description:/home/lukevizzini/arm_v3/arm_code/install/arm_config:/home/lukevizzini/arm_new_v2/arm_code/install/arm_launch:/home/lukevizzini/arm_new_v2/arm_code/install/arm_bringup:/home/lukevizzini/arm_new_v2/arm_code/install/arm_description:/home/lukevizzini/arm_new_v2/arm_code/install/arm_config:/home/lukevizzini/logitech_arm_code/arm_code/arm_code_logitech/install/arm_teleop:/home/lukevizzini/logitech_arm_code/arm_code/arm_code_logitech/install/arm_pwm_bridge:/home/lukevizzini/arm_v3/arm_code/install/arm_teleop:/home/lukevizzini/arm_v3/arm_code/install/arm_pwm_bridge:/home/lukevizzini/arm_new_v2/arm_code/install/arm_teleop:/home/lukevizzini/arm_new_v2/arm_code/install/arm_pwm_bridge:/opt/ros/humble /usr/bin/cmake --install /home/lukevizzini/logitech_arm_code/arm_code/arm_code_logitech/build/arm_description
[2.129s] Level 1:colcon.colcon_core.environment:checking '/home/lukevizzini/logitech_arm_code/arm_code/arm_code_logitech/install/arm_description' for CMake config files
[2.130s] Level 1:colcon.colcon_core.shell:create_environment_hook('arm_description', 'cmake_prefix_path')
[2.130s] INFO:colcon.colcon_core.shell:Creating environment hook '/home/lukevizzini/logitech_arm_code/arm_code/arm_code_logitech/install/arm_description/share/arm_description/hook/cmake_prefix_path.ps1'
[2.131s] INFO:colcon.colcon_core.shell:Creating environment descriptor '/home/lukevizzini/logitech_arm_code/arm_code/arm_code_logitech/install/arm_description/share/arm_description/hook/cmake_prefix_path.dsv'
[2.132s] INFO:colcon.colcon_core.shell:Creating environment hook '/home/lukevizzini/logitech_arm_code/arm_code/arm_code_logitech/install/arm_description/share/arm_description/hook/cmake_prefix_path.sh'
[2.133s] Level 1:colcon.colcon_core.environment:checking '/home/lukevizzini/logitech_arm_code/arm_code/arm_code_logitech/install/arm_description/bin'
[2.133s] Level 1:colcon.colcon_core.environment:checking '/home/lukevizzini/logitech_arm_code/arm_code/arm_code_logitech/install/arm_description/lib/pkgconfig/arm_description.pc'
[2.134s] Level 1:colcon.colcon_core.environment:checking '/home/lukevizzini/logitech_arm_code/arm_code/arm_code_logitech/install/arm_description/lib/python3.10/site-packages'
[2.134s] Level 1:colcon.colcon_core.environment:checking '/home/lukevizzini/logitech_arm_code/arm_code/arm_code_logitech/install/arm_description/bin'
[2.135s] INFO:colcon.colcon_core.shell:Creating package script '/home/lukevizzini/logitech_arm_code/arm_code/arm_code_logitech/install/arm_description/share/arm_description/package.ps1'
[2.136s] INFO:colcon.colcon_core.shell:Creating package descriptor '/home/lukevizzini/logitech_arm_code/arm_code/arm_code_logitech/install/arm_description/share/arm_description/package.dsv'
[2.137s] INFO:colcon.colcon_core.shell:Creating package script '/home/lukevizzini/logitech_arm_code/arm_code/arm_code_logitech/install/arm_description/share/arm_description/package.sh'
[2.138s] INFO:colcon.colcon_core.shell:Creating package script '/home/lukevizzini/logitech_arm_code/arm_code/arm_code_logitech/install/arm_description/share/arm_description/package.bash'
[2.139s] INFO:colcon.colcon_core.shell:Creating package script '/home/lukevizzini/logitech_arm_code/arm_code/arm_code_logitech/install/arm_description/share/arm_description/package.zsh'
[2.139s] Level 1:colcon.colcon_core.environment:create_file_with_runtime_dependencies(/home/lukevizzini/logitech_arm_code/arm_code/arm_code_logitech/install/arm_description/share/colcon-core/packages/arm_description)
[2.141s] Level 1:colcon.colcon_core.environment:create_environment_scripts_only(arm_description)
[2.142s] Level 1:colcon.colcon_core.environment:checking '/home/lukevizzini/logitech_arm_code/arm_code/arm_code_logitech/install/arm_description' for CMake module files
[2.143s] Level 1:colcon.colcon_core.environment:checking '/home/lukevizzini/logitech_arm_code/arm_code/arm_code_logitech/install/arm_description' for CMake config files
[2.144s] Level 1:colcon.colcon_core.shell:create_environment_hook('arm_description', 'cmake_prefix_path')
[2.144s] INFO:colcon.colcon_core.shell:Creating environment hook '/home/lukevizzini/logitech_arm_code/arm_code/arm_code_logitech/install/arm_description/share/arm_description/hook/cmake_prefix_path.ps1'
[2.146s] INFO:colcon.colcon_core.shell:Creating environment descriptor '/home/lukevizzini/logitech_arm_code/arm_code/arm_code_logitech/install/arm_description/share/arm_description/hook/cmake_prefix_path.dsv'
[2.146s] INFO:colcon.colcon_core.shell:Creating environment hook '/home/lukevizzini/logitech_arm_code/arm_code/arm_code_logitech/install/arm_description/share/arm_description/hook/cmake_prefix_path.sh'
[2.147s] Level 1:colcon.colcon_core.environment:checking '/home/lukevizzini/logitech_arm_code/arm_code/arm_code_logitech/install/arm_description/bin'
[2.148s] Level 1:colcon.colcon_core.environment:checking '/home/lukevizzini/logitech_arm_code/arm_code/arm_code_logitech/install/arm_description/lib/pkgconfig/arm_description.pc'
[2.148s] Level 1:colcon.colcon_core.environment:checking '/home/lukevizzini/logitech_arm_code/arm_code/arm_code_logitech/install/arm_description/lib/python3.10/site-packages'
[2.148s] Level 1:colcon.colcon_core.environment:checking '/home/lukevizzini/logitech_arm_code/arm_code/arm_code_logitech/install/arm_description/bin'
[2.149s] INFO:colcon.colcon_core.shell:Creating package script '/home/lukevizzini/logitech_arm_code/arm_code/arm_code_logitech/install/arm_description/share/arm_description/package.ps1'
[2.149s] INFO:colcon.colcon_core.shell:Creating package descriptor '/home/lukevizzini/logitech_arm_code/arm_code/arm_code_logitech/install/arm_description/share/arm_description/package.dsv'
[2.150s] INFO:colcon.colcon_core.shell:Creating package script '/home/lukevizzini/logitech_arm_code/arm_code/arm_code_logitech/install/arm_description/share/arm_description/package.sh'
[2.151s] INFO:colcon.colcon_core.shell:Creating package script '/home/lukevizzini/logitech_arm_code/arm_code/arm_code_logitech/install/arm_description/share/arm_description/package.bash'
[2.152s] INFO:colcon.colcon_core.shell:Creating package script '/home/lukevizzini/logitech_arm_code/arm_code/arm_code_logitech/install/arm_description/share/arm_description/package.zsh'
[2.152s] Level 1:colcon.colcon_core.environment:create_file_with_runtime_dependencies(/home/lukevizzini/logitech_arm_code/arm_code/arm_code_logitech/install/arm_description/share/colcon-core/packages/arm_description)
[2.153s] INFO:colcon.colcon_ros.task.ament_cmake.build:Building ROS package in '/home/lukevizzini/logitech_arm_code/arm_code/arm_code_logitech/src/bringup' with build type 'ament_cmake'
[2.154s] INFO:colcon.colcon_cmake.task.cmake.build:Building CMake package in '/home/lukevizzini/logitech_arm_code/arm_code/arm_code_logitech/src/bringup'
[2.155s] INFO:colcon.colcon_core.shell:Skip shell extension 'powershell' for command environment: Not usable outside of PowerShell
[2.155s] DEBUG:colcon.colcon_core.shell:Skip shell extension 'dsv' for command environment
[2.436s] DEBUG:colcon.colcon_core.event_handler.log_command:Invoking command in '/home/lukevizzini/logitech_arm_code/arm_code/arm_code_logitech/build/arm_bringup': CMAKE_PREFIX_PATH=/home/lukevizzini/logitech_arm_code/arm_code/arm_code_logitech/install/arm_description:/home/lukevizzini/logitech_arm_code/arm_code/arm_code_logitech/install/arm_config:/home/lukevizzini/logitech_arm_code/arm_code/arm_code_logitech/install/arm_launch:/home/lukevizzini/logitech_arm_code/arm_code/arm_code_logitech/install/arm_bringup:/home/lukevizzini/arm_v3/arm_code/install/arm_launch:/home/lukevizzini/arm_v3/arm_code/install/arm_bringup:/home/lukevizzini/arm_v3/arm_code/install/arm_description:/home/lukevizzini/arm_v3/arm_code/install/arm_config:/home/lukevizzini/arm_new_v2/arm_code/install/arm_launch:/home/lukevizzini/arm_new_v2/arm_code/install/arm_bringup:/home/lukevizzini/arm_new_v2/arm_code/install/arm_description:/home/lukevizzini/arm_new_v2/arm_code/install/arm_config:/home/lukevizzini/logitech_arm_code/arm_code/arm_code_logitech/install/arm_teleop:/home/lukevizzini/logitech_arm_code/arm_code/arm_code_logitech/install/arm_pwm_bridge:/home/lukevizzini/arm_v3/arm_code/install/arm_teleop:/home/lukevizzini/arm_v3/arm_code/install/arm_pwm_bridge:/home/lukevizzini/arm_new_v2/arm_code/install/arm_teleop:/home/lukevizzini/arm_new_v2/arm_code/install/arm_pwm_bridge:/opt/ros/humble /usr/bin/cmake --build /home/lukevizzini/logitech_arm_code/arm_code/arm_code_logitech/build/arm_bringup -- -j8 -l8
[2.486s] DEBUG:colcon.colcon_core.event_handler.log_command:Invoked command in '/home/lukevizzini/logitech_arm_code/arm_code/arm_code_logitech/build/arm_bringup' returned '0': CMAKE_PREFIX_PATH=/home/lukevizzini/logitech_arm_code/arm_code/arm_code_logitech/install/arm_description:/home/lukevizzini/logitech_arm_code/arm_code/arm_code_logitech/install/arm_config:/home/lukevizzini/logitech_arm_code/arm_code/arm_code_logitech/install/arm_launch:/home/lukevizzini/logitech_arm_code/arm_code/arm_code_logitech/install/arm_bringup:/home/lukevizzini/arm_v3/arm_code/install/arm_launch:/home/lukevizzini/arm_v3/arm_code/install/arm_bringup:/home/lukevizzini/arm_v3/arm_code/install/arm_description:/home/lukevizzini/arm_v3/arm_code/install/arm_config:/home/lukevizzini/arm_new_v2/arm_code/install/arm_launch:/home/lukevizzini/arm_new_v2/arm_code/install/arm_bringup:/home/lukevizzini/arm_new_v2/arm_code/install/arm_description:/home/lukevizzini/arm_new_v2/arm_code/install/arm_config:/home/lukevizzini/logitech_arm_code/arm_code/arm_code_logitech/install/arm_teleop:/home/lukevizzini/logitech_arm_code/arm_code/arm_code_logitech/install/arm_pwm_bridge:/home/lukevizzini/arm_v3/arm_code/install/arm_teleop:/home/lukevizzini/arm_v3/arm_code/install/arm_pwm_bridge:/home/lukevizzini/arm_new_v2/arm_code/install/arm_teleop:/home/lukevizzini/arm_new_v2/arm_code/install/arm_pwm_bridge:/opt/ros/humble /usr/bin/cmake --build /home/lukevizzini/logitech_arm_code/arm_code/arm_code_logitech/build/arm_bringup -- -j8 -l8
[2.488s] DEBUG:colcon.colcon_core.event_handler.log_command:Invoking command in '/home/lukevizzini/logitech_arm_code/arm_code/arm_code_logitech/build/arm_bringup': CMAKE_PREFIX_PATH=/home/lukevizzini/logitech_arm_code/arm_code/arm_code_logitech/install/arm_description:/home/lukevizzini/logitech_arm_code/arm_code/arm_code_logitech/install/arm_config:/home/lukevizzini/logitech_arm_code/arm_code/arm_code_logitech/install/arm_launch:/home/lukevizzini/logitech_arm_code/arm_code/arm_code_logitech/install/arm_bringup:/home/lukevizzini/arm_v3/arm_code/install/arm_launch:/home/lukevizzini/arm_v3/arm_code/install/arm_bringup:/home/lukevizzini/arm_v3/arm_code/install/arm_description:/home/lukevizzini/arm_v3/arm_code/install/arm_config:/home/lukevizzini/arm_new_v2/arm_code/install/arm_launch:/home/lukevizzini/arm_new_v2/arm_code/install/arm_bringup:/home/lukevizzini/arm_new_v2/arm_code/install/arm_description:/home/lukevizzini/arm_new_v2/arm_code/install/arm_config:/home/lukevizzini/logitech_arm_code/arm_code/arm_code_logitech/install/arm_teleop:/home/lukevizzini/logitech_arm_code/arm_code/arm_code_logitech/install/arm_pwm_bridge:/home/lukevizzini/arm_v3/arm_code/install/arm_teleop:/home/lukevizzini/arm_v3/arm_code/install/arm_pwm_bridge:/home/lukevizzini/arm_new_v2/arm_code/install/arm_teleop:/home/lukevizzini/arm_new_v2/arm_code/install/arm_pwm_bridge:/opt/ros/humble /usr/bin/cmake --install /home/lukevizzini/logitech_arm_code/arm_code/arm_code_logitech/build/arm_bringup
[2.518s] Level 1:colcon.colcon_core.environment:create_environment_scripts_only(arm_bringup)
[2.519s] Level 1:colcon.colcon_core.environment:checking '/home/lukevizzini/logitech_arm_code/arm_code/arm_code_logitech/install/arm_bringup' for CMake module files
[2.519s] DEBUG:colcon.colcon_core.event_handler.log_command:Invoked command in '/home/lukevizzini/logitech_arm_code/arm_code/arm_code_logitech/build/arm_bringup' returned '0': CMAKE_PREFIX_PATH=/home/lukevizzini/logitech_arm_code/arm_code/arm_code_logitech/install/arm_description:/home/lukevizzini/logitech_arm_code/arm_code/arm_code_logitech/install/arm_config:/home/lukevizzini/logitech_arm_code/arm_code/arm_code_logitech/install/arm_launch:/home/lukevizzini/logitech_arm_code/arm_code/arm_code_logitech/install/arm_bringup:/home/lukevizzini/arm_v3/arm_code/install/arm_launch:/home/lukevizzini/arm_v3/arm_code/install/arm_bringup:/home/lukevizzini/arm_v3/arm_code/install/arm_description:/home/lukevizzini/arm_v3/arm_code/install/arm_config:/home/lukevizzini/arm_new_v2/arm_code/install/arm_launch:/home/lukevizzini/arm_new_v2/arm_code/install/arm_bringup:/home/lukevizzini/arm_new_v2/arm_code/install/arm_description:/home/lukevizzini/arm_new_v2/arm_code/install/arm_config:/home/lukevizzini/logitech_arm_code/arm_code/arm_code_logitech/install/arm_teleop:/home/lukevizzini/logitech_arm_code/arm_code/arm_code_logitech/install/arm_pwm_bridge:/home/lukevizzini/arm_v3/arm_code/install/arm_teleop:/home/lukevizzini/arm_v3/arm_code/install/arm_pwm_bridge:/home/lukevizzini/arm_new_v2/arm_code/install/arm_teleop:/home/lukevizzini/arm_new_v2/arm_code/install/arm_pwm_bridge:/opt/ros/humble /usr/bin/cmake --install /home/lukevizzini/logitech_arm_code/arm_code/arm_code_logitech/build/arm_bringup
[2.520s] Level 1:colcon.colcon_core.environment:checking '/home/lukevizzini/logitech_arm_code/arm_code/arm_code_logitech/install/arm_bringup' for CMake config files
[2.521s] Level 1:colcon.colcon_core.shell:create_environment_hook('arm_bringup', 'cmake_prefix_path')
[2.521s] INFO:colcon.colcon_core.shell:Creating environment hook '/home/lukevizzini/logitech_arm_code/arm_code/arm_code_logitech/install/arm_bringup/share/arm_bringup/hook/cmake_prefix_path.ps1'
[2.522s] INFO:colcon.colcon_core.shell:Creating environment descriptor '/home/lukevizzini/logitech_arm_code/arm_code/arm_code_logitech/install/arm_bringup/share/arm_bringup/hook/cmake_prefix_path.dsv'
[2.523s] INFO:colcon.colcon_core.shell:Creating environment hook '/home/lukevizzini/logitech_arm_code/arm_code/arm_code_logitech/install/arm_bringup/share/arm_bringup/hook/cmake_prefix_path.sh'
[2.524s] Level 1:colcon.colcon_core.environment:checking '/home/lukevizzini/logitech_arm_code/arm_code/arm_code_logitech/install/arm_bringup/bin'
[2.524s] Level 1:colcon.colcon_core.environment:checking '/home/lukevizzini/logitech_arm_code/arm_code/arm_code_logitech/install/arm_bringup/lib/pkgconfig/arm_bringup.pc'
[2.524s] Level 1:colcon.colcon_core.environment:checking '/home/lukevizzini/logitech_arm_code/arm_code/arm_code_logitech/install/arm_bringup/lib/python3.10/site-packages'
[2.525s] Level 1:colcon.colcon_core.environment:checking '/home/lukevizzini/logitech_arm_code/arm_code/arm_code_logitech/install/arm_bringup/bin'
[2.525s] INFO:colcon.colcon_core.shell:Creating package script '/home/lukevizzini/logitech_arm_code/arm_code/arm_code_logitech/install/arm_bringup/share/arm_bringup/package.ps1'
[2.526s] INFO:colcon.colcon_core.shell:Creating package descriptor '/home/lukevizzini/logitech_arm_code/arm_code/arm_code_logitech/install/arm_bringup/share/arm_bringup/package.dsv'
[2.527s] INFO:colcon.colcon_core.shell:Creating package script '/home/lukevizzini/logitech_arm_code/arm_code/arm_code_logitech/install/arm_bringup/share/arm_bringup/package.sh'
[2.528s] INFO:colcon.colcon_core.shell:Creating package script '/home/lukevizzini/logitech_arm_code/arm_code/arm_code_logitech/install/arm_bringup/share/arm_bringup/package.bash'
[2.528s] INFO:colcon.colcon_core.shell:Creating package script '/home/lukevizzini/logitech_arm_code/arm_code/arm_code_logitech/install/arm_bringup/share/arm_bringup/package.zsh'
[2.529s] Level 1:colcon.colcon_core.environment:create_file_with_runtime_dependencies(/home/lukevizzini/logitech_arm_code/arm_code/arm_code_logitech/install/arm_bringup/share/colcon-core/packages/arm_bringup)
[2.531s] Level 1:colcon.colcon_core.environment:create_environment_scripts_only(arm_bringup)
[2.532s] Level 1:colcon.colcon_core.environment:checking '/home/lukevizzini/logitech_arm_code/arm_code/arm_code_logitech/install/arm_bringup' for CMake module files
[2.533s] Level 1:colcon.colcon_core.environment:checking '/home/lukevizzini/logitech_arm_code/arm_code/arm_code_logitech/install/arm_bringup' for CMake config files
[2.534s] Level 1:colcon.colcon_core.shell:create_environment_hook('arm_bringup', 'cmake_prefix_path')
[2.534s] INFO:colcon.colcon_core.shell:Creating environment hook '/home/lukevizzini/logitech_arm_code/arm_code/arm_code_logitech/install/arm_bringup/share/arm_bringup/hook/cmake_prefix_path.ps1'
[2.534s] INFO:colcon.colcon_core.shell:Creating environment descriptor '/home/lukevizzini/logitech_arm_code/arm_code/arm_code_logitech/install/arm_bringup/share/arm_bringup/hook/cmake_prefix_path.dsv'
[2.535s] INFO:colcon.colcon_core.shell:Creating environment hook '/home/lukevizzini/logitech_arm_code/arm_code/arm_code_logitech/install/arm_bringup/share/arm_bringup/hook/cmake_prefix_path.sh'
[2.537s] Level 1:colcon.colcon_core.environment:checking '/home/lukevizzini/logitech_arm_code/arm_code/arm_code_logitech/install/arm_bringup/bin'
[2.537s] Level 1:colcon.colcon_core.environment:checking '/home/lukevizzini/logitech_arm_code/arm_code/arm_code_logitech/install/arm_bringup/lib/pkgconfig/arm_bringup.pc'
[2.538s] Level 1:colcon.colcon_core.environment:checking '/home/lukevizzini/logitech_arm_code/arm_code/arm_code_logitech/install/arm_bringup/lib/python3.10/site-packages'
[2.538s] Level 1:colcon.colcon_core.environment:checking '/home/lukevizzini/logitech_arm_code/arm_code/arm_code_logitech/install/arm_bringup/bin'
[2.539s] INFO:colcon.colcon_core.shell:Creating package script '/home/lukevizzini/logitech_arm_code/arm_code/arm_code_logitech/install/arm_bringup/share/arm_bringup/package.ps1'
[2.540s] INFO:colcon.colcon_core.shell:Creating package descriptor '/home/lukevizzini/logitech_arm_code/arm_code/arm_code_logitech/install/arm_bringup/share/arm_bringup/package.dsv'
[2.541s] INFO:colcon.colcon_core.shell:Creating package script '/home/lukevizzini/logitech_arm_code/arm_code/arm_code_logitech/install/arm_bringup/share/arm_bringup/package.sh'
[2.542s] INFO:colcon.colcon_core.shell:Creating package script '/home/lukevizzini/logitech_arm_code/arm_code/arm_code_logitech/install/arm_bringup/share/arm_bringup/package.bash'
[2.542s] INFO:colcon.colcon_core.shell:Creating package script '/home/lukevizzini/logitech_arm_code/arm_code/arm_code_logitech/install/arm_bringup/share/arm_bringup/package.zsh'
[2.543s] Level 1:colcon.colcon_core.environment:create_file_with_runtime_dependencies(/home/lukevizzini/logitech_arm_code/arm_code/arm_code_logitech/install/arm_bringup/share/colcon-core/packages/arm_bringup)
[2.551s] DEBUG:colcon.colcon_core.event_handler.log_command:Invoking command in '/home/lukevizzini/logitech_arm_code/arm_code/arm_code_logitech/build/arm_teleop': PYTHONPATH=/home/lukevizzini/logitech_arm_code/arm_code/arm_code_logitech/build/arm_teleop/prefix_override:/usr/lib/python3/dist-packages/colcon_core/task/python/colcon_distutils_commands:/home/lukevizzini/logitech_arm_code/arm_code/arm_code_logitech/install/arm_teleop/lib/python3.10/site-packages:${PYTHONPATH} /usr/bin/python3 -W ignore:setup.py install is deprecated -W ignore:easy_install command is deprecated setup.py develop --editable --build-directory /home/lukevizzini/logitech_arm_code/arm_code/arm_code_logitech/build/arm_teleop/build --no-deps symlink_data
[2.557s] DEBUG:colcon.colcon_core.event_handler.log_command:Invoking command in '/home/lukevizzini/logitech_arm_code/arm_code/arm_code_logitech/build/arm_pwm_bridge': PYTHONPATH=/home/lukevizzini/logitech_arm_code/arm_code/arm_code_logitech/build/arm_pwm_bridge/prefix_override:/usr/lib/python3/dist-packages/colcon_core/task/python/colcon_distutils_commands:/home/lukevizzini/logitech_arm_code/arm_code/arm_code_logitech/install/arm_pwm_bridge/lib/python3.10/site-packages:${PYTHONPATH} /usr/bin/python3 -W ignore:setup.py install is deprecated -W ignore:easy_install command is deprecated setup.py develop --editable --build-directory /home/lukevizzini/logitech_arm_code/arm_code/arm_code_logitech/build/arm_pwm_bridge/build --no-deps symlink_data
[3.333s] Level 1:colcon.colcon_core.shell:create_environment_hook('arm_teleop', 'pythonpath_develop')
[3.334s] INFO:colcon.colcon_core.shell:Creating environment hook '/home/lukevizzini/logitech_arm_code/arm_code/arm_code_logitech/build/arm_teleop/share/arm_teleop/hook/pythonpath_develop.ps1'
[3.334s] DEBUG:colcon.colcon_core.event_handler.log_command:Invoked command in '/home/lukevizzini/logitech_arm_code/arm_code/arm_code_logitech/build/arm_teleop' returned '0': PYTHONPATH=/home/lukevizzini/logitech_arm_code/arm_code/arm_code_logitech/build/arm_teleop/prefix_override:/usr/lib/python3/dist-packages/colcon_core/task/python/colcon_distutils_commands:/home/lukevizzini/logitech_arm_code/arm_code/arm_code_logitech/install/arm_teleop/lib/python3.10/site-packages:${PYTHONPATH} /usr/bin/python3 -W ignore:setup.py install is deprecated -W ignore:easy_install command is deprecated setup.py develop --editable --build-directory /home/lukevizzini/logitech_arm_code/arm_code/arm_code_logitech/build/arm_teleop/build --no-deps symlink_data
[3.336s] INFO:colcon.colcon_core.shell:Creating environment descriptor '/home/lukevizzini/logitech_arm_code/arm_code/arm_code_logitech/build/arm_teleop/share/arm_teleop/hook/pythonpath_develop.dsv'
[3.337s] INFO:colcon.colcon_core.shell:Creating environment hook '/home/lukevizzini/logitech_arm_code/arm_code/arm_code_logitech/build/arm_teleop/share/arm_teleop/hook/pythonpath_develop.sh'
[3.338s] Level 1:colcon.colcon_core.environment:checking '/home/lukevizzini/logitech_arm_code/arm_code/arm_code_logitech/install/arm_teleop' for CMake module files
[3.339s] Level 1:colcon.colcon_core.environment:checking '/home/lukevizzini/logitech_arm_code/arm_code/arm_code_logitech/install/arm_teleop' for CMake config files
[3.340s] Level 1:colcon.colcon_core.environment:checking '/home/lukevizzini/logitech_arm_code/arm_code/arm_code_logitech/install/arm_teleop/lib'
[3.341s] Level 1:colcon.colcon_core.environment:checking '/home/lukevizzini/logitech_arm_code/arm_code/arm_code_logitech/install/arm_teleop/bin'
[3.341s] Level 1:colcon.colcon_core.environment:checking '/home/lukevizzini/logitech_arm_code/arm_code/arm_code_logitech/install/arm_teleop/lib/pkgconfig/arm_teleop.pc'
[3.341s] Level 1:colcon.colcon_core.environment:checking '/home/lukevizzini/logitech_arm_code/arm_code/arm_code_logitech/install/arm_teleop/lib/python3.10/site-packages'
[3.341s] Level 1:colcon.colcon_core.shell:create_environment_hook('arm_teleop', 'pythonpath')
[3.342s] INFO:colcon.colcon_core.shell:Creating environment hook '/home/lukevizzini/logitech_arm_code/arm_code/arm_code_logitech/install/arm_teleop/share/arm_teleop/hook/pythonpath.ps1'
[3.342s] INFO:colcon.colcon_core.shell:Creating environment descriptor '/home/lukevizzini/logitech_arm_code/arm_code/arm_code_logitech/install/arm_teleop/share/arm_teleop/hook/pythonpath.dsv'
[3.344s] INFO:colcon.colcon_core.shell:Creating environment hook '/home/lukevizzini/logitech_arm_code/arm_code/arm_code_logitech/install/arm_teleop/share/arm_teleop/hook/pythonpath.sh'
[3.345s] Level 1:colcon.colcon_core.environment:checking '/home/lukevizzini/logitech_arm_code/arm_code/arm_code_logitech/install/arm_teleop/bin'
[3.345s] Level 1:colcon.colcon_core.environment:create_environment_scripts_only(arm_teleop)
[3.346s] INFO:colcon.colcon_core.shell:Creating package script '/home/lukevizzini/logitech_arm_code/arm_code/arm_code_logitech/install/arm_teleop/share/arm_teleop/package.ps1'
[3.347s] INFO:colcon.colcon_core.shell:Creating package descriptor '/home/lukevizzini/logitech_arm_code/arm_code/arm_code_logitech/install/arm_teleop/share/arm_teleop/package.dsv'
[3.347s] INFO:colcon.colcon_core.shell:Creating package script '/home/lukevizzini/logitech_arm_code/arm_code/arm_code_logitech/install/arm_teleop/share/arm_teleop/package.sh'
[3.349s] INFO:colcon.colcon_core.shell:Creating package script '/home/lukevizzini/logitech_arm_code/arm_code/arm_code_logitech/install/arm_teleop/share/arm_teleop/package.bash'
[3.349s] INFO:colcon.colcon_core.shell:Creating package script '/home/lukevizzini/logitech_arm_code/arm_code/arm_code_logitech/install/arm_teleop/share/arm_teleop/package.zsh'
[3.350s] Level 1:colcon.colcon_core.environment:create_file_with_runtime_dependencies(/home/lukevizzini/logitech_arm_code/arm_code/arm_code_logitech/install/arm_teleop/share/colcon-core/packages/arm_teleop)
[3.353s] Level 1:colcon.colcon_core.shell:create_environment_hook('arm_pwm_bridge', 'pythonpath_develop')
[3.354s] INFO:colcon.colcon_core.shell:Creating environment hook '/home/lukevizzini/logitech_arm_code/arm_code/arm_code_logitech/build/arm_pwm_bridge/share/arm_pwm_bridge/hook/pythonpath_develop.ps1'
[3.355s] DEBUG:colcon.colcon_core.event_handler.log_command:Invoked command in '/home/lukevizzini/logitech_arm_code/arm_code/arm_code_logitech/build/arm_pwm_bridge' returned '0': PYTHONPATH=/home/lukevizzini/logitech_arm_code/arm_code/arm_code_logitech/build/arm_pwm_bridge/prefix_override:/usr/lib/python3/dist-packages/colcon_core/task/python/colcon_distutils_commands:/home/lukevizzini/logitech_arm_code/arm_code/arm_code_logitech/install/arm_pwm_bridge/lib/python3.10/site-packages:${PYTHONPATH} /usr/bin/python3 -W ignore:setup.py install is deprecated -W ignore:easy_install command is deprecated setup.py develop --editable --build-directory /home/lukevizzini/logitech_arm_code/arm_code/arm_code_logitech/build/arm_pwm_bridge/build --no-deps symlink_data
[3.356s] INFO:colcon.colcon_core.shell:Creating environment descriptor '/home/lukevizzini/logitech_arm_code/arm_code/arm_code_logitech/build/arm_pwm_bridge/share/arm_pwm_bridge/hook/pythonpath_develop.dsv'
[3.356s] INFO:colcon.colcon_core.shell:Creating environment hook '/home/lukevizzini/logitech_arm_code/arm_code/arm_code_logitech/build/arm_pwm_bridge/share/arm_pwm_bridge/hook/pythonpath_develop.sh'
[3.357s] Level 1:colcon.colcon_core.environment:checking '/home/lukevizzini/logitech_arm_code/arm_code/arm_code_logitech/install/arm_pwm_bridge' for CMake module files
[3.358s] Level 1:colcon.colcon_core.environment:checking '/home/lukevizzini/logitech_arm_code/arm_code/arm_code_logitech/install/arm_pwm_bridge' for CMake config files
[3.358s] Level 1:colcon.colcon_core.environment:checking '/home/lukevizzini/logitech_arm_code/arm_code/arm_code_logitech/install/arm_pwm_bridge/lib'
[3.358s] Level 1:colcon.colcon_core.environment:checking '/home/lukevizzini/logitech_arm_code/arm_code/arm_code_logitech/install/arm_pwm_bridge/bin'
[3.358s] Level 1:colcon.colcon_core.environment:checking '/home/lukevizzini/logitech_arm_code/arm_code/arm_code_logitech/install/arm_pwm_bridge/lib/pkgconfig/arm_pwm_bridge.pc'
[3.359s] Level 1:colcon.colcon_core.environment:checking '/home/lukevizzini/logitech_arm_code/arm_code/arm_code_logitech/install/arm_pwm_bridge/lib/python3.10/site-packages'
[3.359s] Level 1:colcon.colcon_core.shell:create_environment_hook('arm_pwm_bridge', 'pythonpath')
[3.359s] INFO:colcon.colcon_core.shell:Creating environment hook '/home/lukevizzini/logitech_arm_code/arm_code/arm_code_logitech/install/arm_pwm_bridge/share/arm_pwm_bridge/hook/pythonpath.ps1'
[3.360s] INFO:colcon.colcon_core.shell:Creating environment descriptor '/home/lukevizzini/logitech_arm_code/arm_code/arm_code_logitech/install/arm_pwm_bridge/share/arm_pwm_bridge/hook/pythonpath.dsv'
[3.360s] INFO:colcon.colcon_core.shell:Creating environment hook '/home/lukevizzini/logitech_arm_code/arm_code/arm_code_logitech/install/arm_pwm_bridge/share/arm_pwm_bridge/hook/pythonpath.sh'
[3.360s] Level 1:colcon.colcon_core.environment:checking '/home/lukevizzini/logitech_arm_code/arm_code/arm_code_logitech/install/arm_pwm_bridge/bin'
[3.361s] Level 1:colcon.colcon_core.environment:create_environment_scripts_only(arm_pwm_bridge)
[3.361s] INFO:colcon.colcon_core.shell:Creating package script '/home/lukevizzini/logitech_arm_code/arm_code/arm_code_logitech/install/arm_pwm_bridge/share/arm_pwm_bridge/package.ps1'
[3.362s] INFO:colcon.colcon_core.shell:Creating package descriptor '/home/lukevizzini/logitech_arm_code/arm_code/arm_code_logitech/install/arm_pwm_bridge/share/arm_pwm_bridge/package.dsv'
[3.362s] INFO:colcon.colcon_core.shell:Creating package script '/home/lukevizzini/logitech_arm_code/arm_code/arm_code_logitech/install/arm_pwm_bridge/share/arm_pwm_bridge/package.sh'
[3.362s] INFO:colcon.colcon_core.shell:Creating package script '/home/lukevizzini/logitech_arm_code/arm_code/arm_code_logitech/install/arm_pwm_bridge/share/arm_pwm_bridge/package.bash'
[3.363s] INFO:colcon.colcon_core.shell:Creating package script '/home/lukevizzini/logitech_arm_code/arm_code/arm_code_logitech/install/arm_pwm_bridge/share/arm_pwm_bridge/package.zsh'
[3.363s] Level 1:colcon.colcon_core.environment:create_file_with_runtime_dependencies(/home/lukevizzini/logitech_arm_code/arm_code/arm_code_logitech/install/arm_pwm_bridge/share/colcon-core/packages/arm_pwm_bridge)
[3.364s] INFO:colcon.colcon_ros.task.ament_cmake.build:Building ROS package in '/home/lukevizzini/logitech_arm_code/arm_code/arm_code_logitech/src/launch' with build type 'ament_cmake'
[3.365s] INFO:colcon.colcon_cmake.task.cmake.build:Building CMake package in '/home/lukevizzini/logitech_arm_code/arm_code/arm_code_logitech/src/launch'
[3.366s] INFO:colcon.colcon_core.shell:Skip shell extension 'powershell' for command environment: Not usable outside of PowerShell
[3.366s] DEBUG:colcon.colcon_core.shell:Skip shell extension 'dsv' for command environment
[4.460s] DEBUG:colcon.colcon_core.event_handler.log_command:Invoking command in '/home/lukevizzini/logitech_arm_code/arm_code/arm_code_logitech/build/arm_launch': AMENT_PREFIX_PATH=/home/lukevizzini/logitech_arm_code/arm_code/arm_code_logitech/install/arm_teleop:/home/lukevizzini/logitech_arm_code/arm_code/arm_code_logitech/install/arm_pwm_bridge:/home/lukevizzini/logitech_arm_code/arm_code/arm_code_logitech/install/arm_launch:/home/lukevizzini/logitech_arm_code/arm_code/arm_code_logitech/install/arm_bringup:/home/lukevizzini/logitech_arm_code/arm_code/arm_code_logitech/install/arm_description:/home/lukevizzini/logitech_arm_code/arm_code/arm_code_logitech/install/arm_config:/home/lukevizzini/arm_v3/arm_code/install/arm_launch:/home/lukevizzini/arm_v3/arm_code/install/arm_teleop:/home/lukevizzini/arm_v3/arm_code/install/arm_pwm_bridge:/home/lukevizzini/arm_v3/arm_code/install/arm_bringup:/home/lukevizzini/arm_v3/arm_code/install/arm_description:/home/lukevizzini/arm_v3/arm_code/install/arm_config:/home/lukevizzini/arm_new_v2/arm_code/install/arm_launch:/home/lukevizzini/arm_new_v2/arm_code/install/arm_teleop:/home/lukevizzini/arm_new_v2/arm_code/install/arm_pwm_bridge:/home/lukevizzini/arm_new_v2/arm_code/install/arm_bringup:/home/lukevizzini/arm_new_v2/arm_code/install/arm_description:/home/lukevizzini/arm_new_v2/arm_code/install/arm_config:/opt/ros/humble CMAKE_PREFIX_PATH=/home/lukevizzini/logitech_arm_code/arm_code/arm_code_logitech/install/arm_bringup:/home/lukevizzini/logitech_arm_code/arm_code/arm_code_logitech/install/arm_description:/home/lukevizzini/logitech_arm_code/arm_code/arm_code_logitech/install/arm_config:/home/lukevizzini/logitech_arm_code/arm_code/arm_code_logitech/install/arm_launch:/home/lukevizzini/arm_v3/arm_code/install/arm_launch:/home/lukevizzini/arm_v3/arm_code/install/arm_bringup:/home/lukevizzini/arm_v3/arm_code/install/arm_description:/home/lukevizzini/arm_v3/arm_code/install/arm_config:/home/lukevizzini/arm_new_v2/arm_code/install/arm_launch:/home/lukevizzini/arm_new_v2/arm_code/install/arm_bringup:/home/lukevizzini/arm_new_v2/arm_code/install/arm_description:/home/lukevizzini/arm_new_v2/arm_code/install/arm_config:/home/lukevizzini/logitech_arm_code/arm_code/arm_code_logitech/install/arm_teleop:/home/lukevizzini/logitech_arm_code/arm_code/arm_code_logitech/install/arm_pwm_bridge:/home/lukevizzini/arm_v3/arm_code/install/arm_teleop:/home/lukevizzini/arm_v3/arm_code/install/arm_pwm_bridge:/home/lukevizzini/arm_new_v2/arm_code/install/arm_teleop:/home/lukevizzini/arm_new_v2/arm_code/install/arm_pwm_bridge:/opt/ros/humble /usr/bin/cmake --build /home/lukevizzini/logitech_arm_code/arm_code/arm_code_logitech/build/arm_launch -- -j8 -l8
[4.506s] DEBUG:colcon.colcon_core.event_handler.log_command:Invoked command in '/home/lukevizzini/logitech_arm_code/arm_code/arm_code_logitech/build/arm_launch' returned '0': AMENT_PREFIX_PATH=/home/lukevizzini/logitech_arm_code/arm_code/arm_code_logitech/install/arm_teleop:/home/lukevizzini/logitech_arm_code/arm_code/arm_code_logitech/install/arm_pwm_bridge:/home/lukevizzini/logitech_arm_code/arm_code/arm_code_logitech/install/arm_launch:/home/lukevizzini/logitech_arm_code/arm_code/arm_code_logitech/install/arm_bringup:/home/lukevizzini/logitech_arm_code/arm_code/arm_code_logitech/install/arm_description:/home/lukevizzini/logitech_arm_code/arm_code/arm_code_logitech/install/arm_config:/home/lukevizzini/arm_v3/arm_code/install/arm_launch:/home/lukevizzini/arm_v3/arm_code/install/arm_teleop:/home/lukevizzini/arm_v3/arm_code/install/arm_pwm_bridge:/home/lukevizzini/arm_v3/arm_code/install/arm_bringup:/home/lukevizzini/arm_v3/arm_code/install/arm_description:/home/lukevizzini/arm_v3/arm_code/install/arm_config:/home/lukevizzini/arm_new_v2/arm_code/install/arm_launch:/home/lukevizzini/arm_new_v2/arm_code/install/arm_teleop:/home/lukevizzini/arm_new_v2/arm_code/install/arm_pwm_bridge:/home/lukevizzini/arm_new_v2/arm_code/install/arm_bringup:/home/lukevizzini/arm_new_v2/arm_code/install/arm_description:/home/lukevizzini/arm_new_v2/arm_code/install/arm_config:/opt/ros/humble CMAKE_PREFIX_PATH=/home/lukevizzini/logitech_arm_code/arm_code/arm_code_logitech/install/arm_bringup:/home/lukevizzini/logitech_arm_code/arm_code/arm_code_logitech/install/arm_description:/home/lukevizzini/logitech_arm_code/arm_code/arm_code_logitech/install/arm_config:/home/lukevizzini/logitech_arm_code/arm_code/arm_code_logitech/install/arm_launch:/home/lukevizzini/arm_v3/arm_code/install/arm_launch:/home/lukevizzini/arm_v3/arm_code/install/arm_bringup:/home/lukevizzini/arm_v3/arm_code/install/arm_description:/home/lukevizzini/arm_v3/arm_code/install/arm_config:/home/lukevizzini/arm_new_v2/arm_code/install/arm_launch:/home/lukevizzini/arm_new_v2/arm_code/install/arm_bringup:/home/lukevizzini/arm_new_v2/arm_code/install/arm_description:/home/lukevizzini/arm_new_v2/arm_code/install/arm_config:/home/lukevizzini/logitech_arm_code/arm_code/arm_code_logitech/install/arm_teleop:/home/lukevizzini/logitech_arm_code/arm_code/arm_code_logitech/install/arm_pwm_bridge:/home/lukevizzini/arm_v3/arm_code/install/arm_teleop:/home/lukevizzini/arm_v3/arm_code/install/arm_pwm_bridge:/home/lukevizzini/arm_new_v2/arm_code/install/arm_teleop:/home/lukevizzini/arm_new_v2/arm_code/install/arm_pwm_bridge:/opt/ros/humble /usr/bin/cmake --build /home/lukevizzini/logitech_arm_code/arm_code/arm_code_logitech/build/arm_launch -- -j8 -l8
[4.507s] DEBUG:colcon.colcon_core.event_handler.log_command:Invoking command in '/home/lukevizzini/logitech_arm_code/arm_code/arm_code_logitech/build/arm_launch': AMENT_PREFIX_PATH=/home/lukevizzini/logitech_arm_code/arm_code/arm_code_logitech/install/arm_teleop:/home/lukevizzini/logitech_arm_code/arm_code/arm_code_logitech/install/arm_pwm_bridge:/home/lukevizzini/logitech_arm_code/arm_code/arm_code_logitech/install/arm_launch:/home/lukevizzini/logitech_arm_code/arm_code/arm_code_logitech/install/arm_bringup:/home/lukevizzini/logitech_arm_code/arm_code/arm_code_logitech/install/arm_description:/home/lukevizzini/logitech_arm_code/arm_code/arm_code_logitech/install/arm_config:/home/lukevizzini/arm_v3/arm_code/install/arm_launch:/home/lukevizzini/arm_v3/arm_code/install/arm_teleop:/home/lukevizzini/arm_v3/arm_code/install/arm_pwm_bridge:/home/lukevizzini/arm_v3/arm_code/install/arm_bringup:/home/lukevizzini/arm_v3/arm_code/install/arm_description:/home/lukevizzini/arm_v3/arm_code/install/arm_config:/home/lukevizzini/arm_new_v2/arm_code/install/arm_launch:/home/lukevizzini/arm_new_v2/arm_code/install/arm_teleop:/home/lukevizzini/arm_new_v2/arm_code/install/arm_pwm_bridge:/home/lukevizzini/arm_new_v2/arm_code/install/arm_bringup:/home/lukevizzini/arm_new_v2/arm_code/install/arm_description:/home/lukevizzini/arm_new_v2/arm_code/install/arm_config:/opt/ros/humble CMAKE_PREFIX_PATH=/home/lukevizzini/logitech_arm_code/arm_code/arm_code_logitech/install/arm_bringup:/home/lukevizzini/logitech_arm_code/arm_code/arm_code_logitech/install/arm_description:/home/lukevizzini/logitech_arm_code/arm_code/arm_code_logitech/install/arm_config:/home/lukevizzini/logitech_arm_code/arm_code/arm_code_logitech/install/arm_launch:/home/lukevizzini/arm_v3/arm_code/install/arm_launch:/home/lukevizzini/arm_v3/arm_code/install/arm_bringup:/home/lukevizzini/arm_v3/arm_code/install/arm_description:/home/lukevizzini/arm_v3/arm_code/install/arm_config:/home/lukevizzini/arm_new_v2/arm_code/install/arm_launch:/home/lukevizzini/arm_new_v2/arm_code/install/arm_bringup:/home/lukevizzini/arm_new_v2/arm_code/install/arm_description:/home/lukevizzini/arm_new_v2/arm_code/install/arm_config:/home/lukevizzini/logitech_arm_code/arm_code/arm_code_logitech/install/arm_teleop:/home/lukevizzini/logitech_arm_code/arm_code/arm_code_logitech/install/arm_pwm_bridge:/home/lukevizzini/arm_v3/arm_code/install/arm_teleop:/home/lukevizzini/arm_v3/arm_code/install/arm_pwm_bridge:/home/lukevizzini/arm_new_v2/arm_code/install/arm_teleop:/home/lukevizzini/arm_new_v2/arm_code/install/arm_pwm_bridge:/opt/ros/humble /usr/bin/cmake --install /home/lukevizzini/logitech_arm_code/arm_code/arm_code_logitech/build/arm_launch
[4.546s] Level 1:colcon.colcon_core.environment:create_environment_scripts_only(arm_launch)
[4.547s] DEBUG:colcon.colcon_core.event_handler.log_command:Invoked command in '/home/lukevizzini/logitech_arm_code/arm_code/arm_code_logitech/build/arm_launch' returned '0': AMENT_PREFIX_PATH=/home/lukevizzini/logitech_arm_code/arm_code/arm_code_logitech/install/arm_teleop:/home/lukevizzini/logitech_arm_code/arm_code/arm_code_logitech/install/arm_pwm_bridge:/home/lukevizzini/logitech_arm_code/arm_code/arm_code_logitech/install/arm_launch:/home/lukevizzini/logitech_arm_code/arm_code/arm_code_logitech/install/arm_bringup:/home/lukevizzini/logitech_arm_code/arm_code/arm_code_logitech/install/arm_description:/home/lukevizzini/logitech_arm_code/arm_code/arm_code_logitech/install/arm_config:/home/lukevizzini/arm_v3/arm_code/install/arm_launch:/home/lukevizzini/arm_v3/arm_code/install/arm_teleop:/home/lukevizzini/arm_v3/arm_code/install/arm_pwm_bridge:/home/lukevizzini/arm_v3/arm_code/install/arm_bringup:/home/lukevizzini/arm_v3/arm_code/install/arm_description:/home/lukevizzini/arm_v3/arm_code/install/arm_config:/home/lukevizzini/arm_new_v2/arm_code/install/arm_launch:/home/lukevizzini/arm_new_v2/arm_code/install/arm_teleop:/home/lukevizzini/arm_new_v2/arm_code/install/arm_pwm_bridge:/home/lukevizzini/arm_new_v2/arm_code/install/arm_bringup:/home/lukevizzini/arm_new_v2/arm_code/install/arm_description:/home/lukevizzini/arm_new_v2/arm_code/install/arm_config:/opt/ros/humble CMAKE_PREFIX_PATH=/home/lukevizzini/logitech_arm_code/arm_code/arm_code_logitech/install/arm_bringup:/home/lukevizzini/logitech_arm_code/arm_code/arm_code_logitech/install/arm_description:/home/lukevizzini/logitech_arm_code/arm_code/arm_code_logitech/install/arm_config:/home/lukevizzini/logitech_arm_code/arm_code/arm_code_logitech/install/arm_launch:/home/lukevizzini/arm_v3/arm_code/install/arm_launch:/home/lukevizzini/arm_v3/arm_code/install/arm_bringup:/home/lukevizzini/arm_v3/arm_code/install/arm_description:/home/lukevizzini/arm_v3/arm_code/install/arm_config:/home/lukevizzini/arm_new_v2/arm_code/install/arm_launch:/home/lukevizzini/arm_new_v2/arm_code/install/arm_bringup:/home/lukevizzini/arm_new_v2/arm_code/install/arm_description:/home/lukevizzini/arm_new_v2/arm_code/install/arm_config:/home/lukevizzini/logitech_arm_code/arm_code/arm_code_logitech/install/arm_teleop:/home/lukevizzini/logitech_arm_code/arm_code/arm_code_logitech/install/arm_pwm_bridge:/home/lukevizzini/arm_v3/arm_code/install/arm_teleop:/home/lukevizzini/arm_v3/arm_code/install/arm_pwm_bridge:/home/lukevizzini/arm_new_v2/arm_code/install/arm_teleop:/home/lukevizzini/arm_new_v2/arm_code/install/arm_pwm_bridge:/opt/ros/humble /usr/bin/cmake --install /home/lukevizzini/logitech_arm_code/arm_code/arm_code_logitech/build/arm_launch
[4.547s] Level 1:colcon.colcon_core.environment:checking '/home/lukevizzini/logitech_arm_code/arm_code/arm_code_logitech/install/arm_launch' for CMake module files
[4.548s] Level 1:colcon.colcon_core.environment:checking '/home/lukevizzini/logitech_arm_code/arm_code/arm_code_logitech/install/arm_launch' for CMake config files
[4.549s] Level 1:colcon.colcon_core.shell:create_environment_hook('arm_launch', 'cmake_prefix_path')
[4.549s] INFO:colcon.colcon_core.shell:Creating environment hook '/home/lukevizzini/logitech_arm_code/arm_code/arm_code_logitech/install/arm_launch/share/arm_launch/hook/cmake_prefix_path.ps1'
[4.550s] INFO:colcon.colcon_core.shell:Creating environment descriptor '/home/lukevizzini/logitech_arm_code/arm_code/arm_code_logitech/install/arm_launch/share/arm_launch/hook/cmake_prefix_path.dsv'
[4.551s] INFO:colcon.colcon_core.shell:Creating environment hook '/home/lukevizzini/logitech_arm_code/arm_code/arm_code_logitech/install/arm_launch/share/arm_launch/hook/cmake_prefix_path.sh'
[4.552s] Level 1:colcon.colcon_core.environment:checking '/home/lukevizzini/logitech_arm_code/arm_code/arm_code_logitech/install/arm_launch/bin'
[4.552s] Level 1:colcon.colcon_core.environment:checking '/home/lukevizzini/logitech_arm_code/arm_code/arm_code_logitech/install/arm_launch/lib/pkgconfig/arm_launch.pc'
[4.552s] Level 1:colcon.colcon_core.environment:checking '/home/lukevizzini/logitech_arm_code/arm_code/arm_code_logitech/install/arm_launch/lib/python3.10/site-packages'
[4.553s] Level 1:colcon.colcon_core.environment:checking '/home/lukevizzini/logitech_arm_code/arm_code/arm_code_logitech/install/arm_launch/bin'
[4.553s] INFO:colcon.colcon_core.shell:Creating package script '/home/lukevizzini/logitech_arm_code/arm_code/arm_code_logitech/install/arm_launch/share/arm_launch/package.ps1'
[4.554s] INFO:colcon.colcon_core.shell:Creating package descriptor '/home/lukevizzini/logitech_arm_code/arm_code/arm_code_logitech/install/arm_launch/share/arm_launch/package.dsv'
[4.555s] INFO:colcon.colcon_core.shell:Creating package script '/home/lukevizzini/logitech_arm_code/arm_code/arm_code_logitech/install/arm_launch/share/arm_launch/package.sh'
[4.555s] INFO:colcon.colcon_core.shell:Creating package script '/home/lukevizzini/logitech_arm_code/arm_code/arm_code_logitech/install/arm_launch/share/arm_launch/package.bash'
[4.556s] INFO:colcon.colcon_core.shell:Creating package script '/home/lukevizzini/logitech_arm_code/arm_code/arm_code_logitech/install/arm_launch/share/arm_launch/package.zsh'
[4.557s] Level 1:colcon.colcon_core.environment:create_file_with_runtime_dependencies(/home/lukevizzini/logitech_arm_code/arm_code/arm_code_logitech/install/arm_launch/share/colcon-core/packages/arm_launch)
[4.558s] Level 1:colcon.colcon_core.environment:create_environment_scripts_only(arm_launch)
[4.559s] Level 1:colcon.colcon_core.environment:checking '/home/lukevizzini/logitech_arm_code/arm_code/arm_code_logitech/install/arm_launch' for CMake module files
[4.559s] Level 1:colcon.colcon_core.environment:checking '/home/lukevizzini/logitech_arm_code/arm_code/arm_code_logitech/install/arm_launch' for CMake config files
[4.560s] Level 1:colcon.colcon_core.shell:create_environment_hook('arm_launch', 'cmake_prefix_path')
[4.560s] INFO:colcon.colcon_core.shell:Creating environment hook '/home/lukevizzini/logitech_arm_code/arm_code/arm_code_logitech/install/arm_launch/share/arm_launch/hook/cmake_prefix_path.ps1'
[4.561s] INFO:colcon.colcon_core.shell:Creating environment descriptor '/home/lukevizzini/logitech_arm_code/arm_code/arm_code_logitech/install/arm_launch/share/arm_launch/hook/cmake_prefix_path.dsv'
[4.562s] INFO:colcon.colcon_core.shell:Creating environment hook '/home/lukevizzini/logitech_arm_code/arm_code/arm_code_logitech/install/arm_launch/share/arm_launch/hook/cmake_prefix_path.sh'
[4.563s] Level 1:colcon.colcon_core.environment:checking '/home/lukevizzini/logitech_arm_code/arm_code/arm_code_logitech/install/arm_launch/bin'
[4.563s] Level 1:colcon.colcon_core.environment:checking '/home/lukevizzini/logitech_arm_code/arm_code/arm_code_logitech/install/arm_launch/lib/pkgconfig/arm_launch.pc'
[4.563s] Level 1:colcon.colcon_core.environment:checking '/home/lukevizzini/logitech_arm_code/arm_code/arm_code_logitech/install/arm_launch/lib/python3.10/site-packages'
[4.564s] Level 1:colcon.colcon_core.environment:checking '/home/lukevizzini/logitech_arm_code/arm_code/arm_code_logitech/install/arm_launch/bin'
[4.564s] INFO:colcon.colcon_core.shell:Creating package script '/home/lukevizzini/logitech_arm_code/arm_code/arm_code_logitech/install/arm_launch/share/arm_launch/package.ps1'
[4.565s] INFO:colcon.colcon_core.shell:Creating package descriptor '/home/lukevizzini/logitech_arm_code/arm_code/arm_code_logitech/install/arm_launch/share/arm_launch/package.dsv'
[4.566s] INFO:colcon.colcon_core.shell:Creating package script '/home/lukevizzini/logitech_arm_code/arm_code/arm_code_logitech/install/arm_launch/share/arm_launch/package.sh'
[4.567s] INFO:colcon.colcon_core.shell:Creating package script '/home/lukevizzini/logitech_arm_code/arm_code/arm_code_logitech/install/arm_launch/share/arm_launch/package.bash'
[4.567s] INFO:colcon.colcon_core.shell:Creating package script '/home/lukevizzini/logitech_arm_code/arm_code/arm_code_logitech/install/arm_launch/share/arm_launch/package.zsh'
[4.568s] Level 1:colcon.colcon_core.environment:create_file_with_runtime_dependencies(/home/lukevizzini/logitech_arm_code/arm_code/arm_code_logitech/install/arm_launch/share/colcon-core/packages/arm_launch)
[4.569s] DEBUG:colcon.colcon_parallel_executor.executor.parallel:closing loop
[4.569s] DEBUG:colcon.colcon_parallel_executor.executor.parallel:loop closed
[4.569s] DEBUG:colcon.colcon_parallel_executor.executor.parallel:run_until_complete finished with '0'
[4.569s] DEBUG:colcon.colcon_core.event_reactor:joining thread
[4.580s] INFO:colcon.colcon_core.plugin_system:Skipping extension 'colcon_notification.desktop_notification.terminal_notifier': Not used on non-Darwin systems
[4.580s] INFO:colcon.colcon_core.plugin_system:Skipping extension 'colcon_notification.desktop_notification.win32': Not used on non-Windows systems
[4.580s] INFO:colcon.colcon_notification.desktop_notification:Sending desktop notification using 'notify2'
[4.583s] DEBUG:colcon.colcon_notification.desktop_notification.notify2:Failed to initialize notify2: org.freedesktop.DBus.Error.ServiceUnknown: The name org.freedesktop.Notifications was not provided by any .service files
[4.583s] DEBUG:colcon.colcon_core.event_reactor:joined thread
[4.584s] INFO:colcon.colcon_core.shell:Creating prefix script '/home/lukevizzini/logitech_arm_code/arm_code/arm_code_logitech/install/local_setup.ps1'
[4.586s] INFO:colcon.colcon_core.shell:Creating prefix util module '/home/lukevizzini/logitech_arm_code/arm_code/arm_code_logitech/install/_local_setup_util_ps1.py'
[4.588s] INFO:colcon.colcon_core.shell:Creating prefix chain script '/home/lukevizzini/logitech_arm_code/arm_code/arm_code_logitech/install/setup.ps1'
[4.592s] INFO:colcon.colcon_core.shell:Creating prefix script '/home/lukevizzini/logitech_arm_code/arm_code/arm_code_logitech/install/local_setup.sh'
[4.594s] INFO:colcon.colcon_core.shell:Creating prefix util module '/home/lukevizzini/logitech_arm_code/arm_code/arm_code_logitech/install/_local_setup_util_sh.py'
[4.595s] INFO:colcon.colcon_core.shell:Creating prefix chain script '/home/lukevizzini/logitech_arm_code/arm_code/arm_code_logitech/install/setup.sh'
[4.600s] INFO:colcon.colcon_core.shell:Creating prefix script '/home/lukevizzini/logitech_arm_code/arm_code/arm_code_logitech/install/local_setup.bash'
[4.601s] INFO:colcon.colcon_core.shell:Creating prefix chain script '/home/lukevizzini/logitech_arm_code/arm_code/arm_code_logitech/install/setup.bash'
[4.604s] INFO:colcon.colcon_core.shell:Creating prefix script '/home/lukevizzini/logitech_arm_code/arm_code/arm_code_logitech/install/local_setup.zsh'
[4.604s] INFO:colcon.colcon_core.shell:Creating prefix chain script '/home/lukevizzini/logitech_arm_code/arm_code/arm_code_logitech/install/setup.zsh'
