[0.184s] DEBUG:colcon:Command line arguments: ['/usr/bin/colcon', 'build', '--symlink-install']
[0.184s] DEBUG:colcon:Parsed command line arguments: Namespace(log_base=None, log_level=None, verb_name='build', build_base='build', install_base='install', merge_install=False, symlink_install=True, test_result_base=None, continue_on_error=False, executor='parallel', parallel_workers=8, event_handlers=None, ignore_user_meta=False, metas=['./colcon.meta'], base_paths=['.'], packages_ignore=None, packages_ignore_regex=None, paths=None, packages_up_to=None, packages_up_to_regex=None, packages_above=None, packages_above_and_dependencies=None, packages_above_depth=None, packages_select_by_dep=None, packages_skip_by_dep=None, packages_skip_up_to=None, packages_select_build_failed=False, packages_skip_build_finished=False, packages_select_test_failures=False, packages_skip_test_passed=False, packages_select=None, packages_skip=None, packages_select_regex=None, packages_skip_regex=None, packages_start=None, packages_end=None, allow_overriding=[], cmake_args=None, cmake_target=None, cmake_target_skip_unavailable=False, cmake_clean_cache=False, cmake_clean_first=False, cmake_force_configure=False, ament_cmake_args=None, catkin_cmake_args=None, catkin_skip_building_tests=False, verb_parser=<colcon_defaults.argument_parser.defaults.DefaultArgumentsDecorator object at 0x7f5ce566a020>, verb_extension=<colcon_core.verb.build.BuildVerb object at 0x7f5ce5669bd0>, main=<bound method BuildVerb.main of <colcon_core.verb.build.BuildVerb object at 0x7f5ce5669bd0>>)
[0.326s] Level 1:colcon.colcon_core.package_discovery:discover_packages(colcon_meta) check parameters
[0.326s] Level 1:colcon.colcon_core.package_discovery:discover_packages(recursive) check parameters
[0.326s] Level 1:colcon.colcon_core.package_discovery:discover_packages(ignore) check parameters
[0.326s] Level 1:colcon.colcon_core.package_discovery:discover_packages(path) check parameters
[0.326s] Level 1:colcon.colcon_core.package_discovery:discover_packages(colcon_meta) discover
[0.326s] Level 1:colcon.colcon_core.package_discovery:discover_packages(recursive) discover
[0.326s] INFO:colcon.colcon_core.package_discovery:Crawling recursively for packages in '/home/lukevizzini/arm_v3/arm_code'
[0.326s] Level 1:colcon.colcon_core.package_identification:_identify(.) by extensions ['ignore', 'ignore_ament_install']
[0.326s] Level 1:colcon.colcon_core.package_identification:_identify(.) by extension 'ignore'
[0.326s] Level 1:colcon.colcon_core.package_identification:_identify(.) by extension 'ignore_ament_install'
[0.326s] Level 1:colcon.colcon_core.package_identification:_identify(.) by extensions ['colcon_pkg']
[0.326s] Level 1:colcon.colcon_core.package_identification:_identify(.) by extension 'colcon_pkg'
[0.326s] Level 1:colcon.colcon_core.package_identification:_identify(.) by extensions ['colcon_meta']
[0.326s] Level 1:colcon.colcon_core.package_identification:_identify(.) by extension 'colcon_meta'
[0.326s] Level 1:colcon.colcon_core.package_identification:_identify(.) by extensions ['ros']
[0.326s] Level 1:colcon.colcon_core.package_identification:_identify(.) by extension 'ros'
[0.336s] Level 1:colcon.colcon_core.package_identification:_identify(.) by extensions ['cmake', 'python']
[0.336s] Level 1:colcon.colcon_core.package_identification:_identify(.) by extension 'cmake'
[0.336s] Level 1:colcon.colcon_core.package_identification:_identify(.) by extension 'python'
[0.336s] Level 1:colcon.colcon_core.package_identification:_identify(.) by extensions ['python_setup_py']
[0.336s] Level 1:colcon.colcon_core.package_identification:_identify(.) by extension 'python_setup_py'
[0.336s] Level 1:colcon.colcon_core.package_identification:_identify(build) by extensions ['ignore', 'ignore_ament_install']
[0.336s] Level 1:colcon.colcon_core.package_identification:_identify(build) by extension 'ignore'
[0.336s] Level 1:colcon.colcon_core.package_identification:_identify(build) ignored
[0.336s] Level 1:colcon.colcon_core.package_identification:_identify(install) by extensions ['ignore', 'ignore_ament_install']
[0.336s] Level 1:colcon.colcon_core.package_identification:_identify(install) by extension 'ignore'
[0.336s] Level 1:colcon.colcon_core.package_identification:_identify(install) ignored
[0.336s] Level 1:colcon.colcon_core.package_identification:_identify(log) by extensions ['ignore', 'ignore_ament_install']
[0.336s] Level 1:colcon.colcon_core.package_identification:_identify(log) by extension 'ignore'
[0.336s] Level 1:colcon.colcon_core.package_identification:_identify(log) ignored
[0.337s] Level 1:colcon.colcon_core.package_identification:_identify(src) by extensions ['ignore', 'ignore_ament_install']
[0.337s] Level 1:colcon.colcon_core.package_identification:_identify(src) by extension 'ignore'
[0.337s] Level 1:colcon.colcon_core.package_identification:_identify(src) by extension 'ignore_ament_install'
[0.337s] Level 1:colcon.colcon_core.package_identification:_identify(src) by extensions ['colcon_pkg']
[0.337s] Level 1:colcon.colcon_core.package_identification:_identify(src) by extension 'colcon_pkg'
[0.337s] Level 1:colcon.colcon_core.package_identification:_identify(src) by extensions ['colcon_meta']
[0.337s] Level 1:colcon.colcon_core.package_identification:_identify(src) by extension 'colcon_meta'
[0.337s] Level 1:colcon.colcon_core.package_identification:_identify(src) by extensions ['ros']
[0.337s] Level 1:colcon.colcon_core.package_identification:_identify(src) by extension 'ros'
[0.337s] Level 1:colcon.colcon_core.package_identification:_identify(src) by extensions ['cmake', 'python']
[0.337s] Level 1:colcon.colcon_core.package_identification:_identify(src) by extension 'cmake'
[0.337s] Level 1:colcon.colcon_core.package_identification:_identify(src) by extension 'python'
[0.337s] Level 1:colcon.colcon_core.package_identification:_identify(src) by extensions ['python_setup_py']
[0.337s] Level 1:colcon.colcon_core.package_identification:_identify(src) by extension 'python_setup_py'
[0.337s] Level 1:colcon.colcon_core.package_identification:_identify(src/bringup) by extensions ['ignore', 'ignore_ament_install']
[0.337s] Level 1:colcon.colcon_core.package_identification:_identify(src/bringup) by extension 'ignore'
[0.337s] Level 1:colcon.colcon_core.package_identification:_identify(src/bringup) by extension 'ignore_ament_install'
[0.337s] Level 1:colcon.colcon_core.package_identification:_identify(src/bringup) by extensions ['colcon_pkg']
[0.337s] Level 1:colcon.colcon_core.package_identification:_identify(src/bringup) by extension 'colcon_pkg'
[0.337s] Level 1:colcon.colcon_core.package_identification:_identify(src/bringup) by extensions ['colcon_meta']
[0.337s] Level 1:colcon.colcon_core.package_identification:_identify(src/bringup) by extension 'colcon_meta'
[0.337s] Level 1:colcon.colcon_core.package_identification:_identify(src/bringup) by extensions ['ros']
[0.337s] Level 1:colcon.colcon_core.package_identification:_identify(src/bringup) by extension 'ros'
[0.339s] DEBUG:colcon.colcon_core.package_identification:Package 'src/bringup' with type 'ros.ament_cmake' and name 'arm_bringup'
[0.340s] Level 1:colcon.colcon_core.package_identification:_identify(src/config) by extensions ['ignore', 'ignore_ament_install']
[0.340s] Level 1:colcon.colcon_core.package_identification:_identify(src/config) by extension 'ignore'
[0.340s] Level 1:colcon.colcon_core.package_identification:_identify(src/config) by extension 'ignore_ament_install'
[0.340s] Level 1:colcon.colcon_core.package_identification:_identify(src/config) by extensions ['colcon_pkg']
[0.340s] Level 1:colcon.colcon_core.package_identification:_identify(src/config) by extension 'colcon_pkg'
[0.340s] Level 1:colcon.colcon_core.package_identification:_identify(src/config) by extensions ['colcon_meta']
[0.340s] Level 1:colcon.colcon_core.package_identification:_identify(src/config) by extension 'colcon_meta'
[0.340s] Level 1:colcon.colcon_core.package_identification:_identify(src/config) by extensions ['ros']
[0.340s] Level 1:colcon.colcon_core.package_identification:_identify(src/config) by extension 'ros'
[0.340s] DEBUG:colcon.colcon_core.package_identification:Package 'src/config' with type 'ros.ament_cmake' and name 'arm_config'
[0.341s] Level 1:colcon.colcon_core.package_identification:_identify(src/description) by extensions ['ignore', 'ignore_ament_install']
[0.341s] Level 1:colcon.colcon_core.package_identification:_identify(src/description) by extension 'ignore'
[0.341s] Level 1:colcon.colcon_core.package_identification:_identify(src/description) by extension 'ignore_ament_install'
[0.341s] Level 1:colcon.colcon_core.package_identification:_identify(src/description) by extensions ['colcon_pkg']
[0.341s] Level 1:colcon.colcon_core.package_identification:_identify(src/description) by extension 'colcon_pkg'
[0.341s] Level 1:colcon.colcon_core.package_identification:_identify(src/description) by extensions ['colcon_meta']
[0.341s] Level 1:colcon.colcon_core.package_identification:_identify(src/description) by extension 'colcon_meta'
[0.341s] Level 1:colcon.colcon_core.package_identification:_identify(src/description) by extensions ['ros']
[0.341s] Level 1:colcon.colcon_core.package_identification:_identify(src/description) by extension 'ros'
[0.341s] DEBUG:colcon.colcon_core.package_identification:Package 'src/description' with type 'ros.ament_cmake' and name 'arm_description'
[0.341s] Level 1:colcon.colcon_core.package_identification:_identify(src/launch) by extensions ['ignore', 'ignore_ament_install']
[0.341s] Level 1:colcon.colcon_core.package_identification:_identify(src/launch) by extension 'ignore'
[0.341s] Level 1:colcon.colcon_core.package_identification:_identify(src/launch) by extension 'ignore_ament_install'
[0.342s] Level 1:colcon.colcon_core.package_identification:_identify(src/launch) by extensions ['colcon_pkg']
[0.342s] Level 1:colcon.colcon_core.package_identification:_identify(src/launch) by extension 'colcon_pkg'
[0.342s] Level 1:colcon.colcon_core.package_identification:_identify(src/launch) by extensions ['colcon_meta']
[0.342s] Level 1:colcon.colcon_core.package_identification:_identify(src/launch) by extension 'colcon_meta'
[0.342s] Level 1:colcon.colcon_core.package_identification:_identify(src/launch) by extensions ['ros']
[0.342s] Level 1:colcon.colcon_core.package_identification:_identify(src/launch) by extension 'ros'
[0.342s] DEBUG:colcon.colcon_core.package_identification:Package 'src/launch' with type 'ros.ament_cmake' and name 'arm_launch'
[0.342s] Level 1:colcon.colcon_core.package_identification:_identify(src/pwm_bridge) by extensions ['ignore', 'ignore_ament_install']
[0.342s] Level 1:colcon.colcon_core.package_identification:_identify(src/pwm_bridge) by extension 'ignore'
[0.342s] Level 1:colcon.colcon_core.package_identification:_identify(src/pwm_bridge) by extension 'ignore_ament_install'
[0.342s] Level 1:colcon.colcon_core.package_identification:_identify(src/pwm_bridge) by extensions ['colcon_pkg']
[0.342s] Level 1:colcon.colcon_core.package_identification:_identify(src/pwm_bridge) by extension 'colcon_pkg'
[0.342s] Level 1:colcon.colcon_core.package_identification:_identify(src/pwm_bridge) by extensions ['colcon_meta']
[0.342s] Level 1:colcon.colcon_core.package_identification:_identify(src/pwm_bridge) by extension 'colcon_meta'
[0.342s] Level 1:colcon.colcon_core.package_identification:_identify(src/pwm_bridge) by extensions ['ros']
[0.343s] Level 1:colcon.colcon_core.package_identification:_identify(src/pwm_bridge) by extension 'ros'
[0.343s] DEBUG:colcon.colcon_core.package_identification:Package 'src/pwm_bridge' with type 'ros.ament_python' and name 'arm_pwm_bridge'
[0.343s] Level 1:colcon.colcon_core.package_identification:_identify(src/teleop) by extensions ['ignore', 'ignore_ament_install']
[0.343s] Level 1:colcon.colcon_core.package_identification:_identify(src/teleop) by extension 'ignore'
[0.343s] Level 1:colcon.colcon_core.package_identification:_identify(src/teleop) by extension 'ignore_ament_install'
[0.343s] Level 1:colcon.colcon_core.package_identification:_identify(src/teleop) by extensions ['colcon_pkg']
[0.343s] Level 1:colcon.colcon_core.package_identification:_identify(src/teleop) by extension 'colcon_pkg'
[0.343s] Level 1:colcon.colcon_core.package_identification:_identify(src/teleop) by extensions ['colcon_meta']
[0.343s] Level 1:colcon.colcon_core.package_identification:_identify(src/teleop) by extension 'colcon_meta'
[0.343s] Level 1:colcon.colcon_core.package_identification:_identify(src/teleop) by extensions ['ros']
[0.343s] Level 1:colcon.colcon_core.package_identification:_identify(src/teleop) by extension 'ros'
[0.344s] DEBUG:colcon.colcon_core.package_identification:Package 'src/teleop' with type 'ros.ament_python' and name 'arm_teleop'
[0.344s] Level 1:colcon.colcon_core.package_discovery:discover_packages(recursive) using defaults
[0.344s] Level 1:colcon.colcon_core.package_discovery:discover_packages(ignore) discover
[0.344s] Level 1:colcon.colcon_core.package_discovery:discover_packages(ignore) using defaults
[0.344s] Level 1:colcon.colcon_core.package_discovery:discover_packages(path) discover
[0.344s] Level 1:colcon.colcon_core.package_discovery:discover_packages(path) using defaults
[0.372s] Level 1:colcon.colcon_core.package_discovery:discover_packages(prefix_path) check parameters
[0.372s] Level 1:colcon.colcon_core.package_discovery:discover_packages(prefix_path) discover
[0.373s] DEBUG:colcon.colcon_installed_package_information.package_discovery:Found 6 installed packages in /home/lukevizzini/arm_v3/arm_code/install
[0.374s] DEBUG:colcon.colcon_installed_package_information.package_discovery:Found 6 installed packages in /home/lukevizzini/arm_new_v2/arm_code/install
[0.376s] DEBUG:colcon.colcon_installed_package_information.package_discovery:Found 421 installed packages in /opt/ros/humble
[0.377s] Level 1:colcon.colcon_core.package_discovery:discover_packages(prefix_path) using defaults
[0.419s] Level 5:colcon.colcon_core.verb:set package 'arm_config' build argument 'cmake_args' from command line to 'None'
[0.419s] Level 5:colcon.colcon_core.verb:set package 'arm_config' build argument 'cmake_target' from command line to 'None'
[0.419s] Level 5:colcon.colcon_core.verb:set package 'arm_config' build argument 'cmake_target_skip_unavailable' from command line to 'False'
[0.419s] Level 5:colcon.colcon_core.verb:set package 'arm_config' build argument 'cmake_clean_cache' from command line to 'False'
[0.419s] Level 5:colcon.colcon_core.verb:set package 'arm_config' build argument 'cmake_clean_first' from command line to 'False'
[0.419s] Level 5:colcon.colcon_core.verb:set package 'arm_config' build argument 'cmake_force_configure' from command line to 'False'
[0.420s] Level 5:colcon.colcon_core.verb:set package 'arm_config' build argument 'ament_cmake_args' from command line to 'None'
[0.420s] Level 5:colcon.colcon_core.verb:set package 'arm_config' build argument 'catkin_cmake_args' from command line to 'None'
[0.420s] Level 5:colcon.colcon_core.verb:set package 'arm_config' build argument 'catkin_skip_building_tests' from command line to 'False'
[0.420s] DEBUG:colcon.colcon_core.verb:Building package 'arm_config' with the following arguments: {'ament_cmake_args': None, 'build_base': '/home/lukevizzini/arm_v3/arm_code/build/arm_config', 'catkin_cmake_args': None, 'catkin_skip_building_tests': False, 'cmake_args': None, 'cmake_clean_cache': False, 'cmake_clean_first': False, 'cmake_force_configure': False, 'cmake_target': None, 'cmake_target_skip_unavailable': False, 'install_base': '/home/lukevizzini/arm_v3/arm_code/install/arm_config', 'merge_install': False, 'path': '/home/lukevizzini/arm_v3/arm_code/src/config', 'symlink_install': True, 'test_result_base': None}
[0.420s] Level 5:colcon.colcon_core.verb:set package 'arm_pwm_bridge' build argument 'cmake_args' from command line to 'None'
[0.420s] Level 5:colcon.colcon_core.verb:set package 'arm_pwm_bridge' build argument 'cmake_target' from command line to 'None'
[0.420s] Level 5:colcon.colcon_core.verb:set package 'arm_pwm_bridge' build argument 'cmake_target_skip_unavailable' from command line to 'False'
[0.420s] Level 5:colcon.colcon_core.verb:set package 'arm_pwm_bridge' build argument 'cmake_clean_cache' from command line to 'False'
[0.420s] Level 5:colcon.colcon_core.verb:set package 'arm_pwm_bridge' build argument 'cmake_clean_first' from command line to 'False'
[0.420s] Level 5:colcon.colcon_core.verb:set package 'arm_pwm_bridge' build argument 'cmake_force_configure' from command line to 'False'
[0.420s] Level 5:colcon.colcon_core.verb:set package 'arm_pwm_bridge' build argument 'ament_cmake_args' from command line to 'None'
[0.420s] Level 5:colcon.colcon_core.verb:set package 'arm_pwm_bridge' build argument 'catkin_cmake_args' from command line to 'None'
[0.420s] Level 5:colcon.colcon_core.verb:set package 'arm_pwm_bridge' build argument 'catkin_skip_building_tests' from command line to 'False'
[0.420s] DEBUG:colcon.colcon_core.verb:Building package 'arm_pwm_bridge' with the following arguments: {'ament_cmake_args': None, 'build_base': '/home/lukevizzini/arm_v3/arm_code/build/arm_pwm_bridge', 'catkin_cmake_args': None, 'catkin_skip_building_tests': False, 'cmake_args': None, 'cmake_clean_cache': False, 'cmake_clean_first': False, 'cmake_force_configure': False, 'cmake_target': None, 'cmake_target_skip_unavailable': False, 'install_base': '/home/lukevizzini/arm_v3/arm_code/install/arm_pwm_bridge', 'merge_install': False, 'path': '/home/lukevizzini/arm_v3/arm_code/src/pwm_bridge', 'symlink_install': True, 'test_result_base': None}
[0.420s] Level 5:colcon.colcon_core.verb:set package 'arm_teleop' build argument 'cmake_args' from command line to 'None'
[0.421s] Level 5:colcon.colcon_core.verb:set package 'arm_teleop' build argument 'cmake_target' from command line to 'None'
[0.421s] Level 5:colcon.colcon_core.verb:set package 'arm_teleop' build argument 'cmake_target_skip_unavailable' from command line to 'False'
[0.421s] Level 5:colcon.colcon_core.verb:set package 'arm_teleop' build argument 'cmake_clean_cache' from command line to 'False'
[0.421s] Level 5:colcon.colcon_core.verb:set package 'arm_teleop' build argument 'cmake_clean_first' from command line to 'False'
[0.421s] Level 5:colcon.colcon_core.verb:set package 'arm_teleop' build argument 'cmake_force_configure' from command line to 'False'
[0.421s] Level 5:colcon.colcon_core.verb:set package 'arm_teleop' build argument 'ament_cmake_args' from command line to 'None'
[0.421s] Level 5:colcon.colcon_core.verb:set package 'arm_teleop' build argument 'catkin_cmake_args' from command line to 'None'
[0.421s] Level 5:colcon.colcon_core.verb:set package 'arm_teleop' build argument 'catkin_skip_building_tests' from command line to 'False'
[0.421s] DEBUG:colcon.colcon_core.verb:Building package 'arm_teleop' with the following arguments: {'ament_cmake_args': None, 'build_base': '/home/lukevizzini/arm_v3/arm_code/build/arm_teleop', 'catkin_cmake_args': None, 'catkin_skip_building_tests': False, 'cmake_args': None, 'cmake_clean_cache': False, 'cmake_clean_first': False, 'cmake_force_configure': False, 'cmake_target': None, 'cmake_target_skip_unavailable': False, 'install_base': '/home/lukevizzini/arm_v3/arm_code/install/arm_teleop', 'merge_install': False, 'path': '/home/lukevizzini/arm_v3/arm_code/src/teleop', 'symlink_install': True, 'test_result_base': None}
[0.421s] Level 5:colcon.colcon_core.verb:set package 'arm_description' build argument 'cmake_args' from command line to 'None'
[0.421s] Level 5:colcon.colcon_core.verb:set package 'arm_description' build argument 'cmake_target' from command line to 'None'
[0.421s] Level 5:colcon.colcon_core.verb:set package 'arm_description' build argument 'cmake_target_skip_unavailable' from command line to 'False'
[0.421s] Level 5:colcon.colcon_core.verb:set package 'arm_description' build argument 'cmake_clean_cache' from command line to 'False'
[0.421s] Level 5:colcon.colcon_core.verb:set package 'arm_description' build argument 'cmake_clean_first' from command line to 'False'
[0.421s] Level 5:colcon.colcon_core.verb:set package 'arm_description' build argument 'cmake_force_configure' from command line to 'False'
[0.421s] Level 5:colcon.colcon_core.verb:set package 'arm_description' build argument 'ament_cmake_args' from command line to 'None'
[0.421s] Level 5:colcon.colcon_core.verb:set package 'arm_description' build argument 'catkin_cmake_args' from command line to 'None'
[0.421s] Level 5:colcon.colcon_core.verb:set package 'arm_description' build argument 'catkin_skip_building_tests' from command line to 'False'
[0.421s] DEBUG:colcon.colcon_core.verb:Building package 'arm_description' with the following arguments: {'ament_cmake_args': None, 'build_base': '/home/lukevizzini/arm_v3/arm_code/build/arm_description', 'catkin_cmake_args': None, 'catkin_skip_building_tests': False, 'cmake_args': None, 'cmake_clean_cache': False, 'cmake_clean_first': False, 'cmake_force_configure': False, 'cmake_target': None, 'cmake_target_skip_unavailable': False, 'install_base': '/home/lukevizzini/arm_v3/arm_code/install/arm_description', 'merge_install': False, 'path': '/home/lukevizzini/arm_v3/arm_code/src/description', 'symlink_install': True, 'test_result_base': None}
[0.421s] Level 5:colcon.colcon_core.verb:set package 'arm_bringup' build argument 'cmake_args' from command line to 'None'
[0.421s] Level 5:colcon.colcon_core.verb:set package 'arm_bringup' build argument 'cmake_target' from command line to 'None'
[0.422s] Level 5:colcon.colcon_core.verb:set package 'arm_bringup' build argument 'cmake_target_skip_unavailable' from command line to 'False'
[0.422s] Level 5:colcon.colcon_core.verb:set package 'arm_bringup' build argument 'cmake_clean_cache' from command line to 'False'
[0.422s] Level 5:colcon.colcon_core.verb:set package 'arm_bringup' build argument 'cmake_clean_first' from command line to 'False'
[0.422s] Level 5:colcon.colcon_core.verb:set package 'arm_bringup' build argument 'cmake_force_configure' from command line to 'False'
[0.422s] Level 5:colcon.colcon_core.verb:set package 'arm_bringup' build argument 'ament_cmake_args' from command line to 'None'
[0.422s] Level 5:colcon.colcon_core.verb:set package 'arm_bringup' build argument 'catkin_cmake_args' from command line to 'None'
[0.422s] Level 5:colcon.colcon_core.verb:set package 'arm_bringup' build argument 'catkin_skip_building_tests' from command line to 'False'
[0.422s] DEBUG:colcon.colcon_core.verb:Building package 'arm_bringup' with the following arguments: {'ament_cmake_args': None, 'build_base': '/home/lukevizzini/arm_v3/arm_code/build/arm_bringup', 'catkin_cmake_args': None, 'catkin_skip_building_tests': False, 'cmake_args': None, 'cmake_clean_cache': False, 'cmake_clean_first': False, 'cmake_force_configure': False, 'cmake_target': None, 'cmake_target_skip_unavailable': False, 'install_base': '/home/lukevizzini/arm_v3/arm_code/install/arm_bringup', 'merge_install': False, 'path': '/home/lukevizzini/arm_v3/arm_code/src/bringup', 'symlink_install': True, 'test_result_base': None}
[0.422s] Level 5:colcon.colcon_core.verb:set package 'arm_launch' build argument 'cmake_args' from command line to 'None'
[0.422s] Level 5:colcon.colcon_core.verb:set package 'arm_launch' build argument 'cmake_target' from command line to 'None'
[0.422s] Level 5:colcon.colcon_core.verb:set package 'arm_launch' build argument 'cmake_target_skip_unavailable' from command line to 'False'
[0.422s] Level 5:colcon.colcon_core.verb:set package 'arm_launch' build argument 'cmake_clean_cache' from command line to 'False'
[0.422s] Level 5:colcon.colcon_core.verb:set package 'arm_launch' build argument 'cmake_clean_first' from command line to 'False'
[0.422s] Level 5:colcon.colcon_core.verb:set package 'arm_launch' build argument 'cmake_force_configure' from command line to 'False'
[0.422s] Level 5:colcon.colcon_core.verb:set package 'arm_launch' build argument 'ament_cmake_args' from command line to 'None'
[0.422s] Level 5:colcon.colcon_core.verb:set package 'arm_launch' build argument 'catkin_cmake_args' from command line to 'None'
[0.422s] Level 5:colcon.colcon_core.verb:set package 'arm_launch' build argument 'catkin_skip_building_tests' from command line to 'False'
[0.422s] DEBUG:colcon.colcon_core.verb:Building package 'arm_launch' with the following arguments: {'ament_cmake_args': None, 'build_base': '/home/lukevizzini/arm_v3/arm_code/build/arm_launch', 'catkin_cmake_args': None, 'catkin_skip_building_tests': False, 'cmake_args': None, 'cmake_clean_cache': False, 'cmake_clean_first': False, 'cmake_force_configure': False, 'cmake_target': None, 'cmake_target_skip_unavailable': False, 'install_base': '/home/lukevizzini/arm_v3/arm_code/install/arm_launch', 'merge_install': False, 'path': '/home/lukevizzini/arm_v3/arm_code/src/launch', 'symlink_install': True, 'test_result_base': None}
[0.422s] INFO:colcon.colcon_core.executor:Executing jobs using 'parallel' executor
[0.424s] DEBUG:colcon.colcon_parallel_executor.executor.parallel:run_until_complete
[0.424s] INFO:colcon.colcon_ros.task.ament_cmake.build:Building ROS package in '/home/lukevizzini/arm_v3/arm_code/src/config' with build type 'ament_cmake'
[0.424s] INFO:colcon.colcon_cmake.task.cmake.build:Building CMake package in '/home/lukevizzini/arm_v3/arm_code/src/config'
[0.426s] INFO:colcon.colcon_core.plugin_system:Skipping extension 'colcon_core.shell.bat': Not used on non-Windows systems
[0.427s] INFO:colcon.colcon_core.shell:Skip shell extension 'powershell' for command environment: Not usable outside of PowerShell
[0.427s] DEBUG:colcon.colcon_core.shell:Skip shell extension 'dsv' for command environment
[0.431s] INFO:colcon.colcon_ros.task.ament_python.build:Building ROS package in '/home/lukevizzini/arm_v3/arm_code/src/pwm_bridge' with build type 'ament_python'
[0.431s] Level 1:colcon.colcon_core.shell:create_environment_hook('arm_pwm_bridge', 'ament_prefix_path')
[0.432s] INFO:colcon.colcon_core.shell:Creating environment hook '/home/lukevizzini/arm_v3/arm_code/install/arm_pwm_bridge/share/arm_pwm_bridge/hook/ament_prefix_path.ps1'
[0.433s] INFO:colcon.colcon_core.shell:Creating environment descriptor '/home/lukevizzini/arm_v3/arm_code/install/arm_pwm_bridge/share/arm_pwm_bridge/hook/ament_prefix_path.dsv'
[0.433s] INFO:colcon.colcon_core.shell:Creating environment hook '/home/lukevizzini/arm_v3/arm_code/install/arm_pwm_bridge/share/arm_pwm_bridge/hook/ament_prefix_path.sh'
[0.434s] INFO:colcon.colcon_core.shell:Skip shell extension 'powershell' for command environment: Not usable outside of PowerShell
[0.434s] DEBUG:colcon.colcon_core.shell:Skip shell extension 'dsv' for command environment
[0.438s] INFO:colcon.colcon_ros.task.ament_python.build:Building ROS package in '/home/lukevizzini/arm_v3/arm_code/src/teleop' with build type 'ament_python'
[0.438s] Level 1:colcon.colcon_core.shell:create_environment_hook('arm_teleop', 'ament_prefix_path')
[0.439s] INFO:colcon.colcon_core.shell:Creating environment hook '/home/lukevizzini/arm_v3/arm_code/install/arm_teleop/share/arm_teleop/hook/ament_prefix_path.ps1'
[0.440s] INFO:colcon.colcon_core.shell:Creating environment descriptor '/home/lukevizzini/arm_v3/arm_code/install/arm_teleop/share/arm_teleop/hook/ament_prefix_path.dsv'
[0.440s] INFO:colcon.colcon_core.shell:Creating environment hook '/home/lukevizzini/arm_v3/arm_code/install/arm_teleop/share/arm_teleop/hook/ament_prefix_path.sh'
[0.441s] INFO:colcon.colcon_core.shell:Skip shell extension 'powershell' for command environment: Not usable outside of PowerShell
[0.441s] DEBUG:colcon.colcon_core.shell:Skip shell extension 'dsv' for command environment
[0.452s] DEBUG:colcon.colcon_core.event_handler.log_command:Invoking command in '/home/lukevizzini/arm_v3/arm_code/build/arm_config': CMAKE_PREFIX_PATH=${CMAKE_PREFIX_PATH}:/home/lukevizzini/arm_v3/arm_code/install/arm_teleop:/home/lukevizzini/arm_v3/arm_code/install/arm_pwm_bridge:/home/lukevizzini/arm_new_v2/arm_code/install/arm_teleop:/home/lukevizzini/arm_new_v2/arm_code/install/arm_pwm_bridge:/opt/ros/humble /usr/bin/cmake --build /home/lukevizzini/arm_v3/arm_code/build/arm_config -- -j8 -l8
[0.696s] INFO:colcon.colcon_core.task.python.build:Building Python package in '/home/lukevizzini/arm_v3/arm_code/src/pwm_bridge'
[0.697s] INFO:colcon.colcon_core.shell:Skip shell extension 'powershell' for command environment: Not usable outside of PowerShell
[0.697s] DEBUG:colcon.colcon_core.shell:Skip shell extension 'dsv' for command environment
[0.947s] INFO:colcon.colcon_core.task.python.build:Building Python package in '/home/lukevizzini/arm_v3/arm_code/src/teleop'
[0.947s] INFO:colcon.colcon_core.shell:Skip shell extension 'powershell' for command environment: Not usable outside of PowerShell
[0.948s] DEBUG:colcon.colcon_core.shell:Skip shell extension 'dsv' for command environment
[0.954s] DEBUG:colcon.colcon_core.event_handler.log_command:Invoked command in '/home/lukevizzini/arm_v3/arm_code/build/arm_config' returned '0': CMAKE_PREFIX_PATH=${CMAKE_PREFIX_PATH}:/home/lukevizzini/arm_v3/arm_code/install/arm_teleop:/home/lukevizzini/arm_v3/arm_code/install/arm_pwm_bridge:/home/lukevizzini/arm_new_v2/arm_code/install/arm_teleop:/home/lukevizzini/arm_new_v2/arm_code/install/arm_pwm_bridge:/opt/ros/humble /usr/bin/cmake --build /home/lukevizzini/arm_v3/arm_code/build/arm_config -- -j8 -l8
[0.964s] DEBUG:colcon.colcon_core.event_handler.log_command:Invoking command in '/home/lukevizzini/arm_v3/arm_code/build/arm_config': CMAKE_PREFIX_PATH=${CMAKE_PREFIX_PATH}:/home/lukevizzini/arm_v3/arm_code/install/arm_teleop:/home/lukevizzini/arm_v3/arm_code/install/arm_pwm_bridge:/home/lukevizzini/arm_new_v2/arm_code/install/arm_teleop:/home/lukevizzini/arm_new_v2/arm_code/install/arm_pwm_bridge:/opt/ros/humble /usr/bin/cmake --install /home/lukevizzini/arm_v3/arm_code/build/arm_config
[0.989s] Level 1:colcon.colcon_core.environment:create_environment_scripts_only(arm_config)
[0.991s] DEBUG:colcon.colcon_core.event_handler.log_command:Invoked command in '/home/lukevizzini/arm_v3/arm_code/build/arm_config' returned '0': CMAKE_PREFIX_PATH=${CMAKE_PREFIX_PATH}:/home/lukevizzini/arm_v3/arm_code/install/arm_teleop:/home/lukevizzini/arm_v3/arm_code/install/arm_pwm_bridge:/home/lukevizzini/arm_new_v2/arm_code/install/arm_teleop:/home/lukevizzini/arm_new_v2/arm_code/install/arm_pwm_bridge:/opt/ros/humble /usr/bin/cmake --install /home/lukevizzini/arm_v3/arm_code/build/arm_config
[0.992s] Level 1:colcon.colcon_core.environment:checking '/home/lukevizzini/arm_v3/arm_code/install/arm_config' for CMake module files
[0.993s] Level 1:colcon.colcon_core.environment:checking '/home/lukevizzini/arm_v3/arm_code/install/arm_config' for CMake config files
[0.993s] Level 1:colcon.colcon_core.shell:create_environment_hook('arm_config', 'cmake_prefix_path')
[0.993s] INFO:colcon.colcon_core.shell:Creating environment hook '/home/lukevizzini/arm_v3/arm_code/install/arm_config/share/arm_config/hook/cmake_prefix_path.ps1'
[0.994s] INFO:colcon.colcon_core.shell:Creating environment descriptor '/home/lukevizzini/arm_v3/arm_code/install/arm_config/share/arm_config/hook/cmake_prefix_path.dsv'
[0.994s] INFO:colcon.colcon_core.shell:Creating environment hook '/home/lukevizzini/arm_v3/arm_code/install/arm_config/share/arm_config/hook/cmake_prefix_path.sh'
[0.995s] Level 1:colcon.colcon_core.environment:checking '/home/lukevizzini/arm_v3/arm_code/install/arm_config/bin'
[0.995s] Level 1:colcon.colcon_core.environment:checking '/home/lukevizzini/arm_v3/arm_code/install/arm_config/lib/pkgconfig/arm_config.pc'
[0.995s] Level 1:colcon.colcon_core.environment:checking '/home/lukevizzini/arm_v3/arm_code/install/arm_config/lib/python3.10/site-packages'
[0.996s] Level 1:colcon.colcon_core.environment:checking '/home/lukevizzini/arm_v3/arm_code/install/arm_config/bin'
[0.996s] INFO:colcon.colcon_core.shell:Creating package script '/home/lukevizzini/arm_v3/arm_code/install/arm_config/share/arm_config/package.ps1'
[0.997s] INFO:colcon.colcon_core.shell:Creating package descriptor '/home/lukevizzini/arm_v3/arm_code/install/arm_config/share/arm_config/package.dsv'
[0.998s] INFO:colcon.colcon_core.shell:Creating package script '/home/lukevizzini/arm_v3/arm_code/install/arm_config/share/arm_config/package.sh'
[0.998s] INFO:colcon.colcon_core.shell:Creating package script '/home/lukevizzini/arm_v3/arm_code/install/arm_config/share/arm_config/package.bash'
[0.999s] INFO:colcon.colcon_core.shell:Creating package script '/home/lukevizzini/arm_v3/arm_code/install/arm_config/share/arm_config/package.zsh'
[1.000s] Level 1:colcon.colcon_core.environment:create_file_with_runtime_dependencies(/home/lukevizzini/arm_v3/arm_code/install/arm_config/share/colcon-core/packages/arm_config)
[1.000s] Level 1:colcon.colcon_core.environment:create_environment_scripts_only(arm_config)
[1.001s] Level 1:colcon.colcon_core.environment:checking '/home/lukevizzini/arm_v3/arm_code/install/arm_config' for CMake module files
[1.001s] Level 1:colcon.colcon_core.environment:checking '/home/lukevizzini/arm_v3/arm_code/install/arm_config' for CMake config files
[1.001s] Level 1:colcon.colcon_core.shell:create_environment_hook('arm_config', 'cmake_prefix_path')
[1.002s] INFO:colcon.colcon_core.shell:Creating environment hook '/home/lukevizzini/arm_v3/arm_code/install/arm_config/share/arm_config/hook/cmake_prefix_path.ps1'
[1.002s] INFO:colcon.colcon_core.shell:Creating environment descriptor '/home/lukevizzini/arm_v3/arm_code/install/arm_config/share/arm_config/hook/cmake_prefix_path.dsv'
[1.003s] INFO:colcon.colcon_core.shell:Creating environment hook '/home/lukevizzini/arm_v3/arm_code/install/arm_config/share/arm_config/hook/cmake_prefix_path.sh'
[1.003s] Level 1:colcon.colcon_core.environment:checking '/home/lukevizzini/arm_v3/arm_code/install/arm_config/bin'
[1.003s] Level 1:colcon.colcon_core.environment:checking '/home/lukevizzini/arm_v3/arm_code/install/arm_config/lib/pkgconfig/arm_config.pc'
[1.004s] Level 1:colcon.colcon_core.environment:checking '/home/lukevizzini/arm_v3/arm_code/install/arm_config/lib/python3.10/site-packages'
[1.004s] Level 1:colcon.colcon_core.environment:checking '/home/lukevizzini/arm_v3/arm_code/install/arm_config/bin'
[1.005s] INFO:colcon.colcon_core.shell:Creating package script '/home/lukevizzini/arm_v3/arm_code/install/arm_config/share/arm_config/package.ps1'
[1.005s] INFO:colcon.colcon_core.shell:Creating package descriptor '/home/lukevizzini/arm_v3/arm_code/install/arm_config/share/arm_config/package.dsv'
[1.006s] INFO:colcon.colcon_core.shell:Creating package script '/home/lukevizzini/arm_v3/arm_code/install/arm_config/share/arm_config/package.sh'
[1.006s] INFO:colcon.colcon_core.shell:Creating package script '/home/lukevizzini/arm_v3/arm_code/install/arm_config/share/arm_config/package.bash'
[1.007s] INFO:colcon.colcon_core.shell:Creating package script '/home/lukevizzini/arm_v3/arm_code/install/arm_config/share/arm_config/package.zsh'
[1.007s] Level 1:colcon.colcon_core.environment:create_file_with_runtime_dependencies(/home/lukevizzini/arm_v3/arm_code/install/arm_config/share/colcon-core/packages/arm_config)
[1.008s] INFO:colcon.colcon_ros.task.ament_cmake.build:Building ROS package in '/home/lukevizzini/arm_v3/arm_code/src/description' with build type 'ament_cmake'
[1.008s] INFO:colcon.colcon_cmake.task.cmake.build:Building CMake package in '/home/lukevizzini/arm_v3/arm_code/src/description'
[1.008s] INFO:colcon.colcon_core.shell:Skip shell extension 'powershell' for command environment: Not usable outside of PowerShell
[1.008s] DEBUG:colcon.colcon_core.shell:Skip shell extension 'dsv' for command environment
[1.095s] DEBUG:colcon.colcon_core.event_handler.log_command:Invoking command in '/home/lukevizzini/arm_v3/arm_code/build/arm_description': CMAKE_PREFIX_PATH=/home/lukevizzini/arm_v3/arm_code/install/arm_config:/home/lukevizzini/arm_v3/arm_code/install/arm_launch:/home/lukevizzini/arm_v3/arm_code/install/arm_bringup:/home/lukevizzini/arm_v3/arm_code/install/arm_description:/home/lukevizzini/arm_new_v2/arm_code/install/arm_launch:/home/lukevizzini/arm_new_v2/arm_code/install/arm_bringup:/home/lukevizzini/arm_new_v2/arm_code/install/arm_description:/home/lukevizzini/arm_new_v2/arm_code/install/arm_config:/home/lukevizzini/arm_v3/arm_code/install/arm_teleop:/home/lukevizzini/arm_v3/arm_code/install/arm_pwm_bridge:/home/lukevizzini/arm_new_v2/arm_code/install/arm_teleop:/home/lukevizzini/arm_new_v2/arm_code/install/arm_pwm_bridge:/opt/ros/humble /usr/bin/cmake --build /home/lukevizzini/arm_v3/arm_code/build/arm_description -- -j8 -l8
[1.127s] DEBUG:colcon.colcon_core.event_handler.log_command:Invoked command in '/home/lukevizzini/arm_v3/arm_code/build/arm_description' returned '0': CMAKE_PREFIX_PATH=/home/lukevizzini/arm_v3/arm_code/install/arm_config:/home/lukevizzini/arm_v3/arm_code/install/arm_launch:/home/lukevizzini/arm_v3/arm_code/install/arm_bringup:/home/lukevizzini/arm_v3/arm_code/install/arm_description:/home/lukevizzini/arm_new_v2/arm_code/install/arm_launch:/home/lukevizzini/arm_new_v2/arm_code/install/arm_bringup:/home/lukevizzini/arm_new_v2/arm_code/install/arm_description:/home/lukevizzini/arm_new_v2/arm_code/install/arm_config:/home/lukevizzini/arm_v3/arm_code/install/arm_teleop:/home/lukevizzini/arm_v3/arm_code/install/arm_pwm_bridge:/home/lukevizzini/arm_new_v2/arm_code/install/arm_teleop:/home/lukevizzini/arm_new_v2/arm_code/install/arm_pwm_bridge:/opt/ros/humble /usr/bin/cmake --build /home/lukevizzini/arm_v3/arm_code/build/arm_description -- -j8 -l8
[1.130s] DEBUG:colcon.colcon_core.event_handler.log_command:Invoking command in '/home/lukevizzini/arm_v3/arm_code/build/arm_description': CMAKE_PREFIX_PATH=/home/lukevizzini/arm_v3/arm_code/install/arm_config:/home/lukevizzini/arm_v3/arm_code/install/arm_launch:/home/lukevizzini/arm_v3/arm_code/install/arm_bringup:/home/lukevizzini/arm_v3/arm_code/install/arm_description:/home/lukevizzini/arm_new_v2/arm_code/install/arm_launch:/home/lukevizzini/arm_new_v2/arm_code/install/arm_bringup:/home/lukevizzini/arm_new_v2/arm_code/install/arm_description:/home/lukevizzini/arm_new_v2/arm_code/install/arm_config:/home/lukevizzini/arm_v3/arm_code/install/arm_teleop:/home/lukevizzini/arm_v3/arm_code/install/arm_pwm_bridge:/home/lukevizzini/arm_new_v2/arm_code/install/arm_teleop:/home/lukevizzini/arm_new_v2/arm_code/install/arm_pwm_bridge:/opt/ros/humble /usr/bin/cmake --install /home/lukevizzini/arm_v3/arm_code/build/arm_description
[1.156s] Level 1:colcon.colcon_core.environment:create_environment_scripts_only(arm_description)
[1.157s] Level 1:colcon.colcon_core.environment:checking '/home/lukevizzini/arm_v3/arm_code/install/arm_description' for CMake module files
[1.157s] DEBUG:colcon.colcon_core.event_handler.log_command:Invoked command in '/home/lukevizzini/arm_v3/arm_code/build/arm_description' returned '0': CMAKE_PREFIX_PATH=/home/lukevizzini/arm_v3/arm_code/install/arm_config:/home/lukevizzini/arm_v3/arm_code/install/arm_launch:/home/lukevizzini/arm_v3/arm_code/install/arm_bringup:/home/lukevizzini/arm_v3/arm_code/install/arm_description:/home/lukevizzini/arm_new_v2/arm_code/install/arm_launch:/home/lukevizzini/arm_new_v2/arm_code/install/arm_bringup:/home/lukevizzini/arm_new_v2/arm_code/install/arm_description:/home/lukevizzini/arm_new_v2/arm_code/install/arm_config:/home/lukevizzini/arm_v3/arm_code/install/arm_teleop:/home/lukevizzini/arm_v3/arm_code/install/arm_pwm_bridge:/home/lukevizzini/arm_new_v2/arm_code/install/arm_teleop:/home/lukevizzini/arm_new_v2/arm_code/install/arm_pwm_bridge:/opt/ros/humble /usr/bin/cmake --install /home/lukevizzini/arm_v3/arm_code/build/arm_description
[1.158s] Level 1:colcon.colcon_core.environment:checking '/home/lukevizzini/arm_v3/arm_code/install/arm_description' for CMake config files
[1.158s] Level 1:colcon.colcon_core.shell:create_environment_hook('arm_description', 'cmake_prefix_path')
[1.158s] INFO:colcon.colcon_core.shell:Creating environment hook '/home/lukevizzini/arm_v3/arm_code/install/arm_description/share/arm_description/hook/cmake_prefix_path.ps1'
[1.159s] INFO:colcon.colcon_core.shell:Creating environment descriptor '/home/lukevizzini/arm_v3/arm_code/install/arm_description/share/arm_description/hook/cmake_prefix_path.dsv'
[1.159s] INFO:colcon.colcon_core.shell:Creating environment hook '/home/lukevizzini/arm_v3/arm_code/install/arm_description/share/arm_description/hook/cmake_prefix_path.sh'
[1.160s] Level 1:colcon.colcon_core.environment:checking '/home/lukevizzini/arm_v3/arm_code/install/arm_description/bin'
[1.160s] Level 1:colcon.colcon_core.environment:checking '/home/lukevizzini/arm_v3/arm_code/install/arm_description/lib/pkgconfig/arm_description.pc'
[1.160s] Level 1:colcon.colcon_core.environment:checking '/home/lukevizzini/arm_v3/arm_code/install/arm_description/lib/python3.10/site-packages'
[1.160s] Level 1:colcon.colcon_core.environment:checking '/home/lukevizzini/arm_v3/arm_code/install/arm_description/bin'
[1.161s] INFO:colcon.colcon_core.shell:Creating package script '/home/lukevizzini/arm_v3/arm_code/install/arm_description/share/arm_description/package.ps1'
[1.161s] INFO:colcon.colcon_core.shell:Creating package descriptor '/home/lukevizzini/arm_v3/arm_code/install/arm_description/share/arm_description/package.dsv'
[1.162s] INFO:colcon.colcon_core.shell:Creating package script '/home/lukevizzini/arm_v3/arm_code/install/arm_description/share/arm_description/package.sh'
[1.162s] INFO:colcon.colcon_core.shell:Creating package script '/home/lukevizzini/arm_v3/arm_code/install/arm_description/share/arm_description/package.bash'
[1.162s] INFO:colcon.colcon_core.shell:Creating package script '/home/lukevizzini/arm_v3/arm_code/install/arm_description/share/arm_description/package.zsh'
[1.163s] Level 1:colcon.colcon_core.environment:create_file_with_runtime_dependencies(/home/lukevizzini/arm_v3/arm_code/install/arm_description/share/colcon-core/packages/arm_description)
[1.163s] Level 1:colcon.colcon_core.environment:create_environment_scripts_only(arm_description)
[1.164s] Level 1:colcon.colcon_core.environment:checking '/home/lukevizzini/arm_v3/arm_code/install/arm_description' for CMake module files
[1.164s] Level 1:colcon.colcon_core.environment:checking '/home/lukevizzini/arm_v3/arm_code/install/arm_description' for CMake config files
[1.164s] Level 1:colcon.colcon_core.shell:create_environment_hook('arm_description', 'cmake_prefix_path')
[1.164s] INFO:colcon.colcon_core.shell:Creating environment hook '/home/lukevizzini/arm_v3/arm_code/install/arm_description/share/arm_description/hook/cmake_prefix_path.ps1'
[1.165s] INFO:colcon.colcon_core.shell:Creating environment descriptor '/home/lukevizzini/arm_v3/arm_code/install/arm_description/share/arm_description/hook/cmake_prefix_path.dsv'
[1.165s] INFO:colcon.colcon_core.shell:Creating environment hook '/home/lukevizzini/arm_v3/arm_code/install/arm_description/share/arm_description/hook/cmake_prefix_path.sh'
[1.166s] Level 1:colcon.colcon_core.environment:checking '/home/lukevizzini/arm_v3/arm_code/install/arm_description/bin'
[1.166s] Level 1:colcon.colcon_core.environment:checking '/home/lukevizzini/arm_v3/arm_code/install/arm_description/lib/pkgconfig/arm_description.pc'
[1.166s] Level 1:colcon.colcon_core.environment:checking '/home/lukevizzini/arm_v3/arm_code/install/arm_description/lib/python3.10/site-packages'
[1.167s] Level 1:colcon.colcon_core.environment:checking '/home/lukevizzini/arm_v3/arm_code/install/arm_description/bin'
[1.167s] INFO:colcon.colcon_core.shell:Creating package script '/home/lukevizzini/arm_v3/arm_code/install/arm_description/share/arm_description/package.ps1'
[1.167s] INFO:colcon.colcon_core.shell:Creating package descriptor '/home/lukevizzini/arm_v3/arm_code/install/arm_description/share/arm_description/package.dsv'
[1.168s] INFO:colcon.colcon_core.shell:Creating package script '/home/lukevizzini/arm_v3/arm_code/install/arm_description/share/arm_description/package.sh'
[1.168s] INFO:colcon.colcon_core.shell:Creating package script '/home/lukevizzini/arm_v3/arm_code/install/arm_description/share/arm_description/package.bash'
[1.169s] INFO:colcon.colcon_core.shell:Creating package script '/home/lukevizzini/arm_v3/arm_code/install/arm_description/share/arm_description/package.zsh'
[1.169s] Level 1:colcon.colcon_core.environment:create_file_with_runtime_dependencies(/home/lukevizzini/arm_v3/arm_code/install/arm_description/share/colcon-core/packages/arm_description)
[1.169s] INFO:colcon.colcon_ros.task.ament_cmake.build:Building ROS package in '/home/lukevizzini/arm_v3/arm_code/src/bringup' with build type 'ament_cmake'
[1.170s] INFO:colcon.colcon_cmake.task.cmake.build:Building CMake package in '/home/lukevizzini/arm_v3/arm_code/src/bringup'
[1.170s] INFO:colcon.colcon_core.shell:Skip shell extension 'powershell' for command environment: Not usable outside of PowerShell
[1.170s] DEBUG:colcon.colcon_core.shell:Skip shell extension 'dsv' for command environment
[1.338s] DEBUG:colcon.colcon_core.event_handler.log_command:Invoking command in '/home/lukevizzini/arm_v3/arm_code/build/arm_bringup': CMAKE_PREFIX_PATH=/home/lukevizzini/arm_v3/arm_code/install/arm_description:/home/lukevizzini/arm_v3/arm_code/install/arm_config:/home/lukevizzini/arm_v3/arm_code/install/arm_launch:/home/lukevizzini/arm_v3/arm_code/install/arm_bringup:/home/lukevizzini/arm_new_v2/arm_code/install/arm_launch:/home/lukevizzini/arm_new_v2/arm_code/install/arm_bringup:/home/lukevizzini/arm_new_v2/arm_code/install/arm_description:/home/lukevizzini/arm_new_v2/arm_code/install/arm_config:/home/lukevizzini/arm_v3/arm_code/install/arm_teleop:/home/lukevizzini/arm_v3/arm_code/install/arm_pwm_bridge:/home/lukevizzini/arm_new_v2/arm_code/install/arm_teleop:/home/lukevizzini/arm_new_v2/arm_code/install/arm_pwm_bridge:/opt/ros/humble /usr/bin/cmake --build /home/lukevizzini/arm_v3/arm_code/build/arm_bringup -- -j8 -l8
[1.354s] DEBUG:colcon.colcon_core.event_handler.log_command:Invoking command in '/home/lukevizzini/arm_v3/arm_code/build/arm_teleop': PYTHONPATH=/home/lukevizzini/arm_v3/arm_code/build/arm_teleop/prefix_override:/usr/lib/python3/dist-packages/colcon_core/task/python/colcon_distutils_commands:/home/lukevizzini/arm_v3/arm_code/install/arm_teleop/lib/python3.10/site-packages:${PYTHONPATH} /usr/bin/python3 -W ignore:setup.py install is deprecated -W ignore:easy_install command is deprecated setup.py develop --editable --build-directory /home/lukevizzini/arm_v3/arm_code/build/arm_teleop/build --no-deps symlink_data
[1.358s] DEBUG:colcon.colcon_core.event_handler.log_command:Invoking command in '/home/lukevizzini/arm_v3/arm_code/build/arm_pwm_bridge': PYTHONPATH=/home/lukevizzini/arm_v3/arm_code/build/arm_pwm_bridge/prefix_override:/usr/lib/python3/dist-packages/colcon_core/task/python/colcon_distutils_commands:/home/lukevizzini/arm_v3/arm_code/install/arm_pwm_bridge/lib/python3.10/site-packages:${PYTHONPATH} /usr/bin/python3 -W ignore:setup.py install is deprecated -W ignore:easy_install command is deprecated setup.py develop --editable --build-directory /home/lukevizzini/arm_v3/arm_code/build/arm_pwm_bridge/build --no-deps symlink_data
[1.378s] DEBUG:colcon.colcon_core.event_handler.log_command:Invoked command in '/home/lukevizzini/arm_v3/arm_code/build/arm_bringup' returned '0': CMAKE_PREFIX_PATH=/home/lukevizzini/arm_v3/arm_code/install/arm_description:/home/lukevizzini/arm_v3/arm_code/install/arm_config:/home/lukevizzini/arm_v3/arm_code/install/arm_launch:/home/lukevizzini/arm_v3/arm_code/install/arm_bringup:/home/lukevizzini/arm_new_v2/arm_code/install/arm_launch:/home/lukevizzini/arm_new_v2/arm_code/install/arm_bringup:/home/lukevizzini/arm_new_v2/arm_code/install/arm_description:/home/lukevizzini/arm_new_v2/arm_code/install/arm_config:/home/lukevizzini/arm_v3/arm_code/install/arm_teleop:/home/lukevizzini/arm_v3/arm_code/install/arm_pwm_bridge:/home/lukevizzini/arm_new_v2/arm_code/install/arm_teleop:/home/lukevizzini/arm_new_v2/arm_code/install/arm_pwm_bridge:/opt/ros/humble /usr/bin/cmake --build /home/lukevizzini/arm_v3/arm_code/build/arm_bringup -- -j8 -l8
[1.381s] DEBUG:colcon.colcon_core.event_handler.log_command:Invoking command in '/home/lukevizzini/arm_v3/arm_code/build/arm_bringup': CMAKE_PREFIX_PATH=/home/lukevizzini/arm_v3/arm_code/install/arm_description:/home/lukevizzini/arm_v3/arm_code/install/arm_config:/home/lukevizzini/arm_v3/arm_code/install/arm_launch:/home/lukevizzini/arm_v3/arm_code/install/arm_bringup:/home/lukevizzini/arm_new_v2/arm_code/install/arm_launch:/home/lukevizzini/arm_new_v2/arm_code/install/arm_bringup:/home/lukevizzini/arm_new_v2/arm_code/install/arm_description:/home/lukevizzini/arm_new_v2/arm_code/install/arm_config:/home/lukevizzini/arm_v3/arm_code/install/arm_teleop:/home/lukevizzini/arm_v3/arm_code/install/arm_pwm_bridge:/home/lukevizzini/arm_new_v2/arm_code/install/arm_teleop:/home/lukevizzini/arm_new_v2/arm_code/install/arm_pwm_bridge:/opt/ros/humble /usr/bin/cmake --install /home/lukevizzini/arm_v3/arm_code/build/arm_bringup
[1.404s] Level 1:colcon.colcon_core.environment:create_environment_scripts_only(arm_bringup)
[1.404s] Level 1:colcon.colcon_core.environment:checking '/home/lukevizzini/arm_v3/arm_code/install/arm_bringup' for CMake module files
[1.405s] DEBUG:colcon.colcon_core.event_handler.log_command:Invoked command in '/home/lukevizzini/arm_v3/arm_code/build/arm_bringup' returned '0': CMAKE_PREFIX_PATH=/home/lukevizzini/arm_v3/arm_code/install/arm_description:/home/lukevizzini/arm_v3/arm_code/install/arm_config:/home/lukevizzini/arm_v3/arm_code/install/arm_launch:/home/lukevizzini/arm_v3/arm_code/install/arm_bringup:/home/lukevizzini/arm_new_v2/arm_code/install/arm_launch:/home/lukevizzini/arm_new_v2/arm_code/install/arm_bringup:/home/lukevizzini/arm_new_v2/arm_code/install/arm_description:/home/lukevizzini/arm_new_v2/arm_code/install/arm_config:/home/lukevizzini/arm_v3/arm_code/install/arm_teleop:/home/lukevizzini/arm_v3/arm_code/install/arm_pwm_bridge:/home/lukevizzini/arm_new_v2/arm_code/install/arm_teleop:/home/lukevizzini/arm_new_v2/arm_code/install/arm_pwm_bridge:/opt/ros/humble /usr/bin/cmake --install /home/lukevizzini/arm_v3/arm_code/build/arm_bringup
[1.406s] Level 1:colcon.colcon_core.environment:checking '/home/lukevizzini/arm_v3/arm_code/install/arm_bringup' for CMake config files
[1.406s] Level 1:colcon.colcon_core.shell:create_environment_hook('arm_bringup', 'cmake_prefix_path')
[1.406s] INFO:colcon.colcon_core.shell:Creating environment hook '/home/lukevizzini/arm_v3/arm_code/install/arm_bringup/share/arm_bringup/hook/cmake_prefix_path.ps1'
[1.407s] INFO:colcon.colcon_core.shell:Creating environment descriptor '/home/lukevizzini/arm_v3/arm_code/install/arm_bringup/share/arm_bringup/hook/cmake_prefix_path.dsv'
[1.408s] INFO:colcon.colcon_core.shell:Creating environment hook '/home/lukevizzini/arm_v3/arm_code/install/arm_bringup/share/arm_bringup/hook/cmake_prefix_path.sh'
[1.408s] Level 1:colcon.colcon_core.environment:checking '/home/lukevizzini/arm_v3/arm_code/install/arm_bringup/bin'
[1.408s] Level 1:colcon.colcon_core.environment:checking '/home/lukevizzini/arm_v3/arm_code/install/arm_bringup/lib/pkgconfig/arm_bringup.pc'
[1.409s] Level 1:colcon.colcon_core.environment:checking '/home/lukevizzini/arm_v3/arm_code/install/arm_bringup/lib/python3.10/site-packages'
[1.409s] Level 1:colcon.colcon_core.environment:checking '/home/lukevizzini/arm_v3/arm_code/install/arm_bringup/bin'
[1.410s] INFO:colcon.colcon_core.shell:Creating package script '/home/lukevizzini/arm_v3/arm_code/install/arm_bringup/share/arm_bringup/package.ps1'
[1.410s] INFO:colcon.colcon_core.shell:Creating package descriptor '/home/lukevizzini/arm_v3/arm_code/install/arm_bringup/share/arm_bringup/package.dsv'
[1.411s] INFO:colcon.colcon_core.shell:Creating package script '/home/lukevizzini/arm_v3/arm_code/install/arm_bringup/share/arm_bringup/package.sh'
[1.411s] INFO:colcon.colcon_core.shell:Creating package script '/home/lukevizzini/arm_v3/arm_code/install/arm_bringup/share/arm_bringup/package.bash'
[1.412s] INFO:colcon.colcon_core.shell:Creating package script '/home/lukevizzini/arm_v3/arm_code/install/arm_bringup/share/arm_bringup/package.zsh'
[1.412s] Level 1:colcon.colcon_core.environment:create_file_with_runtime_dependencies(/home/lukevizzini/arm_v3/arm_code/install/arm_bringup/share/colcon-core/packages/arm_bringup)
[1.413s] Level 1:colcon.colcon_core.environment:create_environment_scripts_only(arm_bringup)
[1.414s] Level 1:colcon.colcon_core.environment:checking '/home/lukevizzini/arm_v3/arm_code/install/arm_bringup' for CMake module files
[1.414s] Level 1:colcon.colcon_core.environment:checking '/home/lukevizzini/arm_v3/arm_code/install/arm_bringup' for CMake config files
[1.415s] Level 1:colcon.colcon_core.shell:create_environment_hook('arm_bringup', 'cmake_prefix_path')
[1.415s] INFO:colcon.colcon_core.shell:Creating environment hook '/home/lukevizzini/arm_v3/arm_code/install/arm_bringup/share/arm_bringup/hook/cmake_prefix_path.ps1'
[1.416s] INFO:colcon.colcon_core.shell:Creating environment descriptor '/home/lukevizzini/arm_v3/arm_code/install/arm_bringup/share/arm_bringup/hook/cmake_prefix_path.dsv'
[1.416s] INFO:colcon.colcon_core.shell:Creating environment hook '/home/lukevizzini/arm_v3/arm_code/install/arm_bringup/share/arm_bringup/hook/cmake_prefix_path.sh'
[1.417s] Level 1:colcon.colcon_core.environment:checking '/home/lukevizzini/arm_v3/arm_code/install/arm_bringup/bin'
[1.417s] Level 1:colcon.colcon_core.environment:checking '/home/lukevizzini/arm_v3/arm_code/install/arm_bringup/lib/pkgconfig/arm_bringup.pc'
[1.417s] Level 1:colcon.colcon_core.environment:checking '/home/lukevizzini/arm_v3/arm_code/install/arm_bringup/lib/python3.10/site-packages'
[1.418s] Level 1:colcon.colcon_core.environment:checking '/home/lukevizzini/arm_v3/arm_code/install/arm_bringup/bin'
[1.418s] INFO:colcon.colcon_core.shell:Creating package script '/home/lukevizzini/arm_v3/arm_code/install/arm_bringup/share/arm_bringup/package.ps1'
[1.419s] INFO:colcon.colcon_core.shell:Creating package descriptor '/home/lukevizzini/arm_v3/arm_code/install/arm_bringup/share/arm_bringup/package.dsv'
[1.420s] INFO:colcon.colcon_core.shell:Creating package script '/home/lukevizzini/arm_v3/arm_code/install/arm_bringup/share/arm_bringup/package.sh'
[1.420s] INFO:colcon.colcon_core.shell:Creating package script '/home/lukevizzini/arm_v3/arm_code/install/arm_bringup/share/arm_bringup/package.bash'
[1.421s] INFO:colcon.colcon_core.shell:Creating package script '/home/lukevizzini/arm_v3/arm_code/install/arm_bringup/share/arm_bringup/package.zsh'
[1.421s] Level 1:colcon.colcon_core.environment:create_file_with_runtime_dependencies(/home/lukevizzini/arm_v3/arm_code/install/arm_bringup/share/colcon-core/packages/arm_bringup)
[1.816s] Level 1:colcon.colcon_core.shell:create_environment_hook('arm_pwm_bridge', 'pythonpath_develop')
[1.817s] INFO:colcon.colcon_core.shell:Creating environment hook '/home/lukevizzini/arm_v3/arm_code/build/arm_pwm_bridge/share/arm_pwm_bridge/hook/pythonpath_develop.ps1'
[1.818s] DEBUG:colcon.colcon_core.event_handler.log_command:Invoked command in '/home/lukevizzini/arm_v3/arm_code/build/arm_pwm_bridge' returned '0': PYTHONPATH=/home/lukevizzini/arm_v3/arm_code/build/arm_pwm_bridge/prefix_override:/usr/lib/python3/dist-packages/colcon_core/task/python/colcon_distutils_commands:/home/lukevizzini/arm_v3/arm_code/install/arm_pwm_bridge/lib/python3.10/site-packages:${PYTHONPATH} /usr/bin/python3 -W ignore:setup.py install is deprecated -W ignore:easy_install command is deprecated setup.py develop --editable --build-directory /home/lukevizzini/arm_v3/arm_code/build/arm_pwm_bridge/build --no-deps symlink_data
[1.818s] INFO:colcon.colcon_core.shell:Creating environment descriptor '/home/lukevizzini/arm_v3/arm_code/build/arm_pwm_bridge/share/arm_pwm_bridge/hook/pythonpath_develop.dsv'
[1.819s] INFO:colcon.colcon_core.shell:Creating environment hook '/home/lukevizzini/arm_v3/arm_code/build/arm_pwm_bridge/share/arm_pwm_bridge/hook/pythonpath_develop.sh'
[1.820s] Level 1:colcon.colcon_core.environment:checking '/home/lukevizzini/arm_v3/arm_code/install/arm_pwm_bridge' for CMake module files
[1.820s] Level 1:colcon.colcon_core.environment:checking '/home/lukevizzini/arm_v3/arm_code/install/arm_pwm_bridge' for CMake config files
[1.821s] Level 1:colcon.colcon_core.environment:checking '/home/lukevizzini/arm_v3/arm_code/install/arm_pwm_bridge/lib'
[1.821s] Level 1:colcon.colcon_core.environment:checking '/home/lukevizzini/arm_v3/arm_code/install/arm_pwm_bridge/bin'
[1.821s] Level 1:colcon.colcon_core.environment:checking '/home/lukevizzini/arm_v3/arm_code/install/arm_pwm_bridge/lib/pkgconfig/arm_pwm_bridge.pc'
[1.821s] Level 1:colcon.colcon_core.environment:checking '/home/lukevizzini/arm_v3/arm_code/install/arm_pwm_bridge/lib/python3.10/site-packages'
[1.821s] Level 1:colcon.colcon_core.shell:create_environment_hook('arm_pwm_bridge', 'pythonpath')
[1.821s] INFO:colcon.colcon_core.shell:Creating environment hook '/home/lukevizzini/arm_v3/arm_code/install/arm_pwm_bridge/share/arm_pwm_bridge/hook/pythonpath.ps1'
[1.822s] INFO:colcon.colcon_core.shell:Creating environment descriptor '/home/lukevizzini/arm_v3/arm_code/install/arm_pwm_bridge/share/arm_pwm_bridge/hook/pythonpath.dsv'
[1.823s] INFO:colcon.colcon_core.shell:Creating environment hook '/home/lukevizzini/arm_v3/arm_code/install/arm_pwm_bridge/share/arm_pwm_bridge/hook/pythonpath.sh'
[1.824s] Level 1:colcon.colcon_core.environment:checking '/home/lukevizzini/arm_v3/arm_code/install/arm_pwm_bridge/bin'
[1.824s] Level 1:colcon.colcon_core.environment:create_environment_scripts_only(arm_pwm_bridge)
[1.824s] INFO:colcon.colcon_core.shell:Creating package script '/home/lukevizzini/arm_v3/arm_code/install/arm_pwm_bridge/share/arm_pwm_bridge/package.ps1'
[1.825s] INFO:colcon.colcon_core.shell:Creating package descriptor '/home/lukevizzini/arm_v3/arm_code/install/arm_pwm_bridge/share/arm_pwm_bridge/package.dsv'
[1.825s] INFO:colcon.colcon_core.shell:Creating package script '/home/lukevizzini/arm_v3/arm_code/install/arm_pwm_bridge/share/arm_pwm_bridge/package.sh'
[1.826s] INFO:colcon.colcon_core.shell:Creating package script '/home/lukevizzini/arm_v3/arm_code/install/arm_pwm_bridge/share/arm_pwm_bridge/package.bash'
[1.826s] INFO:colcon.colcon_core.shell:Creating package script '/home/lukevizzini/arm_v3/arm_code/install/arm_pwm_bridge/share/arm_pwm_bridge/package.zsh'
[1.826s] Level 1:colcon.colcon_core.environment:create_file_with_runtime_dependencies(/home/lukevizzini/arm_v3/arm_code/install/arm_pwm_bridge/share/colcon-core/packages/arm_pwm_bridge)
[1.828s] Level 1:colcon.colcon_core.shell:create_environment_hook('arm_teleop', 'pythonpath_develop')
[1.829s] DEBUG:colcon.colcon_core.event_handler.log_command:Invoked command in '/home/lukevizzini/arm_v3/arm_code/build/arm_teleop' returned '0': PYTHONPATH=/home/lukevizzini/arm_v3/arm_code/build/arm_teleop/prefix_override:/usr/lib/python3/dist-packages/colcon_core/task/python/colcon_distutils_commands:/home/lukevizzini/arm_v3/arm_code/install/arm_teleop/lib/python3.10/site-packages:${PYTHONPATH} /usr/bin/python3 -W ignore:setup.py install is deprecated -W ignore:easy_install command is deprecated setup.py develop --editable --build-directory /home/lukevizzini/arm_v3/arm_code/build/arm_teleop/build --no-deps symlink_data
[1.829s] INFO:colcon.colcon_core.shell:Creating environment hook '/home/lukevizzini/arm_v3/arm_code/build/arm_teleop/share/arm_teleop/hook/pythonpath_develop.ps1'
[1.830s] INFO:colcon.colcon_core.shell:Creating environment descriptor '/home/lukevizzini/arm_v3/arm_code/build/arm_teleop/share/arm_teleop/hook/pythonpath_develop.dsv'
[1.830s] INFO:colcon.colcon_core.shell:Creating environment hook '/home/lukevizzini/arm_v3/arm_code/build/arm_teleop/share/arm_teleop/hook/pythonpath_develop.sh'
[1.831s] Level 1:colcon.colcon_core.environment:checking '/home/lukevizzini/arm_v3/arm_code/install/arm_teleop' for CMake module files
[1.831s] Level 1:colcon.colcon_core.environment:checking '/home/lukevizzini/arm_v3/arm_code/install/arm_teleop' for CMake config files
[1.832s] Level 1:colcon.colcon_core.environment:checking '/home/lukevizzini/arm_v3/arm_code/install/arm_teleop/lib'
[1.832s] Level 1:colcon.colcon_core.environment:checking '/home/lukevizzini/arm_v3/arm_code/install/arm_teleop/bin'
[1.832s] Level 1:colcon.colcon_core.environment:checking '/home/lukevizzini/arm_v3/arm_code/install/arm_teleop/lib/pkgconfig/arm_teleop.pc'
[1.832s] Level 1:colcon.colcon_core.environment:checking '/home/lukevizzini/arm_v3/arm_code/install/arm_teleop/lib/python3.10/site-packages'
[1.832s] Level 1:colcon.colcon_core.shell:create_environment_hook('arm_teleop', 'pythonpath')
[1.832s] INFO:colcon.colcon_core.shell:Creating environment hook '/home/lukevizzini/arm_v3/arm_code/install/arm_teleop/share/arm_teleop/hook/pythonpath.ps1'
[1.833s] INFO:colcon.colcon_core.shell:Creating environment descriptor '/home/lukevizzini/arm_v3/arm_code/install/arm_teleop/share/arm_teleop/hook/pythonpath.dsv'
[1.833s] INFO:colcon.colcon_core.shell:Creating environment hook '/home/lukevizzini/arm_v3/arm_code/install/arm_teleop/share/arm_teleop/hook/pythonpath.sh'
[1.834s] Level 1:colcon.colcon_core.environment:checking '/home/lukevizzini/arm_v3/arm_code/install/arm_teleop/bin'
[1.834s] Level 1:colcon.colcon_core.environment:create_environment_scripts_only(arm_teleop)
[1.834s] INFO:colcon.colcon_core.shell:Creating package script '/home/lukevizzini/arm_v3/arm_code/install/arm_teleop/share/arm_teleop/package.ps1'
[1.835s] INFO:colcon.colcon_core.shell:Creating package descriptor '/home/lukevizzini/arm_v3/arm_code/install/arm_teleop/share/arm_teleop/package.dsv'
[1.835s] INFO:colcon.colcon_core.shell:Creating package script '/home/lukevizzini/arm_v3/arm_code/install/arm_teleop/share/arm_teleop/package.sh'
[1.836s] INFO:colcon.colcon_core.shell:Creating package script '/home/lukevizzini/arm_v3/arm_code/install/arm_teleop/share/arm_teleop/package.bash'
[1.836s] INFO:colcon.colcon_core.shell:Creating package script '/home/lukevizzini/arm_v3/arm_code/install/arm_teleop/share/arm_teleop/package.zsh'
[1.836s] Level 1:colcon.colcon_core.environment:create_file_with_runtime_dependencies(/home/lukevizzini/arm_v3/arm_code/install/arm_teleop/share/colcon-core/packages/arm_teleop)
[1.836s] INFO:colcon.colcon_ros.task.ament_cmake.build:Building ROS package in '/home/lukevizzini/arm_v3/arm_code/src/launch' with build type 'ament_cmake'
[1.837s] INFO:colcon.colcon_cmake.task.cmake.build:Building CMake package in '/home/lukevizzini/arm_v3/arm_code/src/launch'
[1.837s] INFO:colcon.colcon_core.shell:Skip shell extension 'powershell' for command environment: Not usable outside of PowerShell
[1.837s] DEBUG:colcon.colcon_core.shell:Skip shell extension 'dsv' for command environment
[2.367s] DEBUG:colcon.colcon_core.event_handler.log_command:Invoking command in '/home/lukevizzini/arm_v3/arm_code/build/arm_launch': AMENT_PREFIX_PATH=/home/lukevizzini/arm_v3/arm_code/install/arm_teleop:/home/lukevizzini/arm_v3/arm_code/install/arm_pwm_bridge:/home/lukevizzini/arm_v3/arm_code/install/arm_launch:/home/lukevizzini/arm_v3/arm_code/install/arm_bringup:/home/lukevizzini/arm_v3/arm_code/install/arm_description:/home/lukevizzini/arm_v3/arm_code/install/arm_config:/home/lukevizzini/arm_new_v2/arm_code/install/arm_launch:/home/lukevizzini/arm_new_v2/arm_code/install/arm_teleop:/home/lukevizzini/arm_new_v2/arm_code/install/arm_pwm_bridge:/home/lukevizzini/arm_new_v2/arm_code/install/arm_bringup:/home/lukevizzini/arm_new_v2/arm_code/install/arm_description:/home/lukevizzini/arm_new_v2/arm_code/install/arm_config:/opt/ros/humble CMAKE_PREFIX_PATH=/home/lukevizzini/arm_v3/arm_code/install/arm_bringup:/home/lukevizzini/arm_v3/arm_code/install/arm_description:/home/lukevizzini/arm_v3/arm_code/install/arm_config:/home/lukevizzini/arm_v3/arm_code/install/arm_launch:/home/lukevizzini/arm_new_v2/arm_code/install/arm_launch:/home/lukevizzini/arm_new_v2/arm_code/install/arm_bringup:/home/lukevizzini/arm_new_v2/arm_code/install/arm_description:/home/lukevizzini/arm_new_v2/arm_code/install/arm_config:/home/lukevizzini/arm_v3/arm_code/install/arm_teleop:/home/lukevizzini/arm_v3/arm_code/install/arm_pwm_bridge:/home/lukevizzini/arm_new_v2/arm_code/install/arm_teleop:/home/lukevizzini/arm_new_v2/arm_code/install/arm_pwm_bridge:/opt/ros/humble PYTHONPATH=/home/lukevizzini/arm_v3/arm_code/build/arm_teleop:/home/lukevizzini/arm_v3/arm_code/install/arm_teleop/lib/python3.10/site-packages:/home/lukevizzini/arm_v3/arm_code/build/arm_pwm_bridge:/home/lukevizzini/arm_v3/arm_code/install/arm_pwm_bridge/lib/python3.10/site-packages:/home/lukevizzini/arm_new_v2/arm_code/build/arm_teleop:/home/lukevizzini/arm_new_v2/arm_code/install/arm_teleop/lib/python3.10/site-packages:/home/lukevizzini/arm_new_v2/arm_code/build/arm_pwm_bridge:/home/lukevizzini/arm_new_v2/arm_code/install/arm_pwm_bridge/lib/python3.10/site-packages:/opt/ros/humble/lib/python3.10/site-packages:/opt/ros/humble/local/lib/python3.10/dist-packages /usr/bin/cmake --build /home/lukevizzini/arm_v3/arm_code/build/arm_launch -- -j8 -l8
[2.403s] DEBUG:colcon.colcon_core.event_handler.log_command:Invoked command in '/home/lukevizzini/arm_v3/arm_code/build/arm_launch' returned '0': AMENT_PREFIX_PATH=/home/lukevizzini/arm_v3/arm_code/install/arm_teleop:/home/lukevizzini/arm_v3/arm_code/install/arm_pwm_bridge:/home/lukevizzini/arm_v3/arm_code/install/arm_launch:/home/lukevizzini/arm_v3/arm_code/install/arm_bringup:/home/lukevizzini/arm_v3/arm_code/install/arm_description:/home/lukevizzini/arm_v3/arm_code/install/arm_config:/home/lukevizzini/arm_new_v2/arm_code/install/arm_launch:/home/lukevizzini/arm_new_v2/arm_code/install/arm_teleop:/home/lukevizzini/arm_new_v2/arm_code/install/arm_pwm_bridge:/home/lukevizzini/arm_new_v2/arm_code/install/arm_bringup:/home/lukevizzini/arm_new_v2/arm_code/install/arm_description:/home/lukevizzini/arm_new_v2/arm_code/install/arm_config:/opt/ros/humble CMAKE_PREFIX_PATH=/home/lukevizzini/arm_v3/arm_code/install/arm_bringup:/home/lukevizzini/arm_v3/arm_code/install/arm_description:/home/lukevizzini/arm_v3/arm_code/install/arm_config:/home/lukevizzini/arm_v3/arm_code/install/arm_launch:/home/lukevizzini/arm_new_v2/arm_code/install/arm_launch:/home/lukevizzini/arm_new_v2/arm_code/install/arm_bringup:/home/lukevizzini/arm_new_v2/arm_code/install/arm_description:/home/lukevizzini/arm_new_v2/arm_code/install/arm_config:/home/lukevizzini/arm_v3/arm_code/install/arm_teleop:/home/lukevizzini/arm_v3/arm_code/install/arm_pwm_bridge:/home/lukevizzini/arm_new_v2/arm_code/install/arm_teleop:/home/lukevizzini/arm_new_v2/arm_code/install/arm_pwm_bridge:/opt/ros/humble PYTHONPATH=/home/lukevizzini/arm_v3/arm_code/build/arm_teleop:/home/lukevizzini/arm_v3/arm_code/install/arm_teleop/lib/python3.10/site-packages:/home/lukevizzini/arm_v3/arm_code/build/arm_pwm_bridge:/home/lukevizzini/arm_v3/arm_code/install/arm_pwm_bridge/lib/python3.10/site-packages:/home/lukevizzini/arm_new_v2/arm_code/build/arm_teleop:/home/lukevizzini/arm_new_v2/arm_code/install/arm_teleop/lib/python3.10/site-packages:/home/lukevizzini/arm_new_v2/arm_code/build/arm_pwm_bridge:/home/lukevizzini/arm_new_v2/arm_code/install/arm_pwm_bridge/lib/python3.10/site-packages:/opt/ros/humble/lib/python3.10/site-packages:/opt/ros/humble/local/lib/python3.10/dist-packages /usr/bin/cmake --build /home/lukevizzini/arm_v3/arm_code/build/arm_launch -- -j8 -l8
[2.404s] DEBUG:colcon.colcon_core.event_handler.log_command:Invoking command in '/home/lukevizzini/arm_v3/arm_code/build/arm_launch': AMENT_PREFIX_PATH=/home/lukevizzini/arm_v3/arm_code/install/arm_teleop:/home/lukevizzini/arm_v3/arm_code/install/arm_pwm_bridge:/home/lukevizzini/arm_v3/arm_code/install/arm_launch:/home/lukevizzini/arm_v3/arm_code/install/arm_bringup:/home/lukevizzini/arm_v3/arm_code/install/arm_description:/home/lukevizzini/arm_v3/arm_code/install/arm_config:/home/lukevizzini/arm_new_v2/arm_code/install/arm_launch:/home/lukevizzini/arm_new_v2/arm_code/install/arm_teleop:/home/lukevizzini/arm_new_v2/arm_code/install/arm_pwm_bridge:/home/lukevizzini/arm_new_v2/arm_code/install/arm_bringup:/home/lukevizzini/arm_new_v2/arm_code/install/arm_description:/home/lukevizzini/arm_new_v2/arm_code/install/arm_config:/opt/ros/humble CMAKE_PREFIX_PATH=/home/lukevizzini/arm_v3/arm_code/install/arm_bringup:/home/lukevizzini/arm_v3/arm_code/install/arm_description:/home/lukevizzini/arm_v3/arm_code/install/arm_config:/home/lukevizzini/arm_v3/arm_code/install/arm_launch:/home/lukevizzini/arm_new_v2/arm_code/install/arm_launch:/home/lukevizzini/arm_new_v2/arm_code/install/arm_bringup:/home/lukevizzini/arm_new_v2/arm_code/install/arm_description:/home/lukevizzini/arm_new_v2/arm_code/install/arm_config:/home/lukevizzini/arm_v3/arm_code/install/arm_teleop:/home/lukevizzini/arm_v3/arm_code/install/arm_pwm_bridge:/home/lukevizzini/arm_new_v2/arm_code/install/arm_teleop:/home/lukevizzini/arm_new_v2/arm_code/install/arm_pwm_bridge:/opt/ros/humble PYTHONPATH=/home/lukevizzini/arm_v3/arm_code/build/arm_teleop:/home/lukevizzini/arm_v3/arm_code/install/arm_teleop/lib/python3.10/site-packages:/home/lukevizzini/arm_v3/arm_code/build/arm_pwm_bridge:/home/lukevizzini/arm_v3/arm_code/install/arm_pwm_bridge/lib/python3.10/site-packages:/home/lukevizzini/arm_new_v2/arm_code/build/arm_teleop:/home/lukevizzini/arm_new_v2/arm_code/install/arm_teleop/lib/python3.10/site-packages:/home/lukevizzini/arm_new_v2/arm_code/build/arm_pwm_bridge:/home/lukevizzini/arm_new_v2/arm_code/install/arm_pwm_bridge/lib/python3.10/site-packages:/opt/ros/humble/lib/python3.10/site-packages:/opt/ros/humble/local/lib/python3.10/dist-packages /usr/bin/cmake --install /home/lukevizzini/arm_v3/arm_code/build/arm_launch
[2.423s] Level 1:colcon.colcon_core.environment:create_environment_scripts_only(arm_launch)
[2.424s] DEBUG:colcon.colcon_core.event_handler.log_command:Invoked command in '/home/lukevizzini/arm_v3/arm_code/build/arm_launch' returned '0': AMENT_PREFIX_PATH=/home/lukevizzini/arm_v3/arm_code/install/arm_teleop:/home/lukevizzini/arm_v3/arm_code/install/arm_pwm_bridge:/home/lukevizzini/arm_v3/arm_code/install/arm_launch:/home/lukevizzini/arm_v3/arm_code/install/arm_bringup:/home/lukevizzini/arm_v3/arm_code/install/arm_description:/home/lukevizzini/arm_v3/arm_code/install/arm_config:/home/lukevizzini/arm_new_v2/arm_code/install/arm_launch:/home/lukevizzini/arm_new_v2/arm_code/install/arm_teleop:/home/lukevizzini/arm_new_v2/arm_code/install/arm_pwm_bridge:/home/lukevizzini/arm_new_v2/arm_code/install/arm_bringup:/home/lukevizzini/arm_new_v2/arm_code/install/arm_description:/home/lukevizzini/arm_new_v2/arm_code/install/arm_config:/opt/ros/humble CMAKE_PREFIX_PATH=/home/lukevizzini/arm_v3/arm_code/install/arm_bringup:/home/lukevizzini/arm_v3/arm_code/install/arm_description:/home/lukevizzini/arm_v3/arm_code/install/arm_config:/home/lukevizzini/arm_v3/arm_code/install/arm_launch:/home/lukevizzini/arm_new_v2/arm_code/install/arm_launch:/home/lukevizzini/arm_new_v2/arm_code/install/arm_bringup:/home/lukevizzini/arm_new_v2/arm_code/install/arm_description:/home/lukevizzini/arm_new_v2/arm_code/install/arm_config:/home/lukevizzini/arm_v3/arm_code/install/arm_teleop:/home/lukevizzini/arm_v3/arm_code/install/arm_pwm_bridge:/home/lukevizzini/arm_new_v2/arm_code/install/arm_teleop:/home/lukevizzini/arm_new_v2/arm_code/install/arm_pwm_bridge:/opt/ros/humble PYTHONPATH=/home/lukevizzini/arm_v3/arm_code/build/arm_teleop:/home/lukevizzini/arm_v3/arm_code/install/arm_teleop/lib/python3.10/site-packages:/home/lukevizzini/arm_v3/arm_code/build/arm_pwm_bridge:/home/lukevizzini/arm_v3/arm_code/install/arm_pwm_bridge/lib/python3.10/site-packages:/home/lukevizzini/arm_new_v2/arm_code/build/arm_teleop:/home/lukevizzini/arm_new_v2/arm_code/install/arm_teleop/lib/python3.10/site-packages:/home/lukevizzini/arm_new_v2/arm_code/build/arm_pwm_bridge:/home/lukevizzini/arm_new_v2/arm_code/install/arm_pwm_bridge/lib/python3.10/site-packages:/opt/ros/humble/lib/python3.10/site-packages:/opt/ros/humble/local/lib/python3.10/dist-packages /usr/bin/cmake --install /home/lukevizzini/arm_v3/arm_code/build/arm_launch
[2.424s] Level 1:colcon.colcon_core.environment:checking '/home/lukevizzini/arm_v3/arm_code/install/arm_launch' for CMake module files
[2.425s] Level 1:colcon.colcon_core.environment:checking '/home/lukevizzini/arm_v3/arm_code/install/arm_launch' for CMake config files
[2.425s] Level 1:colcon.colcon_core.shell:create_environment_hook('arm_launch', 'cmake_prefix_path')
[2.426s] INFO:colcon.colcon_core.shell:Creating environment hook '/home/lukevizzini/arm_v3/arm_code/install/arm_launch/share/arm_launch/hook/cmake_prefix_path.ps1'
[2.426s] INFO:colcon.colcon_core.shell:Creating environment descriptor '/home/lukevizzini/arm_v3/arm_code/install/arm_launch/share/arm_launch/hook/cmake_prefix_path.dsv'
[2.426s] INFO:colcon.colcon_core.shell:Creating environment hook '/home/lukevizzini/arm_v3/arm_code/install/arm_launch/share/arm_launch/hook/cmake_prefix_path.sh'
[2.427s] Level 1:colcon.colcon_core.environment:checking '/home/lukevizzini/arm_v3/arm_code/install/arm_launch/bin'
[2.427s] Level 1:colcon.colcon_core.environment:checking '/home/lukevizzini/arm_v3/arm_code/install/arm_launch/lib/pkgconfig/arm_launch.pc'
[2.427s] Level 1:colcon.colcon_core.environment:checking '/home/lukevizzini/arm_v3/arm_code/install/arm_launch/lib/python3.10/site-packages'
[2.427s] Level 1:colcon.colcon_core.environment:checking '/home/lukevizzini/arm_v3/arm_code/install/arm_launch/bin'
[2.428s] INFO:colcon.colcon_core.shell:Creating package script '/home/lukevizzini/arm_v3/arm_code/install/arm_launch/share/arm_launch/package.ps1'
[2.428s] INFO:colcon.colcon_core.shell:Creating package descriptor '/home/lukevizzini/arm_v3/arm_code/install/arm_launch/share/arm_launch/package.dsv'
[2.428s] INFO:colcon.colcon_core.shell:Creating package script '/home/lukevizzini/arm_v3/arm_code/install/arm_launch/share/arm_launch/package.sh'
[2.429s] INFO:colcon.colcon_core.shell:Creating package script '/home/lukevizzini/arm_v3/arm_code/install/arm_launch/share/arm_launch/package.bash'
[2.429s] INFO:colcon.colcon_core.shell:Creating package script '/home/lukevizzini/arm_v3/arm_code/install/arm_launch/share/arm_launch/package.zsh'
[2.429s] Level 1:colcon.colcon_core.environment:create_file_with_runtime_dependencies(/home/lukevizzini/arm_v3/arm_code/install/arm_launch/share/colcon-core/packages/arm_launch)
[2.430s] Level 1:colcon.colcon_core.environment:create_environment_scripts_only(arm_launch)
[2.430s] Level 1:colcon.colcon_core.environment:checking '/home/lukevizzini/arm_v3/arm_code/install/arm_launch' for CMake module files
[2.430s] Level 1:colcon.colcon_core.environment:checking '/home/lukevizzini/arm_v3/arm_code/install/arm_launch' for CMake config files
[2.431s] Level 1:colcon.colcon_core.shell:create_environment_hook('arm_launch', 'cmake_prefix_path')
[2.431s] INFO:colcon.colcon_core.shell:Creating environment hook '/home/lukevizzini/arm_v3/arm_code/install/arm_launch/share/arm_launch/hook/cmake_prefix_path.ps1'
[2.431s] INFO:colcon.colcon_core.shell:Creating environment descriptor '/home/lukevizzini/arm_v3/arm_code/install/arm_launch/share/arm_launch/hook/cmake_prefix_path.dsv'
[2.431s] INFO:colcon.colcon_core.shell:Creating environment hook '/home/lukevizzini/arm_v3/arm_code/install/arm_launch/share/arm_launch/hook/cmake_prefix_path.sh'
[2.432s] Level 1:colcon.colcon_core.environment:checking '/home/lukevizzini/arm_v3/arm_code/install/arm_launch/bin'
[2.432s] Level 1:colcon.colcon_core.environment:checking '/home/lukevizzini/arm_v3/arm_code/install/arm_launch/lib/pkgconfig/arm_launch.pc'
[2.432s] Level 1:colcon.colcon_core.environment:checking '/home/lukevizzini/arm_v3/arm_code/install/arm_launch/lib/python3.10/site-packages'
[2.432s] Level 1:colcon.colcon_core.environment:checking '/home/lukevizzini/arm_v3/arm_code/install/arm_launch/bin'
[2.433s] INFO:colcon.colcon_core.shell:Creating package script '/home/lukevizzini/arm_v3/arm_code/install/arm_launch/share/arm_launch/package.ps1'
[2.433s] INFO:colcon.colcon_core.shell:Creating package descriptor '/home/lukevizzini/arm_v3/arm_code/install/arm_launch/share/arm_launch/package.dsv'
[2.433s] INFO:colcon.colcon_core.shell:Creating package script '/home/lukevizzini/arm_v3/arm_code/install/arm_launch/share/arm_launch/package.sh'
[2.434s] INFO:colcon.colcon_core.shell:Creating package script '/home/lukevizzini/arm_v3/arm_code/install/arm_launch/share/arm_launch/package.bash'
[2.434s] INFO:colcon.colcon_core.shell:Creating package script '/home/lukevizzini/arm_v3/arm_code/install/arm_launch/share/arm_launch/package.zsh'
[2.434s] Level 1:colcon.colcon_core.environment:create_file_with_runtime_dependencies(/home/lukevizzini/arm_v3/arm_code/install/arm_launch/share/colcon-core/packages/arm_launch)
[2.435s] DEBUG:colcon.colcon_parallel_executor.executor.parallel:closing loop
[2.435s] DEBUG:colcon.colcon_parallel_executor.executor.parallel:loop closed
[2.436s] DEBUG:colcon.colcon_parallel_executor.executor.parallel:run_until_complete finished with '0'
[2.436s] DEBUG:colcon.colcon_core.event_reactor:joining thread
[2.492s] INFO:colcon.colcon_core.plugin_system:Skipping extension 'colcon_notification.desktop_notification.notify_send': Could not find 'notify-send'
[2.492s] INFO:colcon.colcon_core.plugin_system:Skipping extension 'colcon_notification.desktop_notification.terminal_notifier': Not used on non-Darwin systems
[2.492s] INFO:colcon.colcon_core.plugin_system:Skipping extension 'colcon_notification.desktop_notification.win32': Not used on non-Windows systems
[2.493s] INFO:colcon.colcon_notification.desktop_notification:Sending desktop notification using 'notify2'
[2.494s] DEBUG:colcon.colcon_notification.desktop_notification.notify2:Failed to initialize notify2: org.freedesktop.DBus.Error.ServiceUnknown: The name org.freedesktop.Notifications was not provided by any .service files
[2.494s] DEBUG:colcon.colcon_core.event_reactor:joined thread
[2.494s] INFO:colcon.colcon_core.shell:Creating prefix script '/home/lukevizzini/arm_v3/arm_code/install/local_setup.ps1'
[2.495s] INFO:colcon.colcon_core.shell:Creating prefix util module '/home/lukevizzini/arm_v3/arm_code/install/_local_setup_util_ps1.py'
[2.496s] INFO:colcon.colcon_core.shell:Creating prefix chain script '/home/lukevizzini/arm_v3/arm_code/install/setup.ps1'
[2.497s] INFO:colcon.colcon_core.shell:Creating prefix script '/home/lukevizzini/arm_v3/arm_code/install/local_setup.sh'
[2.498s] INFO:colcon.colcon_core.shell:Creating prefix util module '/home/lukevizzini/arm_v3/arm_code/install/_local_setup_util_sh.py'
[2.499s] INFO:colcon.colcon_core.shell:Creating prefix chain script '/home/lukevizzini/arm_v3/arm_code/install/setup.sh'
[2.500s] INFO:colcon.colcon_core.shell:Creating prefix script '/home/lukevizzini/arm_v3/arm_code/install/local_setup.bash'
[2.500s] INFO:colcon.colcon_core.shell:Creating prefix chain script '/home/lukevizzini/arm_v3/arm_code/install/setup.bash'
[2.501s] INFO:colcon.colcon_core.shell:Creating prefix script '/home/lukevizzini/arm_v3/arm_code/install/local_setup.zsh'
[2.502s] INFO:colcon.colcon_core.shell:Creating prefix chain script '/home/lukevizzini/arm_v3/arm_code/install/setup.zsh'
