[1.828s] Invoking command in '/home/lukevizzini/arm_v3/arm_code/build/arm_teleop': PYTHONPATH=/home/lukevizzini/arm_v3/arm_code/build/arm_teleop/prefix_override:/usr/lib/python3/dist-packages/colcon_core/task/python/colcon_distutils_commands:/home/lukevizzini/arm_v3/arm_code/install/arm_teleop/lib/python3.10/site-packages:${PYTHONPATH} /usr/bin/python3 -W ignore:setup.py install is deprecated -W ignore:easy_install command is deprecated setup.py develop --editable --build-directory /home/lukevizzini/arm_v3/arm_code/build/arm_teleop/build --no-deps symlink_data
[2.305s] running develop
[2.613s] running egg_info
[2.613s] writing arm_teleop.egg-info/PKG-INFO
[2.614s] writing dependency_links to arm_teleop.egg-info/dependency_links.txt
[2.614s] writing entry points to arm_teleop.egg-info/entry_points.txt
[2.615s] writing requirements to arm_teleop.egg-info/requires.txt
[2.615s] writing top-level names to arm_teleop.egg-info/top_level.txt
[2.618s] reading manifest file 'arm_teleop.egg-info/SOURCES.txt'
[2.620s] writing manifest file 'arm_teleop.egg-info/SOURCES.txt'
[2.622s] running build_ext
[2.623s] Creating /home/lukevizzini/arm_v3/arm_code/install/arm_teleop/lib/python3.10/site-packages/arm-teleop.egg-link (link to .)
[2.625s] Installing joy_to_servo script to /home/lukevizzini/arm_v3/arm_code/install/arm_teleop/lib/arm_teleop
[2.625s] Installing joy_to_trajectory script to /home/lukevizzini/arm_v3/arm_code/install/arm_teleop/lib/arm_teleop
[2.625s] Installing keyboard_servo script to /home/lukevizzini/arm_v3/arm_code/install/arm_teleop/lib/arm_teleop
[2.626s] Installing keyboard_to_joy script to /home/lukevizzini/arm_v3/arm_code/install/arm_teleop/lib/arm_teleop
[2.627s] 
[2.627s] Installed /home/lukevizzini/arm_v3/arm_code/build/arm_teleop
[2.627s] running symlink_data
[2.683s] Invoked command in '/home/lukevizzini/arm_v3/arm_code/build/arm_teleop' returned '0': PYTHONPATH=/home/lukevizzini/arm_v3/arm_code/build/arm_teleop/prefix_override:/usr/lib/python3/dist-packages/colcon_core/task/python/colcon_distutils_commands:/home/lukevizzini/arm_v3/arm_code/install/arm_teleop/lib/python3.10/site-packages:${PYTHONPATH} /usr/bin/python3 -W ignore:setup.py install is deprecated -W ignore:easy_install command is deprecated setup.py develop --editable --build-directory /home/lukevizzini/arm_v3/arm_code/build/arm_teleop/build --no-deps symlink_data
