[0.121s] Invoking command in '/home/lukevizzini/arm_v3/arm_code/build/arm_bringup': CMAKE_PREFIX_PATH=/home/lukevizzini/arm_v3/arm_code/install/arm_description:/home/lukevizzini/arm_v3/arm_code/install/arm_config:/home/lukevizzini/arm_new_v2/arm_code/install/arm_launch:/home/lukevizzini/arm_new_v2/arm_code/install/arm_bringup:/home/lukevizzini/arm_new_v2/arm_code/install/arm_description:/home/lukevizzini/arm_new_v2/arm_code/install/arm_config:/home/lukevizzini/arm_v3/arm_code/install/arm_launch:/home/lukevizzini/arm_v3/arm_code/install/arm_bringup:/home/lukevizzini/arm_new_v2/arm_code/install/arm_teleop:/home/lukevizzini/arm_new_v2/arm_code/install/arm_pwm_bridge:/home/lukevizzini/arm_v3/arm_code/install/arm_teleop:/home/lukevizzini/arm_v3/arm_code/install/arm_pwm_bridge:/opt/ros/humble /usr/bin/cmake /home/lukevizzini/arm_v3/arm_code/src/bringup -DAMENT_CMAKE_SYMLINK_INSTALL=1 -DCMAKE_INSTALL_PREFIX=/home/lukevizzini/arm_v3/arm_code/install/arm_bringup
[0.313s] -- The C compiler identification is GNU 11.4.0
[0.820s] -- The CXX compiler identification is GNU 11.4.0
[1.167s] -- Detecting C compiler ABI info
[1.336s] -- Detecting C compiler ABI info - done
[1.343s] -- Check for working C compiler: /usr/bin/cc - skipped
[1.343s] -- Detecting C compile features
[1.344s] -- Detecting C compile features - done
[1.347s] -- Detecting CXX compiler ABI info
[1.573s] -- Detecting CXX compiler ABI info - done
[1.579s] -- Check for working CXX compiler: /usr/bin/c++ - skipped
[1.580s] -- Detecting CXX compile features
[1.580s] -- Detecting CXX compile features - done
[1.584s] -- Found ament_cmake: 1.3.11 (/opt/ros/humble/share/ament_cmake/cmake)
[1.756s] -- Found Python3: /usr/bin/python3 (found version "3.10.12") found components: Interpreter 
[1.826s] -- Override CMake install command with custom implementation using symlinks instead of copying resources
[1.965s] -- Configuring done
[1.968s] -- Generating done
[1.970s] -- Build files have been written to: /home/lukevizzini/arm_v3/arm_code/build/arm_bringup
[1.975s] Invoked command in '/home/lukevizzini/arm_v3/arm_code/build/arm_bringup' returned '0': CMAKE_PREFIX_PATH=/home/lukevizzini/arm_v3/arm_code/install/arm_description:/home/lukevizzini/arm_v3/arm_code/install/arm_config:/home/lukevizzini/arm_new_v2/arm_code/install/arm_launch:/home/lukevizzini/arm_new_v2/arm_code/install/arm_bringup:/home/lukevizzini/arm_new_v2/arm_code/install/arm_description:/home/lukevizzini/arm_new_v2/arm_code/install/arm_config:/home/lukevizzini/arm_v3/arm_code/install/arm_launch:/home/lukevizzini/arm_v3/arm_code/install/arm_bringup:/home/lukevizzini/arm_new_v2/arm_code/install/arm_teleop:/home/lukevizzini/arm_new_v2/arm_code/install/arm_pwm_bridge:/home/lukevizzini/arm_v3/arm_code/install/arm_teleop:/home/lukevizzini/arm_v3/arm_code/install/arm_pwm_bridge:/opt/ros/humble /usr/bin/cmake /home/lukevizzini/arm_v3/arm_code/src/bringup -DAMENT_CMAKE_SYMLINK_INSTALL=1 -DCMAKE_INSTALL_PREFIX=/home/lukevizzini/arm_v3/arm_code/install/arm_bringup
[1.976s] Invoking command in '/home/lukevizzini/arm_v3/arm_code/build/arm_bringup': CMAKE_PREFIX_PATH=/home/lukevizzini/arm_v3/arm_code/install/arm_description:/home/lukevizzini/arm_v3/arm_code/install/arm_config:/home/lukevizzini/arm_new_v2/arm_code/install/arm_launch:/home/lukevizzini/arm_new_v2/arm_code/install/arm_bringup:/home/lukevizzini/arm_new_v2/arm_code/install/arm_description:/home/lukevizzini/arm_new_v2/arm_code/install/arm_config:/home/lukevizzini/arm_v3/arm_code/install/arm_launch:/home/lukevizzini/arm_v3/arm_code/install/arm_bringup:/home/lukevizzini/arm_new_v2/arm_code/install/arm_teleop:/home/lukevizzini/arm_new_v2/arm_code/install/arm_pwm_bridge:/home/lukevizzini/arm_v3/arm_code/install/arm_teleop:/home/lukevizzini/arm_v3/arm_code/install/arm_pwm_bridge:/opt/ros/humble /usr/bin/cmake --build /home/lukevizzini/arm_v3/arm_code/build/arm_bringup -- -j8 -l8
[2.008s] Invoked command in '/home/lukevizzini/arm_v3/arm_code/build/arm_bringup' returned '0': CMAKE_PREFIX_PATH=/home/lukevizzini/arm_v3/arm_code/install/arm_description:/home/lukevizzini/arm_v3/arm_code/install/arm_config:/home/lukevizzini/arm_new_v2/arm_code/install/arm_launch:/home/lukevizzini/arm_new_v2/arm_code/install/arm_bringup:/home/lukevizzini/arm_new_v2/arm_code/install/arm_description:/home/lukevizzini/arm_new_v2/arm_code/install/arm_config:/home/lukevizzini/arm_v3/arm_code/install/arm_launch:/home/lukevizzini/arm_v3/arm_code/install/arm_bringup:/home/lukevizzini/arm_new_v2/arm_code/install/arm_teleop:/home/lukevizzini/arm_new_v2/arm_code/install/arm_pwm_bridge:/home/lukevizzini/arm_v3/arm_code/install/arm_teleop:/home/lukevizzini/arm_v3/arm_code/install/arm_pwm_bridge:/opt/ros/humble /usr/bin/cmake --build /home/lukevizzini/arm_v3/arm_code/build/arm_bringup -- -j8 -l8
[2.010s] Invoking command in '/home/lukevizzini/arm_v3/arm_code/build/arm_bringup': CMAKE_PREFIX_PATH=/home/lukevizzini/arm_v3/arm_code/install/arm_description:/home/lukevizzini/arm_v3/arm_code/install/arm_config:/home/lukevizzini/arm_new_v2/arm_code/install/arm_launch:/home/lukevizzini/arm_new_v2/arm_code/install/arm_bringup:/home/lukevizzini/arm_new_v2/arm_code/install/arm_description:/home/lukevizzini/arm_new_v2/arm_code/install/arm_config:/home/lukevizzini/arm_v3/arm_code/install/arm_launch:/home/lukevizzini/arm_v3/arm_code/install/arm_bringup:/home/lukevizzini/arm_new_v2/arm_code/install/arm_teleop:/home/lukevizzini/arm_new_v2/arm_code/install/arm_pwm_bridge:/home/lukevizzini/arm_v3/arm_code/install/arm_teleop:/home/lukevizzini/arm_v3/arm_code/install/arm_pwm_bridge:/opt/ros/humble /usr/bin/cmake --install /home/lukevizzini/arm_v3/arm_code/build/arm_bringup
[2.017s] -- Install configuration: ""
[2.017s] -- Execute custom install script
[2.019s] -- Symlinking: /home/lukevizzini/arm_v3/arm_code/install/arm_bringup/share/arm_bringup/launch/ros2_control.launch.py
[2.028s] -- Symlinking: /home/lukevizzini/arm_v3/arm_code/install/arm_bringup/share/ament_index/resource_index/package_run_dependencies/arm_bringup
[2.036s] -- Symlinking: /home/lukevizzini/arm_v3/arm_code/install/arm_bringup/share/ament_index/resource_index/parent_prefix_path/arm_bringup
[2.045s] -- Symlinking: /home/lukevizzini/arm_v3/arm_code/install/arm_bringup/share/arm_bringup/environment/ament_prefix_path.sh
[2.055s] -- Symlinking: /home/lukevizzini/arm_v3/arm_code/install/arm_bringup/share/arm_bringup/environment/ament_prefix_path.dsv
[2.063s] -- Symlinking: /home/lukevizzini/arm_v3/arm_code/install/arm_bringup/share/arm_bringup/environment/path.sh
[2.073s] -- Symlinking: /home/lukevizzini/arm_v3/arm_code/install/arm_bringup/share/arm_bringup/environment/path.dsv
[2.084s] -- Symlinking: /home/lukevizzini/arm_v3/arm_code/install/arm_bringup/share/arm_bringup/local_setup.bash
[2.095s] -- Symlinking: /home/lukevizzini/arm_v3/arm_code/install/arm_bringup/share/arm_bringup/local_setup.sh
[2.105s] -- Symlinking: /home/lukevizzini/arm_v3/arm_code/install/arm_bringup/share/arm_bringup/local_setup.zsh
[2.115s] -- Symlinking: /home/lukevizzini/arm_v3/arm_code/install/arm_bringup/share/arm_bringup/local_setup.dsv
[2.123s] -- Symlinking: /home/lukevizzini/arm_v3/arm_code/install/arm_bringup/share/arm_bringup/package.dsv
[2.131s] -- Symlinking: /home/lukevizzini/arm_v3/arm_code/install/arm_bringup/share/ament_index/resource_index/packages/arm_bringup
[2.140s] -- Symlinking: /home/lukevizzini/arm_v3/arm_code/install/arm_bringup/share/arm_bringup/cmake/arm_bringupConfig.cmake
[2.147s] -- Symlinking: /home/lukevizzini/arm_v3/arm_code/install/arm_bringup/share/arm_bringup/cmake/arm_bringupConfig-version.cmake
[2.156s] -- Symlinking: /home/lukevizzini/arm_v3/arm_code/install/arm_bringup/share/arm_bringup/package.xml
[2.167s] Invoked command in '/home/lukevizzini/arm_v3/arm_code/build/arm_bringup' returned '0': CMAKE_PREFIX_PATH=/home/lukevizzini/arm_v3/arm_code/install/arm_description:/home/lukevizzini/arm_v3/arm_code/install/arm_config:/home/lukevizzini/arm_new_v2/arm_code/install/arm_launch:/home/lukevizzini/arm_new_v2/arm_code/install/arm_bringup:/home/lukevizzini/arm_new_v2/arm_code/install/arm_description:/home/lukevizzini/arm_new_v2/arm_code/install/arm_config:/home/lukevizzini/arm_v3/arm_code/install/arm_launch:/home/lukevizzini/arm_v3/arm_code/install/arm_bringup:/home/lukevizzini/arm_new_v2/arm_code/install/arm_teleop:/home/lukevizzini/arm_new_v2/arm_code/install/arm_pwm_bridge:/home/lukevizzini/arm_v3/arm_code/install/arm_teleop:/home/lukevizzini/arm_v3/arm_code/install/arm_pwm_bridge:/opt/ros/humble /usr/bin/cmake --install /home/lukevizzini/arm_v3/arm_code/build/arm_bringup
