[0.236s] DEBUG:colcon:Command line arguments: ['/usr/bin/colcon', 'build', '--symlink-install']
[0.236s] DEBUG:colcon:Parsed command line arguments: Namespace(log_base=None, log_level=None, verb_name='build', build_base='build', install_base='install', merge_install=False, symlink_install=True, test_result_base=None, continue_on_error=False, executor='parallel', parallel_workers=8, event_handlers=None, ignore_user_meta=False, metas=['./colcon.meta'], base_paths=['.'], packages_ignore=None, packages_ignore_regex=None, paths=None, packages_up_to=None, packages_up_to_regex=None, packages_above=None, packages_above_and_dependencies=None, packages_above_depth=None, packages_select_by_dep=None, packages_skip_by_dep=None, packages_skip_up_to=None, packages_select_build_failed=False, packages_skip_build_finished=False, packages_select_test_failures=False, packages_skip_test_passed=False, packages_select=None, packages_skip=None, packages_select_regex=None, packages_skip_regex=None, packages_start=None, packages_end=None, allow_overriding=[], cmake_args=None, cmake_target=None, cmake_target_skip_unavailable=False, cmake_clean_cache=False, cmake_clean_first=False, cmake_force_configure=False, ament_cmake_args=None, catkin_cmake_args=None, catkin_skip_building_tests=False, verb_parser=<colcon_defaults.argument_parser.defaults.DefaultArgumentsDecorator object at 0x7e79bcf6dff0>, verb_extension=<colcon_core.verb.build.BuildVerb object at 0x7e79bcf6dba0>, main=<bound method BuildVerb.main of <colcon_core.verb.build.BuildVerb object at 0x7e79bcf6dba0>>)
[0.445s] Level 1:colcon.colcon_core.package_discovery:discover_packages(colcon_meta) check parameters
[0.445s] Level 1:colcon.colcon_core.package_discovery:discover_packages(recursive) check parameters
[0.445s] Level 1:colcon.colcon_core.package_discovery:discover_packages(ignore) check parameters
[0.445s] Level 1:colcon.colcon_core.package_discovery:discover_packages(path) check parameters
[0.445s] Level 1:colcon.colcon_core.package_discovery:discover_packages(colcon_meta) discover
[0.445s] Level 1:colcon.colcon_core.package_discovery:discover_packages(recursive) discover
[0.445s] INFO:colcon.colcon_core.package_discovery:Crawling recursively for packages in '/home/lukevizzini/arm_v3/arm_code'
[0.446s] Level 1:colcon.colcon_core.package_identification:_identify(.) by extensions ['ignore', 'ignore_ament_install']
[0.446s] Level 1:colcon.colcon_core.package_identification:_identify(.) by extension 'ignore'
[0.446s] Level 1:colcon.colcon_core.package_identification:_identify(.) by extension 'ignore_ament_install'
[0.446s] Level 1:colcon.colcon_core.package_identification:_identify(.) by extensions ['colcon_pkg']
[0.446s] Level 1:colcon.colcon_core.package_identification:_identify(.) by extension 'colcon_pkg'
[0.446s] Level 1:colcon.colcon_core.package_identification:_identify(.) by extensions ['colcon_meta']
[0.446s] Level 1:colcon.colcon_core.package_identification:_identify(.) by extension 'colcon_meta'
[0.446s] Level 1:colcon.colcon_core.package_identification:_identify(.) by extensions ['ros']
[0.446s] Level 1:colcon.colcon_core.package_identification:_identify(.) by extension 'ros'
[0.471s] Level 1:colcon.colcon_core.package_identification:_identify(.) by extensions ['cmake', 'python']
[0.471s] Level 1:colcon.colcon_core.package_identification:_identify(.) by extension 'cmake'
[0.471s] Level 1:colcon.colcon_core.package_identification:_identify(.) by extension 'python'
[0.471s] Level 1:colcon.colcon_core.package_identification:_identify(.) by extensions ['python_setup_py']
[0.471s] Level 1:colcon.colcon_core.package_identification:_identify(.) by extension 'python_setup_py'
[0.472s] Level 1:colcon.colcon_core.package_identification:_identify(build) by extensions ['ignore', 'ignore_ament_install']
[0.472s] Level 1:colcon.colcon_core.package_identification:_identify(build) by extension 'ignore'
[0.472s] Level 1:colcon.colcon_core.package_identification:_identify(build) ignored
[0.472s] Level 1:colcon.colcon_core.package_identification:_identify(install) by extensions ['ignore', 'ignore_ament_install']
[0.472s] Level 1:colcon.colcon_core.package_identification:_identify(install) by extension 'ignore'
[0.473s] Level 1:colcon.colcon_core.package_identification:_identify(install) ignored
[0.473s] Level 1:colcon.colcon_core.package_identification:_identify(log) by extensions ['ignore', 'ignore_ament_install']
[0.473s] Level 1:colcon.colcon_core.package_identification:_identify(log) by extension 'ignore'
[0.473s] Level 1:colcon.colcon_core.package_identification:_identify(log) ignored
[0.473s] Level 1:colcon.colcon_core.package_identification:_identify(src) by extensions ['ignore', 'ignore_ament_install']
[0.473s] Level 1:colcon.colcon_core.package_identification:_identify(src) by extension 'ignore'
[0.474s] Level 1:colcon.colcon_core.package_identification:_identify(src) by extension 'ignore_ament_install'
[0.474s] Level 1:colcon.colcon_core.package_identification:_identify(src) by extensions ['colcon_pkg']
[0.474s] Level 1:colcon.colcon_core.package_identification:_identify(src) by extension 'colcon_pkg'
[0.474s] Level 1:colcon.colcon_core.package_identification:_identify(src) by extensions ['colcon_meta']
[0.474s] Level 1:colcon.colcon_core.package_identification:_identify(src) by extension 'colcon_meta'
[0.474s] Level 1:colcon.colcon_core.package_identification:_identify(src) by extensions ['ros']
[0.474s] Level 1:colcon.colcon_core.package_identification:_identify(src) by extension 'ros'
[0.474s] Level 1:colcon.colcon_core.package_identification:_identify(src) by extensions ['cmake', 'python']
[0.474s] Level 1:colcon.colcon_core.package_identification:_identify(src) by extension 'cmake'
[0.474s] Level 1:colcon.colcon_core.package_identification:_identify(src) by extension 'python'
[0.474s] Level 1:colcon.colcon_core.package_identification:_identify(src) by extensions ['python_setup_py']
[0.474s] Level 1:colcon.colcon_core.package_identification:_identify(src) by extension 'python_setup_py'
[0.475s] Level 1:colcon.colcon_core.package_identification:_identify(src/bringup) by extensions ['ignore', 'ignore_ament_install']
[0.475s] Level 1:colcon.colcon_core.package_identification:_identify(src/bringup) by extension 'ignore'
[0.475s] Level 1:colcon.colcon_core.package_identification:_identify(src/bringup) by extension 'ignore_ament_install'
[0.475s] Level 1:colcon.colcon_core.package_identification:_identify(src/bringup) by extensions ['colcon_pkg']
[0.475s] Level 1:colcon.colcon_core.package_identification:_identify(src/bringup) by extension 'colcon_pkg'
[0.475s] Level 1:colcon.colcon_core.package_identification:_identify(src/bringup) by extensions ['colcon_meta']
[0.475s] Level 1:colcon.colcon_core.package_identification:_identify(src/bringup) by extension 'colcon_meta'
[0.475s] Level 1:colcon.colcon_core.package_identification:_identify(src/bringup) by extensions ['ros']
[0.475s] Level 1:colcon.colcon_core.package_identification:_identify(src/bringup) by extension 'ros'
[0.480s] DEBUG:colcon.colcon_core.package_identification:Package 'src/bringup' with type 'ros.ament_cmake' and name 'arm_bringup'
[0.481s] Level 1:colcon.colcon_core.package_identification:_identify(src/config) by extensions ['ignore', 'ignore_ament_install']
[0.481s] Level 1:colcon.colcon_core.package_identification:_identify(src/config) by extension 'ignore'
[0.481s] Level 1:colcon.colcon_core.package_identification:_identify(src/config) by extension 'ignore_ament_install'
[0.481s] Level 1:colcon.colcon_core.package_identification:_identify(src/config) by extensions ['colcon_pkg']
[0.481s] Level 1:colcon.colcon_core.package_identification:_identify(src/config) by extension 'colcon_pkg'
[0.481s] Level 1:colcon.colcon_core.package_identification:_identify(src/config) by extensions ['colcon_meta']
[0.481s] Level 1:colcon.colcon_core.package_identification:_identify(src/config) by extension 'colcon_meta'
[0.482s] Level 1:colcon.colcon_core.package_identification:_identify(src/config) by extensions ['ros']
[0.482s] Level 1:colcon.colcon_core.package_identification:_identify(src/config) by extension 'ros'
[0.482s] DEBUG:colcon.colcon_core.package_identification:Package 'src/config' with type 'ros.ament_cmake' and name 'arm_config'
[0.483s] Level 1:colcon.colcon_core.package_identification:_identify(src/description) by extensions ['ignore', 'ignore_ament_install']
[0.483s] Level 1:colcon.colcon_core.package_identification:_identify(src/description) by extension 'ignore'
[0.483s] Level 1:colcon.colcon_core.package_identification:_identify(src/description) by extension 'ignore_ament_install'
[0.483s] Level 1:colcon.colcon_core.package_identification:_identify(src/description) by extensions ['colcon_pkg']
[0.483s] Level 1:colcon.colcon_core.package_identification:_identify(src/description) by extension 'colcon_pkg'
[0.483s] Level 1:colcon.colcon_core.package_identification:_identify(src/description) by extensions ['colcon_meta']
[0.483s] Level 1:colcon.colcon_core.package_identification:_identify(src/description) by extension 'colcon_meta'
[0.483s] Level 1:colcon.colcon_core.package_identification:_identify(src/description) by extensions ['ros']
[0.483s] Level 1:colcon.colcon_core.package_identification:_identify(src/description) by extension 'ros'
[0.484s] DEBUG:colcon.colcon_core.package_identification:Package 'src/description' with type 'ros.ament_cmake' and name 'arm_description'
[0.484s] Level 1:colcon.colcon_core.package_identification:_identify(src/launch) by extensions ['ignore', 'ignore_ament_install']
[0.485s] Level 1:colcon.colcon_core.package_identification:_identify(src/launch) by extension 'ignore'
[0.485s] Level 1:colcon.colcon_core.package_identification:_identify(src/launch) by extension 'ignore_ament_install'
[0.485s] Level 1:colcon.colcon_core.package_identification:_identify(src/launch) by extensions ['colcon_pkg']
[0.485s] Level 1:colcon.colcon_core.package_identification:_identify(src/launch) by extension 'colcon_pkg'
[0.485s] Level 1:colcon.colcon_core.package_identification:_identify(src/launch) by extensions ['colcon_meta']
[0.485s] Level 1:colcon.colcon_core.package_identification:_identify(src/launch) by extension 'colcon_meta'
[0.485s] Level 1:colcon.colcon_core.package_identification:_identify(src/launch) by extensions ['ros']
[0.485s] Level 1:colcon.colcon_core.package_identification:_identify(src/launch) by extension 'ros'
[0.486s] DEBUG:colcon.colcon_core.package_identification:Package 'src/launch' with type 'ros.ament_cmake' and name 'arm_launch'
[0.486s] Level 1:colcon.colcon_core.package_identification:_identify(src/pwm_bridge) by extensions ['ignore', 'ignore_ament_install']
[0.486s] Level 1:colcon.colcon_core.package_identification:_identify(src/pwm_bridge) by extension 'ignore'
[0.486s] Level 1:colcon.colcon_core.package_identification:_identify(src/pwm_bridge) by extension 'ignore_ament_install'
[0.487s] Level 1:colcon.colcon_core.package_identification:_identify(src/pwm_bridge) by extensions ['colcon_pkg']
[0.487s] Level 1:colcon.colcon_core.package_identification:_identify(src/pwm_bridge) by extension 'colcon_pkg'
[0.487s] Level 1:colcon.colcon_core.package_identification:_identify(src/pwm_bridge) by extensions ['colcon_meta']
[0.487s] Level 1:colcon.colcon_core.package_identification:_identify(src/pwm_bridge) by extension 'colcon_meta'
[0.487s] Level 1:colcon.colcon_core.package_identification:_identify(src/pwm_bridge) by extensions ['ros']
[0.487s] Level 1:colcon.colcon_core.package_identification:_identify(src/pwm_bridge) by extension 'ros'
[0.487s] DEBUG:colcon.colcon_core.package_identification:Package 'src/pwm_bridge' with type 'ros.ament_python' and name 'arm_pwm_bridge'
[0.488s] Level 1:colcon.colcon_core.package_identification:_identify(src/teleop) by extensions ['ignore', 'ignore_ament_install']
[0.488s] Level 1:colcon.colcon_core.package_identification:_identify(src/teleop) by extension 'ignore'
[0.488s] Level 1:colcon.colcon_core.package_identification:_identify(src/teleop) by extension 'ignore_ament_install'
[0.488s] Level 1:colcon.colcon_core.package_identification:_identify(src/teleop) by extensions ['colcon_pkg']
[0.488s] Level 1:colcon.colcon_core.package_identification:_identify(src/teleop) by extension 'colcon_pkg'
[0.488s] Level 1:colcon.colcon_core.package_identification:_identify(src/teleop) by extensions ['colcon_meta']
[0.488s] Level 1:colcon.colcon_core.package_identification:_identify(src/teleop) by extension 'colcon_meta'
[0.488s] Level 1:colcon.colcon_core.package_identification:_identify(src/teleop) by extensions ['ros']
[0.488s] Level 1:colcon.colcon_core.package_identification:_identify(src/teleop) by extension 'ros'
[0.489s] DEBUG:colcon.colcon_core.package_identification:Package 'src/teleop' with type 'ros.ament_python' and name 'arm_teleop'
[0.489s] Level 1:colcon.colcon_core.package_discovery:discover_packages(recursive) using defaults
[0.489s] Level 1:colcon.colcon_core.package_discovery:discover_packages(ignore) discover
[0.489s] Level 1:colcon.colcon_core.package_discovery:discover_packages(ignore) using defaults
[0.489s] Level 1:colcon.colcon_core.package_discovery:discover_packages(path) discover
[0.489s] Level 1:colcon.colcon_core.package_discovery:discover_packages(path) using defaults
[0.534s] Level 1:colcon.colcon_core.package_discovery:discover_packages(prefix_path) check parameters
[0.534s] Level 1:colcon.colcon_core.package_discovery:discover_packages(prefix_path) discover
[0.538s] DEBUG:colcon.colcon_installed_package_information.package_discovery:Found 6 installed packages in /home/lukevizzini/arm_v3/arm_code/install
[0.539s] DEBUG:colcon.colcon_installed_package_information.package_discovery:Found 6 installed packages in /home/lukevizzini/arm_new_v2/arm_code/install
[0.542s] DEBUG:colcon.colcon_installed_package_information.package_discovery:Found 421 installed packages in /opt/ros/humble
[0.546s] Level 1:colcon.colcon_core.package_discovery:discover_packages(prefix_path) using defaults
[0.601s] Level 5:colcon.colcon_core.verb:set package 'arm_config' build argument 'cmake_args' from command line to 'None'
[0.601s] Level 5:colcon.colcon_core.verb:set package 'arm_config' build argument 'cmake_target' from command line to 'None'
[0.601s] Level 5:colcon.colcon_core.verb:set package 'arm_config' build argument 'cmake_target_skip_unavailable' from command line to 'False'
[0.601s] Level 5:colcon.colcon_core.verb:set package 'arm_config' build argument 'cmake_clean_cache' from command line to 'False'
[0.601s] Level 5:colcon.colcon_core.verb:set package 'arm_config' build argument 'cmake_clean_first' from command line to 'False'
[0.601s] Level 5:colcon.colcon_core.verb:set package 'arm_config' build argument 'cmake_force_configure' from command line to 'False'
[0.601s] Level 5:colcon.colcon_core.verb:set package 'arm_config' build argument 'ament_cmake_args' from command line to 'None'
[0.602s] Level 5:colcon.colcon_core.verb:set package 'arm_config' build argument 'catkin_cmake_args' from command line to 'None'
[0.602s] Level 5:colcon.colcon_core.verb:set package 'arm_config' build argument 'catkin_skip_building_tests' from command line to 'False'
[0.602s] DEBUG:colcon.colcon_core.verb:Building package 'arm_config' with the following arguments: {'ament_cmake_args': None, 'build_base': '/home/lukevizzini/arm_v3/arm_code/build/arm_config', 'catkin_cmake_args': None, 'catkin_skip_building_tests': False, 'cmake_args': None, 'cmake_clean_cache': False, 'cmake_clean_first': False, 'cmake_force_configure': False, 'cmake_target': None, 'cmake_target_skip_unavailable': False, 'install_base': '/home/lukevizzini/arm_v3/arm_code/install/arm_config', 'merge_install': False, 'path': '/home/lukevizzini/arm_v3/arm_code/src/config', 'symlink_install': True, 'test_result_base': None}
[0.602s] Level 5:colcon.colcon_core.verb:set package 'arm_pwm_bridge' build argument 'cmake_args' from command line to 'None'
[0.602s] Level 5:colcon.colcon_core.verb:set package 'arm_pwm_bridge' build argument 'cmake_target' from command line to 'None'
[0.602s] Level 5:colcon.colcon_core.verb:set package 'arm_pwm_bridge' build argument 'cmake_target_skip_unavailable' from command line to 'False'
[0.602s] Level 5:colcon.colcon_core.verb:set package 'arm_pwm_bridge' build argument 'cmake_clean_cache' from command line to 'False'
[0.602s] Level 5:colcon.colcon_core.verb:set package 'arm_pwm_bridge' build argument 'cmake_clean_first' from command line to 'False'
[0.602s] Level 5:colcon.colcon_core.verb:set package 'arm_pwm_bridge' build argument 'cmake_force_configure' from command line to 'False'
[0.602s] Level 5:colcon.colcon_core.verb:set package 'arm_pwm_bridge' build argument 'ament_cmake_args' from command line to 'None'
[0.602s] Level 5:colcon.colcon_core.verb:set package 'arm_pwm_bridge' build argument 'catkin_cmake_args' from command line to 'None'
[0.602s] Level 5:colcon.colcon_core.verb:set package 'arm_pwm_bridge' build argument 'catkin_skip_building_tests' from command line to 'False'
[0.602s] DEBUG:colcon.colcon_core.verb:Building package 'arm_pwm_bridge' with the following arguments: {'ament_cmake_args': None, 'build_base': '/home/lukevizzini/arm_v3/arm_code/build/arm_pwm_bridge', 'catkin_cmake_args': None, 'catkin_skip_building_tests': False, 'cmake_args': None, 'cmake_clean_cache': False, 'cmake_clean_first': False, 'cmake_force_configure': False, 'cmake_target': None, 'cmake_target_skip_unavailable': False, 'install_base': '/home/lukevizzini/arm_v3/arm_code/install/arm_pwm_bridge', 'merge_install': False, 'path': '/home/lukevizzini/arm_v3/arm_code/src/pwm_bridge', 'symlink_install': True, 'test_result_base': None}
[0.602s] Level 5:colcon.colcon_core.verb:set package 'arm_teleop' build argument 'cmake_args' from command line to 'None'
[0.602s] Level 5:colcon.colcon_core.verb:set package 'arm_teleop' build argument 'cmake_target' from command line to 'None'
[0.602s] Level 5:colcon.colcon_core.verb:set package 'arm_teleop' build argument 'cmake_target_skip_unavailable' from command line to 'False'
[0.603s] Level 5:colcon.colcon_core.verb:set package 'arm_teleop' build argument 'cmake_clean_cache' from command line to 'False'
[0.603s] Level 5:colcon.colcon_core.verb:set package 'arm_teleop' build argument 'cmake_clean_first' from command line to 'False'
[0.603s] Level 5:colcon.colcon_core.verb:set package 'arm_teleop' build argument 'cmake_force_configure' from command line to 'False'
[0.603s] Level 5:colcon.colcon_core.verb:set package 'arm_teleop' build argument 'ament_cmake_args' from command line to 'None'
[0.603s] Level 5:colcon.colcon_core.verb:set package 'arm_teleop' build argument 'catkin_cmake_args' from command line to 'None'
[0.603s] Level 5:colcon.colcon_core.verb:set package 'arm_teleop' build argument 'catkin_skip_building_tests' from command line to 'False'
[0.603s] DEBUG:colcon.colcon_core.verb:Building package 'arm_teleop' with the following arguments: {'ament_cmake_args': None, 'build_base': '/home/lukevizzini/arm_v3/arm_code/build/arm_teleop', 'catkin_cmake_args': None, 'catkin_skip_building_tests': False, 'cmake_args': None, 'cmake_clean_cache': False, 'cmake_clean_first': False, 'cmake_force_configure': False, 'cmake_target': None, 'cmake_target_skip_unavailable': False, 'install_base': '/home/lukevizzini/arm_v3/arm_code/install/arm_teleop', 'merge_install': False, 'path': '/home/lukevizzini/arm_v3/arm_code/src/teleop', 'symlink_install': True, 'test_result_base': None}
[0.603s] Level 5:colcon.colcon_core.verb:set package 'arm_description' build argument 'cmake_args' from command line to 'None'
[0.603s] Level 5:colcon.colcon_core.verb:set package 'arm_description' build argument 'cmake_target' from command line to 'None'
[0.603s] Level 5:colcon.colcon_core.verb:set package 'arm_description' build argument 'cmake_target_skip_unavailable' from command line to 'False'
[0.603s] Level 5:colcon.colcon_core.verb:set package 'arm_description' build argument 'cmake_clean_cache' from command line to 'False'
[0.603s] Level 5:colcon.colcon_core.verb:set package 'arm_description' build argument 'cmake_clean_first' from command line to 'False'
[0.603s] Level 5:colcon.colcon_core.verb:set package 'arm_description' build argument 'cmake_force_configure' from command line to 'False'
[0.603s] Level 5:colcon.colcon_core.verb:set package 'arm_description' build argument 'ament_cmake_args' from command line to 'None'
[0.603s] Level 5:colcon.colcon_core.verb:set package 'arm_description' build argument 'catkin_cmake_args' from command line to 'None'
[0.603s] Level 5:colcon.colcon_core.verb:set package 'arm_description' build argument 'catkin_skip_building_tests' from command line to 'False'
[0.603s] DEBUG:colcon.colcon_core.verb:Building package 'arm_description' with the following arguments: {'ament_cmake_args': None, 'build_base': '/home/lukevizzini/arm_v3/arm_code/build/arm_description', 'catkin_cmake_args': None, 'catkin_skip_building_tests': False, 'cmake_args': None, 'cmake_clean_cache': False, 'cmake_clean_first': False, 'cmake_force_configure': False, 'cmake_target': None, 'cmake_target_skip_unavailable': False, 'install_base': '/home/lukevizzini/arm_v3/arm_code/install/arm_description', 'merge_install': False, 'path': '/home/lukevizzini/arm_v3/arm_code/src/description', 'symlink_install': True, 'test_result_base': None}
[0.604s] Level 5:colcon.colcon_core.verb:set package 'arm_bringup' build argument 'cmake_args' from command line to 'None'
[0.604s] Level 5:colcon.colcon_core.verb:set package 'arm_bringup' build argument 'cmake_target' from command line to 'None'
[0.604s] Level 5:colcon.colcon_core.verb:set package 'arm_bringup' build argument 'cmake_target_skip_unavailable' from command line to 'False'
[0.604s] Level 5:colcon.colcon_core.verb:set package 'arm_bringup' build argument 'cmake_clean_cache' from command line to 'False'
[0.604s] Level 5:colcon.colcon_core.verb:set package 'arm_bringup' build argument 'cmake_clean_first' from command line to 'False'
[0.604s] Level 5:colcon.colcon_core.verb:set package 'arm_bringup' build argument 'cmake_force_configure' from command line to 'False'
[0.604s] Level 5:colcon.colcon_core.verb:set package 'arm_bringup' build argument 'ament_cmake_args' from command line to 'None'
[0.604s] Level 5:colcon.colcon_core.verb:set package 'arm_bringup' build argument 'catkin_cmake_args' from command line to 'None'
[0.604s] Level 5:colcon.colcon_core.verb:set package 'arm_bringup' build argument 'catkin_skip_building_tests' from command line to 'False'
[0.604s] DEBUG:colcon.colcon_core.verb:Building package 'arm_bringup' with the following arguments: {'ament_cmake_args': None, 'build_base': '/home/lukevizzini/arm_v3/arm_code/build/arm_bringup', 'catkin_cmake_args': None, 'catkin_skip_building_tests': False, 'cmake_args': None, 'cmake_clean_cache': False, 'cmake_clean_first': False, 'cmake_force_configure': False, 'cmake_target': None, 'cmake_target_skip_unavailable': False, 'install_base': '/home/lukevizzini/arm_v3/arm_code/install/arm_bringup', 'merge_install': False, 'path': '/home/lukevizzini/arm_v3/arm_code/src/bringup', 'symlink_install': True, 'test_result_base': None}
[0.604s] Level 5:colcon.colcon_core.verb:set package 'arm_launch' build argument 'cmake_args' from command line to 'None'
[0.604s] Level 5:colcon.colcon_core.verb:set package 'arm_launch' build argument 'cmake_target' from command line to 'None'
[0.604s] Level 5:colcon.colcon_core.verb:set package 'arm_launch' build argument 'cmake_target_skip_unavailable' from command line to 'False'
[0.604s] Level 5:colcon.colcon_core.verb:set package 'arm_launch' build argument 'cmake_clean_cache' from command line to 'False'
[0.604s] Level 5:colcon.colcon_core.verb:set package 'arm_launch' build argument 'cmake_clean_first' from command line to 'False'
[0.604s] Level 5:colcon.colcon_core.verb:set package 'arm_launch' build argument 'cmake_force_configure' from command line to 'False'
[0.604s] Level 5:colcon.colcon_core.verb:set package 'arm_launch' build argument 'ament_cmake_args' from command line to 'None'
[0.604s] Level 5:colcon.colcon_core.verb:set package 'arm_launch' build argument 'catkin_cmake_args' from command line to 'None'
[0.604s] Level 5:colcon.colcon_core.verb:set package 'arm_launch' build argument 'catkin_skip_building_tests' from command line to 'False'
[0.604s] DEBUG:colcon.colcon_core.verb:Building package 'arm_launch' with the following arguments: {'ament_cmake_args': None, 'build_base': '/home/lukevizzini/arm_v3/arm_code/build/arm_launch', 'catkin_cmake_args': None, 'catkin_skip_building_tests': False, 'cmake_args': None, 'cmake_clean_cache': False, 'cmake_clean_first': False, 'cmake_force_configure': False, 'cmake_target': None, 'cmake_target_skip_unavailable': False, 'install_base': '/home/lukevizzini/arm_v3/arm_code/install/arm_launch', 'merge_install': False, 'path': '/home/lukevizzini/arm_v3/arm_code/src/launch', 'symlink_install': True, 'test_result_base': None}
[0.604s] INFO:colcon.colcon_core.executor:Executing jobs using 'parallel' executor
[0.606s] DEBUG:colcon.colcon_parallel_executor.executor.parallel:run_until_complete
[0.606s] INFO:colcon.colcon_ros.task.ament_cmake.build:Building ROS package in '/home/lukevizzini/arm_v3/arm_code/src/config' with build type 'ament_cmake'
[0.606s] INFO:colcon.colcon_cmake.task.cmake.build:Building CMake package in '/home/lukevizzini/arm_v3/arm_code/src/config'
[0.610s] INFO:colcon.colcon_core.plugin_system:Skipping extension 'colcon_core.shell.bat': Not used on non-Windows systems
[0.610s] INFO:colcon.colcon_core.shell:Skip shell extension 'powershell' for command environment: Not usable outside of PowerShell
[0.610s] DEBUG:colcon.colcon_core.shell:Skip shell extension 'dsv' for command environment
[0.616s] INFO:colcon.colcon_ros.task.ament_python.build:Building ROS package in '/home/lukevizzini/arm_v3/arm_code/src/pwm_bridge' with build type 'ament_python'
[0.616s] Level 1:colcon.colcon_core.shell:create_environment_hook('arm_pwm_bridge', 'ament_prefix_path')
[0.617s] INFO:colcon.colcon_core.shell:Creating environment hook '/home/lukevizzini/arm_v3/arm_code/install/arm_pwm_bridge/share/arm_pwm_bridge/hook/ament_prefix_path.ps1'
[0.618s] INFO:colcon.colcon_core.shell:Creating environment descriptor '/home/lukevizzini/arm_v3/arm_code/install/arm_pwm_bridge/share/arm_pwm_bridge/hook/ament_prefix_path.dsv'
[0.619s] INFO:colcon.colcon_core.shell:Creating environment hook '/home/lukevizzini/arm_v3/arm_code/install/arm_pwm_bridge/share/arm_pwm_bridge/hook/ament_prefix_path.sh'
[0.620s] INFO:colcon.colcon_core.shell:Skip shell extension 'powershell' for command environment: Not usable outside of PowerShell
[0.620s] DEBUG:colcon.colcon_core.shell:Skip shell extension 'dsv' for command environment
[0.629s] INFO:colcon.colcon_ros.task.ament_python.build:Building ROS package in '/home/lukevizzini/arm_v3/arm_code/src/teleop' with build type 'ament_python'
[0.630s] Level 1:colcon.colcon_core.shell:create_environment_hook('arm_teleop', 'ament_prefix_path')
[0.630s] INFO:colcon.colcon_core.shell:Creating environment hook '/home/lukevizzini/arm_v3/arm_code/install/arm_teleop/share/arm_teleop/hook/ament_prefix_path.ps1'
[0.631s] INFO:colcon.colcon_core.shell:Creating environment descriptor '/home/lukevizzini/arm_v3/arm_code/install/arm_teleop/share/arm_teleop/hook/ament_prefix_path.dsv'
[0.632s] INFO:colcon.colcon_core.shell:Creating environment hook '/home/lukevizzini/arm_v3/arm_code/install/arm_teleop/share/arm_teleop/hook/ament_prefix_path.sh'
[0.632s] INFO:colcon.colcon_core.shell:Skip shell extension 'powershell' for command environment: Not usable outside of PowerShell
[0.632s] DEBUG:colcon.colcon_core.shell:Skip shell extension 'dsv' for command environment
[0.648s] DEBUG:colcon.colcon_core.event_handler.log_command:Invoking command in '/home/lukevizzini/arm_v3/arm_code/build/arm_config': CMAKE_PREFIX_PATH=${CMAKE_PREFIX_PATH}:/home/lukevizzini/arm_v3/arm_code/install/arm_teleop:/home/lukevizzini/arm_v3/arm_code/install/arm_pwm_bridge:/home/lukevizzini/arm_new_v2/arm_code/install/arm_teleop:/home/lukevizzini/arm_new_v2/arm_code/install/arm_pwm_bridge:/opt/ros/humble /usr/bin/cmake --build /home/lukevizzini/arm_v3/arm_code/build/arm_config -- -j8 -l8
[0.951s] INFO:colcon.colcon_core.task.python.build:Building Python package in '/home/lukevizzini/arm_v3/arm_code/src/pwm_bridge'
[0.951s] INFO:colcon.colcon_core.shell:Skip shell extension 'powershell' for command environment: Not usable outside of PowerShell
[0.951s] DEBUG:colcon.colcon_core.shell:Skip shell extension 'dsv' for command environment
[1.222s] INFO:colcon.colcon_core.task.python.build:Building Python package in '/home/lukevizzini/arm_v3/arm_code/src/teleop'
[1.222s] INFO:colcon.colcon_core.shell:Skip shell extension 'powershell' for command environment: Not usable outside of PowerShell
[1.222s] DEBUG:colcon.colcon_core.shell:Skip shell extension 'dsv' for command environment
[1.228s] DEBUG:colcon.colcon_core.event_handler.log_command:Invoked command in '/home/lukevizzini/arm_v3/arm_code/build/arm_config' returned '0': CMAKE_PREFIX_PATH=${CMAKE_PREFIX_PATH}:/home/lukevizzini/arm_v3/arm_code/install/arm_teleop:/home/lukevizzini/arm_v3/arm_code/install/arm_pwm_bridge:/home/lukevizzini/arm_new_v2/arm_code/install/arm_teleop:/home/lukevizzini/arm_new_v2/arm_code/install/arm_pwm_bridge:/opt/ros/humble /usr/bin/cmake --build /home/lukevizzini/arm_v3/arm_code/build/arm_config -- -j8 -l8
[1.239s] DEBUG:colcon.colcon_core.event_handler.log_command:Invoking command in '/home/lukevizzini/arm_v3/arm_code/build/arm_config': CMAKE_PREFIX_PATH=${CMAKE_PREFIX_PATH}:/home/lukevizzini/arm_v3/arm_code/install/arm_teleop:/home/lukevizzini/arm_v3/arm_code/install/arm_pwm_bridge:/home/lukevizzini/arm_new_v2/arm_code/install/arm_teleop:/home/lukevizzini/arm_new_v2/arm_code/install/arm_pwm_bridge:/opt/ros/humble /usr/bin/cmake --install /home/lukevizzini/arm_v3/arm_code/build/arm_config
[1.262s] Level 1:colcon.colcon_core.environment:create_environment_scripts_only(arm_config)
[1.263s] DEBUG:colcon.colcon_core.event_handler.log_command:Invoked command in '/home/lukevizzini/arm_v3/arm_code/build/arm_config' returned '0': CMAKE_PREFIX_PATH=${CMAKE_PREFIX_PATH}:/home/lukevizzini/arm_v3/arm_code/install/arm_teleop:/home/lukevizzini/arm_v3/arm_code/install/arm_pwm_bridge:/home/lukevizzini/arm_new_v2/arm_code/install/arm_teleop:/home/lukevizzini/arm_new_v2/arm_code/install/arm_pwm_bridge:/opt/ros/humble /usr/bin/cmake --install /home/lukevizzini/arm_v3/arm_code/build/arm_config
[1.267s] Level 1:colcon.colcon_core.environment:checking '/home/lukevizzini/arm_v3/arm_code/install/arm_config' for CMake module files
[1.268s] Level 1:colcon.colcon_core.environment:checking '/home/lukevizzini/arm_v3/arm_code/install/arm_config' for CMake config files
[1.268s] Level 1:colcon.colcon_core.shell:create_environment_hook('arm_config', 'cmake_prefix_path')
[1.269s] INFO:colcon.colcon_core.shell:Creating environment hook '/home/lukevizzini/arm_v3/arm_code/install/arm_config/share/arm_config/hook/cmake_prefix_path.ps1'
[1.269s] INFO:colcon.colcon_core.shell:Creating environment descriptor '/home/lukevizzini/arm_v3/arm_code/install/arm_config/share/arm_config/hook/cmake_prefix_path.dsv'
[1.270s] INFO:colcon.colcon_core.shell:Creating environment hook '/home/lukevizzini/arm_v3/arm_code/install/arm_config/share/arm_config/hook/cmake_prefix_path.sh'
[1.271s] Level 1:colcon.colcon_core.environment:checking '/home/lukevizzini/arm_v3/arm_code/install/arm_config/bin'
[1.271s] Level 1:colcon.colcon_core.environment:checking '/home/lukevizzini/arm_v3/arm_code/install/arm_config/lib/pkgconfig/arm_config.pc'
[1.271s] Level 1:colcon.colcon_core.environment:checking '/home/lukevizzini/arm_v3/arm_code/install/arm_config/lib/python3.10/site-packages'
[1.272s] Level 1:colcon.colcon_core.environment:checking '/home/lukevizzini/arm_v3/arm_code/install/arm_config/bin'
[1.272s] INFO:colcon.colcon_core.shell:Creating package script '/home/lukevizzini/arm_v3/arm_code/install/arm_config/share/arm_config/package.ps1'
[1.273s] INFO:colcon.colcon_core.shell:Creating package descriptor '/home/lukevizzini/arm_v3/arm_code/install/arm_config/share/arm_config/package.dsv'
[1.274s] INFO:colcon.colcon_core.shell:Creating package script '/home/lukevizzini/arm_v3/arm_code/install/arm_config/share/arm_config/package.sh'
[1.276s] INFO:colcon.colcon_core.shell:Creating package script '/home/lukevizzini/arm_v3/arm_code/install/arm_config/share/arm_config/package.bash'
[1.277s] INFO:colcon.colcon_core.shell:Creating package script '/home/lukevizzini/arm_v3/arm_code/install/arm_config/share/arm_config/package.zsh'
[1.278s] Level 1:colcon.colcon_core.environment:create_file_with_runtime_dependencies(/home/lukevizzini/arm_v3/arm_code/install/arm_config/share/colcon-core/packages/arm_config)
[1.279s] Level 1:colcon.colcon_core.environment:create_environment_scripts_only(arm_config)
[1.279s] Level 1:colcon.colcon_core.environment:checking '/home/lukevizzini/arm_v3/arm_code/install/arm_config' for CMake module files
[1.279s] Level 1:colcon.colcon_core.environment:checking '/home/lukevizzini/arm_v3/arm_code/install/arm_config' for CMake config files
[1.280s] Level 1:colcon.colcon_core.shell:create_environment_hook('arm_config', 'cmake_prefix_path')
[1.280s] INFO:colcon.colcon_core.shell:Creating environment hook '/home/lukevizzini/arm_v3/arm_code/install/arm_config/share/arm_config/hook/cmake_prefix_path.ps1'
[1.280s] INFO:colcon.colcon_core.shell:Creating environment descriptor '/home/lukevizzini/arm_v3/arm_code/install/arm_config/share/arm_config/hook/cmake_prefix_path.dsv'
[1.281s] INFO:colcon.colcon_core.shell:Creating environment hook '/home/lukevizzini/arm_v3/arm_code/install/arm_config/share/arm_config/hook/cmake_prefix_path.sh'
[1.281s] Level 1:colcon.colcon_core.environment:checking '/home/lukevizzini/arm_v3/arm_code/install/arm_config/bin'
[1.281s] Level 1:colcon.colcon_core.environment:checking '/home/lukevizzini/arm_v3/arm_code/install/arm_config/lib/pkgconfig/arm_config.pc'
[1.282s] Level 1:colcon.colcon_core.environment:checking '/home/lukevizzini/arm_v3/arm_code/install/arm_config/lib/python3.10/site-packages'
[1.282s] Level 1:colcon.colcon_core.environment:checking '/home/lukevizzini/arm_v3/arm_code/install/arm_config/bin'
[1.282s] INFO:colcon.colcon_core.shell:Creating package script '/home/lukevizzini/arm_v3/arm_code/install/arm_config/share/arm_config/package.ps1'
[1.283s] INFO:colcon.colcon_core.shell:Creating package descriptor '/home/lukevizzini/arm_v3/arm_code/install/arm_config/share/arm_config/package.dsv'
[1.283s] INFO:colcon.colcon_core.shell:Creating package script '/home/lukevizzini/arm_v3/arm_code/install/arm_config/share/arm_config/package.sh'
[1.284s] INFO:colcon.colcon_core.shell:Creating package script '/home/lukevizzini/arm_v3/arm_code/install/arm_config/share/arm_config/package.bash'
[1.285s] INFO:colcon.colcon_core.shell:Creating package script '/home/lukevizzini/arm_v3/arm_code/install/arm_config/share/arm_config/package.zsh'
[1.285s] Level 1:colcon.colcon_core.environment:create_file_with_runtime_dependencies(/home/lukevizzini/arm_v3/arm_code/install/arm_config/share/colcon-core/packages/arm_config)
[1.286s] INFO:colcon.colcon_ros.task.ament_cmake.build:Building ROS package in '/home/lukevizzini/arm_v3/arm_code/src/description' with build type 'ament_cmake'
[1.286s] INFO:colcon.colcon_cmake.task.cmake.build:Building CMake package in '/home/lukevizzini/arm_v3/arm_code/src/description'
[1.287s] INFO:colcon.colcon_core.shell:Skip shell extension 'powershell' for command environment: Not usable outside of PowerShell
[1.287s] DEBUG:colcon.colcon_core.shell:Skip shell extension 'dsv' for command environment
[1.401s] DEBUG:colcon.colcon_core.event_handler.log_command:Invoking command in '/home/lukevizzini/arm_v3/arm_code/build/arm_description': CMAKE_PREFIX_PATH=/home/lukevizzini/arm_v3/arm_code/install/arm_config:/home/lukevizzini/arm_v3/arm_code/install/arm_launch:/home/lukevizzini/arm_v3/arm_code/install/arm_bringup:/home/lukevizzini/arm_v3/arm_code/install/arm_description:/home/lukevizzini/arm_new_v2/arm_code/install/arm_launch:/home/lukevizzini/arm_new_v2/arm_code/install/arm_bringup:/home/lukevizzini/arm_new_v2/arm_code/install/arm_description:/home/lukevizzini/arm_new_v2/arm_code/install/arm_config:/home/lukevizzini/arm_v3/arm_code/install/arm_teleop:/home/lukevizzini/arm_v3/arm_code/install/arm_pwm_bridge:/home/lukevizzini/arm_new_v2/arm_code/install/arm_teleop:/home/lukevizzini/arm_new_v2/arm_code/install/arm_pwm_bridge:/opt/ros/humble /usr/bin/cmake --build /home/lukevizzini/arm_v3/arm_code/build/arm_description -- -j8 -l8
[1.442s] DEBUG:colcon.colcon_core.event_handler.log_command:Invoked command in '/home/lukevizzini/arm_v3/arm_code/build/arm_description' returned '0': CMAKE_PREFIX_PATH=/home/lukevizzini/arm_v3/arm_code/install/arm_config:/home/lukevizzini/arm_v3/arm_code/install/arm_launch:/home/lukevizzini/arm_v3/arm_code/install/arm_bringup:/home/lukevizzini/arm_v3/arm_code/install/arm_description:/home/lukevizzini/arm_new_v2/arm_code/install/arm_launch:/home/lukevizzini/arm_new_v2/arm_code/install/arm_bringup:/home/lukevizzini/arm_new_v2/arm_code/install/arm_description:/home/lukevizzini/arm_new_v2/arm_code/install/arm_config:/home/lukevizzini/arm_v3/arm_code/install/arm_teleop:/home/lukevizzini/arm_v3/arm_code/install/arm_pwm_bridge:/home/lukevizzini/arm_new_v2/arm_code/install/arm_teleop:/home/lukevizzini/arm_new_v2/arm_code/install/arm_pwm_bridge:/opt/ros/humble /usr/bin/cmake --build /home/lukevizzini/arm_v3/arm_code/build/arm_description -- -j8 -l8
[1.444s] DEBUG:colcon.colcon_core.event_handler.log_command:Invoking command in '/home/lukevizzini/arm_v3/arm_code/build/arm_description': CMAKE_PREFIX_PATH=/home/lukevizzini/arm_v3/arm_code/install/arm_config:/home/lukevizzini/arm_v3/arm_code/install/arm_launch:/home/lukevizzini/arm_v3/arm_code/install/arm_bringup:/home/lukevizzini/arm_v3/arm_code/install/arm_description:/home/lukevizzini/arm_new_v2/arm_code/install/arm_launch:/home/lukevizzini/arm_new_v2/arm_code/install/arm_bringup:/home/lukevizzini/arm_new_v2/arm_code/install/arm_description:/home/lukevizzini/arm_new_v2/arm_code/install/arm_config:/home/lukevizzini/arm_v3/arm_code/install/arm_teleop:/home/lukevizzini/arm_v3/arm_code/install/arm_pwm_bridge:/home/lukevizzini/arm_new_v2/arm_code/install/arm_teleop:/home/lukevizzini/arm_new_v2/arm_code/install/arm_pwm_bridge:/opt/ros/humble /usr/bin/cmake --install /home/lukevizzini/arm_v3/arm_code/build/arm_description
[1.469s] Level 1:colcon.colcon_core.environment:create_environment_scripts_only(arm_description)
[1.469s] Level 1:colcon.colcon_core.environment:checking '/home/lukevizzini/arm_v3/arm_code/install/arm_description' for CMake module files
[1.470s] DEBUG:colcon.colcon_core.event_handler.log_command:Invoked command in '/home/lukevizzini/arm_v3/arm_code/build/arm_description' returned '0': CMAKE_PREFIX_PATH=/home/lukevizzini/arm_v3/arm_code/install/arm_config:/home/lukevizzini/arm_v3/arm_code/install/arm_launch:/home/lukevizzini/arm_v3/arm_code/install/arm_bringup:/home/lukevizzini/arm_v3/arm_code/install/arm_description:/home/lukevizzini/arm_new_v2/arm_code/install/arm_launch:/home/lukevizzini/arm_new_v2/arm_code/install/arm_bringup:/home/lukevizzini/arm_new_v2/arm_code/install/arm_description:/home/lukevizzini/arm_new_v2/arm_code/install/arm_config:/home/lukevizzini/arm_v3/arm_code/install/arm_teleop:/home/lukevizzini/arm_v3/arm_code/install/arm_pwm_bridge:/home/lukevizzini/arm_new_v2/arm_code/install/arm_teleop:/home/lukevizzini/arm_new_v2/arm_code/install/arm_pwm_bridge:/opt/ros/humble /usr/bin/cmake --install /home/lukevizzini/arm_v3/arm_code/build/arm_description
[1.470s] Level 1:colcon.colcon_core.environment:checking '/home/lukevizzini/arm_v3/arm_code/install/arm_description' for CMake config files
[1.471s] Level 1:colcon.colcon_core.shell:create_environment_hook('arm_description', 'cmake_prefix_path')
[1.471s] INFO:colcon.colcon_core.shell:Creating environment hook '/home/lukevizzini/arm_v3/arm_code/install/arm_description/share/arm_description/hook/cmake_prefix_path.ps1'
[1.472s] INFO:colcon.colcon_core.shell:Creating environment descriptor '/home/lukevizzini/arm_v3/arm_code/install/arm_description/share/arm_description/hook/cmake_prefix_path.dsv'
[1.473s] INFO:colcon.colcon_core.shell:Creating environment hook '/home/lukevizzini/arm_v3/arm_code/install/arm_description/share/arm_description/hook/cmake_prefix_path.sh'
[1.473s] Level 1:colcon.colcon_core.environment:checking '/home/lukevizzini/arm_v3/arm_code/install/arm_description/bin'
[1.473s] Level 1:colcon.colcon_core.environment:checking '/home/lukevizzini/arm_v3/arm_code/install/arm_description/lib/pkgconfig/arm_description.pc'
[1.474s] Level 1:colcon.colcon_core.environment:checking '/home/lukevizzini/arm_v3/arm_code/install/arm_description/lib/python3.10/site-packages'
[1.474s] Level 1:colcon.colcon_core.environment:checking '/home/lukevizzini/arm_v3/arm_code/install/arm_description/bin'
[1.475s] INFO:colcon.colcon_core.shell:Creating package script '/home/lukevizzini/arm_v3/arm_code/install/arm_description/share/arm_description/package.ps1'
[1.475s] INFO:colcon.colcon_core.shell:Creating package descriptor '/home/lukevizzini/arm_v3/arm_code/install/arm_description/share/arm_description/package.dsv'
[1.476s] INFO:colcon.colcon_core.shell:Creating package script '/home/lukevizzini/arm_v3/arm_code/install/arm_description/share/arm_description/package.sh'
[1.476s] INFO:colcon.colcon_core.shell:Creating package script '/home/lukevizzini/arm_v3/arm_code/install/arm_description/share/arm_description/package.bash'
[1.477s] INFO:colcon.colcon_core.shell:Creating package script '/home/lukevizzini/arm_v3/arm_code/install/arm_description/share/arm_description/package.zsh'
[1.477s] Level 1:colcon.colcon_core.environment:create_file_with_runtime_dependencies(/home/lukevizzini/arm_v3/arm_code/install/arm_description/share/colcon-core/packages/arm_description)
[1.478s] Level 1:colcon.colcon_core.environment:create_environment_scripts_only(arm_description)
[1.478s] Level 1:colcon.colcon_core.environment:checking '/home/lukevizzini/arm_v3/arm_code/install/arm_description' for CMake module files
[1.478s] Level 1:colcon.colcon_core.environment:checking '/home/lukevizzini/arm_v3/arm_code/install/arm_description' for CMake config files
[1.479s] Level 1:colcon.colcon_core.shell:create_environment_hook('arm_description', 'cmake_prefix_path')
[1.479s] INFO:colcon.colcon_core.shell:Creating environment hook '/home/lukevizzini/arm_v3/arm_code/install/arm_description/share/arm_description/hook/cmake_prefix_path.ps1'
[1.479s] INFO:colcon.colcon_core.shell:Creating environment descriptor '/home/lukevizzini/arm_v3/arm_code/install/arm_description/share/arm_description/hook/cmake_prefix_path.dsv'
[1.480s] INFO:colcon.colcon_core.shell:Creating environment hook '/home/lukevizzini/arm_v3/arm_code/install/arm_description/share/arm_description/hook/cmake_prefix_path.sh'
[1.481s] Level 1:colcon.colcon_core.environment:checking '/home/lukevizzini/arm_v3/arm_code/install/arm_description/bin'
[1.481s] Level 1:colcon.colcon_core.environment:checking '/home/lukevizzini/arm_v3/arm_code/install/arm_description/lib/pkgconfig/arm_description.pc'
[1.481s] Level 1:colcon.colcon_core.environment:checking '/home/lukevizzini/arm_v3/arm_code/install/arm_description/lib/python3.10/site-packages'
[1.481s] Level 1:colcon.colcon_core.environment:checking '/home/lukevizzini/arm_v3/arm_code/install/arm_description/bin'
[1.482s] INFO:colcon.colcon_core.shell:Creating package script '/home/lukevizzini/arm_v3/arm_code/install/arm_description/share/arm_description/package.ps1'
[1.483s] INFO:colcon.colcon_core.shell:Creating package descriptor '/home/lukevizzini/arm_v3/arm_code/install/arm_description/share/arm_description/package.dsv'
[1.483s] INFO:colcon.colcon_core.shell:Creating package script '/home/lukevizzini/arm_v3/arm_code/install/arm_description/share/arm_description/package.sh'
[1.484s] INFO:colcon.colcon_core.shell:Creating package script '/home/lukevizzini/arm_v3/arm_code/install/arm_description/share/arm_description/package.bash'
[1.484s] INFO:colcon.colcon_core.shell:Creating package script '/home/lukevizzini/arm_v3/arm_code/install/arm_description/share/arm_description/package.zsh'
[1.485s] Level 1:colcon.colcon_core.environment:create_file_with_runtime_dependencies(/home/lukevizzini/arm_v3/arm_code/install/arm_description/share/colcon-core/packages/arm_description)
[1.485s] INFO:colcon.colcon_ros.task.ament_cmake.build:Building ROS package in '/home/lukevizzini/arm_v3/arm_code/src/bringup' with build type 'ament_cmake'
[1.485s] INFO:colcon.colcon_cmake.task.cmake.build:Building CMake package in '/home/lukevizzini/arm_v3/arm_code/src/bringup'
[1.486s] INFO:colcon.colcon_core.shell:Skip shell extension 'powershell' for command environment: Not usable outside of PowerShell
[1.486s] DEBUG:colcon.colcon_core.shell:Skip shell extension 'dsv' for command environment
[1.641s] DEBUG:colcon.colcon_core.event_handler.log_command:Invoking command in '/home/lukevizzini/arm_v3/arm_code/build/arm_bringup': CMAKE_PREFIX_PATH=/home/lukevizzini/arm_v3/arm_code/install/arm_description:/home/lukevizzini/arm_v3/arm_code/install/arm_config:/home/lukevizzini/arm_v3/arm_code/install/arm_launch:/home/lukevizzini/arm_v3/arm_code/install/arm_bringup:/home/lukevizzini/arm_new_v2/arm_code/install/arm_launch:/home/lukevizzini/arm_new_v2/arm_code/install/arm_bringup:/home/lukevizzini/arm_new_v2/arm_code/install/arm_description:/home/lukevizzini/arm_new_v2/arm_code/install/arm_config:/home/lukevizzini/arm_v3/arm_code/install/arm_teleop:/home/lukevizzini/arm_v3/arm_code/install/arm_pwm_bridge:/home/lukevizzini/arm_new_v2/arm_code/install/arm_teleop:/home/lukevizzini/arm_new_v2/arm_code/install/arm_pwm_bridge:/opt/ros/humble /usr/bin/cmake --build /home/lukevizzini/arm_v3/arm_code/build/arm_bringup -- -j8 -l8
[1.676s] DEBUG:colcon.colcon_core.event_handler.log_command:Invoking command in '/home/lukevizzini/arm_v3/arm_code/build/arm_teleop': PYTHONPATH=/home/lukevizzini/arm_v3/arm_code/build/arm_teleop/prefix_override:/usr/lib/python3/dist-packages/colcon_core/task/python/colcon_distutils_commands:/home/lukevizzini/arm_v3/arm_code/install/arm_teleop/lib/python3.10/site-packages:${PYTHONPATH} /usr/bin/python3 -W ignore:setup.py install is deprecated -W ignore:easy_install command is deprecated setup.py develop --editable --build-directory /home/lukevizzini/arm_v3/arm_code/build/arm_teleop/build --no-deps symlink_data
[1.677s] DEBUG:colcon.colcon_core.event_handler.log_command:Invoking command in '/home/lukevizzini/arm_v3/arm_code/build/arm_pwm_bridge': PYTHONPATH=/home/lukevizzini/arm_v3/arm_code/build/arm_pwm_bridge/prefix_override:/usr/lib/python3/dist-packages/colcon_core/task/python/colcon_distutils_commands:/home/lukevizzini/arm_v3/arm_code/install/arm_pwm_bridge/lib/python3.10/site-packages:${PYTHONPATH} /usr/bin/python3 -W ignore:setup.py install is deprecated -W ignore:easy_install command is deprecated setup.py develop --editable --build-directory /home/lukevizzini/arm_v3/arm_code/build/arm_pwm_bridge/build --no-deps symlink_data
[1.688s] DEBUG:colcon.colcon_core.event_handler.log_command:Invoked command in '/home/lukevizzini/arm_v3/arm_code/build/arm_bringup' returned '0': CMAKE_PREFIX_PATH=/home/lukevizzini/arm_v3/arm_code/install/arm_description:/home/lukevizzini/arm_v3/arm_code/install/arm_config:/home/lukevizzini/arm_v3/arm_code/install/arm_launch:/home/lukevizzini/arm_v3/arm_code/install/arm_bringup:/home/lukevizzini/arm_new_v2/arm_code/install/arm_launch:/home/lukevizzini/arm_new_v2/arm_code/install/arm_bringup:/home/lukevizzini/arm_new_v2/arm_code/install/arm_description:/home/lukevizzini/arm_new_v2/arm_code/install/arm_config:/home/lukevizzini/arm_v3/arm_code/install/arm_teleop:/home/lukevizzini/arm_v3/arm_code/install/arm_pwm_bridge:/home/lukevizzini/arm_new_v2/arm_code/install/arm_teleop:/home/lukevizzini/arm_new_v2/arm_code/install/arm_pwm_bridge:/opt/ros/humble /usr/bin/cmake --build /home/lukevizzini/arm_v3/arm_code/build/arm_bringup -- -j8 -l8
[1.690s] DEBUG:colcon.colcon_core.event_handler.log_command:Invoking command in '/home/lukevizzini/arm_v3/arm_code/build/arm_bringup': CMAKE_PREFIX_PATH=/home/lukevizzini/arm_v3/arm_code/install/arm_description:/home/lukevizzini/arm_v3/arm_code/install/arm_config:/home/lukevizzini/arm_v3/arm_code/install/arm_launch:/home/lukevizzini/arm_v3/arm_code/install/arm_bringup:/home/lukevizzini/arm_new_v2/arm_code/install/arm_launch:/home/lukevizzini/arm_new_v2/arm_code/install/arm_bringup:/home/lukevizzini/arm_new_v2/arm_code/install/arm_description:/home/lukevizzini/arm_new_v2/arm_code/install/arm_config:/home/lukevizzini/arm_v3/arm_code/install/arm_teleop:/home/lukevizzini/arm_v3/arm_code/install/arm_pwm_bridge:/home/lukevizzini/arm_new_v2/arm_code/install/arm_teleop:/home/lukevizzini/arm_new_v2/arm_code/install/arm_pwm_bridge:/opt/ros/humble /usr/bin/cmake --install /home/lukevizzini/arm_v3/arm_code/build/arm_bringup
[1.715s] Level 1:colcon.colcon_core.environment:create_environment_scripts_only(arm_bringup)
[1.716s] Level 1:colcon.colcon_core.environment:checking '/home/lukevizzini/arm_v3/arm_code/install/arm_bringup' for CMake module files
[1.716s] DEBUG:colcon.colcon_core.event_handler.log_command:Invoked command in '/home/lukevizzini/arm_v3/arm_code/build/arm_bringup' returned '0': CMAKE_PREFIX_PATH=/home/lukevizzini/arm_v3/arm_code/install/arm_description:/home/lukevizzini/arm_v3/arm_code/install/arm_config:/home/lukevizzini/arm_v3/arm_code/install/arm_launch:/home/lukevizzini/arm_v3/arm_code/install/arm_bringup:/home/lukevizzini/arm_new_v2/arm_code/install/arm_launch:/home/lukevizzini/arm_new_v2/arm_code/install/arm_bringup:/home/lukevizzini/arm_new_v2/arm_code/install/arm_description:/home/lukevizzini/arm_new_v2/arm_code/install/arm_config:/home/lukevizzini/arm_v3/arm_code/install/arm_teleop:/home/lukevizzini/arm_v3/arm_code/install/arm_pwm_bridge:/home/lukevizzini/arm_new_v2/arm_code/install/arm_teleop:/home/lukevizzini/arm_new_v2/arm_code/install/arm_pwm_bridge:/opt/ros/humble /usr/bin/cmake --install /home/lukevizzini/arm_v3/arm_code/build/arm_bringup
[1.717s] Level 1:colcon.colcon_core.environment:checking '/home/lukevizzini/arm_v3/arm_code/install/arm_bringup' for CMake config files
[1.717s] Level 1:colcon.colcon_core.shell:create_environment_hook('arm_bringup', 'cmake_prefix_path')
[1.718s] INFO:colcon.colcon_core.shell:Creating environment hook '/home/lukevizzini/arm_v3/arm_code/install/arm_bringup/share/arm_bringup/hook/cmake_prefix_path.ps1'
[1.718s] INFO:colcon.colcon_core.shell:Creating environment descriptor '/home/lukevizzini/arm_v3/arm_code/install/arm_bringup/share/arm_bringup/hook/cmake_prefix_path.dsv'
[1.719s] INFO:colcon.colcon_core.shell:Creating environment hook '/home/lukevizzini/arm_v3/arm_code/install/arm_bringup/share/arm_bringup/hook/cmake_prefix_path.sh'
[1.719s] Level 1:colcon.colcon_core.environment:checking '/home/lukevizzini/arm_v3/arm_code/install/arm_bringup/bin'
[1.719s] Level 1:colcon.colcon_core.environment:checking '/home/lukevizzini/arm_v3/arm_code/install/arm_bringup/lib/pkgconfig/arm_bringup.pc'
[1.719s] Level 1:colcon.colcon_core.environment:checking '/home/lukevizzini/arm_v3/arm_code/install/arm_bringup/lib/python3.10/site-packages'
[1.720s] Level 1:colcon.colcon_core.environment:checking '/home/lukevizzini/arm_v3/arm_code/install/arm_bringup/bin'
[1.720s] INFO:colcon.colcon_core.shell:Creating package script '/home/lukevizzini/arm_v3/arm_code/install/arm_bringup/share/arm_bringup/package.ps1'
[1.720s] INFO:colcon.colcon_core.shell:Creating package descriptor '/home/lukevizzini/arm_v3/arm_code/install/arm_bringup/share/arm_bringup/package.dsv'
[1.721s] INFO:colcon.colcon_core.shell:Creating package script '/home/lukevizzini/arm_v3/arm_code/install/arm_bringup/share/arm_bringup/package.sh'
[1.721s] INFO:colcon.colcon_core.shell:Creating package script '/home/lukevizzini/arm_v3/arm_code/install/arm_bringup/share/arm_bringup/package.bash'
[1.721s] INFO:colcon.colcon_core.shell:Creating package script '/home/lukevizzini/arm_v3/arm_code/install/arm_bringup/share/arm_bringup/package.zsh'
[1.722s] Level 1:colcon.colcon_core.environment:create_file_with_runtime_dependencies(/home/lukevizzini/arm_v3/arm_code/install/arm_bringup/share/colcon-core/packages/arm_bringup)
[1.722s] Level 1:colcon.colcon_core.environment:create_environment_scripts_only(arm_bringup)
[1.723s] Level 1:colcon.colcon_core.environment:checking '/home/lukevizzini/arm_v3/arm_code/install/arm_bringup' for CMake module files
[1.723s] Level 1:colcon.colcon_core.environment:checking '/home/lukevizzini/arm_v3/arm_code/install/arm_bringup' for CMake config files
[1.723s] Level 1:colcon.colcon_core.shell:create_environment_hook('arm_bringup', 'cmake_prefix_path')
[1.724s] INFO:colcon.colcon_core.shell:Creating environment hook '/home/lukevizzini/arm_v3/arm_code/install/arm_bringup/share/arm_bringup/hook/cmake_prefix_path.ps1'
[1.725s] INFO:colcon.colcon_core.shell:Creating environment descriptor '/home/lukevizzini/arm_v3/arm_code/install/arm_bringup/share/arm_bringup/hook/cmake_prefix_path.dsv'
[1.725s] INFO:colcon.colcon_core.shell:Creating environment hook '/home/lukevizzini/arm_v3/arm_code/install/arm_bringup/share/arm_bringup/hook/cmake_prefix_path.sh'
[1.726s] Level 1:colcon.colcon_core.environment:checking '/home/lukevizzini/arm_v3/arm_code/install/arm_bringup/bin'
[1.726s] Level 1:colcon.colcon_core.environment:checking '/home/lukevizzini/arm_v3/arm_code/install/arm_bringup/lib/pkgconfig/arm_bringup.pc'
[1.727s] Level 1:colcon.colcon_core.environment:checking '/home/lukevizzini/arm_v3/arm_code/install/arm_bringup/lib/python3.10/site-packages'
[1.727s] Level 1:colcon.colcon_core.environment:checking '/home/lukevizzini/arm_v3/arm_code/install/arm_bringup/bin'
[1.727s] INFO:colcon.colcon_core.shell:Creating package script '/home/lukevizzini/arm_v3/arm_code/install/arm_bringup/share/arm_bringup/package.ps1'
[1.728s] INFO:colcon.colcon_core.shell:Creating package descriptor '/home/lukevizzini/arm_v3/arm_code/install/arm_bringup/share/arm_bringup/package.dsv'
[1.728s] INFO:colcon.colcon_core.shell:Creating package script '/home/lukevizzini/arm_v3/arm_code/install/arm_bringup/share/arm_bringup/package.sh'
[1.729s] INFO:colcon.colcon_core.shell:Creating package script '/home/lukevizzini/arm_v3/arm_code/install/arm_bringup/share/arm_bringup/package.bash'
[1.729s] INFO:colcon.colcon_core.shell:Creating package script '/home/lukevizzini/arm_v3/arm_code/install/arm_bringup/share/arm_bringup/package.zsh'
[1.729s] Level 1:colcon.colcon_core.environment:create_file_with_runtime_dependencies(/home/lukevizzini/arm_v3/arm_code/install/arm_bringup/share/colcon-core/packages/arm_bringup)
[2.230s] Level 1:colcon.colcon_core.shell:create_environment_hook('arm_pwm_bridge', 'pythonpath_develop')
[2.230s] DEBUG:colcon.colcon_core.event_handler.log_command:Invoked command in '/home/lukevizzini/arm_v3/arm_code/build/arm_pwm_bridge' returned '0': PYTHONPATH=/home/lukevizzini/arm_v3/arm_code/build/arm_pwm_bridge/prefix_override:/usr/lib/python3/dist-packages/colcon_core/task/python/colcon_distutils_commands:/home/lukevizzini/arm_v3/arm_code/install/arm_pwm_bridge/lib/python3.10/site-packages:${PYTHONPATH} /usr/bin/python3 -W ignore:setup.py install is deprecated -W ignore:easy_install command is deprecated setup.py develop --editable --build-directory /home/lukevizzini/arm_v3/arm_code/build/arm_pwm_bridge/build --no-deps symlink_data
[2.231s] INFO:colcon.colcon_core.shell:Creating environment hook '/home/lukevizzini/arm_v3/arm_code/build/arm_pwm_bridge/share/arm_pwm_bridge/hook/pythonpath_develop.ps1'
[2.232s] INFO:colcon.colcon_core.shell:Creating environment descriptor '/home/lukevizzini/arm_v3/arm_code/build/arm_pwm_bridge/share/arm_pwm_bridge/hook/pythonpath_develop.dsv'
[2.232s] INFO:colcon.colcon_core.shell:Creating environment hook '/home/lukevizzini/arm_v3/arm_code/build/arm_pwm_bridge/share/arm_pwm_bridge/hook/pythonpath_develop.sh'
[2.233s] Level 1:colcon.colcon_core.environment:checking '/home/lukevizzini/arm_v3/arm_code/install/arm_pwm_bridge' for CMake module files
[2.233s] Level 1:colcon.colcon_core.environment:checking '/home/lukevizzini/arm_v3/arm_code/install/arm_pwm_bridge' for CMake config files
[2.234s] Level 1:colcon.colcon_core.environment:checking '/home/lukevizzini/arm_v3/arm_code/install/arm_pwm_bridge/lib'
[2.234s] Level 1:colcon.colcon_core.environment:checking '/home/lukevizzini/arm_v3/arm_code/install/arm_pwm_bridge/bin'
[2.234s] Level 1:colcon.colcon_core.environment:checking '/home/lukevizzini/arm_v3/arm_code/install/arm_pwm_bridge/lib/pkgconfig/arm_pwm_bridge.pc'
[2.234s] Level 1:colcon.colcon_core.environment:checking '/home/lukevizzini/arm_v3/arm_code/install/arm_pwm_bridge/lib/python3.10/site-packages'
[2.234s] Level 1:colcon.colcon_core.shell:create_environment_hook('arm_pwm_bridge', 'pythonpath')
[2.235s] INFO:colcon.colcon_core.shell:Creating environment hook '/home/lukevizzini/arm_v3/arm_code/install/arm_pwm_bridge/share/arm_pwm_bridge/hook/pythonpath.ps1'
[2.235s] INFO:colcon.colcon_core.shell:Creating environment descriptor '/home/lukevizzini/arm_v3/arm_code/install/arm_pwm_bridge/share/arm_pwm_bridge/hook/pythonpath.dsv'
[2.235s] INFO:colcon.colcon_core.shell:Creating environment hook '/home/lukevizzini/arm_v3/arm_code/install/arm_pwm_bridge/share/arm_pwm_bridge/hook/pythonpath.sh'
[2.236s] Level 1:colcon.colcon_core.environment:checking '/home/lukevizzini/arm_v3/arm_code/install/arm_pwm_bridge/bin'
[2.236s] Level 1:colcon.colcon_core.environment:create_environment_scripts_only(arm_pwm_bridge)
[2.237s] INFO:colcon.colcon_core.shell:Creating package script '/home/lukevizzini/arm_v3/arm_code/install/arm_pwm_bridge/share/arm_pwm_bridge/package.ps1'
[2.237s] INFO:colcon.colcon_core.shell:Creating package descriptor '/home/lukevizzini/arm_v3/arm_code/install/arm_pwm_bridge/share/arm_pwm_bridge/package.dsv'
[2.238s] INFO:colcon.colcon_core.shell:Creating package script '/home/lukevizzini/arm_v3/arm_code/install/arm_pwm_bridge/share/arm_pwm_bridge/package.sh'
[2.238s] INFO:colcon.colcon_core.shell:Creating package script '/home/lukevizzini/arm_v3/arm_code/install/arm_pwm_bridge/share/arm_pwm_bridge/package.bash'
[2.239s] INFO:colcon.colcon_core.shell:Creating package script '/home/lukevizzini/arm_v3/arm_code/install/arm_pwm_bridge/share/arm_pwm_bridge/package.zsh'
[2.239s] Level 1:colcon.colcon_core.environment:create_file_with_runtime_dependencies(/home/lukevizzini/arm_v3/arm_code/install/arm_pwm_bridge/share/colcon-core/packages/arm_pwm_bridge)
[2.241s] Level 1:colcon.colcon_core.shell:create_environment_hook('arm_teleop', 'pythonpath_develop')
[2.241s] INFO:colcon.colcon_core.shell:Creating environment hook '/home/lukevizzini/arm_v3/arm_code/build/arm_teleop/share/arm_teleop/hook/pythonpath_develop.ps1'
[2.242s] DEBUG:colcon.colcon_core.event_handler.log_command:Invoked command in '/home/lukevizzini/arm_v3/arm_code/build/arm_teleop' returned '0': PYTHONPATH=/home/lukevizzini/arm_v3/arm_code/build/arm_teleop/prefix_override:/usr/lib/python3/dist-packages/colcon_core/task/python/colcon_distutils_commands:/home/lukevizzini/arm_v3/arm_code/install/arm_teleop/lib/python3.10/site-packages:${PYTHONPATH} /usr/bin/python3 -W ignore:setup.py install is deprecated -W ignore:easy_install command is deprecated setup.py develop --editable --build-directory /home/lukevizzini/arm_v3/arm_code/build/arm_teleop/build --no-deps symlink_data
[2.242s] INFO:colcon.colcon_core.shell:Creating environment descriptor '/home/lukevizzini/arm_v3/arm_code/build/arm_teleop/share/arm_teleop/hook/pythonpath_develop.dsv'
[2.243s] INFO:colcon.colcon_core.shell:Creating environment hook '/home/lukevizzini/arm_v3/arm_code/build/arm_teleop/share/arm_teleop/hook/pythonpath_develop.sh'
[2.243s] Level 1:colcon.colcon_core.environment:checking '/home/lukevizzini/arm_v3/arm_code/install/arm_teleop' for CMake module files
[2.244s] Level 1:colcon.colcon_core.environment:checking '/home/lukevizzini/arm_v3/arm_code/install/arm_teleop' for CMake config files
[2.244s] Level 1:colcon.colcon_core.environment:checking '/home/lukevizzini/arm_v3/arm_code/install/arm_teleop/lib'
[2.244s] Level 1:colcon.colcon_core.environment:checking '/home/lukevizzini/arm_v3/arm_code/install/arm_teleop/bin'
[2.244s] Level 1:colcon.colcon_core.environment:checking '/home/lukevizzini/arm_v3/arm_code/install/arm_teleop/lib/pkgconfig/arm_teleop.pc'
[2.244s] Level 1:colcon.colcon_core.environment:checking '/home/lukevizzini/arm_v3/arm_code/install/arm_teleop/lib/python3.10/site-packages'
[2.245s] Level 1:colcon.colcon_core.shell:create_environment_hook('arm_teleop', 'pythonpath')
[2.245s] INFO:colcon.colcon_core.shell:Creating environment hook '/home/lukevizzini/arm_v3/arm_code/install/arm_teleop/share/arm_teleop/hook/pythonpath.ps1'
[2.246s] INFO:colcon.colcon_core.shell:Creating environment descriptor '/home/lukevizzini/arm_v3/arm_code/install/arm_teleop/share/arm_teleop/hook/pythonpath.dsv'
[2.246s] INFO:colcon.colcon_core.shell:Creating environment hook '/home/lukevizzini/arm_v3/arm_code/install/arm_teleop/share/arm_teleop/hook/pythonpath.sh'
[2.247s] Level 1:colcon.colcon_core.environment:checking '/home/lukevizzini/arm_v3/arm_code/install/arm_teleop/bin'
[2.247s] Level 1:colcon.colcon_core.environment:create_environment_scripts_only(arm_teleop)
[2.247s] INFO:colcon.colcon_core.shell:Creating package script '/home/lukevizzini/arm_v3/arm_code/install/arm_teleop/share/arm_teleop/package.ps1'
[2.248s] INFO:colcon.colcon_core.shell:Creating package descriptor '/home/lukevizzini/arm_v3/arm_code/install/arm_teleop/share/arm_teleop/package.dsv'
[2.249s] INFO:colcon.colcon_core.shell:Creating package script '/home/lukevizzini/arm_v3/arm_code/install/arm_teleop/share/arm_teleop/package.sh'
[2.249s] INFO:colcon.colcon_core.shell:Creating package script '/home/lukevizzini/arm_v3/arm_code/install/arm_teleop/share/arm_teleop/package.bash'
[2.249s] INFO:colcon.colcon_core.shell:Creating package script '/home/lukevizzini/arm_v3/arm_code/install/arm_teleop/share/arm_teleop/package.zsh'
[2.250s] Level 1:colcon.colcon_core.environment:create_file_with_runtime_dependencies(/home/lukevizzini/arm_v3/arm_code/install/arm_teleop/share/colcon-core/packages/arm_teleop)
[2.250s] INFO:colcon.colcon_ros.task.ament_cmake.build:Building ROS package in '/home/lukevizzini/arm_v3/arm_code/src/launch' with build type 'ament_cmake'
[2.250s] INFO:colcon.colcon_cmake.task.cmake.build:Building CMake package in '/home/lukevizzini/arm_v3/arm_code/src/launch'
[2.251s] INFO:colcon.colcon_core.shell:Skip shell extension 'powershell' for command environment: Not usable outside of PowerShell
[2.251s] DEBUG:colcon.colcon_core.shell:Skip shell extension 'dsv' for command environment
[2.901s] DEBUG:colcon.colcon_core.event_handler.log_command:Invoking command in '/home/lukevizzini/arm_v3/arm_code/build/arm_launch': AMENT_PREFIX_PATH=/home/lukevizzini/arm_v3/arm_code/install/arm_teleop:/home/lukevizzini/arm_v3/arm_code/install/arm_pwm_bridge:/home/lukevizzini/arm_v3/arm_code/install/arm_launch:/home/lukevizzini/arm_v3/arm_code/install/arm_bringup:/home/lukevizzini/arm_v3/arm_code/install/arm_description:/home/lukevizzini/arm_v3/arm_code/install/arm_config:/home/lukevizzini/arm_new_v2/arm_code/install/arm_launch:/home/lukevizzini/arm_new_v2/arm_code/install/arm_teleop:/home/lukevizzini/arm_new_v2/arm_code/install/arm_pwm_bridge:/home/lukevizzini/arm_new_v2/arm_code/install/arm_bringup:/home/lukevizzini/arm_new_v2/arm_code/install/arm_description:/home/lukevizzini/arm_new_v2/arm_code/install/arm_config:/opt/ros/humble CMAKE_PREFIX_PATH=/home/lukevizzini/arm_v3/arm_code/install/arm_bringup:/home/lukevizzini/arm_v3/arm_code/install/arm_description:/home/lukevizzini/arm_v3/arm_code/install/arm_config:/home/lukevizzini/arm_v3/arm_code/install/arm_launch:/home/lukevizzini/arm_new_v2/arm_code/install/arm_launch:/home/lukevizzini/arm_new_v2/arm_code/install/arm_bringup:/home/lukevizzini/arm_new_v2/arm_code/install/arm_description:/home/lukevizzini/arm_new_v2/arm_code/install/arm_config:/home/lukevizzini/arm_v3/arm_code/install/arm_teleop:/home/lukevizzini/arm_v3/arm_code/install/arm_pwm_bridge:/home/lukevizzini/arm_new_v2/arm_code/install/arm_teleop:/home/lukevizzini/arm_new_v2/arm_code/install/arm_pwm_bridge:/opt/ros/humble PYTHONPATH=/home/lukevizzini/arm_v3/arm_code/build/arm_teleop:/home/lukevizzini/arm_v3/arm_code/install/arm_teleop/lib/python3.10/site-packages:/home/lukevizzini/arm_v3/arm_code/build/arm_pwm_bridge:/home/lukevizzini/arm_v3/arm_code/install/arm_pwm_bridge/lib/python3.10/site-packages:/home/lukevizzini/arm_new_v2/arm_code/build/arm_teleop:/home/lukevizzini/arm_new_v2/arm_code/install/arm_teleop/lib/python3.10/site-packages:/home/lukevizzini/arm_new_v2/arm_code/build/arm_pwm_bridge:/home/lukevizzini/arm_new_v2/arm_code/install/arm_pwm_bridge/lib/python3.10/site-packages:/opt/ros/humble/lib/python3.10/site-packages:/opt/ros/humble/local/lib/python3.10/dist-packages /usr/bin/cmake --build /home/lukevizzini/arm_v3/arm_code/build/arm_launch -- -j8 -l8
[2.941s] DEBUG:colcon.colcon_core.event_handler.log_command:Invoked command in '/home/lukevizzini/arm_v3/arm_code/build/arm_launch' returned '0': AMENT_PREFIX_PATH=/home/lukevizzini/arm_v3/arm_code/install/arm_teleop:/home/lukevizzini/arm_v3/arm_code/install/arm_pwm_bridge:/home/lukevizzini/arm_v3/arm_code/install/arm_launch:/home/lukevizzini/arm_v3/arm_code/install/arm_bringup:/home/lukevizzini/arm_v3/arm_code/install/arm_description:/home/lukevizzini/arm_v3/arm_code/install/arm_config:/home/lukevizzini/arm_new_v2/arm_code/install/arm_launch:/home/lukevizzini/arm_new_v2/arm_code/install/arm_teleop:/home/lukevizzini/arm_new_v2/arm_code/install/arm_pwm_bridge:/home/lukevizzini/arm_new_v2/arm_code/install/arm_bringup:/home/lukevizzini/arm_new_v2/arm_code/install/arm_description:/home/lukevizzini/arm_new_v2/arm_code/install/arm_config:/opt/ros/humble CMAKE_PREFIX_PATH=/home/lukevizzini/arm_v3/arm_code/install/arm_bringup:/home/lukevizzini/arm_v3/arm_code/install/arm_description:/home/lukevizzini/arm_v3/arm_code/install/arm_config:/home/lukevizzini/arm_v3/arm_code/install/arm_launch:/home/lukevizzini/arm_new_v2/arm_code/install/arm_launch:/home/lukevizzini/arm_new_v2/arm_code/install/arm_bringup:/home/lukevizzini/arm_new_v2/arm_code/install/arm_description:/home/lukevizzini/arm_new_v2/arm_code/install/arm_config:/home/lukevizzini/arm_v3/arm_code/install/arm_teleop:/home/lukevizzini/arm_v3/arm_code/install/arm_pwm_bridge:/home/lukevizzini/arm_new_v2/arm_code/install/arm_teleop:/home/lukevizzini/arm_new_v2/arm_code/install/arm_pwm_bridge:/opt/ros/humble PYTHONPATH=/home/lukevizzini/arm_v3/arm_code/build/arm_teleop:/home/lukevizzini/arm_v3/arm_code/install/arm_teleop/lib/python3.10/site-packages:/home/lukevizzini/arm_v3/arm_code/build/arm_pwm_bridge:/home/lukevizzini/arm_v3/arm_code/install/arm_pwm_bridge/lib/python3.10/site-packages:/home/lukevizzini/arm_new_v2/arm_code/build/arm_teleop:/home/lukevizzini/arm_new_v2/arm_code/install/arm_teleop/lib/python3.10/site-packages:/home/lukevizzini/arm_new_v2/arm_code/build/arm_pwm_bridge:/home/lukevizzini/arm_new_v2/arm_code/install/arm_pwm_bridge/lib/python3.10/site-packages:/opt/ros/humble/lib/python3.10/site-packages:/opt/ros/humble/local/lib/python3.10/dist-packages /usr/bin/cmake --build /home/lukevizzini/arm_v3/arm_code/build/arm_launch -- -j8 -l8
[2.943s] DEBUG:colcon.colcon_core.event_handler.log_command:Invoking command in '/home/lukevizzini/arm_v3/arm_code/build/arm_launch': AMENT_PREFIX_PATH=/home/lukevizzini/arm_v3/arm_code/install/arm_teleop:/home/lukevizzini/arm_v3/arm_code/install/arm_pwm_bridge:/home/lukevizzini/arm_v3/arm_code/install/arm_launch:/home/lukevizzini/arm_v3/arm_code/install/arm_bringup:/home/lukevizzini/arm_v3/arm_code/install/arm_description:/home/lukevizzini/arm_v3/arm_code/install/arm_config:/home/lukevizzini/arm_new_v2/arm_code/install/arm_launch:/home/lukevizzini/arm_new_v2/arm_code/install/arm_teleop:/home/lukevizzini/arm_new_v2/arm_code/install/arm_pwm_bridge:/home/lukevizzini/arm_new_v2/arm_code/install/arm_bringup:/home/lukevizzini/arm_new_v2/arm_code/install/arm_description:/home/lukevizzini/arm_new_v2/arm_code/install/arm_config:/opt/ros/humble CMAKE_PREFIX_PATH=/home/lukevizzini/arm_v3/arm_code/install/arm_bringup:/home/lukevizzini/arm_v3/arm_code/install/arm_description:/home/lukevizzini/arm_v3/arm_code/install/arm_config:/home/lukevizzini/arm_v3/arm_code/install/arm_launch:/home/lukevizzini/arm_new_v2/arm_code/install/arm_launch:/home/lukevizzini/arm_new_v2/arm_code/install/arm_bringup:/home/lukevizzini/arm_new_v2/arm_code/install/arm_description:/home/lukevizzini/arm_new_v2/arm_code/install/arm_config:/home/lukevizzini/arm_v3/arm_code/install/arm_teleop:/home/lukevizzini/arm_v3/arm_code/install/arm_pwm_bridge:/home/lukevizzini/arm_new_v2/arm_code/install/arm_teleop:/home/lukevizzini/arm_new_v2/arm_code/install/arm_pwm_bridge:/opt/ros/humble PYTHONPATH=/home/lukevizzini/arm_v3/arm_code/build/arm_teleop:/home/lukevizzini/arm_v3/arm_code/install/arm_teleop/lib/python3.10/site-packages:/home/lukevizzini/arm_v3/arm_code/build/arm_pwm_bridge:/home/lukevizzini/arm_v3/arm_code/install/arm_pwm_bridge/lib/python3.10/site-packages:/home/lukevizzini/arm_new_v2/arm_code/build/arm_teleop:/home/lukevizzini/arm_new_v2/arm_code/install/arm_teleop/lib/python3.10/site-packages:/home/lukevizzini/arm_new_v2/arm_code/build/arm_pwm_bridge:/home/lukevizzini/arm_new_v2/arm_code/install/arm_pwm_bridge/lib/python3.10/site-packages:/opt/ros/humble/lib/python3.10/site-packages:/opt/ros/humble/local/lib/python3.10/dist-packages /usr/bin/cmake --install /home/lukevizzini/arm_v3/arm_code/build/arm_launch
[2.966s] Level 1:colcon.colcon_core.environment:create_environment_scripts_only(arm_launch)
[2.966s] Level 1:colcon.colcon_core.environment:checking '/home/lukevizzini/arm_v3/arm_code/install/arm_launch' for CMake module files
[2.967s] DEBUG:colcon.colcon_core.event_handler.log_command:Invoked command in '/home/lukevizzini/arm_v3/arm_code/build/arm_launch' returned '0': AMENT_PREFIX_PATH=/home/lukevizzini/arm_v3/arm_code/install/arm_teleop:/home/lukevizzini/arm_v3/arm_code/install/arm_pwm_bridge:/home/lukevizzini/arm_v3/arm_code/install/arm_launch:/home/lukevizzini/arm_v3/arm_code/install/arm_bringup:/home/lukevizzini/arm_v3/arm_code/install/arm_description:/home/lukevizzini/arm_v3/arm_code/install/arm_config:/home/lukevizzini/arm_new_v2/arm_code/install/arm_launch:/home/lukevizzini/arm_new_v2/arm_code/install/arm_teleop:/home/lukevizzini/arm_new_v2/arm_code/install/arm_pwm_bridge:/home/lukevizzini/arm_new_v2/arm_code/install/arm_bringup:/home/lukevizzini/arm_new_v2/arm_code/install/arm_description:/home/lukevizzini/arm_new_v2/arm_code/install/arm_config:/opt/ros/humble CMAKE_PREFIX_PATH=/home/lukevizzini/arm_v3/arm_code/install/arm_bringup:/home/lukevizzini/arm_v3/arm_code/install/arm_description:/home/lukevizzini/arm_v3/arm_code/install/arm_config:/home/lukevizzini/arm_v3/arm_code/install/arm_launch:/home/lukevizzini/arm_new_v2/arm_code/install/arm_launch:/home/lukevizzini/arm_new_v2/arm_code/install/arm_bringup:/home/lukevizzini/arm_new_v2/arm_code/install/arm_description:/home/lukevizzini/arm_new_v2/arm_code/install/arm_config:/home/lukevizzini/arm_v3/arm_code/install/arm_teleop:/home/lukevizzini/arm_v3/arm_code/install/arm_pwm_bridge:/home/lukevizzini/arm_new_v2/arm_code/install/arm_teleop:/home/lukevizzini/arm_new_v2/arm_code/install/arm_pwm_bridge:/opt/ros/humble PYTHONPATH=/home/lukevizzini/arm_v3/arm_code/build/arm_teleop:/home/lukevizzini/arm_v3/arm_code/install/arm_teleop/lib/python3.10/site-packages:/home/lukevizzini/arm_v3/arm_code/build/arm_pwm_bridge:/home/lukevizzini/arm_v3/arm_code/install/arm_pwm_bridge/lib/python3.10/site-packages:/home/lukevizzini/arm_new_v2/arm_code/build/arm_teleop:/home/lukevizzini/arm_new_v2/arm_code/install/arm_teleop/lib/python3.10/site-packages:/home/lukevizzini/arm_new_v2/arm_code/build/arm_pwm_bridge:/home/lukevizzini/arm_new_v2/arm_code/install/arm_pwm_bridge/lib/python3.10/site-packages:/opt/ros/humble/lib/python3.10/site-packages:/opt/ros/humble/local/lib/python3.10/dist-packages /usr/bin/cmake --install /home/lukevizzini/arm_v3/arm_code/build/arm_launch
[2.968s] Level 1:colcon.colcon_core.environment:checking '/home/lukevizzini/arm_v3/arm_code/install/arm_launch' for CMake config files
[2.968s] Level 1:colcon.colcon_core.shell:create_environment_hook('arm_launch', 'cmake_prefix_path')
[2.968s] INFO:colcon.colcon_core.shell:Creating environment hook '/home/lukevizzini/arm_v3/arm_code/install/arm_launch/share/arm_launch/hook/cmake_prefix_path.ps1'
[2.969s] INFO:colcon.colcon_core.shell:Creating environment descriptor '/home/lukevizzini/arm_v3/arm_code/install/arm_launch/share/arm_launch/hook/cmake_prefix_path.dsv'
[2.969s] INFO:colcon.colcon_core.shell:Creating environment hook '/home/lukevizzini/arm_v3/arm_code/install/arm_launch/share/arm_launch/hook/cmake_prefix_path.sh'
[2.970s] Level 1:colcon.colcon_core.environment:checking '/home/lukevizzini/arm_v3/arm_code/install/arm_launch/bin'
[2.970s] Level 1:colcon.colcon_core.environment:checking '/home/lukevizzini/arm_v3/arm_code/install/arm_launch/lib/pkgconfig/arm_launch.pc'
[2.970s] Level 1:colcon.colcon_core.environment:checking '/home/lukevizzini/arm_v3/arm_code/install/arm_launch/lib/python3.10/site-packages'
[2.971s] Level 1:colcon.colcon_core.environment:checking '/home/lukevizzini/arm_v3/arm_code/install/arm_launch/bin'
[2.971s] INFO:colcon.colcon_core.shell:Creating package script '/home/lukevizzini/arm_v3/arm_code/install/arm_launch/share/arm_launch/package.ps1'
[2.972s] INFO:colcon.colcon_core.shell:Creating package descriptor '/home/lukevizzini/arm_v3/arm_code/install/arm_launch/share/arm_launch/package.dsv'
[2.972s] INFO:colcon.colcon_core.shell:Creating package script '/home/lukevizzini/arm_v3/arm_code/install/arm_launch/share/arm_launch/package.sh'
[2.973s] INFO:colcon.colcon_core.shell:Creating package script '/home/lukevizzini/arm_v3/arm_code/install/arm_launch/share/arm_launch/package.bash'
[2.973s] INFO:colcon.colcon_core.shell:Creating package script '/home/lukevizzini/arm_v3/arm_code/install/arm_launch/share/arm_launch/package.zsh'
[2.974s] Level 1:colcon.colcon_core.environment:create_file_with_runtime_dependencies(/home/lukevizzini/arm_v3/arm_code/install/arm_launch/share/colcon-core/packages/arm_launch)
[2.974s] Level 1:colcon.colcon_core.environment:create_environment_scripts_only(arm_launch)
[2.974s] Level 1:colcon.colcon_core.environment:checking '/home/lukevizzini/arm_v3/arm_code/install/arm_launch' for CMake module files
[2.975s] Level 1:colcon.colcon_core.environment:checking '/home/lukevizzini/arm_v3/arm_code/install/arm_launch' for CMake config files
[2.975s] Level 1:colcon.colcon_core.shell:create_environment_hook('arm_launch', 'cmake_prefix_path')
[2.975s] INFO:colcon.colcon_core.shell:Creating environment hook '/home/lukevizzini/arm_v3/arm_code/install/arm_launch/share/arm_launch/hook/cmake_prefix_path.ps1'
[2.976s] INFO:colcon.colcon_core.shell:Creating environment descriptor '/home/lukevizzini/arm_v3/arm_code/install/arm_launch/share/arm_launch/hook/cmake_prefix_path.dsv'
[2.976s] INFO:colcon.colcon_core.shell:Creating environment hook '/home/lukevizzini/arm_v3/arm_code/install/arm_launch/share/arm_launch/hook/cmake_prefix_path.sh'
[2.977s] Level 1:colcon.colcon_core.environment:checking '/home/lukevizzini/arm_v3/arm_code/install/arm_launch/bin'
[2.977s] Level 1:colcon.colcon_core.environment:checking '/home/lukevizzini/arm_v3/arm_code/install/arm_launch/lib/pkgconfig/arm_launch.pc'
[2.977s] Level 1:colcon.colcon_core.environment:checking '/home/lukevizzini/arm_v3/arm_code/install/arm_launch/lib/python3.10/site-packages'
[2.977s] Level 1:colcon.colcon_core.environment:checking '/home/lukevizzini/arm_v3/arm_code/install/arm_launch/bin'
[2.977s] INFO:colcon.colcon_core.shell:Creating package script '/home/lukevizzini/arm_v3/arm_code/install/arm_launch/share/arm_launch/package.ps1'
[2.978s] INFO:colcon.colcon_core.shell:Creating package descriptor '/home/lukevizzini/arm_v3/arm_code/install/arm_launch/share/arm_launch/package.dsv'
[2.979s] INFO:colcon.colcon_core.shell:Creating package script '/home/lukevizzini/arm_v3/arm_code/install/arm_launch/share/arm_launch/package.sh'
[2.979s] INFO:colcon.colcon_core.shell:Creating package script '/home/lukevizzini/arm_v3/arm_code/install/arm_launch/share/arm_launch/package.bash'
[2.980s] INFO:colcon.colcon_core.shell:Creating package script '/home/lukevizzini/arm_v3/arm_code/install/arm_launch/share/arm_launch/package.zsh'
[2.980s] Level 1:colcon.colcon_core.environment:create_file_with_runtime_dependencies(/home/lukevizzini/arm_v3/arm_code/install/arm_launch/share/colcon-core/packages/arm_launch)
[2.981s] DEBUG:colcon.colcon_parallel_executor.executor.parallel:closing loop
[2.981s] DEBUG:colcon.colcon_parallel_executor.executor.parallel:loop closed
[2.981s] DEBUG:colcon.colcon_parallel_executor.executor.parallel:run_until_complete finished with '0'
[2.981s] DEBUG:colcon.colcon_core.event_reactor:joining thread
[3.101s] INFO:colcon.colcon_core.plugin_system:Skipping extension 'colcon_notification.desktop_notification.notify_send': Could not find 'notify-send'
[3.101s] INFO:colcon.colcon_core.plugin_system:Skipping extension 'colcon_notification.desktop_notification.terminal_notifier': Not used on non-Darwin systems
[3.101s] INFO:colcon.colcon_core.plugin_system:Skipping extension 'colcon_notification.desktop_notification.win32': Not used on non-Windows systems
[3.101s] INFO:colcon.colcon_notification.desktop_notification:Sending desktop notification using 'notify2'
[3.103s] DEBUG:colcon.colcon_notification.desktop_notification.notify2:Failed to initialize notify2: org.freedesktop.DBus.Error.ServiceUnknown: The name org.freedesktop.Notifications was not provided by any .service files
[3.103s] DEBUG:colcon.colcon_core.event_reactor:joined thread
[3.103s] INFO:colcon.colcon_core.shell:Creating prefix script '/home/lukevizzini/arm_v3/arm_code/install/local_setup.ps1'
[3.105s] INFO:colcon.colcon_core.shell:Creating prefix util module '/home/lukevizzini/arm_v3/arm_code/install/_local_setup_util_ps1.py'
[3.106s] INFO:colcon.colcon_core.shell:Creating prefix chain script '/home/lukevizzini/arm_v3/arm_code/install/setup.ps1'
[3.108s] INFO:colcon.colcon_core.shell:Creating prefix script '/home/lukevizzini/arm_v3/arm_code/install/local_setup.sh'
[3.109s] INFO:colcon.colcon_core.shell:Creating prefix util module '/home/lukevizzini/arm_v3/arm_code/install/_local_setup_util_sh.py'
[3.110s] INFO:colcon.colcon_core.shell:Creating prefix chain script '/home/lukevizzini/arm_v3/arm_code/install/setup.sh'
[3.111s] INFO:colcon.colcon_core.shell:Creating prefix script '/home/lukevizzini/arm_v3/arm_code/install/local_setup.bash'
[3.112s] INFO:colcon.colcon_core.shell:Creating prefix chain script '/home/lukevizzini/arm_v3/arm_code/install/setup.bash'
[3.113s] INFO:colcon.colcon_core.shell:Creating prefix script '/home/lukevizzini/arm_v3/arm_code/install/local_setup.zsh'
[3.113s] INFO:colcon.colcon_core.shell:Creating prefix chain script '/home/lukevizzini/arm_v3/arm_code/install/setup.zsh'
