[1.714s] Invoking command in '/home/lukevizzini/arm_new/arm_code/build/arm_launch': AMENT_PREFIX_PATH=/home/lukevizzini/arm_new/arm_code/install/arm_teleop:/home/lukevizzini/arm_new/arm_code/install/arm_pwm_bridge:/home/lukevizzini/arm_new/arm_code/install/arm_launch:/home/lukevizzini/arm_new/arm_code/install/arm_bringup:/home/lukevizzini/arm_new/arm_code/install/arm_description:/home/lukevizzini/arm_new/arm_code/install/arm_config:/opt/ros/humble CMAKE_PREFIX_PATH=/home/lukevizzini/arm_new/arm_code/install/arm_bringup:/home/lukevizzini/arm_new/arm_code/install/arm_description:/home/lukevizzini/arm_new/arm_code/install/arm_config:/home/lukevizzini/arm_new/arm_code/install/arm_launch:/home/lukevizzini/arm_new/arm_code/install/arm_teleop:/home/lukevizzini/arm_new/arm_code/install/arm_pwm_bridge:/opt/ros/humble /usr/bin/cmake --build /home/lukevizzini/arm_new/arm_code/build/arm_launch -- -j8 -l8
[1.784s] -- Found ament_cmake: 1.3.11 (/opt/ros/humble/share/ament_cmake/cmake)
[2.091s] -- Override CMake install command with custom implementation using symlinks instead of copying resources
[2.221s] -- Configuring done
[2.235s] -- Generating done
[2.240s] -- Build files have been written to: /home/lukevizzini/arm_new/arm_code/build/arm_launch
[2.270s] Invoked command in '/home/lukevizzini/arm_new/arm_code/build/arm_launch' returned '0': AMENT_PREFIX_PATH=/home/lukevizzini/arm_new/arm_code/install/arm_teleop:/home/lukevizzini/arm_new/arm_code/install/arm_pwm_bridge:/home/lukevizzini/arm_new/arm_code/install/arm_launch:/home/lukevizzini/arm_new/arm_code/install/arm_bringup:/home/lukevizzini/arm_new/arm_code/install/arm_description:/home/lukevizzini/arm_new/arm_code/install/arm_config:/opt/ros/humble CMAKE_PREFIX_PATH=/home/lukevizzini/arm_new/arm_code/install/arm_bringup:/home/lukevizzini/arm_new/arm_code/install/arm_description:/home/lukevizzini/arm_new/arm_code/install/arm_config:/home/lukevizzini/arm_new/arm_code/install/arm_launch:/home/lukevizzini/arm_new/arm_code/install/arm_teleop:/home/lukevizzini/arm_new/arm_code/install/arm_pwm_bridge:/opt/ros/humble /usr/bin/cmake --build /home/lukevizzini/arm_new/arm_code/build/arm_launch -- -j8 -l8
[2.274s] Invoking command in '/home/lukevizzini/arm_new/arm_code/build/arm_launch': AMENT_PREFIX_PATH=/home/lukevizzini/arm_new/arm_code/install/arm_teleop:/home/lukevizzini/arm_new/arm_code/install/arm_pwm_bridge:/home/lukevizzini/arm_new/arm_code/install/arm_launch:/home/lukevizzini/arm_new/arm_code/install/arm_bringup:/home/lukevizzini/arm_new/arm_code/install/arm_description:/home/lukevizzini/arm_new/arm_code/install/arm_config:/opt/ros/humble CMAKE_PREFIX_PATH=/home/lukevizzini/arm_new/arm_code/install/arm_bringup:/home/lukevizzini/arm_new/arm_code/install/arm_description:/home/lukevizzini/arm_new/arm_code/install/arm_config:/home/lukevizzini/arm_new/arm_code/install/arm_launch:/home/lukevizzini/arm_new/arm_code/install/arm_teleop:/home/lukevizzini/arm_new/arm_code/install/arm_pwm_bridge:/opt/ros/humble /usr/bin/cmake --install /home/lukevizzini/arm_new/arm_code/build/arm_launch
[2.287s] -- Install configuration: ""
[2.289s] -- Execute custom install script
[2.292s] -- Up-to-date symlink: /home/lukevizzini/arm_new/arm_code/install/arm_launch/share/arm_launch/launch/display.launch.py
[2.292s] -- Up-to-date symlink: /home/lukevizzini/arm_new/arm_code/install/arm_launch/share/arm_launch/launch/hardware_teleop.launch.py
[2.294s] -- Up-to-date symlink: /home/lukevizzini/arm_new/arm_code/install/arm_launch/share/arm_launch/launch/keyboard_teleop.launch.py
[2.295s] -- Up-to-date symlink: /home/lukevizzini/arm_new/arm_code/install/arm_launch/share/arm_launch/launch/move_group.launch.py
[2.295s] -- Up-to-date symlink: /home/lukevizzini/arm_new/arm_code/install/arm_launch/share/ament_index/resource_index/package_run_dependencies/arm_launch
[2.297s] -- Up-to-date symlink: /home/lukevizzini/arm_new/arm_code/install/arm_launch/share/ament_index/resource_index/parent_prefix_path/arm_launch
[2.299s] -- Up-to-date symlink: /home/lukevizzini/arm_new/arm_code/install/arm_launch/share/arm_launch/environment/ament_prefix_path.sh
[2.300s] -- Up-to-date symlink: /home/lukevizzini/arm_new/arm_code/install/arm_launch/share/arm_launch/environment/ament_prefix_path.dsv
[2.301s] -- Up-to-date symlink: /home/lukevizzini/arm_new/arm_code/install/arm_launch/share/arm_launch/environment/path.sh
[2.302s] -- Up-to-date symlink: /home/lukevizzini/arm_new/arm_code/install/arm_launch/share/arm_launch/environment/path.dsv
[2.304s] -- Up-to-date symlink: /home/lukevizzini/arm_new/arm_code/install/arm_launch/share/arm_launch/local_setup.bash
[2.305s] -- Up-to-date symlink: /home/lukevizzini/arm_new/arm_code/install/arm_launch/share/arm_launch/local_setup.sh
[2.306s] -- Up-to-date symlink: /home/lukevizzini/arm_new/arm_code/install/arm_launch/share/arm_launch/local_setup.zsh
[2.307s] -- Up-to-date symlink: /home/lukevizzini/arm_new/arm_code/install/arm_launch/share/arm_launch/local_setup.dsv
[2.307s] -- Symlinking: /home/lukevizzini/arm_new/arm_code/install/arm_launch/share/arm_launch/package.dsv
[2.323s] -- Up-to-date symlink: /home/lukevizzini/arm_new/arm_code/install/arm_launch/share/ament_index/resource_index/packages/arm_launch
[2.325s] -- Up-to-date symlink: /home/lukevizzini/arm_new/arm_code/install/arm_launch/share/arm_launch/cmake/arm_launchConfig.cmake
[2.326s] -- Up-to-date symlink: /home/lukevizzini/arm_new/arm_code/install/arm_launch/share/arm_launch/cmake/arm_launchConfig-version.cmake
[2.328s] -- Up-to-date symlink: /home/lukevizzini/arm_new/arm_code/install/arm_launch/share/arm_launch/package.xml
[2.331s] Invoked command in '/home/lukevizzini/arm_new/arm_code/build/arm_launch' returned '0': AMENT_PREFIX_PATH=/home/lukevizzini/arm_new/arm_code/install/arm_teleop:/home/lukevizzini/arm_new/arm_code/install/arm_pwm_bridge:/home/lukevizzini/arm_new/arm_code/install/arm_launch:/home/lukevizzini/arm_new/arm_code/install/arm_bringup:/home/lukevizzini/arm_new/arm_code/install/arm_description:/home/lukevizzini/arm_new/arm_code/install/arm_config:/opt/ros/humble CMAKE_PREFIX_PATH=/home/lukevizzini/arm_new/arm_code/install/arm_bringup:/home/lukevizzini/arm_new/arm_code/install/arm_description:/home/lukevizzini/arm_new/arm_code/install/arm_config:/home/lukevizzini/arm_new/arm_code/install/arm_launch:/home/lukevizzini/arm_new/arm_code/install/arm_teleop:/home/lukevizzini/arm_new/arm_code/install/arm_pwm_bridge:/opt/ros/humble /usr/bin/cmake --install /home/lukevizzini/arm_new/arm_code/build/arm_launch
