[2.229s] Invoking command in '/home/lukevizzini/arm_v3/arm_code/build/arm_teleop': PYTHONPATH=/home/lukevizzini/arm_v3/arm_code/build/arm_teleop/prefix_override:/usr/lib/python3/dist-packages/colcon_core/task/python/colcon_distutils_commands:/home/lukevizzini/arm_v3/arm_code/install/arm_teleop/lib/python3.10/site-packages:${PYTHONPATH} /usr/bin/python3 -W ignore:setup.py install is deprecated -W ignore:easy_install command is deprecated setup.py develop --editable --build-directory /home/lukevizzini/arm_v3/arm_code/build/arm_teleop/build --no-deps symlink_data
[3.323s] running develop
[3.821s] running egg_info
[3.822s] writing arm_teleop.egg-info/PKG-INFO
[3.822s] writing dependency_links to arm_teleop.egg-info/dependency_links.txt
[3.823s] writing entry points to arm_teleop.egg-info/entry_points.txt
[3.823s] writing requirements to arm_teleop.egg-info/requires.txt
[3.823s] writing top-level names to arm_teleop.egg-info/top_level.txt
[3.828s] reading manifest file 'arm_teleop.egg-info/SOURCES.txt'
[3.830s] writing manifest file 'arm_teleop.egg-info/SOURCES.txt'
[3.833s] running build_ext
[3.834s] Creating /home/lukevizzini/arm_v3/arm_code/install/arm_teleop/lib/python3.10/site-packages/arm-teleop.egg-link (link to .)
[3.846s] Installing joy_to_servo script to /home/lukevizzini/arm_v3/arm_code/install/arm_teleop/lib/arm_teleop
[3.846s] Installing joy_to_trajectory script to /home/lukevizzini/arm_v3/arm_code/install/arm_teleop/lib/arm_teleop
[3.847s] Installing keyboard_servo script to /home/lukevizzini/arm_v3/arm_code/install/arm_teleop/lib/arm_teleop
[3.847s] Installing keyboard_to_joy script to /home/lukevizzini/arm_v3/arm_code/install/arm_teleop/lib/arm_teleop
[3.848s] 
[3.848s] Installed /home/lukevizzini/arm_v3/arm_code/build/arm_teleop
[3.848s] running symlink_data
[4.018s] Invoked command in '/home/lukevizzini/arm_v3/arm_code/build/arm_teleop' returned '0': PYTHONPATH=/home/lukevizzini/arm_v3/arm_code/build/arm_teleop/prefix_override:/usr/lib/python3/dist-packages/colcon_core/task/python/colcon_distutils_commands:/home/lukevizzini/arm_v3/arm_code/install/arm_teleop/lib/python3.10/site-packages:${PYTHONPATH} /usr/bin/python3 -W ignore:setup.py install is deprecated -W ignore:easy_install command is deprecated setup.py develop --editable --build-directory /home/lukevizzini/arm_v3/arm_code/build/arm_teleop/build --no-deps symlink_data
