[0.392s] DEBUG:colcon:Command line arguments: ['/usr/bin/colcon', 'build', '--symlink-install']
[0.392s] DEBUG:colcon:Parsed command line arguments: Namespace(log_base=None, log_level=None, verb_name='build', build_base='build', install_base='install', merge_install=False, symlink_install=True, test_result_base=None, continue_on_error=False, executor='parallel', parallel_workers=8, event_handlers=None, ignore_user_meta=False, metas=['./colcon.meta'], base_paths=['.'], packages_ignore=None, packages_ignore_regex=None, paths=None, packages_up_to=None, packages_up_to_regex=None, packages_above=None, packages_above_and_dependencies=None, packages_above_depth=None, packages_select_by_dep=None, packages_skip_by_dep=None, packages_skip_up_to=None, packages_select_build_failed=False, packages_skip_build_finished=False, packages_select_test_failures=False, packages_skip_test_passed=False, packages_select=None, packages_skip=None, packages_select_regex=None, packages_skip_regex=None, packages_start=None, packages_end=None, allow_overriding=[], cmake_args=None, cmake_target=None, cmake_target_skip_unavailable=False, cmake_clean_cache=False, cmake_clean_first=False, cmake_force_configure=False, ament_cmake_args=None, catkin_cmake_args=None, catkin_skip_building_tests=False, verb_parser=<colcon_defaults.argument_parser.defaults.DefaultArgumentsDecorator object at 0x77fd1f459540>, verb_extension=<colcon_core.verb.build.BuildVerb object at 0x77fd1f4590f0>, main=<bound method BuildVerb.main of <colcon_core.verb.build.BuildVerb object at 0x77fd1f4590f0>>)
[0.849s] Level 1:colcon.colcon_core.package_discovery:discover_packages(colcon_meta) check parameters
[0.849s] Level 1:colcon.colcon_core.package_discovery:discover_packages(recursive) check parameters
[0.849s] Level 1:colcon.colcon_core.package_discovery:discover_packages(ignore) check parameters
[0.849s] Level 1:colcon.colcon_core.package_discovery:discover_packages(path) check parameters
[0.849s] Level 1:colcon.colcon_core.package_discovery:discover_packages(colcon_meta) discover
[0.849s] Level 1:colcon.colcon_core.package_discovery:discover_packages(recursive) discover
[0.849s] INFO:colcon.colcon_core.package_discovery:Crawling recursively for packages in '/home/lukevizzini/arm_new/arm_code'
[0.849s] Level 1:colcon.colcon_core.package_identification:_identify(.) by extensions ['ignore', 'ignore_ament_install']
[0.849s] Level 1:colcon.colcon_core.package_identification:_identify(.) by extension 'ignore'
[0.849s] Level 1:colcon.colcon_core.package_identification:_identify(.) by extension 'ignore_ament_install'
[0.849s] Level 1:colcon.colcon_core.package_identification:_identify(.) by extensions ['colcon_pkg']
[0.849s] Level 1:colcon.colcon_core.package_identification:_identify(.) by extension 'colcon_pkg'
[0.849s] Level 1:colcon.colcon_core.package_identification:_identify(.) by extensions ['colcon_meta']
[0.849s] Level 1:colcon.colcon_core.package_identification:_identify(.) by extension 'colcon_meta'
[0.849s] Level 1:colcon.colcon_core.package_identification:_identify(.) by extensions ['ros']
[0.849s] Level 1:colcon.colcon_core.package_identification:_identify(.) by extension 'ros'
[0.870s] Level 1:colcon.colcon_core.package_identification:_identify(.) by extensions ['cmake', 'python']
[0.870s] Level 1:colcon.colcon_core.package_identification:_identify(.) by extension 'cmake'
[0.870s] Level 1:colcon.colcon_core.package_identification:_identify(.) by extension 'python'
[0.870s] Level 1:colcon.colcon_core.package_identification:_identify(.) by extensions ['python_setup_py']
[0.870s] Level 1:colcon.colcon_core.package_identification:_identify(.) by extension 'python_setup_py'
[0.870s] Level 1:colcon.colcon_core.package_identification:_identify(build) by extensions ['ignore', 'ignore_ament_install']
[0.870s] Level 1:colcon.colcon_core.package_identification:_identify(build) by extension 'ignore'
[0.870s] Level 1:colcon.colcon_core.package_identification:_identify(build) ignored
[0.870s] Level 1:colcon.colcon_core.package_identification:_identify(install) by extensions ['ignore', 'ignore_ament_install']
[0.871s] Level 1:colcon.colcon_core.package_identification:_identify(install) by extension 'ignore'
[0.871s] Level 1:colcon.colcon_core.package_identification:_identify(install) ignored
[0.871s] Level 1:colcon.colcon_core.package_identification:_identify(log) by extensions ['ignore', 'ignore_ament_install']
[0.871s] Level 1:colcon.colcon_core.package_identification:_identify(log) by extension 'ignore'
[0.871s] Level 1:colcon.colcon_core.package_identification:_identify(log) ignored
[0.871s] Level 1:colcon.colcon_core.package_identification:_identify(src) by extensions ['ignore', 'ignore_ament_install']
[0.871s] Level 1:colcon.colcon_core.package_identification:_identify(src) by extension 'ignore'
[0.871s] Level 1:colcon.colcon_core.package_identification:_identify(src) by extension 'ignore_ament_install'
[0.871s] Level 1:colcon.colcon_core.package_identification:_identify(src) by extensions ['colcon_pkg']
[0.871s] Level 1:colcon.colcon_core.package_identification:_identify(src) by extension 'colcon_pkg'
[0.871s] Level 1:colcon.colcon_core.package_identification:_identify(src) by extensions ['colcon_meta']
[0.871s] Level 1:colcon.colcon_core.package_identification:_identify(src) by extension 'colcon_meta'
[0.871s] Level 1:colcon.colcon_core.package_identification:_identify(src) by extensions ['ros']
[0.871s] Level 1:colcon.colcon_core.package_identification:_identify(src) by extension 'ros'
[0.871s] Level 1:colcon.colcon_core.package_identification:_identify(src) by extensions ['cmake', 'python']
[0.871s] Level 1:colcon.colcon_core.package_identification:_identify(src) by extension 'cmake'
[0.871s] Level 1:colcon.colcon_core.package_identification:_identify(src) by extension 'python'
[0.871s] Level 1:colcon.colcon_core.package_identification:_identify(src) by extensions ['python_setup_py']
[0.871s] Level 1:colcon.colcon_core.package_identification:_identify(src) by extension 'python_setup_py'
[0.871s] Level 1:colcon.colcon_core.package_identification:_identify(src/bringup) by extensions ['ignore', 'ignore_ament_install']
[0.871s] Level 1:colcon.colcon_core.package_identification:_identify(src/bringup) by extension 'ignore'
[0.871s] Level 1:colcon.colcon_core.package_identification:_identify(src/bringup) by extension 'ignore_ament_install'
[0.871s] Level 1:colcon.colcon_core.package_identification:_identify(src/bringup) by extensions ['colcon_pkg']
[0.871s] Level 1:colcon.colcon_core.package_identification:_identify(src/bringup) by extension 'colcon_pkg'
[0.872s] Level 1:colcon.colcon_core.package_identification:_identify(src/bringup) by extensions ['colcon_meta']
[0.872s] Level 1:colcon.colcon_core.package_identification:_identify(src/bringup) by extension 'colcon_meta'
[0.872s] Level 1:colcon.colcon_core.package_identification:_identify(src/bringup) by extensions ['ros']
[0.872s] Level 1:colcon.colcon_core.package_identification:_identify(src/bringup) by extension 'ros'
[0.881s] DEBUG:colcon.colcon_core.package_identification:Package 'src/bringup' with type 'ros.ament_cmake' and name 'arm_bringup'
[0.881s] Level 1:colcon.colcon_core.package_identification:_identify(src/config) by extensions ['ignore', 'ignore_ament_install']
[0.882s] Level 1:colcon.colcon_core.package_identification:_identify(src/config) by extension 'ignore'
[0.882s] Level 1:colcon.colcon_core.package_identification:_identify(src/config) by extension 'ignore_ament_install'
[0.882s] Level 1:colcon.colcon_core.package_identification:_identify(src/config) by extensions ['colcon_pkg']
[0.882s] Level 1:colcon.colcon_core.package_identification:_identify(src/config) by extension 'colcon_pkg'
[0.882s] Level 1:colcon.colcon_core.package_identification:_identify(src/config) by extensions ['colcon_meta']
[0.882s] Level 1:colcon.colcon_core.package_identification:_identify(src/config) by extension 'colcon_meta'
[0.882s] Level 1:colcon.colcon_core.package_identification:_identify(src/config) by extensions ['ros']
[0.882s] Level 1:colcon.colcon_core.package_identification:_identify(src/config) by extension 'ros'
[0.884s] DEBUG:colcon.colcon_core.package_identification:Package 'src/config' with type 'ros.ament_cmake' and name 'arm_config'
[0.884s] Level 1:colcon.colcon_core.package_identification:_identify(src/description) by extensions ['ignore', 'ignore_ament_install']
[0.884s] Level 1:colcon.colcon_core.package_identification:_identify(src/description) by extension 'ignore'
[0.884s] Level 1:colcon.colcon_core.package_identification:_identify(src/description) by extension 'ignore_ament_install'
[0.884s] Level 1:colcon.colcon_core.package_identification:_identify(src/description) by extensions ['colcon_pkg']
[0.884s] Level 1:colcon.colcon_core.package_identification:_identify(src/description) by extension 'colcon_pkg'
[0.885s] Level 1:colcon.colcon_core.package_identification:_identify(src/description) by extensions ['colcon_meta']
[0.885s] Level 1:colcon.colcon_core.package_identification:_identify(src/description) by extension 'colcon_meta'
[0.885s] Level 1:colcon.colcon_core.package_identification:_identify(src/description) by extensions ['ros']
[0.885s] Level 1:colcon.colcon_core.package_identification:_identify(src/description) by extension 'ros'
[0.886s] DEBUG:colcon.colcon_core.package_identification:Package 'src/description' with type 'ros.ament_cmake' and name 'arm_description'
[0.886s] Level 1:colcon.colcon_core.package_identification:_identify(src/launch) by extensions ['ignore', 'ignore_ament_install']
[0.886s] Level 1:colcon.colcon_core.package_identification:_identify(src/launch) by extension 'ignore'
[0.886s] Level 1:colcon.colcon_core.package_identification:_identify(src/launch) by extension 'ignore_ament_install'
[0.886s] Level 1:colcon.colcon_core.package_identification:_identify(src/launch) by extensions ['colcon_pkg']
[0.886s] Level 1:colcon.colcon_core.package_identification:_identify(src/launch) by extension 'colcon_pkg'
[0.886s] Level 1:colcon.colcon_core.package_identification:_identify(src/launch) by extensions ['colcon_meta']
[0.886s] Level 1:colcon.colcon_core.package_identification:_identify(src/launch) by extension 'colcon_meta'
[0.886s] Level 1:colcon.colcon_core.package_identification:_identify(src/launch) by extensions ['ros']
[0.886s] Level 1:colcon.colcon_core.package_identification:_identify(src/launch) by extension 'ros'
[0.888s] DEBUG:colcon.colcon_core.package_identification:Package 'src/launch' with type 'ros.ament_cmake' and name 'arm_launch'
[0.888s] Level 1:colcon.colcon_core.package_identification:_identify(src/pwm_bridge) by extensions ['ignore', 'ignore_ament_install']
[0.888s] Level 1:colcon.colcon_core.package_identification:_identify(src/pwm_bridge) by extension 'ignore'
[0.888s] Level 1:colcon.colcon_core.package_identification:_identify(src/pwm_bridge) by extension 'ignore_ament_install'
[0.888s] Level 1:colcon.colcon_core.package_identification:_identify(src/pwm_bridge) by extensions ['colcon_pkg']
[0.888s] Level 1:colcon.colcon_core.package_identification:_identify(src/pwm_bridge) by extension 'colcon_pkg'
[0.888s] Level 1:colcon.colcon_core.package_identification:_identify(src/pwm_bridge) by extensions ['colcon_meta']
[0.888s] Level 1:colcon.colcon_core.package_identification:_identify(src/pwm_bridge) by extension 'colcon_meta'
[0.888s] Level 1:colcon.colcon_core.package_identification:_identify(src/pwm_bridge) by extensions ['ros']
[0.888s] Level 1:colcon.colcon_core.package_identification:_identify(src/pwm_bridge) by extension 'ros'
[0.889s] DEBUG:colcon.colcon_core.package_identification:Package 'src/pwm_bridge' with type 'ros.ament_python' and name 'arm_pwm_bridge'
[0.889s] Level 1:colcon.colcon_core.package_identification:_identify(src/teleop) by extensions ['ignore', 'ignore_ament_install']
[0.889s] Level 1:colcon.colcon_core.package_identification:_identify(src/teleop) by extension 'ignore'
[0.889s] Level 1:colcon.colcon_core.package_identification:_identify(src/teleop) by extension 'ignore_ament_install'
[0.890s] Level 1:colcon.colcon_core.package_identification:_identify(src/teleop) by extensions ['colcon_pkg']
[0.890s] Level 1:colcon.colcon_core.package_identification:_identify(src/teleop) by extension 'colcon_pkg'
[0.890s] Level 1:colcon.colcon_core.package_identification:_identify(src/teleop) by extensions ['colcon_meta']
[0.890s] Level 1:colcon.colcon_core.package_identification:_identify(src/teleop) by extension 'colcon_meta'
[0.890s] Level 1:colcon.colcon_core.package_identification:_identify(src/teleop) by extensions ['ros']
[0.890s] Level 1:colcon.colcon_core.package_identification:_identify(src/teleop) by extension 'ros'
[0.891s] DEBUG:colcon.colcon_core.package_identification:Package 'src/teleop' with type 'ros.ament_python' and name 'arm_teleop'
[0.891s] Level 1:colcon.colcon_core.package_discovery:discover_packages(recursive) using defaults
[0.891s] Level 1:colcon.colcon_core.package_discovery:discover_packages(ignore) discover
[0.891s] Level 1:colcon.colcon_core.package_discovery:discover_packages(ignore) using defaults
[0.891s] Level 1:colcon.colcon_core.package_discovery:discover_packages(path) discover
[0.891s] Level 1:colcon.colcon_core.package_discovery:discover_packages(path) using defaults
[1.010s] Level 1:colcon.colcon_core.package_discovery:discover_packages(prefix_path) check parameters
[1.010s] Level 1:colcon.colcon_core.package_discovery:discover_packages(prefix_path) discover
[1.025s] DEBUG:colcon.colcon_installed_package_information.package_discovery:Found 6 installed packages in /home/lukevizzini/arm_new/arm_code/install
[1.040s] DEBUG:colcon.colcon_installed_package_information.package_discovery:Found 418 installed packages in /opt/ros/humble
[1.046s] Level 1:colcon.colcon_core.package_discovery:discover_packages(prefix_path) using defaults
[1.273s] Level 5:colcon.colcon_core.verb:set package 'arm_config' build argument 'cmake_args' from command line to 'None'
[1.273s] Level 5:colcon.colcon_core.verb:set package 'arm_config' build argument 'cmake_target' from command line to 'None'
[1.273s] Level 5:colcon.colcon_core.verb:set package 'arm_config' build argument 'cmake_target_skip_unavailable' from command line to 'False'
[1.273s] Level 5:colcon.colcon_core.verb:set package 'arm_config' build argument 'cmake_clean_cache' from command line to 'False'
[1.273s] Level 5:colcon.colcon_core.verb:set package 'arm_config' build argument 'cmake_clean_first' from command line to 'False'
[1.273s] Level 5:colcon.colcon_core.verb:set package 'arm_config' build argument 'cmake_force_configure' from command line to 'False'
[1.273s] Level 5:colcon.colcon_core.verb:set package 'arm_config' build argument 'ament_cmake_args' from command line to 'None'
[1.273s] Level 5:colcon.colcon_core.verb:set package 'arm_config' build argument 'catkin_cmake_args' from command line to 'None'
[1.273s] Level 5:colcon.colcon_core.verb:set package 'arm_config' build argument 'catkin_skip_building_tests' from command line to 'False'
[1.273s] DEBUG:colcon.colcon_core.verb:Building package 'arm_config' with the following arguments: {'ament_cmake_args': None, 'build_base': '/home/lukevizzini/arm_new/arm_code/build/arm_config', 'catkin_cmake_args': None, 'catkin_skip_building_tests': False, 'cmake_args': None, 'cmake_clean_cache': False, 'cmake_clean_first': False, 'cmake_force_configure': False, 'cmake_target': None, 'cmake_target_skip_unavailable': False, 'install_base': '/home/lukevizzini/arm_new/arm_code/install/arm_config', 'merge_install': False, 'path': '/home/lukevizzini/arm_new/arm_code/src/config', 'symlink_install': True, 'test_result_base': None}
[1.273s] Level 5:colcon.colcon_core.verb:set package 'arm_pwm_bridge' build argument 'cmake_args' from command line to 'None'
[1.273s] Level 5:colcon.colcon_core.verb:set package 'arm_pwm_bridge' build argument 'cmake_target' from command line to 'None'
[1.273s] Level 5:colcon.colcon_core.verb:set package 'arm_pwm_bridge' build argument 'cmake_target_skip_unavailable' from command line to 'False'
[1.273s] Level 5:colcon.colcon_core.verb:set package 'arm_pwm_bridge' build argument 'cmake_clean_cache' from command line to 'False'
[1.273s] Level 5:colcon.colcon_core.verb:set package 'arm_pwm_bridge' build argument 'cmake_clean_first' from command line to 'False'
[1.273s] Level 5:colcon.colcon_core.verb:set package 'arm_pwm_bridge' build argument 'cmake_force_configure' from command line to 'False'
[1.273s] Level 5:colcon.colcon_core.verb:set package 'arm_pwm_bridge' build argument 'ament_cmake_args' from command line to 'None'
[1.273s] Level 5:colcon.colcon_core.verb:set package 'arm_pwm_bridge' build argument 'catkin_cmake_args' from command line to 'None'
[1.273s] Level 5:colcon.colcon_core.verb:set package 'arm_pwm_bridge' build argument 'catkin_skip_building_tests' from command line to 'False'
[1.273s] DEBUG:colcon.colcon_core.verb:Building package 'arm_pwm_bridge' with the following arguments: {'ament_cmake_args': None, 'build_base': '/home/lukevizzini/arm_new/arm_code/build/arm_pwm_bridge', 'catkin_cmake_args': None, 'catkin_skip_building_tests': False, 'cmake_args': None, 'cmake_clean_cache': False, 'cmake_clean_first': False, 'cmake_force_configure': False, 'cmake_target': None, 'cmake_target_skip_unavailable': False, 'install_base': '/home/lukevizzini/arm_new/arm_code/install/arm_pwm_bridge', 'merge_install': False, 'path': '/home/lukevizzini/arm_new/arm_code/src/pwm_bridge', 'symlink_install': True, 'test_result_base': None}
[1.274s] Level 5:colcon.colcon_core.verb:set package 'arm_teleop' build argument 'cmake_args' from command line to 'None'
[1.274s] Level 5:colcon.colcon_core.verb:set package 'arm_teleop' build argument 'cmake_target' from command line to 'None'
[1.274s] Level 5:colcon.colcon_core.verb:set package 'arm_teleop' build argument 'cmake_target_skip_unavailable' from command line to 'False'
[1.274s] Level 5:colcon.colcon_core.verb:set package 'arm_teleop' build argument 'cmake_clean_cache' from command line to 'False'
[1.274s] Level 5:colcon.colcon_core.verb:set package 'arm_teleop' build argument 'cmake_clean_first' from command line to 'False'
[1.274s] Level 5:colcon.colcon_core.verb:set package 'arm_teleop' build argument 'cmake_force_configure' from command line to 'False'
[1.274s] Level 5:colcon.colcon_core.verb:set package 'arm_teleop' build argument 'ament_cmake_args' from command line to 'None'
[1.274s] Level 5:colcon.colcon_core.verb:set package 'arm_teleop' build argument 'catkin_cmake_args' from command line to 'None'
[1.274s] Level 5:colcon.colcon_core.verb:set package 'arm_teleop' build argument 'catkin_skip_building_tests' from command line to 'False'
[1.274s] DEBUG:colcon.colcon_core.verb:Building package 'arm_teleop' with the following arguments: {'ament_cmake_args': None, 'build_base': '/home/lukevizzini/arm_new/arm_code/build/arm_teleop', 'catkin_cmake_args': None, 'catkin_skip_building_tests': False, 'cmake_args': None, 'cmake_clean_cache': False, 'cmake_clean_first': False, 'cmake_force_configure': False, 'cmake_target': None, 'cmake_target_skip_unavailable': False, 'install_base': '/home/lukevizzini/arm_new/arm_code/install/arm_teleop', 'merge_install': False, 'path': '/home/lukevizzini/arm_new/arm_code/src/teleop', 'symlink_install': True, 'test_result_base': None}
[1.274s] Level 5:colcon.colcon_core.verb:set package 'arm_description' build argument 'cmake_args' from command line to 'None'
[1.274s] Level 5:colcon.colcon_core.verb:set package 'arm_description' build argument 'cmake_target' from command line to 'None'
[1.274s] Level 5:colcon.colcon_core.verb:set package 'arm_description' build argument 'cmake_target_skip_unavailable' from command line to 'False'
[1.274s] Level 5:colcon.colcon_core.verb:set package 'arm_description' build argument 'cmake_clean_cache' from command line to 'False'
[1.274s] Level 5:colcon.colcon_core.verb:set package 'arm_description' build argument 'cmake_clean_first' from command line to 'False'
[1.274s] Level 5:colcon.colcon_core.verb:set package 'arm_description' build argument 'cmake_force_configure' from command line to 'False'
[1.274s] Level 5:colcon.colcon_core.verb:set package 'arm_description' build argument 'ament_cmake_args' from command line to 'None'
[1.274s] Level 5:colcon.colcon_core.verb:set package 'arm_description' build argument 'catkin_cmake_args' from command line to 'None'
[1.274s] Level 5:colcon.colcon_core.verb:set package 'arm_description' build argument 'catkin_skip_building_tests' from command line to 'False'
[1.274s] DEBUG:colcon.colcon_core.verb:Building package 'arm_description' with the following arguments: {'ament_cmake_args': None, 'build_base': '/home/lukevizzini/arm_new/arm_code/build/arm_description', 'catkin_cmake_args': None, 'catkin_skip_building_tests': False, 'cmake_args': None, 'cmake_clean_cache': False, 'cmake_clean_first': False, 'cmake_force_configure': False, 'cmake_target': None, 'cmake_target_skip_unavailable': False, 'install_base': '/home/lukevizzini/arm_new/arm_code/install/arm_description', 'merge_install': False, 'path': '/home/lukevizzini/arm_new/arm_code/src/description', 'symlink_install': True, 'test_result_base': None}
[1.275s] Level 5:colcon.colcon_core.verb:set package 'arm_bringup' build argument 'cmake_args' from command line to 'None'
[1.275s] Level 5:colcon.colcon_core.verb:set package 'arm_bringup' build argument 'cmake_target' from command line to 'None'
[1.275s] Level 5:colcon.colcon_core.verb:set package 'arm_bringup' build argument 'cmake_target_skip_unavailable' from command line to 'False'
[1.275s] Level 5:colcon.colcon_core.verb:set package 'arm_bringup' build argument 'cmake_clean_cache' from command line to 'False'
[1.275s] Level 5:colcon.colcon_core.verb:set package 'arm_bringup' build argument 'cmake_clean_first' from command line to 'False'
[1.275s] Level 5:colcon.colcon_core.verb:set package 'arm_bringup' build argument 'cmake_force_configure' from command line to 'False'
[1.275s] Level 5:colcon.colcon_core.verb:set package 'arm_bringup' build argument 'ament_cmake_args' from command line to 'None'
[1.275s] Level 5:colcon.colcon_core.verb:set package 'arm_bringup' build argument 'catkin_cmake_args' from command line to 'None'
[1.275s] Level 5:colcon.colcon_core.verb:set package 'arm_bringup' build argument 'catkin_skip_building_tests' from command line to 'False'
[1.275s] DEBUG:colcon.colcon_core.verb:Building package 'arm_bringup' with the following arguments: {'ament_cmake_args': None, 'build_base': '/home/lukevizzini/arm_new/arm_code/build/arm_bringup', 'catkin_cmake_args': None, 'catkin_skip_building_tests': False, 'cmake_args': None, 'cmake_clean_cache': False, 'cmake_clean_first': False, 'cmake_force_configure': False, 'cmake_target': None, 'cmake_target_skip_unavailable': False, 'install_base': '/home/lukevizzini/arm_new/arm_code/install/arm_bringup', 'merge_install': False, 'path': '/home/lukevizzini/arm_new/arm_code/src/bringup', 'symlink_install': True, 'test_result_base': None}
[1.275s] Level 5:colcon.colcon_core.verb:set package 'arm_launch' build argument 'cmake_args' from command line to 'None'
[1.275s] Level 5:colcon.colcon_core.verb:set package 'arm_launch' build argument 'cmake_target' from command line to 'None'
[1.275s] Level 5:colcon.colcon_core.verb:set package 'arm_launch' build argument 'cmake_target_skip_unavailable' from command line to 'False'
[1.275s] Level 5:colcon.colcon_core.verb:set package 'arm_launch' build argument 'cmake_clean_cache' from command line to 'False'
[1.275s] Level 5:colcon.colcon_core.verb:set package 'arm_launch' build argument 'cmake_clean_first' from command line to 'False'
[1.275s] Level 5:colcon.colcon_core.verb:set package 'arm_launch' build argument 'cmake_force_configure' from command line to 'False'
[1.275s] Level 5:colcon.colcon_core.verb:set package 'arm_launch' build argument 'ament_cmake_args' from command line to 'None'
[1.275s] Level 5:colcon.colcon_core.verb:set package 'arm_launch' build argument 'catkin_cmake_args' from command line to 'None'
[1.275s] Level 5:colcon.colcon_core.verb:set package 'arm_launch' build argument 'catkin_skip_building_tests' from command line to 'False'
[1.275s] DEBUG:colcon.colcon_core.verb:Building package 'arm_launch' with the following arguments: {'ament_cmake_args': None, 'build_base': '/home/lukevizzini/arm_new/arm_code/build/arm_launch', 'catkin_cmake_args': None, 'catkin_skip_building_tests': False, 'cmake_args': None, 'cmake_clean_cache': False, 'cmake_clean_first': False, 'cmake_force_configure': False, 'cmake_target': None, 'cmake_target_skip_unavailable': False, 'install_base': '/home/lukevizzini/arm_new/arm_code/install/arm_launch', 'merge_install': False, 'path': '/home/lukevizzini/arm_new/arm_code/src/launch', 'symlink_install': True, 'test_result_base': None}
[1.275s] INFO:colcon.colcon_core.executor:Executing jobs using 'parallel' executor
[1.276s] DEBUG:colcon.colcon_parallel_executor.executor.parallel:run_until_complete
[1.277s] INFO:colcon.colcon_ros.task.ament_cmake.build:Building ROS package in '/home/lukevizzini/arm_new/arm_code/src/config' with build type 'ament_cmake'
[1.277s] INFO:colcon.colcon_cmake.task.cmake.build:Building CMake package in '/home/lukevizzini/arm_new/arm_code/src/config'
[1.291s] INFO:colcon.colcon_core.plugin_system:Skipping extension 'colcon_core.shell.bat': Not used on non-Windows systems
[1.292s] INFO:colcon.colcon_core.shell:Skip shell extension 'powershell' for command environment: Not usable outside of PowerShell
[1.292s] DEBUG:colcon.colcon_core.shell:Skip shell extension 'dsv' for command environment
[1.297s] INFO:colcon.colcon_ros.task.ament_python.build:Building ROS package in '/home/lukevizzini/arm_new/arm_code/src/pwm_bridge' with build type 'ament_python'
[1.297s] Level 1:colcon.colcon_core.shell:create_environment_hook('arm_pwm_bridge', 'ament_prefix_path')
[1.298s] INFO:colcon.colcon_core.shell:Creating environment hook '/home/lukevizzini/arm_new/arm_code/install/arm_pwm_bridge/share/arm_pwm_bridge/hook/ament_prefix_path.ps1'
[1.299s] INFO:colcon.colcon_core.shell:Creating environment descriptor '/home/lukevizzini/arm_new/arm_code/install/arm_pwm_bridge/share/arm_pwm_bridge/hook/ament_prefix_path.dsv'
[1.301s] INFO:colcon.colcon_core.shell:Creating environment hook '/home/lukevizzini/arm_new/arm_code/install/arm_pwm_bridge/share/arm_pwm_bridge/hook/ament_prefix_path.sh'
[1.303s] INFO:colcon.colcon_core.shell:Skip shell extension 'powershell' for command environment: Not usable outside of PowerShell
[1.303s] DEBUG:colcon.colcon_core.shell:Skip shell extension 'dsv' for command environment
[1.306s] INFO:colcon.colcon_ros.task.ament_python.build:Building ROS package in '/home/lukevizzini/arm_new/arm_code/src/teleop' with build type 'ament_python'
[1.306s] Level 1:colcon.colcon_core.shell:create_environment_hook('arm_teleop', 'ament_prefix_path')
[1.307s] INFO:colcon.colcon_core.shell:Creating environment hook '/home/lukevizzini/arm_new/arm_code/install/arm_teleop/share/arm_teleop/hook/ament_prefix_path.ps1'
[1.307s] INFO:colcon.colcon_core.shell:Creating environment descriptor '/home/lukevizzini/arm_new/arm_code/install/arm_teleop/share/arm_teleop/hook/ament_prefix_path.dsv'
[1.307s] INFO:colcon.colcon_core.shell:Creating environment hook '/home/lukevizzini/arm_new/arm_code/install/arm_teleop/share/arm_teleop/hook/ament_prefix_path.sh'
[1.308s] INFO:colcon.colcon_core.shell:Skip shell extension 'powershell' for command environment: Not usable outside of PowerShell
[1.308s] DEBUG:colcon.colcon_core.shell:Skip shell extension 'dsv' for command environment
[1.320s] DEBUG:colcon.colcon_core.event_handler.log_command:Invoking command in '/home/lukevizzini/arm_new/arm_code/build/arm_config': CMAKE_PREFIX_PATH=${CMAKE_PREFIX_PATH}:/home/lukevizzini/arm_new/arm_code/install/arm_teleop:/home/lukevizzini/arm_new/arm_code/install/arm_pwm_bridge:/opt/ros/humble /usr/bin/cmake --build /home/lukevizzini/arm_new/arm_code/build/arm_config -- -j8 -l8
[1.578s] INFO:colcon.colcon_core.task.python.build:Building Python package in '/home/lukevizzini/arm_new/arm_code/src/pwm_bridge'
[1.578s] INFO:colcon.colcon_core.shell:Skip shell extension 'powershell' for command environment: Not usable outside of PowerShell
[1.578s] DEBUG:colcon.colcon_core.shell:Skip shell extension 'dsv' for command environment
[1.797s] INFO:colcon.colcon_core.task.python.build:Building Python package in '/home/lukevizzini/arm_new/arm_code/src/teleop'
[1.797s] INFO:colcon.colcon_core.shell:Skip shell extension 'powershell' for command environment: Not usable outside of PowerShell
[1.797s] DEBUG:colcon.colcon_core.shell:Skip shell extension 'dsv' for command environment
[1.801s] DEBUG:colcon.colcon_core.event_handler.log_command:Invoked command in '/home/lukevizzini/arm_new/arm_code/build/arm_config' returned '0': CMAKE_PREFIX_PATH=${CMAKE_PREFIX_PATH}:/home/lukevizzini/arm_new/arm_code/install/arm_teleop:/home/lukevizzini/arm_new/arm_code/install/arm_pwm_bridge:/opt/ros/humble /usr/bin/cmake --build /home/lukevizzini/arm_new/arm_code/build/arm_config -- -j8 -l8
[1.814s] DEBUG:colcon.colcon_core.event_handler.log_command:Invoking command in '/home/lukevizzini/arm_new/arm_code/build/arm_config': CMAKE_PREFIX_PATH=${CMAKE_PREFIX_PATH}:/home/lukevizzini/arm_new/arm_code/install/arm_teleop:/home/lukevizzini/arm_new/arm_code/install/arm_pwm_bridge:/opt/ros/humble /usr/bin/cmake --install /home/lukevizzini/arm_new/arm_code/build/arm_config
[1.840s] Level 1:colcon.colcon_core.environment:create_environment_scripts_only(arm_config)
[1.841s] DEBUG:colcon.colcon_core.event_handler.log_command:Invoked command in '/home/lukevizzini/arm_new/arm_code/build/arm_config' returned '0': CMAKE_PREFIX_PATH=${CMAKE_PREFIX_PATH}:/home/lukevizzini/arm_new/arm_code/install/arm_teleop:/home/lukevizzini/arm_new/arm_code/install/arm_pwm_bridge:/opt/ros/humble /usr/bin/cmake --install /home/lukevizzini/arm_new/arm_code/build/arm_config
[1.859s] Level 1:colcon.colcon_core.environment:checking '/home/lukevizzini/arm_new/arm_code/install/arm_config' for CMake module files
[1.859s] Level 1:colcon.colcon_core.environment:checking '/home/lukevizzini/arm_new/arm_code/install/arm_config' for CMake config files
[1.860s] Level 1:colcon.colcon_core.shell:create_environment_hook('arm_config', 'cmake_prefix_path')
[1.860s] INFO:colcon.colcon_core.shell:Creating environment hook '/home/lukevizzini/arm_new/arm_code/install/arm_config/share/arm_config/hook/cmake_prefix_path.ps1'
[1.860s] INFO:colcon.colcon_core.shell:Creating environment descriptor '/home/lukevizzini/arm_new/arm_code/install/arm_config/share/arm_config/hook/cmake_prefix_path.dsv'
[1.861s] INFO:colcon.colcon_core.shell:Creating environment hook '/home/lukevizzini/arm_new/arm_code/install/arm_config/share/arm_config/hook/cmake_prefix_path.sh'
[1.862s] Level 1:colcon.colcon_core.environment:checking '/home/lukevizzini/arm_new/arm_code/install/arm_config/bin'
[1.862s] Level 1:colcon.colcon_core.environment:checking '/home/lukevizzini/arm_new/arm_code/install/arm_config/lib/pkgconfig/arm_config.pc'
[1.862s] Level 1:colcon.colcon_core.environment:checking '/home/lukevizzini/arm_new/arm_code/install/arm_config/lib/python3.10/site-packages'
[1.862s] Level 1:colcon.colcon_core.environment:checking '/home/lukevizzini/arm_new/arm_code/install/arm_config/bin'
[1.863s] INFO:colcon.colcon_core.shell:Creating package script '/home/lukevizzini/arm_new/arm_code/install/arm_config/share/arm_config/package.ps1'
[1.864s] INFO:colcon.colcon_core.shell:Creating package descriptor '/home/lukevizzini/arm_new/arm_code/install/arm_config/share/arm_config/package.dsv'
[1.866s] INFO:colcon.colcon_core.shell:Creating package script '/home/lukevizzini/arm_new/arm_code/install/arm_config/share/arm_config/package.sh'
[1.868s] INFO:colcon.colcon_core.shell:Creating package script '/home/lukevizzini/arm_new/arm_code/install/arm_config/share/arm_config/package.bash'
[1.870s] INFO:colcon.colcon_core.shell:Creating package script '/home/lukevizzini/arm_new/arm_code/install/arm_config/share/arm_config/package.zsh'
[1.872s] Level 1:colcon.colcon_core.environment:create_file_with_runtime_dependencies(/home/lukevizzini/arm_new/arm_code/install/arm_config/share/colcon-core/packages/arm_config)
[1.872s] Level 1:colcon.colcon_core.environment:create_environment_scripts_only(arm_config)
[1.872s] Level 1:colcon.colcon_core.environment:checking '/home/lukevizzini/arm_new/arm_code/install/arm_config' for CMake module files
[1.873s] Level 1:colcon.colcon_core.environment:checking '/home/lukevizzini/arm_new/arm_code/install/arm_config' for CMake config files
[1.873s] Level 1:colcon.colcon_core.shell:create_environment_hook('arm_config', 'cmake_prefix_path')
[1.873s] INFO:colcon.colcon_core.shell:Creating environment hook '/home/lukevizzini/arm_new/arm_code/install/arm_config/share/arm_config/hook/cmake_prefix_path.ps1'
[1.873s] INFO:colcon.colcon_core.shell:Creating environment descriptor '/home/lukevizzini/arm_new/arm_code/install/arm_config/share/arm_config/hook/cmake_prefix_path.dsv'
[1.874s] INFO:colcon.colcon_core.shell:Creating environment hook '/home/lukevizzini/arm_new/arm_code/install/arm_config/share/arm_config/hook/cmake_prefix_path.sh'
[1.874s] Level 1:colcon.colcon_core.environment:checking '/home/lukevizzini/arm_new/arm_code/install/arm_config/bin'
[1.874s] Level 1:colcon.colcon_core.environment:checking '/home/lukevizzini/arm_new/arm_code/install/arm_config/lib/pkgconfig/arm_config.pc'
[1.874s] Level 1:colcon.colcon_core.environment:checking '/home/lukevizzini/arm_new/arm_code/install/arm_config/lib/python3.10/site-packages'
[1.875s] Level 1:colcon.colcon_core.environment:checking '/home/lukevizzini/arm_new/arm_code/install/arm_config/bin'
[1.875s] INFO:colcon.colcon_core.shell:Creating package script '/home/lukevizzini/arm_new/arm_code/install/arm_config/share/arm_config/package.ps1'
[1.875s] INFO:colcon.colcon_core.shell:Creating package descriptor '/home/lukevizzini/arm_new/arm_code/install/arm_config/share/arm_config/package.dsv'
[1.876s] INFO:colcon.colcon_core.shell:Creating package script '/home/lukevizzini/arm_new/arm_code/install/arm_config/share/arm_config/package.sh'
[1.876s] INFO:colcon.colcon_core.shell:Creating package script '/home/lukevizzini/arm_new/arm_code/install/arm_config/share/arm_config/package.bash'
[1.876s] INFO:colcon.colcon_core.shell:Creating package script '/home/lukevizzini/arm_new/arm_code/install/arm_config/share/arm_config/package.zsh'
[1.877s] Level 1:colcon.colcon_core.environment:create_file_with_runtime_dependencies(/home/lukevizzini/arm_new/arm_code/install/arm_config/share/colcon-core/packages/arm_config)
[1.877s] INFO:colcon.colcon_ros.task.ament_cmake.build:Building ROS package in '/home/lukevizzini/arm_new/arm_code/src/description' with build type 'ament_cmake'
[1.877s] INFO:colcon.colcon_cmake.task.cmake.build:Building CMake package in '/home/lukevizzini/arm_new/arm_code/src/description'
[1.877s] INFO:colcon.colcon_core.shell:Skip shell extension 'powershell' for command environment: Not usable outside of PowerShell
[1.877s] DEBUG:colcon.colcon_core.shell:Skip shell extension 'dsv' for command environment
[1.948s] DEBUG:colcon.colcon_core.event_handler.log_command:Invoking command in '/home/lukevizzini/arm_new/arm_code/build/arm_description': CMAKE_PREFIX_PATH=/home/lukevizzini/arm_new/arm_code/install/arm_config:/home/lukevizzini/arm_new/arm_code/install/arm_launch:/home/lukevizzini/arm_new/arm_code/install/arm_bringup:/home/lukevizzini/arm_new/arm_code/install/arm_description:/home/lukevizzini/arm_new/arm_code/install/arm_teleop:/home/lukevizzini/arm_new/arm_code/install/arm_pwm_bridge:/opt/ros/humble /usr/bin/cmake --build /home/lukevizzini/arm_new/arm_code/build/arm_description -- -j8 -l8
[1.986s] DEBUG:colcon.colcon_core.event_handler.log_command:Invoked command in '/home/lukevizzini/arm_new/arm_code/build/arm_description' returned '0': CMAKE_PREFIX_PATH=/home/lukevizzini/arm_new/arm_code/install/arm_config:/home/lukevizzini/arm_new/arm_code/install/arm_launch:/home/lukevizzini/arm_new/arm_code/install/arm_bringup:/home/lukevizzini/arm_new/arm_code/install/arm_description:/home/lukevizzini/arm_new/arm_code/install/arm_teleop:/home/lukevizzini/arm_new/arm_code/install/arm_pwm_bridge:/opt/ros/humble /usr/bin/cmake --build /home/lukevizzini/arm_new/arm_code/build/arm_description -- -j8 -l8
[1.991s] DEBUG:colcon.colcon_core.event_handler.log_command:Invoking command in '/home/lukevizzini/arm_new/arm_code/build/arm_description': CMAKE_PREFIX_PATH=/home/lukevizzini/arm_new/arm_code/install/arm_config:/home/lukevizzini/arm_new/arm_code/install/arm_launch:/home/lukevizzini/arm_new/arm_code/install/arm_bringup:/home/lukevizzini/arm_new/arm_code/install/arm_description:/home/lukevizzini/arm_new/arm_code/install/arm_teleop:/home/lukevizzini/arm_new/arm_code/install/arm_pwm_bridge:/opt/ros/humble /usr/bin/cmake --install /home/lukevizzini/arm_new/arm_code/build/arm_description
[2.016s] Level 1:colcon.colcon_core.environment:create_environment_scripts_only(arm_description)
[2.016s] Level 1:colcon.colcon_core.environment:checking '/home/lukevizzini/arm_new/arm_code/install/arm_description' for CMake module files
[2.017s] DEBUG:colcon.colcon_core.event_handler.log_command:Invoked command in '/home/lukevizzini/arm_new/arm_code/build/arm_description' returned '0': CMAKE_PREFIX_PATH=/home/lukevizzini/arm_new/arm_code/install/arm_config:/home/lukevizzini/arm_new/arm_code/install/arm_launch:/home/lukevizzini/arm_new/arm_code/install/arm_bringup:/home/lukevizzini/arm_new/arm_code/install/arm_description:/home/lukevizzini/arm_new/arm_code/install/arm_teleop:/home/lukevizzini/arm_new/arm_code/install/arm_pwm_bridge:/opt/ros/humble /usr/bin/cmake --install /home/lukevizzini/arm_new/arm_code/build/arm_description
[2.017s] Level 1:colcon.colcon_core.environment:checking '/home/lukevizzini/arm_new/arm_code/install/arm_description' for CMake config files
[2.017s] Level 1:colcon.colcon_core.shell:create_environment_hook('arm_description', 'cmake_prefix_path')
[2.017s] INFO:colcon.colcon_core.shell:Creating environment hook '/home/lukevizzini/arm_new/arm_code/install/arm_description/share/arm_description/hook/cmake_prefix_path.ps1'
[2.018s] INFO:colcon.colcon_core.shell:Creating environment descriptor '/home/lukevizzini/arm_new/arm_code/install/arm_description/share/arm_description/hook/cmake_prefix_path.dsv'
[2.018s] INFO:colcon.colcon_core.shell:Creating environment hook '/home/lukevizzini/arm_new/arm_code/install/arm_description/share/arm_description/hook/cmake_prefix_path.sh'
[2.019s] Level 1:colcon.colcon_core.environment:checking '/home/lukevizzini/arm_new/arm_code/install/arm_description/bin'
[2.019s] Level 1:colcon.colcon_core.environment:checking '/home/lukevizzini/arm_new/arm_code/install/arm_description/lib/pkgconfig/arm_description.pc'
[2.019s] Level 1:colcon.colcon_core.environment:checking '/home/lukevizzini/arm_new/arm_code/install/arm_description/lib/python3.10/site-packages'
[2.020s] Level 1:colcon.colcon_core.environment:checking '/home/lukevizzini/arm_new/arm_code/install/arm_description/bin'
[2.020s] INFO:colcon.colcon_core.shell:Creating package script '/home/lukevizzini/arm_new/arm_code/install/arm_description/share/arm_description/package.ps1'
[2.021s] INFO:colcon.colcon_core.shell:Creating package descriptor '/home/lukevizzini/arm_new/arm_code/install/arm_description/share/arm_description/package.dsv'
[2.021s] INFO:colcon.colcon_core.shell:Creating package script '/home/lukevizzini/arm_new/arm_code/install/arm_description/share/arm_description/package.sh'
[2.022s] INFO:colcon.colcon_core.shell:Creating package script '/home/lukevizzini/arm_new/arm_code/install/arm_description/share/arm_description/package.bash'
[2.022s] INFO:colcon.colcon_core.shell:Creating package script '/home/lukevizzini/arm_new/arm_code/install/arm_description/share/arm_description/package.zsh'
[2.022s] Level 1:colcon.colcon_core.environment:create_file_with_runtime_dependencies(/home/lukevizzini/arm_new/arm_code/install/arm_description/share/colcon-core/packages/arm_description)
[2.023s] Level 1:colcon.colcon_core.environment:create_environment_scripts_only(arm_description)
[2.023s] Level 1:colcon.colcon_core.environment:checking '/home/lukevizzini/arm_new/arm_code/install/arm_description' for CMake module files
[2.024s] Level 1:colcon.colcon_core.environment:checking '/home/lukevizzini/arm_new/arm_code/install/arm_description' for CMake config files
[2.024s] Level 1:colcon.colcon_core.shell:create_environment_hook('arm_description', 'cmake_prefix_path')
[2.025s] INFO:colcon.colcon_core.shell:Creating environment hook '/home/lukevizzini/arm_new/arm_code/install/arm_description/share/arm_description/hook/cmake_prefix_path.ps1'
[2.025s] INFO:colcon.colcon_core.shell:Creating environment descriptor '/home/lukevizzini/arm_new/arm_code/install/arm_description/share/arm_description/hook/cmake_prefix_path.dsv'
[2.026s] INFO:colcon.colcon_core.shell:Creating environment hook '/home/lukevizzini/arm_new/arm_code/install/arm_description/share/arm_description/hook/cmake_prefix_path.sh'
[2.026s] Level 1:colcon.colcon_core.environment:checking '/home/lukevizzini/arm_new/arm_code/install/arm_description/bin'
[2.026s] Level 1:colcon.colcon_core.environment:checking '/home/lukevizzini/arm_new/arm_code/install/arm_description/lib/pkgconfig/arm_description.pc'
[2.026s] Level 1:colcon.colcon_core.environment:checking '/home/lukevizzini/arm_new/arm_code/install/arm_description/lib/python3.10/site-packages'
[2.027s] Level 1:colcon.colcon_core.environment:checking '/home/lukevizzini/arm_new/arm_code/install/arm_description/bin'
[2.027s] INFO:colcon.colcon_core.shell:Creating package script '/home/lukevizzini/arm_new/arm_code/install/arm_description/share/arm_description/package.ps1'
[2.028s] INFO:colcon.colcon_core.shell:Creating package descriptor '/home/lukevizzini/arm_new/arm_code/install/arm_description/share/arm_description/package.dsv'
[2.028s] INFO:colcon.colcon_core.shell:Creating package script '/home/lukevizzini/arm_new/arm_code/install/arm_description/share/arm_description/package.sh'
[2.029s] INFO:colcon.colcon_core.shell:Creating package script '/home/lukevizzini/arm_new/arm_code/install/arm_description/share/arm_description/package.bash'
[2.029s] INFO:colcon.colcon_core.shell:Creating package script '/home/lukevizzini/arm_new/arm_code/install/arm_description/share/arm_description/package.zsh'
[2.030s] Level 1:colcon.colcon_core.environment:create_file_with_runtime_dependencies(/home/lukevizzini/arm_new/arm_code/install/arm_description/share/colcon-core/packages/arm_description)
[2.030s] INFO:colcon.colcon_ros.task.ament_cmake.build:Building ROS package in '/home/lukevizzini/arm_new/arm_code/src/bringup' with build type 'ament_cmake'
[2.031s] INFO:colcon.colcon_cmake.task.cmake.build:Building CMake package in '/home/lukevizzini/arm_new/arm_code/src/bringup'
[2.031s] INFO:colcon.colcon_core.shell:Skip shell extension 'powershell' for command environment: Not usable outside of PowerShell
[2.031s] DEBUG:colcon.colcon_core.shell:Skip shell extension 'dsv' for command environment
[2.152s] DEBUG:colcon.colcon_core.event_handler.log_command:Invoking command in '/home/lukevizzini/arm_new/arm_code/build/arm_bringup': CMAKE_PREFIX_PATH=/home/lukevizzini/arm_new/arm_code/install/arm_description:/home/lukevizzini/arm_new/arm_code/install/arm_config:/home/lukevizzini/arm_new/arm_code/install/arm_launch:/home/lukevizzini/arm_new/arm_code/install/arm_bringup:/home/lukevizzini/arm_new/arm_code/install/arm_teleop:/home/lukevizzini/arm_new/arm_code/install/arm_pwm_bridge:/opt/ros/humble /usr/bin/cmake --build /home/lukevizzini/arm_new/arm_code/build/arm_bringup -- -j8 -l8
[2.189s] DEBUG:colcon.colcon_core.event_handler.log_command:Invoked command in '/home/lukevizzini/arm_new/arm_code/build/arm_bringup' returned '0': CMAKE_PREFIX_PATH=/home/lukevizzini/arm_new/arm_code/install/arm_description:/home/lukevizzini/arm_new/arm_code/install/arm_config:/home/lukevizzini/arm_new/arm_code/install/arm_launch:/home/lukevizzini/arm_new/arm_code/install/arm_bringup:/home/lukevizzini/arm_new/arm_code/install/arm_teleop:/home/lukevizzini/arm_new/arm_code/install/arm_pwm_bridge:/opt/ros/humble /usr/bin/cmake --build /home/lukevizzini/arm_new/arm_code/build/arm_bringup -- -j8 -l8
[2.191s] DEBUG:colcon.colcon_core.event_handler.log_command:Invoking command in '/home/lukevizzini/arm_new/arm_code/build/arm_bringup': CMAKE_PREFIX_PATH=/home/lukevizzini/arm_new/arm_code/install/arm_description:/home/lukevizzini/arm_new/arm_code/install/arm_config:/home/lukevizzini/arm_new/arm_code/install/arm_launch:/home/lukevizzini/arm_new/arm_code/install/arm_bringup:/home/lukevizzini/arm_new/arm_code/install/arm_teleop:/home/lukevizzini/arm_new/arm_code/install/arm_pwm_bridge:/opt/ros/humble /usr/bin/cmake --install /home/lukevizzini/arm_new/arm_code/build/arm_bringup
[2.211s] Level 1:colcon.colcon_core.environment:create_environment_scripts_only(arm_bringup)
[2.211s] DEBUG:colcon.colcon_core.event_handler.log_command:Invoked command in '/home/lukevizzini/arm_new/arm_code/build/arm_bringup' returned '0': CMAKE_PREFIX_PATH=/home/lukevizzini/arm_new/arm_code/install/arm_description:/home/lukevizzini/arm_new/arm_code/install/arm_config:/home/lukevizzini/arm_new/arm_code/install/arm_launch:/home/lukevizzini/arm_new/arm_code/install/arm_bringup:/home/lukevizzini/arm_new/arm_code/install/arm_teleop:/home/lukevizzini/arm_new/arm_code/install/arm_pwm_bridge:/opt/ros/humble /usr/bin/cmake --install /home/lukevizzini/arm_new/arm_code/build/arm_bringup
[2.211s] Level 1:colcon.colcon_core.environment:checking '/home/lukevizzini/arm_new/arm_code/install/arm_bringup' for CMake module files
[2.212s] Level 1:colcon.colcon_core.environment:checking '/home/lukevizzini/arm_new/arm_code/install/arm_bringup' for CMake config files
[2.212s] Level 1:colcon.colcon_core.shell:create_environment_hook('arm_bringup', 'cmake_prefix_path')
[2.212s] INFO:colcon.colcon_core.shell:Creating environment hook '/home/lukevizzini/arm_new/arm_code/install/arm_bringup/share/arm_bringup/hook/cmake_prefix_path.ps1'
[2.213s] INFO:colcon.colcon_core.shell:Creating environment descriptor '/home/lukevizzini/arm_new/arm_code/install/arm_bringup/share/arm_bringup/hook/cmake_prefix_path.dsv'
[2.213s] INFO:colcon.colcon_core.shell:Creating environment hook '/home/lukevizzini/arm_new/arm_code/install/arm_bringup/share/arm_bringup/hook/cmake_prefix_path.sh'
[2.213s] Level 1:colcon.colcon_core.environment:checking '/home/lukevizzini/arm_new/arm_code/install/arm_bringup/bin'
[2.213s] Level 1:colcon.colcon_core.environment:checking '/home/lukevizzini/arm_new/arm_code/install/arm_bringup/lib/pkgconfig/arm_bringup.pc'
[2.213s] Level 1:colcon.colcon_core.environment:checking '/home/lukevizzini/arm_new/arm_code/install/arm_bringup/lib/python3.10/site-packages'
[2.214s] Level 1:colcon.colcon_core.environment:checking '/home/lukevizzini/arm_new/arm_code/install/arm_bringup/bin'
[2.214s] INFO:colcon.colcon_core.shell:Creating package script '/home/lukevizzini/arm_new/arm_code/install/arm_bringup/share/arm_bringup/package.ps1'
[2.214s] INFO:colcon.colcon_core.shell:Creating package descriptor '/home/lukevizzini/arm_new/arm_code/install/arm_bringup/share/arm_bringup/package.dsv'
[2.214s] INFO:colcon.colcon_core.shell:Creating package script '/home/lukevizzini/arm_new/arm_code/install/arm_bringup/share/arm_bringup/package.sh'
[2.215s] INFO:colcon.colcon_core.shell:Creating package script '/home/lukevizzini/arm_new/arm_code/install/arm_bringup/share/arm_bringup/package.bash'
[2.215s] INFO:colcon.colcon_core.shell:Creating package script '/home/lukevizzini/arm_new/arm_code/install/arm_bringup/share/arm_bringup/package.zsh'
[2.215s] Level 1:colcon.colcon_core.environment:create_file_with_runtime_dependencies(/home/lukevizzini/arm_new/arm_code/install/arm_bringup/share/colcon-core/packages/arm_bringup)
[2.216s] Level 1:colcon.colcon_core.environment:create_environment_scripts_only(arm_bringup)
[2.216s] Level 1:colcon.colcon_core.environment:checking '/home/lukevizzini/arm_new/arm_code/install/arm_bringup' for CMake module files
[2.216s] Level 1:colcon.colcon_core.environment:checking '/home/lukevizzini/arm_new/arm_code/install/arm_bringup' for CMake config files
[2.216s] Level 1:colcon.colcon_core.shell:create_environment_hook('arm_bringup', 'cmake_prefix_path')
[2.216s] INFO:colcon.colcon_core.shell:Creating environment hook '/home/lukevizzini/arm_new/arm_code/install/arm_bringup/share/arm_bringup/hook/cmake_prefix_path.ps1'
[2.217s] INFO:colcon.colcon_core.shell:Creating environment descriptor '/home/lukevizzini/arm_new/arm_code/install/arm_bringup/share/arm_bringup/hook/cmake_prefix_path.dsv'
[2.217s] INFO:colcon.colcon_core.shell:Creating environment hook '/home/lukevizzini/arm_new/arm_code/install/arm_bringup/share/arm_bringup/hook/cmake_prefix_path.sh'
[2.218s] Level 1:colcon.colcon_core.environment:checking '/home/lukevizzini/arm_new/arm_code/install/arm_bringup/bin'
[2.218s] Level 1:colcon.colcon_core.environment:checking '/home/lukevizzini/arm_new/arm_code/install/arm_bringup/lib/pkgconfig/arm_bringup.pc'
[2.218s] Level 1:colcon.colcon_core.environment:checking '/home/lukevizzini/arm_new/arm_code/install/arm_bringup/lib/python3.10/site-packages'
[2.218s] Level 1:colcon.colcon_core.environment:checking '/home/lukevizzini/arm_new/arm_code/install/arm_bringup/bin'
[2.218s] INFO:colcon.colcon_core.shell:Creating package script '/home/lukevizzini/arm_new/arm_code/install/arm_bringup/share/arm_bringup/package.ps1'
[2.219s] INFO:colcon.colcon_core.shell:Creating package descriptor '/home/lukevizzini/arm_new/arm_code/install/arm_bringup/share/arm_bringup/package.dsv'
[2.219s] INFO:colcon.colcon_core.shell:Creating package script '/home/lukevizzini/arm_new/arm_code/install/arm_bringup/share/arm_bringup/package.sh'
[2.219s] INFO:colcon.colcon_core.shell:Creating package script '/home/lukevizzini/arm_new/arm_code/install/arm_bringup/share/arm_bringup/package.bash'
[2.219s] INFO:colcon.colcon_core.shell:Creating package script '/home/lukevizzini/arm_new/arm_code/install/arm_bringup/share/arm_bringup/package.zsh'
[2.220s] Level 1:colcon.colcon_core.environment:create_file_with_runtime_dependencies(/home/lukevizzini/arm_new/arm_code/install/arm_bringup/share/colcon-core/packages/arm_bringup)
[2.437s] DEBUG:colcon.colcon_core.event_handler.log_command:Invoking command in '/home/lukevizzini/arm_new/arm_code/build/arm_pwm_bridge': PYTHONPATH=/home/lukevizzini/arm_new/arm_code/build/arm_pwm_bridge/prefix_override:/usr/lib/python3/dist-packages/colcon_core/task/python/colcon_distutils_commands:/home/lukevizzini/arm_new/arm_code/install/arm_pwm_bridge/lib/python3.10/site-packages:${PYTHONPATH} /usr/bin/python3 -W ignore:setup.py install is deprecated -W ignore:easy_install command is deprecated setup.py develop --editable --build-directory /home/lukevizzini/arm_new/arm_code/build/arm_pwm_bridge/build --no-deps symlink_data
[2.438s] DEBUG:colcon.colcon_core.event_handler.log_command:Invoking command in '/home/lukevizzini/arm_new/arm_code/build/arm_teleop': PYTHONPATH=/home/lukevizzini/arm_new/arm_code/build/arm_teleop/prefix_override:/usr/lib/python3/dist-packages/colcon_core/task/python/colcon_distutils_commands:/home/lukevizzini/arm_new/arm_code/install/arm_teleop/lib/python3.10/site-packages:${PYTHONPATH} /usr/bin/python3 -W ignore:setup.py install is deprecated -W ignore:easy_install command is deprecated setup.py develop --editable --build-directory /home/lukevizzini/arm_new/arm_code/build/arm_teleop/build --no-deps symlink_data
[2.824s] Level 1:colcon.colcon_core.shell:create_environment_hook('arm_teleop', 'pythonpath_develop')
[2.825s] INFO:colcon.colcon_core.shell:Creating environment hook '/home/lukevizzini/arm_new/arm_code/build/arm_teleop/share/arm_teleop/hook/pythonpath_develop.ps1'
[2.826s] DEBUG:colcon.colcon_core.event_handler.log_command:Invoked command in '/home/lukevizzini/arm_new/arm_code/build/arm_teleop' returned '0': PYTHONPATH=/home/lukevizzini/arm_new/arm_code/build/arm_teleop/prefix_override:/usr/lib/python3/dist-packages/colcon_core/task/python/colcon_distutils_commands:/home/lukevizzini/arm_new/arm_code/install/arm_teleop/lib/python3.10/site-packages:${PYTHONPATH} /usr/bin/python3 -W ignore:setup.py install is deprecated -W ignore:easy_install command is deprecated setup.py develop --editable --build-directory /home/lukevizzini/arm_new/arm_code/build/arm_teleop/build --no-deps symlink_data
[2.826s] INFO:colcon.colcon_core.shell:Creating environment descriptor '/home/lukevizzini/arm_new/arm_code/build/arm_teleop/share/arm_teleop/hook/pythonpath_develop.dsv'
[2.826s] INFO:colcon.colcon_core.shell:Creating environment hook '/home/lukevizzini/arm_new/arm_code/build/arm_teleop/share/arm_teleop/hook/pythonpath_develop.sh'
[2.827s] Level 1:colcon.colcon_core.environment:checking '/home/lukevizzini/arm_new/arm_code/install/arm_teleop' for CMake module files
[2.827s] Level 1:colcon.colcon_core.environment:checking '/home/lukevizzini/arm_new/arm_code/install/arm_teleop' for CMake config files
[2.828s] Level 1:colcon.colcon_core.environment:checking '/home/lukevizzini/arm_new/arm_code/install/arm_teleop/lib'
[2.828s] Level 1:colcon.colcon_core.environment:checking '/home/lukevizzini/arm_new/arm_code/install/arm_teleop/bin'
[2.828s] Level 1:colcon.colcon_core.environment:checking '/home/lukevizzini/arm_new/arm_code/install/arm_teleop/lib/pkgconfig/arm_teleop.pc'
[2.828s] Level 1:colcon.colcon_core.environment:checking '/home/lukevizzini/arm_new/arm_code/install/arm_teleop/lib/python3.10/site-packages'
[2.828s] Level 1:colcon.colcon_core.shell:create_environment_hook('arm_teleop', 'pythonpath')
[2.828s] INFO:colcon.colcon_core.shell:Creating environment hook '/home/lukevizzini/arm_new/arm_code/install/arm_teleop/share/arm_teleop/hook/pythonpath.ps1'
[2.829s] INFO:colcon.colcon_core.shell:Creating environment descriptor '/home/lukevizzini/arm_new/arm_code/install/arm_teleop/share/arm_teleop/hook/pythonpath.dsv'
[2.829s] INFO:colcon.colcon_core.shell:Creating environment hook '/home/lukevizzini/arm_new/arm_code/install/arm_teleop/share/arm_teleop/hook/pythonpath.sh'
[2.829s] Level 1:colcon.colcon_core.environment:checking '/home/lukevizzini/arm_new/arm_code/install/arm_teleop/bin'
[2.829s] Level 1:colcon.colcon_core.environment:create_environment_scripts_only(arm_teleop)
[2.830s] INFO:colcon.colcon_core.shell:Creating package script '/home/lukevizzini/arm_new/arm_code/install/arm_teleop/share/arm_teleop/package.ps1'
[2.830s] INFO:colcon.colcon_core.shell:Creating package descriptor '/home/lukevizzini/arm_new/arm_code/install/arm_teleop/share/arm_teleop/package.dsv'
[2.830s] INFO:colcon.colcon_core.shell:Creating package script '/home/lukevizzini/arm_new/arm_code/install/arm_teleop/share/arm_teleop/package.sh'
[2.831s] INFO:colcon.colcon_core.shell:Creating package script '/home/lukevizzini/arm_new/arm_code/install/arm_teleop/share/arm_teleop/package.bash'
[2.831s] INFO:colcon.colcon_core.shell:Creating package script '/home/lukevizzini/arm_new/arm_code/install/arm_teleop/share/arm_teleop/package.zsh'
[2.831s] Level 1:colcon.colcon_core.environment:create_file_with_runtime_dependencies(/home/lukevizzini/arm_new/arm_code/install/arm_teleop/share/colcon-core/packages/arm_teleop)
[2.833s] Level 1:colcon.colcon_core.shell:create_environment_hook('arm_pwm_bridge', 'pythonpath_develop')
[2.834s] INFO:colcon.colcon_core.shell:Creating environment hook '/home/lukevizzini/arm_new/arm_code/build/arm_pwm_bridge/share/arm_pwm_bridge/hook/pythonpath_develop.ps1'
[2.834s] DEBUG:colcon.colcon_core.event_handler.log_command:Invoked command in '/home/lukevizzini/arm_new/arm_code/build/arm_pwm_bridge' returned '0': PYTHONPATH=/home/lukevizzini/arm_new/arm_code/build/arm_pwm_bridge/prefix_override:/usr/lib/python3/dist-packages/colcon_core/task/python/colcon_distutils_commands:/home/lukevizzini/arm_new/arm_code/install/arm_pwm_bridge/lib/python3.10/site-packages:${PYTHONPATH} /usr/bin/python3 -W ignore:setup.py install is deprecated -W ignore:easy_install command is deprecated setup.py develop --editable --build-directory /home/lukevizzini/arm_new/arm_code/build/arm_pwm_bridge/build --no-deps symlink_data
[2.834s] INFO:colcon.colcon_core.shell:Creating environment descriptor '/home/lukevizzini/arm_new/arm_code/build/arm_pwm_bridge/share/arm_pwm_bridge/hook/pythonpath_develop.dsv'
[2.835s] INFO:colcon.colcon_core.shell:Creating environment hook '/home/lukevizzini/arm_new/arm_code/build/arm_pwm_bridge/share/arm_pwm_bridge/hook/pythonpath_develop.sh'
[2.835s] Level 1:colcon.colcon_core.environment:checking '/home/lukevizzini/arm_new/arm_code/install/arm_pwm_bridge' for CMake module files
[2.836s] Level 1:colcon.colcon_core.environment:checking '/home/lukevizzini/arm_new/arm_code/install/arm_pwm_bridge' for CMake config files
[2.836s] Level 1:colcon.colcon_core.environment:checking '/home/lukevizzini/arm_new/arm_code/install/arm_pwm_bridge/lib'
[2.836s] Level 1:colcon.colcon_core.environment:checking '/home/lukevizzini/arm_new/arm_code/install/arm_pwm_bridge/bin'
[2.836s] Level 1:colcon.colcon_core.environment:checking '/home/lukevizzini/arm_new/arm_code/install/arm_pwm_bridge/lib/pkgconfig/arm_pwm_bridge.pc'
[2.836s] Level 1:colcon.colcon_core.environment:checking '/home/lukevizzini/arm_new/arm_code/install/arm_pwm_bridge/lib/python3.10/site-packages'
[2.836s] Level 1:colcon.colcon_core.shell:create_environment_hook('arm_pwm_bridge', 'pythonpath')
[2.836s] INFO:colcon.colcon_core.shell:Creating environment hook '/home/lukevizzini/arm_new/arm_code/install/arm_pwm_bridge/share/arm_pwm_bridge/hook/pythonpath.ps1'
[2.837s] INFO:colcon.colcon_core.shell:Creating environment descriptor '/home/lukevizzini/arm_new/arm_code/install/arm_pwm_bridge/share/arm_pwm_bridge/hook/pythonpath.dsv'
[2.837s] INFO:colcon.colcon_core.shell:Creating environment hook '/home/lukevizzini/arm_new/arm_code/install/arm_pwm_bridge/share/arm_pwm_bridge/hook/pythonpath.sh'
[2.837s] Level 1:colcon.colcon_core.environment:checking '/home/lukevizzini/arm_new/arm_code/install/arm_pwm_bridge/bin'
[2.837s] Level 1:colcon.colcon_core.environment:create_environment_scripts_only(arm_pwm_bridge)
[2.838s] INFO:colcon.colcon_core.shell:Creating package script '/home/lukevizzini/arm_new/arm_code/install/arm_pwm_bridge/share/arm_pwm_bridge/package.ps1'
[2.838s] INFO:colcon.colcon_core.shell:Creating package descriptor '/home/lukevizzini/arm_new/arm_code/install/arm_pwm_bridge/share/arm_pwm_bridge/package.dsv'
[2.838s] INFO:colcon.colcon_core.shell:Creating package script '/home/lukevizzini/arm_new/arm_code/install/arm_pwm_bridge/share/arm_pwm_bridge/package.sh'
[2.839s] INFO:colcon.colcon_core.shell:Creating package script '/home/lukevizzini/arm_new/arm_code/install/arm_pwm_bridge/share/arm_pwm_bridge/package.bash'
[2.839s] INFO:colcon.colcon_core.shell:Creating package script '/home/lukevizzini/arm_new/arm_code/install/arm_pwm_bridge/share/arm_pwm_bridge/package.zsh'
[2.840s] Level 1:colcon.colcon_core.environment:create_file_with_runtime_dependencies(/home/lukevizzini/arm_new/arm_code/install/arm_pwm_bridge/share/colcon-core/packages/arm_pwm_bridge)
[2.840s] INFO:colcon.colcon_ros.task.ament_cmake.build:Building ROS package in '/home/lukevizzini/arm_new/arm_code/src/launch' with build type 'ament_cmake'
[2.840s] INFO:colcon.colcon_cmake.task.cmake.build:Building CMake package in '/home/lukevizzini/arm_new/arm_code/src/launch'
[2.841s] INFO:colcon.colcon_core.shell:Skip shell extension 'powershell' for command environment: Not usable outside of PowerShell
[2.841s] DEBUG:colcon.colcon_core.shell:Skip shell extension 'dsv' for command environment
[3.266s] DEBUG:colcon.colcon_core.event_handler.log_command:Invoking command in '/home/lukevizzini/arm_new/arm_code/build/arm_launch': AMENT_PREFIX_PATH=/home/lukevizzini/arm_new/arm_code/install/arm_teleop:/home/lukevizzini/arm_new/arm_code/install/arm_pwm_bridge:/home/lukevizzini/arm_new/arm_code/install/arm_launch:/home/lukevizzini/arm_new/arm_code/install/arm_bringup:/home/lukevizzini/arm_new/arm_code/install/arm_description:/home/lukevizzini/arm_new/arm_code/install/arm_config:/opt/ros/humble CMAKE_PREFIX_PATH=/home/lukevizzini/arm_new/arm_code/install/arm_bringup:/home/lukevizzini/arm_new/arm_code/install/arm_description:/home/lukevizzini/arm_new/arm_code/install/arm_config:/home/lukevizzini/arm_new/arm_code/install/arm_launch:/home/lukevizzini/arm_new/arm_code/install/arm_teleop:/home/lukevizzini/arm_new/arm_code/install/arm_pwm_bridge:/opt/ros/humble /usr/bin/cmake --build /home/lukevizzini/arm_new/arm_code/build/arm_launch -- -j8 -l8
[3.302s] DEBUG:colcon.colcon_core.event_handler.log_command:Invoked command in '/home/lukevizzini/arm_new/arm_code/build/arm_launch' returned '0': AMENT_PREFIX_PATH=/home/lukevizzini/arm_new/arm_code/install/arm_teleop:/home/lukevizzini/arm_new/arm_code/install/arm_pwm_bridge:/home/lukevizzini/arm_new/arm_code/install/arm_launch:/home/lukevizzini/arm_new/arm_code/install/arm_bringup:/home/lukevizzini/arm_new/arm_code/install/arm_description:/home/lukevizzini/arm_new/arm_code/install/arm_config:/opt/ros/humble CMAKE_PREFIX_PATH=/home/lukevizzini/arm_new/arm_code/install/arm_bringup:/home/lukevizzini/arm_new/arm_code/install/arm_description:/home/lukevizzini/arm_new/arm_code/install/arm_config:/home/lukevizzini/arm_new/arm_code/install/arm_launch:/home/lukevizzini/arm_new/arm_code/install/arm_teleop:/home/lukevizzini/arm_new/arm_code/install/arm_pwm_bridge:/opt/ros/humble /usr/bin/cmake --build /home/lukevizzini/arm_new/arm_code/build/arm_launch -- -j8 -l8
[3.306s] DEBUG:colcon.colcon_core.event_handler.log_command:Invoking command in '/home/lukevizzini/arm_new/arm_code/build/arm_launch': AMENT_PREFIX_PATH=/home/lukevizzini/arm_new/arm_code/install/arm_teleop:/home/lukevizzini/arm_new/arm_code/install/arm_pwm_bridge:/home/lukevizzini/arm_new/arm_code/install/arm_launch:/home/lukevizzini/arm_new/arm_code/install/arm_bringup:/home/lukevizzini/arm_new/arm_code/install/arm_description:/home/lukevizzini/arm_new/arm_code/install/arm_config:/opt/ros/humble CMAKE_PREFIX_PATH=/home/lukevizzini/arm_new/arm_code/install/arm_bringup:/home/lukevizzini/arm_new/arm_code/install/arm_description:/home/lukevizzini/arm_new/arm_code/install/arm_config:/home/lukevizzini/arm_new/arm_code/install/arm_launch:/home/lukevizzini/arm_new/arm_code/install/arm_teleop:/home/lukevizzini/arm_new/arm_code/install/arm_pwm_bridge:/opt/ros/humble /usr/bin/cmake --install /home/lukevizzini/arm_new/arm_code/build/arm_launch
[3.354s] Level 1:colcon.colcon_core.environment:create_environment_scripts_only(arm_launch)
[3.354s] Level 1:colcon.colcon_core.environment:checking '/home/lukevizzini/arm_new/arm_code/install/arm_launch' for CMake module files
[3.355s] DEBUG:colcon.colcon_core.event_handler.log_command:Invoked command in '/home/lukevizzini/arm_new/arm_code/build/arm_launch' returned '0': AMENT_PREFIX_PATH=/home/lukevizzini/arm_new/arm_code/install/arm_teleop:/home/lukevizzini/arm_new/arm_code/install/arm_pwm_bridge:/home/lukevizzini/arm_new/arm_code/install/arm_launch:/home/lukevizzini/arm_new/arm_code/install/arm_bringup:/home/lukevizzini/arm_new/arm_code/install/arm_description:/home/lukevizzini/arm_new/arm_code/install/arm_config:/opt/ros/humble CMAKE_PREFIX_PATH=/home/lukevizzini/arm_new/arm_code/install/arm_bringup:/home/lukevizzini/arm_new/arm_code/install/arm_description:/home/lukevizzini/arm_new/arm_code/install/arm_config:/home/lukevizzini/arm_new/arm_code/install/arm_launch:/home/lukevizzini/arm_new/arm_code/install/arm_teleop:/home/lukevizzini/arm_new/arm_code/install/arm_pwm_bridge:/opt/ros/humble /usr/bin/cmake --install /home/lukevizzini/arm_new/arm_code/build/arm_launch
[3.356s] Level 1:colcon.colcon_core.environment:checking '/home/lukevizzini/arm_new/arm_code/install/arm_launch' for CMake config files
[3.356s] Level 1:colcon.colcon_core.shell:create_environment_hook('arm_launch', 'cmake_prefix_path')
[3.356s] INFO:colcon.colcon_core.shell:Creating environment hook '/home/lukevizzini/arm_new/arm_code/install/arm_launch/share/arm_launch/hook/cmake_prefix_path.ps1'
[3.357s] INFO:colcon.colcon_core.shell:Creating environment descriptor '/home/lukevizzini/arm_new/arm_code/install/arm_launch/share/arm_launch/hook/cmake_prefix_path.dsv'
[3.357s] INFO:colcon.colcon_core.shell:Creating environment hook '/home/lukevizzini/arm_new/arm_code/install/arm_launch/share/arm_launch/hook/cmake_prefix_path.sh'
[3.358s] Level 1:colcon.colcon_core.environment:checking '/home/lukevizzini/arm_new/arm_code/install/arm_launch/bin'
[3.358s] Level 1:colcon.colcon_core.environment:checking '/home/lukevizzini/arm_new/arm_code/install/arm_launch/lib/pkgconfig/arm_launch.pc'
[3.358s] Level 1:colcon.colcon_core.environment:checking '/home/lukevizzini/arm_new/arm_code/install/arm_launch/lib/python3.10/site-packages'
[3.358s] Level 1:colcon.colcon_core.environment:checking '/home/lukevizzini/arm_new/arm_code/install/arm_launch/bin'
[3.359s] INFO:colcon.colcon_core.shell:Creating package script '/home/lukevizzini/arm_new/arm_code/install/arm_launch/share/arm_launch/package.ps1'
[3.359s] INFO:colcon.colcon_core.shell:Creating package descriptor '/home/lukevizzini/arm_new/arm_code/install/arm_launch/share/arm_launch/package.dsv'
[3.359s] INFO:colcon.colcon_core.shell:Creating package script '/home/lukevizzini/arm_new/arm_code/install/arm_launch/share/arm_launch/package.sh'
[3.360s] INFO:colcon.colcon_core.shell:Creating package script '/home/lukevizzini/arm_new/arm_code/install/arm_launch/share/arm_launch/package.bash'
[3.360s] INFO:colcon.colcon_core.shell:Creating package script '/home/lukevizzini/arm_new/arm_code/install/arm_launch/share/arm_launch/package.zsh'
[3.360s] Level 1:colcon.colcon_core.environment:create_file_with_runtime_dependencies(/home/lukevizzini/arm_new/arm_code/install/arm_launch/share/colcon-core/packages/arm_launch)
[3.361s] Level 1:colcon.colcon_core.environment:create_environment_scripts_only(arm_launch)
[3.361s] Level 1:colcon.colcon_core.environment:checking '/home/lukevizzini/arm_new/arm_code/install/arm_launch' for CMake module files
[3.361s] Level 1:colcon.colcon_core.environment:checking '/home/lukevizzini/arm_new/arm_code/install/arm_launch' for CMake config files
[3.362s] Level 1:colcon.colcon_core.shell:create_environment_hook('arm_launch', 'cmake_prefix_path')
[3.362s] INFO:colcon.colcon_core.shell:Creating environment hook '/home/lukevizzini/arm_new/arm_code/install/arm_launch/share/arm_launch/hook/cmake_prefix_path.ps1'
[3.362s] INFO:colcon.colcon_core.shell:Creating environment descriptor '/home/lukevizzini/arm_new/arm_code/install/arm_launch/share/arm_launch/hook/cmake_prefix_path.dsv'
[3.362s] INFO:colcon.colcon_core.shell:Creating environment hook '/home/lukevizzini/arm_new/arm_code/install/arm_launch/share/arm_launch/hook/cmake_prefix_path.sh'
[3.363s] Level 1:colcon.colcon_core.environment:checking '/home/lukevizzini/arm_new/arm_code/install/arm_launch/bin'
[3.363s] Level 1:colcon.colcon_core.environment:checking '/home/lukevizzini/arm_new/arm_code/install/arm_launch/lib/pkgconfig/arm_launch.pc'
[3.363s] Level 1:colcon.colcon_core.environment:checking '/home/lukevizzini/arm_new/arm_code/install/arm_launch/lib/python3.10/site-packages'
[3.364s] Level 1:colcon.colcon_core.environment:checking '/home/lukevizzini/arm_new/arm_code/install/arm_launch/bin'
[3.364s] INFO:colcon.colcon_core.shell:Creating package script '/home/lukevizzini/arm_new/arm_code/install/arm_launch/share/arm_launch/package.ps1'
[3.365s] INFO:colcon.colcon_core.shell:Creating package descriptor '/home/lukevizzini/arm_new/arm_code/install/arm_launch/share/arm_launch/package.dsv'
[3.366s] INFO:colcon.colcon_core.shell:Creating package script '/home/lukevizzini/arm_new/arm_code/install/arm_launch/share/arm_launch/package.sh'
[3.366s] INFO:colcon.colcon_core.shell:Creating package script '/home/lukevizzini/arm_new/arm_code/install/arm_launch/share/arm_launch/package.bash'
[3.366s] INFO:colcon.colcon_core.shell:Creating package script '/home/lukevizzini/arm_new/arm_code/install/arm_launch/share/arm_launch/package.zsh'
[3.367s] Level 1:colcon.colcon_core.environment:create_file_with_runtime_dependencies(/home/lukevizzini/arm_new/arm_code/install/arm_launch/share/colcon-core/packages/arm_launch)
[3.367s] DEBUG:colcon.colcon_parallel_executor.executor.parallel:closing loop
[3.367s] DEBUG:colcon.colcon_parallel_executor.executor.parallel:loop closed
[3.367s] DEBUG:colcon.colcon_parallel_executor.executor.parallel:run_until_complete finished with '0'
[3.367s] DEBUG:colcon.colcon_core.event_reactor:joining thread
[3.427s] INFO:colcon.colcon_core.plugin_system:Skipping extension 'colcon_notification.desktop_notification.notify_send': Could not find 'notify-send'
[3.427s] INFO:colcon.colcon_core.plugin_system:Skipping extension 'colcon_notification.desktop_notification.terminal_notifier': Not used on non-Darwin systems
[3.427s] INFO:colcon.colcon_core.plugin_system:Skipping extension 'colcon_notification.desktop_notification.win32': Not used on non-Windows systems
[3.427s] INFO:colcon.colcon_notification.desktop_notification:Sending desktop notification using 'notify2'
[3.435s] DEBUG:colcon.colcon_notification.desktop_notification.notify2:Failed to initialize notify2: org.freedesktop.DBus.Error.ServiceUnknown: The name org.freedesktop.Notifications was not provided by any .service files
[3.435s] DEBUG:colcon.colcon_core.event_reactor:joined thread
[3.436s] INFO:colcon.colcon_core.shell:Creating prefix script '/home/lukevizzini/arm_new/arm_code/install/local_setup.ps1'
[3.437s] INFO:colcon.colcon_core.shell:Creating prefix util module '/home/lukevizzini/arm_new/arm_code/install/_local_setup_util_ps1.py'
[3.439s] INFO:colcon.colcon_core.shell:Creating prefix chain script '/home/lukevizzini/arm_new/arm_code/install/setup.ps1'
[3.440s] INFO:colcon.colcon_core.shell:Creating prefix script '/home/lukevizzini/arm_new/arm_code/install/local_setup.sh'
[3.441s] INFO:colcon.colcon_core.shell:Creating prefix util module '/home/lukevizzini/arm_new/arm_code/install/_local_setup_util_sh.py'
[3.442s] INFO:colcon.colcon_core.shell:Creating prefix chain script '/home/lukevizzini/arm_new/arm_code/install/setup.sh'
[3.443s] INFO:colcon.colcon_core.shell:Creating prefix script '/home/lukevizzini/arm_new/arm_code/install/local_setup.bash'
[3.444s] INFO:colcon.colcon_core.shell:Creating prefix chain script '/home/lukevizzini/arm_new/arm_code/install/setup.bash'
[3.446s] INFO:colcon.colcon_core.shell:Creating prefix script '/home/lukevizzini/arm_new/arm_code/install/local_setup.zsh'
[3.446s] INFO:colcon.colcon_core.shell:Creating prefix chain script '/home/lukevizzini/arm_new/arm_code/install/setup.zsh'
