[1.159s] DEBUG:colcon:Command line arguments: ['/usr/bin/colcon', 'build', '--symlink-install']
[1.159s] DEBUG:colcon:Parsed command line arguments: Namespace(log_base=None, log_level=None, verb_name='build', build_base='build', install_base='install', merge_install=False, symlink_install=True, test_result_base=None, continue_on_error=False, executor='parallel', parallel_workers=8, event_handlers=None, ignore_user_meta=False, metas=['./colcon.meta'], base_paths=['.'], packages_ignore=None, packages_ignore_regex=None, paths=None, packages_up_to=None, packages_up_to_regex=None, packages_above=None, packages_above_and_dependencies=None, packages_above_depth=None, packages_select_by_dep=None, packages_skip_by_dep=None, packages_skip_up_to=None, packages_select_build_failed=False, packages_skip_build_finished=False, packages_select_test_failures=False, packages_skip_test_passed=False, packages_select=None, packages_skip=None, packages_select_regex=None, packages_skip_regex=None, packages_start=None, packages_end=None, allow_overriding=[], cmake_args=None, cmake_target=None, cmake_target_skip_unavailable=False, cmake_clean_cache=False, cmake_clean_first=False, cmake_force_configure=False, ament_cmake_args=None, catkin_cmake_args=None, catkin_skip_building_tests=False, verb_parser=<colcon_defaults.argument_parser.defaults.DefaultArgumentsDecorator object at 0x7a73c286d540>, verb_extension=<colcon_core.verb.build.BuildVerb object at 0x7a73c286d0f0>, main=<bound method BuildVerb.main of <colcon_core.verb.build.BuildVerb object at 0x7a73c286d0f0>>)
[2.385s] Level 1:colcon.colcon_core.package_discovery:discover_packages(colcon_meta) check parameters
[2.385s] Level 1:colcon.colcon_core.package_discovery:discover_packages(recursive) check parameters
[2.385s] Level 1:colcon.colcon_core.package_discovery:discover_packages(ignore) check parameters
[2.385s] Level 1:colcon.colcon_core.package_discovery:discover_packages(path) check parameters
[2.385s] Level 1:colcon.colcon_core.package_discovery:discover_packages(colcon_meta) discover
[2.385s] Level 1:colcon.colcon_core.package_discovery:discover_packages(recursive) discover
[2.385s] INFO:colcon.colcon_core.package_discovery:Crawling recursively for packages in '/home/lukevizzini/arm_new/arm_code'
[2.385s] Level 1:colcon.colcon_core.package_identification:_identify(.) by extensions ['ignore', 'ignore_ament_install']
[2.385s] Level 1:colcon.colcon_core.package_identification:_identify(.) by extension 'ignore'
[2.386s] Level 1:colcon.colcon_core.package_identification:_identify(.) by extension 'ignore_ament_install'
[2.386s] Level 1:colcon.colcon_core.package_identification:_identify(.) by extensions ['colcon_pkg']
[2.386s] Level 1:colcon.colcon_core.package_identification:_identify(.) by extension 'colcon_pkg'
[2.386s] Level 1:colcon.colcon_core.package_identification:_identify(.) by extensions ['colcon_meta']
[2.386s] Level 1:colcon.colcon_core.package_identification:_identify(.) by extension 'colcon_meta'
[2.386s] Level 1:colcon.colcon_core.package_identification:_identify(.) by extensions ['ros']
[2.386s] Level 1:colcon.colcon_core.package_identification:_identify(.) by extension 'ros'
[2.421s] Level 1:colcon.colcon_core.package_identification:_identify(.) by extensions ['cmake', 'python']
[2.422s] Level 1:colcon.colcon_core.package_identification:_identify(.) by extension 'cmake'
[2.422s] Level 1:colcon.colcon_core.package_identification:_identify(.) by extension 'python'
[2.422s] Level 1:colcon.colcon_core.package_identification:_identify(.) by extensions ['python_setup_py']
[2.422s] Level 1:colcon.colcon_core.package_identification:_identify(.) by extension 'python_setup_py'
[2.422s] Level 1:colcon.colcon_core.package_identification:_identify(build) by extensions ['ignore', 'ignore_ament_install']
[2.422s] Level 1:colcon.colcon_core.package_identification:_identify(build) by extension 'ignore'
[2.422s] Level 1:colcon.colcon_core.package_identification:_identify(build) ignored
[2.424s] Level 1:colcon.colcon_core.package_identification:_identify(install) by extensions ['ignore', 'ignore_ament_install']
[2.424s] Level 1:colcon.colcon_core.package_identification:_identify(install) by extension 'ignore'
[2.424s] Level 1:colcon.colcon_core.package_identification:_identify(install) ignored
[2.424s] Level 1:colcon.colcon_core.package_identification:_identify(log) by extensions ['ignore', 'ignore_ament_install']
[2.424s] Level 1:colcon.colcon_core.package_identification:_identify(log) by extension 'ignore'
[2.424s] Level 1:colcon.colcon_core.package_identification:_identify(log) ignored
[2.425s] Level 1:colcon.colcon_core.package_identification:_identify(src) by extensions ['ignore', 'ignore_ament_install']
[2.426s] Level 1:colcon.colcon_core.package_identification:_identify(src) by extension 'ignore'
[2.426s] Level 1:colcon.colcon_core.package_identification:_identify(src) by extension 'ignore_ament_install'
[2.426s] Level 1:colcon.colcon_core.package_identification:_identify(src) by extensions ['colcon_pkg']
[2.426s] Level 1:colcon.colcon_core.package_identification:_identify(src) by extension 'colcon_pkg'
[2.426s] Level 1:colcon.colcon_core.package_identification:_identify(src) by extensions ['colcon_meta']
[2.427s] Level 1:colcon.colcon_core.package_identification:_identify(src) by extension 'colcon_meta'
[2.427s] Level 1:colcon.colcon_core.package_identification:_identify(src) by extensions ['ros']
[2.427s] Level 1:colcon.colcon_core.package_identification:_identify(src) by extension 'ros'
[2.427s] Level 1:colcon.colcon_core.package_identification:_identify(src) by extensions ['cmake', 'python']
[2.427s] Level 1:colcon.colcon_core.package_identification:_identify(src) by extension 'cmake'
[2.427s] Level 1:colcon.colcon_core.package_identification:_identify(src) by extension 'python'
[2.427s] Level 1:colcon.colcon_core.package_identification:_identify(src) by extensions ['python_setup_py']
[2.427s] Level 1:colcon.colcon_core.package_identification:_identify(src) by extension 'python_setup_py'
[2.429s] Level 1:colcon.colcon_core.package_identification:_identify(src/bringup) by extensions ['ignore', 'ignore_ament_install']
[2.429s] Level 1:colcon.colcon_core.package_identification:_identify(src/bringup) by extension 'ignore'
[2.429s] Level 1:colcon.colcon_core.package_identification:_identify(src/bringup) by extension 'ignore_ament_install'
[2.429s] Level 1:colcon.colcon_core.package_identification:_identify(src/bringup) by extensions ['colcon_pkg']
[2.429s] Level 1:colcon.colcon_core.package_identification:_identify(src/bringup) by extension 'colcon_pkg'
[2.430s] Level 1:colcon.colcon_core.package_identification:_identify(src/bringup) by extensions ['colcon_meta']
[2.430s] Level 1:colcon.colcon_core.package_identification:_identify(src/bringup) by extension 'colcon_meta'
[2.430s] Level 1:colcon.colcon_core.package_identification:_identify(src/bringup) by extensions ['ros']
[2.430s] Level 1:colcon.colcon_core.package_identification:_identify(src/bringup) by extension 'ros'
[2.445s] DEBUG:colcon.colcon_core.package_identification:Package 'src/bringup' with type 'ros.ament_cmake' and name 'arm_bringup'
[2.446s] Level 1:colcon.colcon_core.package_identification:_identify(src/config) by extensions ['ignore', 'ignore_ament_install']
[2.446s] Level 1:colcon.colcon_core.package_identification:_identify(src/config) by extension 'ignore'
[2.446s] Level 1:colcon.colcon_core.package_identification:_identify(src/config) by extension 'ignore_ament_install'
[2.446s] Level 1:colcon.colcon_core.package_identification:_identify(src/config) by extensions ['colcon_pkg']
[2.446s] Level 1:colcon.colcon_core.package_identification:_identify(src/config) by extension 'colcon_pkg'
[2.447s] Level 1:colcon.colcon_core.package_identification:_identify(src/config) by extensions ['colcon_meta']
[2.447s] Level 1:colcon.colcon_core.package_identification:_identify(src/config) by extension 'colcon_meta'
[2.447s] Level 1:colcon.colcon_core.package_identification:_identify(src/config) by extensions ['ros']
[2.447s] Level 1:colcon.colcon_core.package_identification:_identify(src/config) by extension 'ros'
[2.449s] DEBUG:colcon.colcon_core.package_identification:Package 'src/config' with type 'ros.ament_cmake' and name 'arm_config'
[2.450s] Level 1:colcon.colcon_core.package_identification:_identify(src/description) by extensions ['ignore', 'ignore_ament_install']
[2.450s] Level 1:colcon.colcon_core.package_identification:_identify(src/description) by extension 'ignore'
[2.450s] Level 1:colcon.colcon_core.package_identification:_identify(src/description) by extension 'ignore_ament_install'
[2.450s] Level 1:colcon.colcon_core.package_identification:_identify(src/description) by extensions ['colcon_pkg']
[2.450s] Level 1:colcon.colcon_core.package_identification:_identify(src/description) by extension 'colcon_pkg'
[2.450s] Level 1:colcon.colcon_core.package_identification:_identify(src/description) by extensions ['colcon_meta']
[2.450s] Level 1:colcon.colcon_core.package_identification:_identify(src/description) by extension 'colcon_meta'
[2.450s] Level 1:colcon.colcon_core.package_identification:_identify(src/description) by extensions ['ros']
[2.451s] Level 1:colcon.colcon_core.package_identification:_identify(src/description) by extension 'ros'
[2.453s] DEBUG:colcon.colcon_core.package_identification:Package 'src/description' with type 'ros.ament_cmake' and name 'arm_description'
[2.454s] Level 1:colcon.colcon_core.package_identification:_identify(src/launch) by extensions ['ignore', 'ignore_ament_install']
[2.454s] Level 1:colcon.colcon_core.package_identification:_identify(src/launch) by extension 'ignore'
[2.454s] Level 1:colcon.colcon_core.package_identification:_identify(src/launch) by extension 'ignore_ament_install'
[2.454s] Level 1:colcon.colcon_core.package_identification:_identify(src/launch) by extensions ['colcon_pkg']
[2.454s] Level 1:colcon.colcon_core.package_identification:_identify(src/launch) by extension 'colcon_pkg'
[2.454s] Level 1:colcon.colcon_core.package_identification:_identify(src/launch) by extensions ['colcon_meta']
[2.454s] Level 1:colcon.colcon_core.package_identification:_identify(src/launch) by extension 'colcon_meta'
[2.454s] Level 1:colcon.colcon_core.package_identification:_identify(src/launch) by extensions ['ros']
[2.454s] Level 1:colcon.colcon_core.package_identification:_identify(src/launch) by extension 'ros'
[2.458s] DEBUG:colcon.colcon_core.package_identification:Package 'src/launch' with type 'ros.ament_cmake' and name 'arm_launch'
[2.459s] Level 1:colcon.colcon_core.package_identification:_identify(src/pwm_bridge) by extensions ['ignore', 'ignore_ament_install']
[2.459s] Level 1:colcon.colcon_core.package_identification:_identify(src/pwm_bridge) by extension 'ignore'
[2.459s] Level 1:colcon.colcon_core.package_identification:_identify(src/pwm_bridge) by extension 'ignore_ament_install'
[2.460s] Level 1:colcon.colcon_core.package_identification:_identify(src/pwm_bridge) by extensions ['colcon_pkg']
[2.460s] Level 1:colcon.colcon_core.package_identification:_identify(src/pwm_bridge) by extension 'colcon_pkg'
[2.460s] Level 1:colcon.colcon_core.package_identification:_identify(src/pwm_bridge) by extensions ['colcon_meta']
[2.460s] Level 1:colcon.colcon_core.package_identification:_identify(src/pwm_bridge) by extension 'colcon_meta'
[2.460s] Level 1:colcon.colcon_core.package_identification:_identify(src/pwm_bridge) by extensions ['ros']
[2.460s] Level 1:colcon.colcon_core.package_identification:_identify(src/pwm_bridge) by extension 'ros'
[2.461s] DEBUG:colcon.colcon_core.package_identification:Package 'src/pwm_bridge' with type 'ros.ament_python' and name 'arm_pwm_bridge'
[2.464s] Level 1:colcon.colcon_core.package_identification:_identify(src/teleop) by extensions ['ignore', 'ignore_ament_install']
[2.464s] Level 1:colcon.colcon_core.package_identification:_identify(src/teleop) by extension 'ignore'
[2.464s] Level 1:colcon.colcon_core.package_identification:_identify(src/teleop) by extension 'ignore_ament_install'
[2.464s] Level 1:colcon.colcon_core.package_identification:_identify(src/teleop) by extensions ['colcon_pkg']
[2.464s] Level 1:colcon.colcon_core.package_identification:_identify(src/teleop) by extension 'colcon_pkg'
[2.464s] Level 1:colcon.colcon_core.package_identification:_identify(src/teleop) by extensions ['colcon_meta']
[2.465s] Level 1:colcon.colcon_core.package_identification:_identify(src/teleop) by extension 'colcon_meta'
[2.465s] Level 1:colcon.colcon_core.package_identification:_identify(src/teleop) by extensions ['ros']
[2.465s] Level 1:colcon.colcon_core.package_identification:_identify(src/teleop) by extension 'ros'
[2.467s] DEBUG:colcon.colcon_core.package_identification:Package 'src/teleop' with type 'ros.ament_python' and name 'arm_teleop'
[2.467s] Level 1:colcon.colcon_core.package_discovery:discover_packages(recursive) using defaults
[2.467s] Level 1:colcon.colcon_core.package_discovery:discover_packages(ignore) discover
[2.467s] Level 1:colcon.colcon_core.package_discovery:discover_packages(ignore) using defaults
[2.467s] Level 1:colcon.colcon_core.package_discovery:discover_packages(path) discover
[2.468s] Level 1:colcon.colcon_core.package_discovery:discover_packages(path) using defaults
[2.585s] Level 1:colcon.colcon_core.package_discovery:discover_packages(prefix_path) check parameters
[2.585s] Level 1:colcon.colcon_core.package_discovery:discover_packages(prefix_path) discover
[2.608s] DEBUG:colcon.colcon_installed_package_information.package_discovery:Found 6 installed packages in /home/lukevizzini/arm_new/arm_code/install
[2.615s] DEBUG:colcon.colcon_installed_package_information.package_discovery:Found 418 installed packages in /opt/ros/humble
[2.618s] Level 1:colcon.colcon_core.package_discovery:discover_packages(prefix_path) using defaults
[3.535s] Level 5:colcon.colcon_core.verb:set package 'arm_config' build argument 'cmake_args' from command line to 'None'
[3.535s] Level 5:colcon.colcon_core.verb:set package 'arm_config' build argument 'cmake_target' from command line to 'None'
[3.535s] Level 5:colcon.colcon_core.verb:set package 'arm_config' build argument 'cmake_target_skip_unavailable' from command line to 'False'
[3.535s] Level 5:colcon.colcon_core.verb:set package 'arm_config' build argument 'cmake_clean_cache' from command line to 'False'
[3.535s] Level 5:colcon.colcon_core.verb:set package 'arm_config' build argument 'cmake_clean_first' from command line to 'False'
[3.535s] Level 5:colcon.colcon_core.verb:set package 'arm_config' build argument 'cmake_force_configure' from command line to 'False'
[3.535s] Level 5:colcon.colcon_core.verb:set package 'arm_config' build argument 'ament_cmake_args' from command line to 'None'
[3.535s] Level 5:colcon.colcon_core.verb:set package 'arm_config' build argument 'catkin_cmake_args' from command line to 'None'
[3.535s] Level 5:colcon.colcon_core.verb:set package 'arm_config' build argument 'catkin_skip_building_tests' from command line to 'False'
[3.535s] DEBUG:colcon.colcon_core.verb:Building package 'arm_config' with the following arguments: {'ament_cmake_args': None, 'build_base': '/home/lukevizzini/arm_new/arm_code/build/arm_config', 'catkin_cmake_args': None, 'catkin_skip_building_tests': False, 'cmake_args': None, 'cmake_clean_cache': False, 'cmake_clean_first': False, 'cmake_force_configure': False, 'cmake_target': None, 'cmake_target_skip_unavailable': False, 'install_base': '/home/lukevizzini/arm_new/arm_code/install/arm_config', 'merge_install': False, 'path': '/home/lukevizzini/arm_new/arm_code/src/config', 'symlink_install': True, 'test_result_base': None}
[3.536s] Level 5:colcon.colcon_core.verb:set package 'arm_pwm_bridge' build argument 'cmake_args' from command line to 'None'
[3.536s] Level 5:colcon.colcon_core.verb:set package 'arm_pwm_bridge' build argument 'cmake_target' from command line to 'None'
[3.536s] Level 5:colcon.colcon_core.verb:set package 'arm_pwm_bridge' build argument 'cmake_target_skip_unavailable' from command line to 'False'
[3.536s] Level 5:colcon.colcon_core.verb:set package 'arm_pwm_bridge' build argument 'cmake_clean_cache' from command line to 'False'
[3.536s] Level 5:colcon.colcon_core.verb:set package 'arm_pwm_bridge' build argument 'cmake_clean_first' from command line to 'False'
[3.536s] Level 5:colcon.colcon_core.verb:set package 'arm_pwm_bridge' build argument 'cmake_force_configure' from command line to 'False'
[3.536s] Level 5:colcon.colcon_core.verb:set package 'arm_pwm_bridge' build argument 'ament_cmake_args' from command line to 'None'
[3.536s] Level 5:colcon.colcon_core.verb:set package 'arm_pwm_bridge' build argument 'catkin_cmake_args' from command line to 'None'
[3.536s] Level 5:colcon.colcon_core.verb:set package 'arm_pwm_bridge' build argument 'catkin_skip_building_tests' from command line to 'False'
[3.536s] DEBUG:colcon.colcon_core.verb:Building package 'arm_pwm_bridge' with the following arguments: {'ament_cmake_args': None, 'build_base': '/home/lukevizzini/arm_new/arm_code/build/arm_pwm_bridge', 'catkin_cmake_args': None, 'catkin_skip_building_tests': False, 'cmake_args': None, 'cmake_clean_cache': False, 'cmake_clean_first': False, 'cmake_force_configure': False, 'cmake_target': None, 'cmake_target_skip_unavailable': False, 'install_base': '/home/lukevizzini/arm_new/arm_code/install/arm_pwm_bridge', 'merge_install': False, 'path': '/home/lukevizzini/arm_new/arm_code/src/pwm_bridge', 'symlink_install': True, 'test_result_base': None}
[3.538s] Level 5:colcon.colcon_core.verb:set package 'arm_teleop' build argument 'cmake_args' from command line to 'None'
[3.538s] Level 5:colcon.colcon_core.verb:set package 'arm_teleop' build argument 'cmake_target' from command line to 'None'
[3.538s] Level 5:colcon.colcon_core.verb:set package 'arm_teleop' build argument 'cmake_target_skip_unavailable' from command line to 'False'
[3.538s] Level 5:colcon.colcon_core.verb:set package 'arm_teleop' build argument 'cmake_clean_cache' from command line to 'False'
[3.538s] Level 5:colcon.colcon_core.verb:set package 'arm_teleop' build argument 'cmake_clean_first' from command line to 'False'
[3.538s] Level 5:colcon.colcon_core.verb:set package 'arm_teleop' build argument 'cmake_force_configure' from command line to 'False'
[3.538s] Level 5:colcon.colcon_core.verb:set package 'arm_teleop' build argument 'ament_cmake_args' from command line to 'None'
[3.538s] Level 5:colcon.colcon_core.verb:set package 'arm_teleop' build argument 'catkin_cmake_args' from command line to 'None'
[3.539s] Level 5:colcon.colcon_core.verb:set package 'arm_teleop' build argument 'catkin_skip_building_tests' from command line to 'False'
[3.539s] DEBUG:colcon.colcon_core.verb:Building package 'arm_teleop' with the following arguments: {'ament_cmake_args': None, 'build_base': '/home/lukevizzini/arm_new/arm_code/build/arm_teleop', 'catkin_cmake_args': None, 'catkin_skip_building_tests': False, 'cmake_args': None, 'cmake_clean_cache': False, 'cmake_clean_first': False, 'cmake_force_configure': False, 'cmake_target': None, 'cmake_target_skip_unavailable': False, 'install_base': '/home/lukevizzini/arm_new/arm_code/install/arm_teleop', 'merge_install': False, 'path': '/home/lukevizzini/arm_new/arm_code/src/teleop', 'symlink_install': True, 'test_result_base': None}
[3.539s] Level 5:colcon.colcon_core.verb:set package 'arm_description' build argument 'cmake_args' from command line to 'None'
[3.540s] Level 5:colcon.colcon_core.verb:set package 'arm_description' build argument 'cmake_target' from command line to 'None'
[3.540s] Level 5:colcon.colcon_core.verb:set package 'arm_description' build argument 'cmake_target_skip_unavailable' from command line to 'False'
[3.540s] Level 5:colcon.colcon_core.verb:set package 'arm_description' build argument 'cmake_clean_cache' from command line to 'False'
[3.540s] Level 5:colcon.colcon_core.verb:set package 'arm_description' build argument 'cmake_clean_first' from command line to 'False'
[3.540s] Level 5:colcon.colcon_core.verb:set package 'arm_description' build argument 'cmake_force_configure' from command line to 'False'
[3.540s] Level 5:colcon.colcon_core.verb:set package 'arm_description' build argument 'ament_cmake_args' from command line to 'None'
[3.540s] Level 5:colcon.colcon_core.verb:set package 'arm_description' build argument 'catkin_cmake_args' from command line to 'None'
[3.540s] Level 5:colcon.colcon_core.verb:set package 'arm_description' build argument 'catkin_skip_building_tests' from command line to 'False'
[3.540s] DEBUG:colcon.colcon_core.verb:Building package 'arm_description' with the following arguments: {'ament_cmake_args': None, 'build_base': '/home/lukevizzini/arm_new/arm_code/build/arm_description', 'catkin_cmake_args': None, 'catkin_skip_building_tests': False, 'cmake_args': None, 'cmake_clean_cache': False, 'cmake_clean_first': False, 'cmake_force_configure': False, 'cmake_target': None, 'cmake_target_skip_unavailable': False, 'install_base': '/home/lukevizzini/arm_new/arm_code/install/arm_description', 'merge_install': False, 'path': '/home/lukevizzini/arm_new/arm_code/src/description', 'symlink_install': True, 'test_result_base': None}
[3.540s] Level 5:colcon.colcon_core.verb:set package 'arm_bringup' build argument 'cmake_args' from command line to 'None'
[3.540s] Level 5:colcon.colcon_core.verb:set package 'arm_bringup' build argument 'cmake_target' from command line to 'None'
[3.540s] Level 5:colcon.colcon_core.verb:set package 'arm_bringup' build argument 'cmake_target_skip_unavailable' from command line to 'False'
[3.540s] Level 5:colcon.colcon_core.verb:set package 'arm_bringup' build argument 'cmake_clean_cache' from command line to 'False'
[3.540s] Level 5:colcon.colcon_core.verb:set package 'arm_bringup' build argument 'cmake_clean_first' from command line to 'False'
[3.540s] Level 5:colcon.colcon_core.verb:set package 'arm_bringup' build argument 'cmake_force_configure' from command line to 'False'
[3.540s] Level 5:colcon.colcon_core.verb:set package 'arm_bringup' build argument 'ament_cmake_args' from command line to 'None'
[3.540s] Level 5:colcon.colcon_core.verb:set package 'arm_bringup' build argument 'catkin_cmake_args' from command line to 'None'
[3.540s] Level 5:colcon.colcon_core.verb:set package 'arm_bringup' build argument 'catkin_skip_building_tests' from command line to 'False'
[3.541s] DEBUG:colcon.colcon_core.verb:Building package 'arm_bringup' with the following arguments: {'ament_cmake_args': None, 'build_base': '/home/lukevizzini/arm_new/arm_code/build/arm_bringup', 'catkin_cmake_args': None, 'catkin_skip_building_tests': False, 'cmake_args': None, 'cmake_clean_cache': False, 'cmake_clean_first': False, 'cmake_force_configure': False, 'cmake_target': None, 'cmake_target_skip_unavailable': False, 'install_base': '/home/lukevizzini/arm_new/arm_code/install/arm_bringup', 'merge_install': False, 'path': '/home/lukevizzini/arm_new/arm_code/src/bringup', 'symlink_install': True, 'test_result_base': None}
[3.541s] Level 5:colcon.colcon_core.verb:set package 'arm_launch' build argument 'cmake_args' from command line to 'None'
[3.541s] Level 5:colcon.colcon_core.verb:set package 'arm_launch' build argument 'cmake_target' from command line to 'None'
[3.541s] Level 5:colcon.colcon_core.verb:set package 'arm_launch' build argument 'cmake_target_skip_unavailable' from command line to 'False'
[3.541s] Level 5:colcon.colcon_core.verb:set package 'arm_launch' build argument 'cmake_clean_cache' from command line to 'False'
[3.541s] Level 5:colcon.colcon_core.verb:set package 'arm_launch' build argument 'cmake_clean_first' from command line to 'False'
[3.541s] Level 5:colcon.colcon_core.verb:set package 'arm_launch' build argument 'cmake_force_configure' from command line to 'False'
[3.541s] Level 5:colcon.colcon_core.verb:set package 'arm_launch' build argument 'ament_cmake_args' from command line to 'None'
[3.541s] Level 5:colcon.colcon_core.verb:set package 'arm_launch' build argument 'catkin_cmake_args' from command line to 'None'
[3.541s] Level 5:colcon.colcon_core.verb:set package 'arm_launch' build argument 'catkin_skip_building_tests' from command line to 'False'
[3.541s] DEBUG:colcon.colcon_core.verb:Building package 'arm_launch' with the following arguments: {'ament_cmake_args': None, 'build_base': '/home/lukevizzini/arm_new/arm_code/build/arm_launch', 'catkin_cmake_args': None, 'catkin_skip_building_tests': False, 'cmake_args': None, 'cmake_clean_cache': False, 'cmake_clean_first': False, 'cmake_force_configure': False, 'cmake_target': None, 'cmake_target_skip_unavailable': False, 'install_base': '/home/lukevizzini/arm_new/arm_code/install/arm_launch', 'merge_install': False, 'path': '/home/lukevizzini/arm_new/arm_code/src/launch', 'symlink_install': True, 'test_result_base': None}
[3.541s] INFO:colcon.colcon_core.executor:Executing jobs using 'parallel' executor
[3.544s] DEBUG:colcon.colcon_parallel_executor.executor.parallel:run_until_complete
[3.544s] INFO:colcon.colcon_ros.task.ament_cmake.build:Building ROS package in '/home/lukevizzini/arm_new/arm_code/src/config' with build type 'ament_cmake'
[3.544s] INFO:colcon.colcon_cmake.task.cmake.build:Building CMake package in '/home/lukevizzini/arm_new/arm_code/src/config'
[3.570s] INFO:colcon.colcon_core.plugin_system:Skipping extension 'colcon_core.shell.bat': Not used on non-Windows systems
[3.571s] INFO:colcon.colcon_core.shell:Skip shell extension 'powershell' for command environment: Not usable outside of PowerShell
[3.571s] DEBUG:colcon.colcon_core.shell:Skip shell extension 'dsv' for command environment
[3.585s] INFO:colcon.colcon_ros.task.ament_python.build:Building ROS package in '/home/lukevizzini/arm_new/arm_code/src/pwm_bridge' with build type 'ament_python'
[3.585s] Level 1:colcon.colcon_core.shell:create_environment_hook('arm_pwm_bridge', 'ament_prefix_path')
[3.586s] INFO:colcon.colcon_core.shell:Creating environment hook '/home/lukevizzini/arm_new/arm_code/install/arm_pwm_bridge/share/arm_pwm_bridge/hook/ament_prefix_path.ps1'
[3.593s] INFO:colcon.colcon_core.shell:Creating environment descriptor '/home/lukevizzini/arm_new/arm_code/install/arm_pwm_bridge/share/arm_pwm_bridge/hook/ament_prefix_path.dsv'
[3.596s] INFO:colcon.colcon_core.shell:Creating environment hook '/home/lukevizzini/arm_new/arm_code/install/arm_pwm_bridge/share/arm_pwm_bridge/hook/ament_prefix_path.sh'
[3.598s] INFO:colcon.colcon_core.shell:Skip shell extension 'powershell' for command environment: Not usable outside of PowerShell
[3.598s] DEBUG:colcon.colcon_core.shell:Skip shell extension 'dsv' for command environment
[3.606s] INFO:colcon.colcon_ros.task.ament_python.build:Building ROS package in '/home/lukevizzini/arm_new/arm_code/src/teleop' with build type 'ament_python'
[3.606s] Level 1:colcon.colcon_core.shell:create_environment_hook('arm_teleop', 'ament_prefix_path')
[3.606s] INFO:colcon.colcon_core.shell:Creating environment hook '/home/lukevizzini/arm_new/arm_code/install/arm_teleop/share/arm_teleop/hook/ament_prefix_path.ps1'
[3.609s] INFO:colcon.colcon_core.shell:Creating environment descriptor '/home/lukevizzini/arm_new/arm_code/install/arm_teleop/share/arm_teleop/hook/ament_prefix_path.dsv'
[3.610s] INFO:colcon.colcon_core.shell:Creating environment hook '/home/lukevizzini/arm_new/arm_code/install/arm_teleop/share/arm_teleop/hook/ament_prefix_path.sh'
[3.611s] INFO:colcon.colcon_core.shell:Skip shell extension 'powershell' for command environment: Not usable outside of PowerShell
[3.611s] DEBUG:colcon.colcon_core.shell:Skip shell extension 'dsv' for command environment
[3.626s] DEBUG:colcon.colcon_core.event_handler.log_command:Invoking command in '/home/lukevizzini/arm_new/arm_code/build/arm_config': CMAKE_PREFIX_PATH=${CMAKE_PREFIX_PATH}:/home/lukevizzini/arm_new/arm_code/install/arm_teleop:/home/lukevizzini/arm_new/arm_code/install/arm_pwm_bridge:/opt/ros/humble /usr/bin/cmake --build /home/lukevizzini/arm_new/arm_code/build/arm_config -- -j8 -l8
[4.062s] INFO:colcon.colcon_core.task.python.build:Building Python package in '/home/lukevizzini/arm_new/arm_code/src/pwm_bridge'
[4.062s] INFO:colcon.colcon_core.shell:Skip shell extension 'powershell' for command environment: Not usable outside of PowerShell
[4.063s] DEBUG:colcon.colcon_core.shell:Skip shell extension 'dsv' for command environment
[4.656s] INFO:colcon.colcon_core.task.python.build:Building Python package in '/home/lukevizzini/arm_new/arm_code/src/teleop'
[4.657s] INFO:colcon.colcon_core.shell:Skip shell extension 'powershell' for command environment: Not usable outside of PowerShell
[4.657s] DEBUG:colcon.colcon_core.shell:Skip shell extension 'dsv' for command environment
[4.678s] DEBUG:colcon.colcon_core.event_handler.log_command:Invoked command in '/home/lukevizzini/arm_new/arm_code/build/arm_config' returned '0': CMAKE_PREFIX_PATH=${CMAKE_PREFIX_PATH}:/home/lukevizzini/arm_new/arm_code/install/arm_teleop:/home/lukevizzini/arm_new/arm_code/install/arm_pwm_bridge:/opt/ros/humble /usr/bin/cmake --build /home/lukevizzini/arm_new/arm_code/build/arm_config -- -j8 -l8
[4.700s] DEBUG:colcon.colcon_core.event_handler.log_command:Invoking command in '/home/lukevizzini/arm_new/arm_code/build/arm_config': CMAKE_PREFIX_PATH=${CMAKE_PREFIX_PATH}:/home/lukevizzini/arm_new/arm_code/install/arm_teleop:/home/lukevizzini/arm_new/arm_code/install/arm_pwm_bridge:/opt/ros/humble /usr/bin/cmake --install /home/lukevizzini/arm_new/arm_code/build/arm_config
[4.764s] Level 1:colcon.colcon_core.environment:create_environment_scripts_only(arm_config)
[4.766s] DEBUG:colcon.colcon_core.event_handler.log_command:Invoked command in '/home/lukevizzini/arm_new/arm_code/build/arm_config' returned '0': CMAKE_PREFIX_PATH=${CMAKE_PREFIX_PATH}:/home/lukevizzini/arm_new/arm_code/install/arm_teleop:/home/lukevizzini/arm_new/arm_code/install/arm_pwm_bridge:/opt/ros/humble /usr/bin/cmake --install /home/lukevizzini/arm_new/arm_code/build/arm_config
[4.789s] Level 1:colcon.colcon_core.environment:checking '/home/lukevizzini/arm_new/arm_code/install/arm_config' for CMake module files
[4.791s] Level 1:colcon.colcon_core.environment:checking '/home/lukevizzini/arm_new/arm_code/install/arm_config' for CMake config files
[4.796s] Level 1:colcon.colcon_core.shell:create_environment_hook('arm_config', 'cmake_prefix_path')
[4.796s] INFO:colcon.colcon_core.shell:Creating environment hook '/home/lukevizzini/arm_new/arm_code/install/arm_config/share/arm_config/hook/cmake_prefix_path.ps1'
[4.797s] INFO:colcon.colcon_core.shell:Creating environment descriptor '/home/lukevizzini/arm_new/arm_code/install/arm_config/share/arm_config/hook/cmake_prefix_path.dsv'
[4.798s] INFO:colcon.colcon_core.shell:Creating environment hook '/home/lukevizzini/arm_new/arm_code/install/arm_config/share/arm_config/hook/cmake_prefix_path.sh'
[4.799s] Level 1:colcon.colcon_core.environment:checking '/home/lukevizzini/arm_new/arm_code/install/arm_config/bin'
[4.800s] Level 1:colcon.colcon_core.environment:checking '/home/lukevizzini/arm_new/arm_code/install/arm_config/lib/pkgconfig/arm_config.pc'
[4.800s] Level 1:colcon.colcon_core.environment:checking '/home/lukevizzini/arm_new/arm_code/install/arm_config/lib/python3.10/site-packages'
[4.800s] Level 1:colcon.colcon_core.environment:checking '/home/lukevizzini/arm_new/arm_code/install/arm_config/bin'
[4.801s] INFO:colcon.colcon_core.shell:Creating package script '/home/lukevizzini/arm_new/arm_code/install/arm_config/share/arm_config/package.ps1'
[4.803s] INFO:colcon.colcon_core.shell:Creating package descriptor '/home/lukevizzini/arm_new/arm_code/install/arm_config/share/arm_config/package.dsv'
[4.806s] INFO:colcon.colcon_core.shell:Creating package script '/home/lukevizzini/arm_new/arm_code/install/arm_config/share/arm_config/package.sh'
[4.808s] INFO:colcon.colcon_core.shell:Creating package script '/home/lukevizzini/arm_new/arm_code/install/arm_config/share/arm_config/package.bash'
[4.811s] INFO:colcon.colcon_core.shell:Creating package script '/home/lukevizzini/arm_new/arm_code/install/arm_config/share/arm_config/package.zsh'
[4.813s] Level 1:colcon.colcon_core.environment:create_file_with_runtime_dependencies(/home/lukevizzini/arm_new/arm_code/install/arm_config/share/colcon-core/packages/arm_config)
[4.814s] Level 1:colcon.colcon_core.environment:create_environment_scripts_only(arm_config)
[4.814s] Level 1:colcon.colcon_core.environment:checking '/home/lukevizzini/arm_new/arm_code/install/arm_config' for CMake module files
[4.815s] Level 1:colcon.colcon_core.environment:checking '/home/lukevizzini/arm_new/arm_code/install/arm_config' for CMake config files
[4.817s] Level 1:colcon.colcon_core.shell:create_environment_hook('arm_config', 'cmake_prefix_path')
[4.817s] INFO:colcon.colcon_core.shell:Creating environment hook '/home/lukevizzini/arm_new/arm_code/install/arm_config/share/arm_config/hook/cmake_prefix_path.ps1'
[4.817s] INFO:colcon.colcon_core.shell:Creating environment descriptor '/home/lukevizzini/arm_new/arm_code/install/arm_config/share/arm_config/hook/cmake_prefix_path.dsv'
[4.818s] INFO:colcon.colcon_core.shell:Creating environment hook '/home/lukevizzini/arm_new/arm_code/install/arm_config/share/arm_config/hook/cmake_prefix_path.sh'
[4.819s] Level 1:colcon.colcon_core.environment:checking '/home/lukevizzini/arm_new/arm_code/install/arm_config/bin'
[4.819s] Level 1:colcon.colcon_core.environment:checking '/home/lukevizzini/arm_new/arm_code/install/arm_config/lib/pkgconfig/arm_config.pc'
[4.820s] Level 1:colcon.colcon_core.environment:checking '/home/lukevizzini/arm_new/arm_code/install/arm_config/lib/python3.10/site-packages'
[4.820s] Level 1:colcon.colcon_core.environment:checking '/home/lukevizzini/arm_new/arm_code/install/arm_config/bin'
[4.820s] INFO:colcon.colcon_core.shell:Creating package script '/home/lukevizzini/arm_new/arm_code/install/arm_config/share/arm_config/package.ps1'
[4.821s] INFO:colcon.colcon_core.shell:Creating package descriptor '/home/lukevizzini/arm_new/arm_code/install/arm_config/share/arm_config/package.dsv'
[4.823s] INFO:colcon.colcon_core.shell:Creating package script '/home/lukevizzini/arm_new/arm_code/install/arm_config/share/arm_config/package.sh'
[4.824s] INFO:colcon.colcon_core.shell:Creating package script '/home/lukevizzini/arm_new/arm_code/install/arm_config/share/arm_config/package.bash'
[4.824s] INFO:colcon.colcon_core.shell:Creating package script '/home/lukevizzini/arm_new/arm_code/install/arm_config/share/arm_config/package.zsh'
[4.825s] Level 1:colcon.colcon_core.environment:create_file_with_runtime_dependencies(/home/lukevizzini/arm_new/arm_code/install/arm_config/share/colcon-core/packages/arm_config)
[4.826s] INFO:colcon.colcon_ros.task.ament_cmake.build:Building ROS package in '/home/lukevizzini/arm_new/arm_code/src/description' with build type 'ament_cmake'
[4.826s] INFO:colcon.colcon_cmake.task.cmake.build:Building CMake package in '/home/lukevizzini/arm_new/arm_code/src/description'
[4.827s] INFO:colcon.colcon_core.shell:Skip shell extension 'powershell' for command environment: Not usable outside of PowerShell
[4.827s] DEBUG:colcon.colcon_core.shell:Skip shell extension 'dsv' for command environment
[5.025s] DEBUG:colcon.colcon_core.event_handler.log_command:Invoking command in '/home/lukevizzini/arm_new/arm_code/build/arm_description': CMAKE_PREFIX_PATH=/home/lukevizzini/arm_new/arm_code/install/arm_config:/home/lukevizzini/arm_new/arm_code/install/arm_launch:/home/lukevizzini/arm_new/arm_code/install/arm_bringup:/home/lukevizzini/arm_new/arm_code/install/arm_description:/home/lukevizzini/arm_new/arm_code/install/arm_teleop:/home/lukevizzini/arm_new/arm_code/install/arm_pwm_bridge:/opt/ros/humble /usr/bin/cmake --build /home/lukevizzini/arm_new/arm_code/build/arm_description -- -j8 -l8
[5.531s] DEBUG:colcon.colcon_core.event_handler.log_command:Invoked command in '/home/lukevizzini/arm_new/arm_code/build/arm_description' returned '0': CMAKE_PREFIX_PATH=/home/lukevizzini/arm_new/arm_code/install/arm_config:/home/lukevizzini/arm_new/arm_code/install/arm_launch:/home/lukevizzini/arm_new/arm_code/install/arm_bringup:/home/lukevizzini/arm_new/arm_code/install/arm_description:/home/lukevizzini/arm_new/arm_code/install/arm_teleop:/home/lukevizzini/arm_new/arm_code/install/arm_pwm_bridge:/opt/ros/humble /usr/bin/cmake --build /home/lukevizzini/arm_new/arm_code/build/arm_description -- -j8 -l8
[5.533s] DEBUG:colcon.colcon_core.event_handler.log_command:Invoking command in '/home/lukevizzini/arm_new/arm_code/build/arm_description': CMAKE_PREFIX_PATH=/home/lukevizzini/arm_new/arm_code/install/arm_config:/home/lukevizzini/arm_new/arm_code/install/arm_launch:/home/lukevizzini/arm_new/arm_code/install/arm_bringup:/home/lukevizzini/arm_new/arm_code/install/arm_description:/home/lukevizzini/arm_new/arm_code/install/arm_teleop:/home/lukevizzini/arm_new/arm_code/install/arm_pwm_bridge:/opt/ros/humble /usr/bin/cmake --install /home/lukevizzini/arm_new/arm_code/build/arm_description
[5.598s] Level 1:colcon.colcon_core.environment:create_environment_scripts_only(arm_description)
[5.599s] Level 1:colcon.colcon_core.environment:checking '/home/lukevizzini/arm_new/arm_code/install/arm_description' for CMake module files
[5.600s] DEBUG:colcon.colcon_core.event_handler.log_command:Invoked command in '/home/lukevizzini/arm_new/arm_code/build/arm_description' returned '0': CMAKE_PREFIX_PATH=/home/lukevizzini/arm_new/arm_code/install/arm_config:/home/lukevizzini/arm_new/arm_code/install/arm_launch:/home/lukevizzini/arm_new/arm_code/install/arm_bringup:/home/lukevizzini/arm_new/arm_code/install/arm_description:/home/lukevizzini/arm_new/arm_code/install/arm_teleop:/home/lukevizzini/arm_new/arm_code/install/arm_pwm_bridge:/opt/ros/humble /usr/bin/cmake --install /home/lukevizzini/arm_new/arm_code/build/arm_description
[5.602s] Level 1:colcon.colcon_core.environment:checking '/home/lukevizzini/arm_new/arm_code/install/arm_description' for CMake config files
[5.605s] Level 1:colcon.colcon_core.shell:create_environment_hook('arm_description', 'cmake_prefix_path')
[5.605s] INFO:colcon.colcon_core.shell:Creating environment hook '/home/lukevizzini/arm_new/arm_code/install/arm_description/share/arm_description/hook/cmake_prefix_path.ps1'
[5.606s] INFO:colcon.colcon_core.shell:Creating environment descriptor '/home/lukevizzini/arm_new/arm_code/install/arm_description/share/arm_description/hook/cmake_prefix_path.dsv'
[5.607s] INFO:colcon.colcon_core.shell:Creating environment hook '/home/lukevizzini/arm_new/arm_code/install/arm_description/share/arm_description/hook/cmake_prefix_path.sh'
[5.607s] Level 1:colcon.colcon_core.environment:checking '/home/lukevizzini/arm_new/arm_code/install/arm_description/bin'
[5.607s] Level 1:colcon.colcon_core.environment:checking '/home/lukevizzini/arm_new/arm_code/install/arm_description/lib/pkgconfig/arm_description.pc'
[5.608s] Level 1:colcon.colcon_core.environment:checking '/home/lukevizzini/arm_new/arm_code/install/arm_description/lib/python3.10/site-packages'
[5.608s] Level 1:colcon.colcon_core.environment:checking '/home/lukevizzini/arm_new/arm_code/install/arm_description/bin'
[5.609s] INFO:colcon.colcon_core.shell:Creating package script '/home/lukevizzini/arm_new/arm_code/install/arm_description/share/arm_description/package.ps1'
[5.610s] INFO:colcon.colcon_core.shell:Creating package descriptor '/home/lukevizzini/arm_new/arm_code/install/arm_description/share/arm_description/package.dsv'
[5.611s] INFO:colcon.colcon_core.shell:Creating package script '/home/lukevizzini/arm_new/arm_code/install/arm_description/share/arm_description/package.sh'
[5.612s] INFO:colcon.colcon_core.shell:Creating package script '/home/lukevizzini/arm_new/arm_code/install/arm_description/share/arm_description/package.bash'
[5.613s] INFO:colcon.colcon_core.shell:Creating package script '/home/lukevizzini/arm_new/arm_code/install/arm_description/share/arm_description/package.zsh'
[5.613s] Level 1:colcon.colcon_core.environment:create_file_with_runtime_dependencies(/home/lukevizzini/arm_new/arm_code/install/arm_description/share/colcon-core/packages/arm_description)
[5.614s] Level 1:colcon.colcon_core.environment:create_environment_scripts_only(arm_description)
[5.615s] Level 1:colcon.colcon_core.environment:checking '/home/lukevizzini/arm_new/arm_code/install/arm_description' for CMake module files
[5.615s] Level 1:colcon.colcon_core.environment:checking '/home/lukevizzini/arm_new/arm_code/install/arm_description' for CMake config files
[5.616s] Level 1:colcon.colcon_core.shell:create_environment_hook('arm_description', 'cmake_prefix_path')
[5.616s] INFO:colcon.colcon_core.shell:Creating environment hook '/home/lukevizzini/arm_new/arm_code/install/arm_description/share/arm_description/hook/cmake_prefix_path.ps1'
[5.617s] INFO:colcon.colcon_core.shell:Creating environment descriptor '/home/lukevizzini/arm_new/arm_code/install/arm_description/share/arm_description/hook/cmake_prefix_path.dsv'
[5.617s] INFO:colcon.colcon_core.shell:Creating environment hook '/home/lukevizzini/arm_new/arm_code/install/arm_description/share/arm_description/hook/cmake_prefix_path.sh'
[5.618s] Level 1:colcon.colcon_core.environment:checking '/home/lukevizzini/arm_new/arm_code/install/arm_description/bin'
[5.618s] Level 1:colcon.colcon_core.environment:checking '/home/lukevizzini/arm_new/arm_code/install/arm_description/lib/pkgconfig/arm_description.pc'
[5.619s] Level 1:colcon.colcon_core.environment:checking '/home/lukevizzini/arm_new/arm_code/install/arm_description/lib/python3.10/site-packages'
[5.619s] Level 1:colcon.colcon_core.environment:checking '/home/lukevizzini/arm_new/arm_code/install/arm_description/bin'
[5.620s] INFO:colcon.colcon_core.shell:Creating package script '/home/lukevizzini/arm_new/arm_code/install/arm_description/share/arm_description/package.ps1'
[5.620s] INFO:colcon.colcon_core.shell:Creating package descriptor '/home/lukevizzini/arm_new/arm_code/install/arm_description/share/arm_description/package.dsv'
[5.621s] INFO:colcon.colcon_core.shell:Creating package script '/home/lukevizzini/arm_new/arm_code/install/arm_description/share/arm_description/package.sh'
[5.622s] INFO:colcon.colcon_core.shell:Creating package script '/home/lukevizzini/arm_new/arm_code/install/arm_description/share/arm_description/package.bash'
[5.622s] INFO:colcon.colcon_core.shell:Creating package script '/home/lukevizzini/arm_new/arm_code/install/arm_description/share/arm_description/package.zsh'
[5.623s] Level 1:colcon.colcon_core.environment:create_file_with_runtime_dependencies(/home/lukevizzini/arm_new/arm_code/install/arm_description/share/colcon-core/packages/arm_description)
[5.624s] INFO:colcon.colcon_ros.task.ament_cmake.build:Building ROS package in '/home/lukevizzini/arm_new/arm_code/src/bringup' with build type 'ament_cmake'
[5.624s] INFO:colcon.colcon_cmake.task.cmake.build:Building CMake package in '/home/lukevizzini/arm_new/arm_code/src/bringup'
[5.625s] INFO:colcon.colcon_core.shell:Skip shell extension 'powershell' for command environment: Not usable outside of PowerShell
[5.625s] DEBUG:colcon.colcon_core.shell:Skip shell extension 'dsv' for command environment
[5.816s] DEBUG:colcon.colcon_core.event_handler.log_command:Invoking command in '/home/lukevizzini/arm_new/arm_code/build/arm_teleop': PYTHONPATH=/home/lukevizzini/arm_new/arm_code/build/arm_teleop/prefix_override:/usr/lib/python3/dist-packages/colcon_core/task/python/colcon_distutils_commands:/home/lukevizzini/arm_new/arm_code/install/arm_teleop/lib/python3.10/site-packages:${PYTHONPATH} /usr/bin/python3 -W ignore:setup.py install is deprecated -W ignore:easy_install command is deprecated setup.py develop --editable --build-directory /home/lukevizzini/arm_new/arm_code/build/arm_teleop/build --no-deps symlink_data
[5.823s] DEBUG:colcon.colcon_core.event_handler.log_command:Invoking command in '/home/lukevizzini/arm_new/arm_code/build/arm_pwm_bridge': PYTHONPATH=/home/lukevizzini/arm_new/arm_code/build/arm_pwm_bridge/prefix_override:/usr/lib/python3/dist-packages/colcon_core/task/python/colcon_distutils_commands:/home/lukevizzini/arm_new/arm_code/install/arm_pwm_bridge/lib/python3.10/site-packages:${PYTHONPATH} /usr/bin/python3 -W ignore:setup.py install is deprecated -W ignore:easy_install command is deprecated setup.py develop --editable --build-directory /home/lukevizzini/arm_new/arm_code/build/arm_pwm_bridge/build --no-deps symlink_data
[5.989s] DEBUG:colcon.colcon_core.event_handler.log_command:Invoking command in '/home/lukevizzini/arm_new/arm_code/build/arm_bringup': CMAKE_PREFIX_PATH=/home/lukevizzini/arm_new/arm_code/install/arm_description:/home/lukevizzini/arm_new/arm_code/install/arm_config:/home/lukevizzini/arm_new/arm_code/install/arm_launch:/home/lukevizzini/arm_new/arm_code/install/arm_bringup:/home/lukevizzini/arm_new/arm_code/install/arm_teleop:/home/lukevizzini/arm_new/arm_code/install/arm_pwm_bridge:/opt/ros/humble /usr/bin/cmake --build /home/lukevizzini/arm_new/arm_code/build/arm_bringup -- -j8 -l8
[6.577s] DEBUG:colcon.colcon_core.event_handler.log_command:Invoked command in '/home/lukevizzini/arm_new/arm_code/build/arm_bringup' returned '0': CMAKE_PREFIX_PATH=/home/lukevizzini/arm_new/arm_code/install/arm_description:/home/lukevizzini/arm_new/arm_code/install/arm_config:/home/lukevizzini/arm_new/arm_code/install/arm_launch:/home/lukevizzini/arm_new/arm_code/install/arm_bringup:/home/lukevizzini/arm_new/arm_code/install/arm_teleop:/home/lukevizzini/arm_new/arm_code/install/arm_pwm_bridge:/opt/ros/humble /usr/bin/cmake --build /home/lukevizzini/arm_new/arm_code/build/arm_bringup -- -j8 -l8
[6.584s] DEBUG:colcon.colcon_core.event_handler.log_command:Invoking command in '/home/lukevizzini/arm_new/arm_code/build/arm_bringup': CMAKE_PREFIX_PATH=/home/lukevizzini/arm_new/arm_code/install/arm_description:/home/lukevizzini/arm_new/arm_code/install/arm_config:/home/lukevizzini/arm_new/arm_code/install/arm_launch:/home/lukevizzini/arm_new/arm_code/install/arm_bringup:/home/lukevizzini/arm_new/arm_code/install/arm_teleop:/home/lukevizzini/arm_new/arm_code/install/arm_pwm_bridge:/opt/ros/humble /usr/bin/cmake --install /home/lukevizzini/arm_new/arm_code/build/arm_bringup
[6.674s] Level 1:colcon.colcon_core.environment:create_environment_scripts_only(arm_bringup)
[6.674s] Level 1:colcon.colcon_core.environment:checking '/home/lukevizzini/arm_new/arm_code/install/arm_bringup' for CMake module files
[6.675s] DEBUG:colcon.colcon_core.event_handler.log_command:Invoked command in '/home/lukevizzini/arm_new/arm_code/build/arm_bringup' returned '0': CMAKE_PREFIX_PATH=/home/lukevizzini/arm_new/arm_code/install/arm_description:/home/lukevizzini/arm_new/arm_code/install/arm_config:/home/lukevizzini/arm_new/arm_code/install/arm_launch:/home/lukevizzini/arm_new/arm_code/install/arm_bringup:/home/lukevizzini/arm_new/arm_code/install/arm_teleop:/home/lukevizzini/arm_new/arm_code/install/arm_pwm_bridge:/opt/ros/humble /usr/bin/cmake --install /home/lukevizzini/arm_new/arm_code/build/arm_bringup
[6.677s] Level 1:colcon.colcon_core.environment:checking '/home/lukevizzini/arm_new/arm_code/install/arm_bringup' for CMake config files
[6.682s] Level 1:colcon.colcon_core.shell:create_environment_hook('arm_bringup', 'cmake_prefix_path')
[6.683s] INFO:colcon.colcon_core.shell:Creating environment hook '/home/lukevizzini/arm_new/arm_code/install/arm_bringup/share/arm_bringup/hook/cmake_prefix_path.ps1'
[6.684s] INFO:colcon.colcon_core.shell:Creating environment descriptor '/home/lukevizzini/arm_new/arm_code/install/arm_bringup/share/arm_bringup/hook/cmake_prefix_path.dsv'
[6.684s] INFO:colcon.colcon_core.shell:Creating environment hook '/home/lukevizzini/arm_new/arm_code/install/arm_bringup/share/arm_bringup/hook/cmake_prefix_path.sh'
[6.685s] Level 1:colcon.colcon_core.environment:checking '/home/lukevizzini/arm_new/arm_code/install/arm_bringup/bin'
[6.685s] Level 1:colcon.colcon_core.environment:checking '/home/lukevizzini/arm_new/arm_code/install/arm_bringup/lib/pkgconfig/arm_bringup.pc'
[6.686s] Level 1:colcon.colcon_core.environment:checking '/home/lukevizzini/arm_new/arm_code/install/arm_bringup/lib/python3.10/site-packages'
[6.686s] Level 1:colcon.colcon_core.environment:checking '/home/lukevizzini/arm_new/arm_code/install/arm_bringup/bin'
[6.686s] INFO:colcon.colcon_core.shell:Creating package script '/home/lukevizzini/arm_new/arm_code/install/arm_bringup/share/arm_bringup/package.ps1'
[6.687s] INFO:colcon.colcon_core.shell:Creating package descriptor '/home/lukevizzini/arm_new/arm_code/install/arm_bringup/share/arm_bringup/package.dsv'
[6.688s] INFO:colcon.colcon_core.shell:Creating package script '/home/lukevizzini/arm_new/arm_code/install/arm_bringup/share/arm_bringup/package.sh'
[6.689s] INFO:colcon.colcon_core.shell:Creating package script '/home/lukevizzini/arm_new/arm_code/install/arm_bringup/share/arm_bringup/package.bash'
[6.690s] INFO:colcon.colcon_core.shell:Creating package script '/home/lukevizzini/arm_new/arm_code/install/arm_bringup/share/arm_bringup/package.zsh'
[6.691s] Level 1:colcon.colcon_core.environment:create_file_with_runtime_dependencies(/home/lukevizzini/arm_new/arm_code/install/arm_bringup/share/colcon-core/packages/arm_bringup)
[6.692s] Level 1:colcon.colcon_core.environment:create_environment_scripts_only(arm_bringup)
[6.693s] Level 1:colcon.colcon_core.environment:checking '/home/lukevizzini/arm_new/arm_code/install/arm_bringup' for CMake module files
[6.693s] Level 1:colcon.colcon_core.environment:checking '/home/lukevizzini/arm_new/arm_code/install/arm_bringup' for CMake config files
[6.694s] Level 1:colcon.colcon_core.shell:create_environment_hook('arm_bringup', 'cmake_prefix_path')
[6.694s] INFO:colcon.colcon_core.shell:Creating environment hook '/home/lukevizzini/arm_new/arm_code/install/arm_bringup/share/arm_bringup/hook/cmake_prefix_path.ps1'
[6.695s] INFO:colcon.colcon_core.shell:Creating environment descriptor '/home/lukevizzini/arm_new/arm_code/install/arm_bringup/share/arm_bringup/hook/cmake_prefix_path.dsv'
[6.695s] INFO:colcon.colcon_core.shell:Creating environment hook '/home/lukevizzini/arm_new/arm_code/install/arm_bringup/share/arm_bringup/hook/cmake_prefix_path.sh'
[6.696s] Level 1:colcon.colcon_core.environment:checking '/home/lukevizzini/arm_new/arm_code/install/arm_bringup/bin'
[6.696s] Level 1:colcon.colcon_core.environment:checking '/home/lukevizzini/arm_new/arm_code/install/arm_bringup/lib/pkgconfig/arm_bringup.pc'
[6.697s] Level 1:colcon.colcon_core.environment:checking '/home/lukevizzini/arm_new/arm_code/install/arm_bringup/lib/python3.10/site-packages'
[6.698s] Level 1:colcon.colcon_core.environment:checking '/home/lukevizzini/arm_new/arm_code/install/arm_bringup/bin'
[6.698s] INFO:colcon.colcon_core.shell:Creating package script '/home/lukevizzini/arm_new/arm_code/install/arm_bringup/share/arm_bringup/package.ps1'
[6.700s] INFO:colcon.colcon_core.shell:Creating package descriptor '/home/lukevizzini/arm_new/arm_code/install/arm_bringup/share/arm_bringup/package.dsv'
[6.701s] INFO:colcon.colcon_core.shell:Creating package script '/home/lukevizzini/arm_new/arm_code/install/arm_bringup/share/arm_bringup/package.sh'
[6.702s] INFO:colcon.colcon_core.shell:Creating package script '/home/lukevizzini/arm_new/arm_code/install/arm_bringup/share/arm_bringup/package.bash'
[6.703s] INFO:colcon.colcon_core.shell:Creating package script '/home/lukevizzini/arm_new/arm_code/install/arm_bringup/share/arm_bringup/package.zsh'
[6.703s] Level 1:colcon.colcon_core.environment:create_file_with_runtime_dependencies(/home/lukevizzini/arm_new/arm_code/install/arm_bringup/share/colcon-core/packages/arm_bringup)
[6.768s] Level 1:colcon.colcon_core.shell:create_environment_hook('arm_teleop', 'pythonpath_develop')
[6.769s] INFO:colcon.colcon_core.shell:Creating environment hook '/home/lukevizzini/arm_new/arm_code/build/arm_teleop/share/arm_teleop/hook/pythonpath_develop.ps1'
[6.770s] DEBUG:colcon.colcon_core.event_handler.log_command:Invoked command in '/home/lukevizzini/arm_new/arm_code/build/arm_teleop' returned '0': PYTHONPATH=/home/lukevizzini/arm_new/arm_code/build/arm_teleop/prefix_override:/usr/lib/python3/dist-packages/colcon_core/task/python/colcon_distutils_commands:/home/lukevizzini/arm_new/arm_code/install/arm_teleop/lib/python3.10/site-packages:${PYTHONPATH} /usr/bin/python3 -W ignore:setup.py install is deprecated -W ignore:easy_install command is deprecated setup.py develop --editable --build-directory /home/lukevizzini/arm_new/arm_code/build/arm_teleop/build --no-deps symlink_data
[6.773s] INFO:colcon.colcon_core.shell:Creating environment descriptor '/home/lukevizzini/arm_new/arm_code/build/arm_teleop/share/arm_teleop/hook/pythonpath_develop.dsv'
[6.773s] INFO:colcon.colcon_core.shell:Creating environment hook '/home/lukevizzini/arm_new/arm_code/build/arm_teleop/share/arm_teleop/hook/pythonpath_develop.sh'
[6.774s] Level 1:colcon.colcon_core.environment:checking '/home/lukevizzini/arm_new/arm_code/install/arm_teleop' for CMake module files
[6.776s] Level 1:colcon.colcon_core.environment:checking '/home/lukevizzini/arm_new/arm_code/install/arm_teleop' for CMake config files
[6.781s] Level 1:colcon.colcon_core.environment:checking '/home/lukevizzini/arm_new/arm_code/install/arm_teleop/lib'
[6.781s] Level 1:colcon.colcon_core.environment:checking '/home/lukevizzini/arm_new/arm_code/install/arm_teleop/bin'
[6.781s] Level 1:colcon.colcon_core.environment:checking '/home/lukevizzini/arm_new/arm_code/install/arm_teleop/lib/pkgconfig/arm_teleop.pc'
[6.781s] Level 1:colcon.colcon_core.environment:checking '/home/lukevizzini/arm_new/arm_code/install/arm_teleop/lib/python3.10/site-packages'
[6.782s] Level 1:colcon.colcon_core.shell:create_environment_hook('arm_teleop', 'pythonpath')
[6.782s] INFO:colcon.colcon_core.shell:Creating environment hook '/home/lukevizzini/arm_new/arm_code/install/arm_teleop/share/arm_teleop/hook/pythonpath.ps1'
[6.784s] INFO:colcon.colcon_core.shell:Creating environment descriptor '/home/lukevizzini/arm_new/arm_code/install/arm_teleop/share/arm_teleop/hook/pythonpath.dsv'
[6.784s] INFO:colcon.colcon_core.shell:Creating environment hook '/home/lukevizzini/arm_new/arm_code/install/arm_teleop/share/arm_teleop/hook/pythonpath.sh'
[6.785s] Level 1:colcon.colcon_core.environment:checking '/home/lukevizzini/arm_new/arm_code/install/arm_teleop/bin'
[6.785s] Level 1:colcon.colcon_core.environment:create_environment_scripts_only(arm_teleop)
[6.786s] INFO:colcon.colcon_core.shell:Creating package script '/home/lukevizzini/arm_new/arm_code/install/arm_teleop/share/arm_teleop/package.ps1'
[6.787s] INFO:colcon.colcon_core.shell:Creating package descriptor '/home/lukevizzini/arm_new/arm_code/install/arm_teleop/share/arm_teleop/package.dsv'
[6.788s] INFO:colcon.colcon_core.shell:Creating package script '/home/lukevizzini/arm_new/arm_code/install/arm_teleop/share/arm_teleop/package.sh'
[6.789s] INFO:colcon.colcon_core.shell:Creating package script '/home/lukevizzini/arm_new/arm_code/install/arm_teleop/share/arm_teleop/package.bash'
[6.790s] INFO:colcon.colcon_core.shell:Creating package script '/home/lukevizzini/arm_new/arm_code/install/arm_teleop/share/arm_teleop/package.zsh'
[6.790s] Level 1:colcon.colcon_core.environment:create_file_with_runtime_dependencies(/home/lukevizzini/arm_new/arm_code/install/arm_teleop/share/colcon-core/packages/arm_teleop)
[6.793s] Level 1:colcon.colcon_core.shell:create_environment_hook('arm_pwm_bridge', 'pythonpath_develop')
[6.794s] INFO:colcon.colcon_core.shell:Creating environment hook '/home/lukevizzini/arm_new/arm_code/build/arm_pwm_bridge/share/arm_pwm_bridge/hook/pythonpath_develop.ps1'
[6.795s] DEBUG:colcon.colcon_core.event_handler.log_command:Invoked command in '/home/lukevizzini/arm_new/arm_code/build/arm_pwm_bridge' returned '0': PYTHONPATH=/home/lukevizzini/arm_new/arm_code/build/arm_pwm_bridge/prefix_override:/usr/lib/python3/dist-packages/colcon_core/task/python/colcon_distutils_commands:/home/lukevizzini/arm_new/arm_code/install/arm_pwm_bridge/lib/python3.10/site-packages:${PYTHONPATH} /usr/bin/python3 -W ignore:setup.py install is deprecated -W ignore:easy_install command is deprecated setup.py develop --editable --build-directory /home/lukevizzini/arm_new/arm_code/build/arm_pwm_bridge/build --no-deps symlink_data
[6.796s] INFO:colcon.colcon_core.shell:Creating environment descriptor '/home/lukevizzini/arm_new/arm_code/build/arm_pwm_bridge/share/arm_pwm_bridge/hook/pythonpath_develop.dsv'
[6.798s] INFO:colcon.colcon_core.shell:Creating environment hook '/home/lukevizzini/arm_new/arm_code/build/arm_pwm_bridge/share/arm_pwm_bridge/hook/pythonpath_develop.sh'
[6.799s] Level 1:colcon.colcon_core.environment:checking '/home/lukevizzini/arm_new/arm_code/install/arm_pwm_bridge' for CMake module files
[6.801s] Level 1:colcon.colcon_core.environment:checking '/home/lukevizzini/arm_new/arm_code/install/arm_pwm_bridge' for CMake config files
[6.805s] Level 1:colcon.colcon_core.environment:checking '/home/lukevizzini/arm_new/arm_code/install/arm_pwm_bridge/lib'
[6.806s] Level 1:colcon.colcon_core.environment:checking '/home/lukevizzini/arm_new/arm_code/install/arm_pwm_bridge/bin'
[6.806s] Level 1:colcon.colcon_core.environment:checking '/home/lukevizzini/arm_new/arm_code/install/arm_pwm_bridge/lib/pkgconfig/arm_pwm_bridge.pc'
[6.806s] Level 1:colcon.colcon_core.environment:checking '/home/lukevizzini/arm_new/arm_code/install/arm_pwm_bridge/lib/python3.10/site-packages'
[6.806s] Level 1:colcon.colcon_core.shell:create_environment_hook('arm_pwm_bridge', 'pythonpath')
[6.807s] INFO:colcon.colcon_core.shell:Creating environment hook '/home/lukevizzini/arm_new/arm_code/install/arm_pwm_bridge/share/arm_pwm_bridge/hook/pythonpath.ps1'
[6.808s] INFO:colcon.colcon_core.shell:Creating environment descriptor '/home/lukevizzini/arm_new/arm_code/install/arm_pwm_bridge/share/arm_pwm_bridge/hook/pythonpath.dsv'
[6.809s] INFO:colcon.colcon_core.shell:Creating environment hook '/home/lukevizzini/arm_new/arm_code/install/arm_pwm_bridge/share/arm_pwm_bridge/hook/pythonpath.sh'
[6.810s] Level 1:colcon.colcon_core.environment:checking '/home/lukevizzini/arm_new/arm_code/install/arm_pwm_bridge/bin'
[6.810s] Level 1:colcon.colcon_core.environment:create_environment_scripts_only(arm_pwm_bridge)
[6.811s] INFO:colcon.colcon_core.shell:Creating package script '/home/lukevizzini/arm_new/arm_code/install/arm_pwm_bridge/share/arm_pwm_bridge/package.ps1'
[6.812s] INFO:colcon.colcon_core.shell:Creating package descriptor '/home/lukevizzini/arm_new/arm_code/install/arm_pwm_bridge/share/arm_pwm_bridge/package.dsv'
[6.813s] INFO:colcon.colcon_core.shell:Creating package script '/home/lukevizzini/arm_new/arm_code/install/arm_pwm_bridge/share/arm_pwm_bridge/package.sh'
[6.814s] INFO:colcon.colcon_core.shell:Creating package script '/home/lukevizzini/arm_new/arm_code/install/arm_pwm_bridge/share/arm_pwm_bridge/package.bash'
[6.815s] INFO:colcon.colcon_core.shell:Creating package script '/home/lukevizzini/arm_new/arm_code/install/arm_pwm_bridge/share/arm_pwm_bridge/package.zsh'
[6.815s] Level 1:colcon.colcon_core.environment:create_file_with_runtime_dependencies(/home/lukevizzini/arm_new/arm_code/install/arm_pwm_bridge/share/colcon-core/packages/arm_pwm_bridge)
[6.816s] INFO:colcon.colcon_ros.task.ament_cmake.build:Building ROS package in '/home/lukevizzini/arm_new/arm_code/src/launch' with build type 'ament_cmake'
[6.817s] INFO:colcon.colcon_cmake.task.cmake.build:Building CMake package in '/home/lukevizzini/arm_new/arm_code/src/launch'
[6.818s] INFO:colcon.colcon_core.shell:Skip shell extension 'powershell' for command environment: Not usable outside of PowerShell
[6.818s] DEBUG:colcon.colcon_core.shell:Skip shell extension 'dsv' for command environment
[8.534s] DEBUG:colcon.colcon_core.event_handler.log_command:Invoking command in '/home/lukevizzini/arm_new/arm_code/build/arm_launch': AMENT_PREFIX_PATH=/home/lukevizzini/arm_new/arm_code/install/arm_teleop:/home/lukevizzini/arm_new/arm_code/install/arm_pwm_bridge:/home/lukevizzini/arm_new/arm_code/install/arm_launch:/home/lukevizzini/arm_new/arm_code/install/arm_bringup:/home/lukevizzini/arm_new/arm_code/install/arm_description:/home/lukevizzini/arm_new/arm_code/install/arm_config:/opt/ros/humble CMAKE_PREFIX_PATH=/home/lukevizzini/arm_new/arm_code/install/arm_bringup:/home/lukevizzini/arm_new/arm_code/install/arm_description:/home/lukevizzini/arm_new/arm_code/install/arm_config:/home/lukevizzini/arm_new/arm_code/install/arm_launch:/home/lukevizzini/arm_new/arm_code/install/arm_teleop:/home/lukevizzini/arm_new/arm_code/install/arm_pwm_bridge:/opt/ros/humble /usr/bin/cmake --build /home/lukevizzini/arm_new/arm_code/build/arm_launch -- -j8 -l8
[9.091s] DEBUG:colcon.colcon_core.event_handler.log_command:Invoked command in '/home/lukevizzini/arm_new/arm_code/build/arm_launch' returned '0': AMENT_PREFIX_PATH=/home/lukevizzini/arm_new/arm_code/install/arm_teleop:/home/lukevizzini/arm_new/arm_code/install/arm_pwm_bridge:/home/lukevizzini/arm_new/arm_code/install/arm_launch:/home/lukevizzini/arm_new/arm_code/install/arm_bringup:/home/lukevizzini/arm_new/arm_code/install/arm_description:/home/lukevizzini/arm_new/arm_code/install/arm_config:/opt/ros/humble CMAKE_PREFIX_PATH=/home/lukevizzini/arm_new/arm_code/install/arm_bringup:/home/lukevizzini/arm_new/arm_code/install/arm_description:/home/lukevizzini/arm_new/arm_code/install/arm_config:/home/lukevizzini/arm_new/arm_code/install/arm_launch:/home/lukevizzini/arm_new/arm_code/install/arm_teleop:/home/lukevizzini/arm_new/arm_code/install/arm_pwm_bridge:/opt/ros/humble /usr/bin/cmake --build /home/lukevizzini/arm_new/arm_code/build/arm_launch -- -j8 -l8
[9.094s] DEBUG:colcon.colcon_core.event_handler.log_command:Invoking command in '/home/lukevizzini/arm_new/arm_code/build/arm_launch': AMENT_PREFIX_PATH=/home/lukevizzini/arm_new/arm_code/install/arm_teleop:/home/lukevizzini/arm_new/arm_code/install/arm_pwm_bridge:/home/lukevizzini/arm_new/arm_code/install/arm_launch:/home/lukevizzini/arm_new/arm_code/install/arm_bringup:/home/lukevizzini/arm_new/arm_code/install/arm_description:/home/lukevizzini/arm_new/arm_code/install/arm_config:/opt/ros/humble CMAKE_PREFIX_PATH=/home/lukevizzini/arm_new/arm_code/install/arm_bringup:/home/lukevizzini/arm_new/arm_code/install/arm_description:/home/lukevizzini/arm_new/arm_code/install/arm_config:/home/lukevizzini/arm_new/arm_code/install/arm_launch:/home/lukevizzini/arm_new/arm_code/install/arm_teleop:/home/lukevizzini/arm_new/arm_code/install/arm_pwm_bridge:/opt/ros/humble /usr/bin/cmake --install /home/lukevizzini/arm_new/arm_code/build/arm_launch
[9.151s] Level 1:colcon.colcon_core.environment:create_environment_scripts_only(arm_launch)
[9.152s] DEBUG:colcon.colcon_core.event_handler.log_command:Invoked command in '/home/lukevizzini/arm_new/arm_code/build/arm_launch' returned '0': AMENT_PREFIX_PATH=/home/lukevizzini/arm_new/arm_code/install/arm_teleop:/home/lukevizzini/arm_new/arm_code/install/arm_pwm_bridge:/home/lukevizzini/arm_new/arm_code/install/arm_launch:/home/lukevizzini/arm_new/arm_code/install/arm_bringup:/home/lukevizzini/arm_new/arm_code/install/arm_description:/home/lukevizzini/arm_new/arm_code/install/arm_config:/opt/ros/humble CMAKE_PREFIX_PATH=/home/lukevizzini/arm_new/arm_code/install/arm_bringup:/home/lukevizzini/arm_new/arm_code/install/arm_description:/home/lukevizzini/arm_new/arm_code/install/arm_config:/home/lukevizzini/arm_new/arm_code/install/arm_launch:/home/lukevizzini/arm_new/arm_code/install/arm_teleop:/home/lukevizzini/arm_new/arm_code/install/arm_pwm_bridge:/opt/ros/humble /usr/bin/cmake --install /home/lukevizzini/arm_new/arm_code/build/arm_launch
[9.152s] Level 1:colcon.colcon_core.environment:checking '/home/lukevizzini/arm_new/arm_code/install/arm_launch' for CMake module files
[9.155s] Level 1:colcon.colcon_core.environment:checking '/home/lukevizzini/arm_new/arm_code/install/arm_launch' for CMake config files
[9.159s] Level 1:colcon.colcon_core.shell:create_environment_hook('arm_launch', 'cmake_prefix_path')
[9.159s] INFO:colcon.colcon_core.shell:Creating environment hook '/home/lukevizzini/arm_new/arm_code/install/arm_launch/share/arm_launch/hook/cmake_prefix_path.ps1'
[9.160s] INFO:colcon.colcon_core.shell:Creating environment descriptor '/home/lukevizzini/arm_new/arm_code/install/arm_launch/share/arm_launch/hook/cmake_prefix_path.dsv'
[9.161s] INFO:colcon.colcon_core.shell:Creating environment hook '/home/lukevizzini/arm_new/arm_code/install/arm_launch/share/arm_launch/hook/cmake_prefix_path.sh'
[9.164s] Level 1:colcon.colcon_core.environment:checking '/home/lukevizzini/arm_new/arm_code/install/arm_launch/bin'
[9.164s] Level 1:colcon.colcon_core.environment:checking '/home/lukevizzini/arm_new/arm_code/install/arm_launch/lib/pkgconfig/arm_launch.pc'
[9.164s] Level 1:colcon.colcon_core.environment:checking '/home/lukevizzini/arm_new/arm_code/install/arm_launch/lib/python3.10/site-packages'
[9.164s] Level 1:colcon.colcon_core.environment:checking '/home/lukevizzini/arm_new/arm_code/install/arm_launch/bin'
[9.165s] INFO:colcon.colcon_core.shell:Creating package script '/home/lukevizzini/arm_new/arm_code/install/arm_launch/share/arm_launch/package.ps1'
[9.165s] INFO:colcon.colcon_core.shell:Creating package descriptor '/home/lukevizzini/arm_new/arm_code/install/arm_launch/share/arm_launch/package.dsv'
[9.166s] INFO:colcon.colcon_core.shell:Creating package script '/home/lukevizzini/arm_new/arm_code/install/arm_launch/share/arm_launch/package.sh'
[9.167s] INFO:colcon.colcon_core.shell:Creating package script '/home/lukevizzini/arm_new/arm_code/install/arm_launch/share/arm_launch/package.bash'
[9.167s] INFO:colcon.colcon_core.shell:Creating package script '/home/lukevizzini/arm_new/arm_code/install/arm_launch/share/arm_launch/package.zsh'
[9.168s] Level 1:colcon.colcon_core.environment:create_file_with_runtime_dependencies(/home/lukevizzini/arm_new/arm_code/install/arm_launch/share/colcon-core/packages/arm_launch)
[9.169s] Level 1:colcon.colcon_core.environment:create_environment_scripts_only(arm_launch)
[9.169s] Level 1:colcon.colcon_core.environment:checking '/home/lukevizzini/arm_new/arm_code/install/arm_launch' for CMake module files
[9.170s] Level 1:colcon.colcon_core.environment:checking '/home/lukevizzini/arm_new/arm_code/install/arm_launch' for CMake config files
[9.171s] Level 1:colcon.colcon_core.shell:create_environment_hook('arm_launch', 'cmake_prefix_path')
[9.171s] INFO:colcon.colcon_core.shell:Creating environment hook '/home/lukevizzini/arm_new/arm_code/install/arm_launch/share/arm_launch/hook/cmake_prefix_path.ps1'
[9.171s] INFO:colcon.colcon_core.shell:Creating environment descriptor '/home/lukevizzini/arm_new/arm_code/install/arm_launch/share/arm_launch/hook/cmake_prefix_path.dsv'
[9.172s] INFO:colcon.colcon_core.shell:Creating environment hook '/home/lukevizzini/arm_new/arm_code/install/arm_launch/share/arm_launch/hook/cmake_prefix_path.sh'
[9.173s] Level 1:colcon.colcon_core.environment:checking '/home/lukevizzini/arm_new/arm_code/install/arm_launch/bin'
[9.173s] Level 1:colcon.colcon_core.environment:checking '/home/lukevizzini/arm_new/arm_code/install/arm_launch/lib/pkgconfig/arm_launch.pc'
[9.173s] Level 1:colcon.colcon_core.environment:checking '/home/lukevizzini/arm_new/arm_code/install/arm_launch/lib/python3.10/site-packages'
[9.173s] Level 1:colcon.colcon_core.environment:checking '/home/lukevizzini/arm_new/arm_code/install/arm_launch/bin'
[9.174s] INFO:colcon.colcon_core.shell:Creating package script '/home/lukevizzini/arm_new/arm_code/install/arm_launch/share/arm_launch/package.ps1'
[9.174s] INFO:colcon.colcon_core.shell:Creating package descriptor '/home/lukevizzini/arm_new/arm_code/install/arm_launch/share/arm_launch/package.dsv'
[9.175s] INFO:colcon.colcon_core.shell:Creating package script '/home/lukevizzini/arm_new/arm_code/install/arm_launch/share/arm_launch/package.sh'
[9.175s] INFO:colcon.colcon_core.shell:Creating package script '/home/lukevizzini/arm_new/arm_code/install/arm_launch/share/arm_launch/package.bash'
[9.175s] INFO:colcon.colcon_core.shell:Creating package script '/home/lukevizzini/arm_new/arm_code/install/arm_launch/share/arm_launch/package.zsh'
[9.176s] Level 1:colcon.colcon_core.environment:create_file_with_runtime_dependencies(/home/lukevizzini/arm_new/arm_code/install/arm_launch/share/colcon-core/packages/arm_launch)
[9.177s] DEBUG:colcon.colcon_parallel_executor.executor.parallel:closing loop
[9.182s] DEBUG:colcon.colcon_parallel_executor.executor.parallel:loop closed
[9.182s] DEBUG:colcon.colcon_parallel_executor.executor.parallel:run_until_complete finished with '0'
[9.182s] DEBUG:colcon.colcon_core.event_reactor:joining thread
[9.369s] INFO:colcon.colcon_core.plugin_system:Skipping extension 'colcon_notification.desktop_notification.notify_send': Could not find 'notify-send'
[9.369s] INFO:colcon.colcon_core.plugin_system:Skipping extension 'colcon_notification.desktop_notification.terminal_notifier': Not used on non-Darwin systems
[9.369s] INFO:colcon.colcon_core.plugin_system:Skipping extension 'colcon_notification.desktop_notification.win32': Not used on non-Windows systems
[9.369s] INFO:colcon.colcon_notification.desktop_notification:Sending desktop notification using 'notify2'
[9.406s] DEBUG:colcon.colcon_notification.desktop_notification.notify2:Failed to initialize notify2: org.freedesktop.DBus.Error.ServiceUnknown: The name org.freedesktop.Notifications was not provided by any .service files
[9.407s] DEBUG:colcon.colcon_core.event_reactor:joined thread
[9.408s] INFO:colcon.colcon_core.shell:Creating prefix script '/home/lukevizzini/arm_new/arm_code/install/local_setup.ps1'
[9.410s] INFO:colcon.colcon_core.shell:Creating prefix util module '/home/lukevizzini/arm_new/arm_code/install/_local_setup_util_ps1.py'
[9.413s] INFO:colcon.colcon_core.shell:Creating prefix chain script '/home/lukevizzini/arm_new/arm_code/install/setup.ps1'
[9.416s] INFO:colcon.colcon_core.shell:Creating prefix script '/home/lukevizzini/arm_new/arm_code/install/local_setup.sh'
[9.418s] INFO:colcon.colcon_core.shell:Creating prefix util module '/home/lukevizzini/arm_new/arm_code/install/_local_setup_util_sh.py'
[9.419s] INFO:colcon.colcon_core.shell:Creating prefix chain script '/home/lukevizzini/arm_new/arm_code/install/setup.sh'
[9.421s] INFO:colcon.colcon_core.shell:Creating prefix script '/home/lukevizzini/arm_new/arm_code/install/local_setup.bash'
[9.423s] INFO:colcon.colcon_core.shell:Creating prefix chain script '/home/lukevizzini/arm_new/arm_code/install/setup.bash'
[9.427s] INFO:colcon.colcon_core.shell:Creating prefix script '/home/lukevizzini/arm_new/arm_code/install/local_setup.zsh'
[9.428s] INFO:colcon.colcon_core.shell:Creating prefix chain script '/home/lukevizzini/arm_new/arm_code/install/setup.zsh'
