[0.463s] DEBUG:colcon:Command line arguments: ['/usr/bin/colcon', 'build', '--symlink-install', '--packages-select', 'arm_bringup', 'arm_launch', 'arm_config']
[0.464s] DEBUG:colcon:Parsed command line arguments: Namespace(log_base=None, log_level=None, verb_name='build', build_base='build', install_base='install', merge_install=False, symlink_install=True, test_result_base=None, continue_on_error=False, executor='parallel', parallel_workers=8, event_handlers=None, ignore_user_meta=False, metas=['./colcon.meta'], base_paths=['.'], packages_ignore=None, packages_ignore_regex=None, paths=None, packages_up_to=None, packages_up_to_regex=None, packages_above=None, packages_above_and_dependencies=None, packages_above_depth=None, packages_select_by_dep=None, packages_skip_by_dep=None, packages_skip_up_to=None, packages_select_build_failed=False, packages_skip_build_finished=False, packages_select_test_failures=False, packages_skip_test_passed=False, packages_select=['arm_bringup', 'arm_launch', 'arm_config'], packages_skip=None, packages_select_regex=None, packages_skip_regex=None, packages_start=None, packages_end=None, allow_overriding=[], cmake_args=None, cmake_target=None, cmake_target_skip_unavailable=False, cmake_clean_cache=False, cmake_clean_first=False, cmake_force_configure=False, ament_cmake_args=None, catkin_cmake_args=None, catkin_skip_building_tests=False, verb_parser=<colcon_defaults.argument_parser.defaults.DefaultArgumentsDecorator object at 0x7a4ffd762aa0>, verb_extension=<colcon_core.verb.build.BuildVerb object at 0x7a4ffd762650>, main=<bound method BuildVerb.main of <colcon_core.verb.build.BuildVerb object at 0x7a4ffd762650>>)
[0.751s] Level 1:colcon.colcon_core.package_discovery:discover_packages(colcon_meta) check parameters
[0.751s] Level 1:colcon.colcon_core.package_discovery:discover_packages(recursive) check parameters
[0.751s] Level 1:colcon.colcon_core.package_discovery:discover_packages(ignore) check parameters
[0.751s] Level 1:colcon.colcon_core.package_discovery:discover_packages(path) check parameters
[0.751s] Level 1:colcon.colcon_core.package_discovery:discover_packages(colcon_meta) discover
[0.751s] Level 1:colcon.colcon_core.package_discovery:discover_packages(recursive) discover
[0.751s] INFO:colcon.colcon_core.package_discovery:Crawling recursively for packages in '/home/lukevizzini/logitech_arm_code/arm_code/arm_code_logitech'
[0.751s] Level 1:colcon.colcon_core.package_identification:_identify(.) by extensions ['ignore', 'ignore_ament_install']
[0.752s] Level 1:colcon.colcon_core.package_identification:_identify(.) by extension 'ignore'
[0.752s] Level 1:colcon.colcon_core.package_identification:_identify(.) by extension 'ignore_ament_install'
[0.752s] Level 1:colcon.colcon_core.package_identification:_identify(.) by extensions ['colcon_pkg']
[0.752s] Level 1:colcon.colcon_core.package_identification:_identify(.) by extension 'colcon_pkg'
[0.752s] Level 1:colcon.colcon_core.package_identification:_identify(.) by extensions ['colcon_meta']
[0.752s] Level 1:colcon.colcon_core.package_identification:_identify(.) by extension 'colcon_meta'
[0.752s] Level 1:colcon.colcon_core.package_identification:_identify(.) by extensions ['ros']
[0.752s] Level 1:colcon.colcon_core.package_identification:_identify(.) by extension 'ros'
[0.767s] Level 1:colcon.colcon_core.package_identification:_identify(.) by extensions ['cmake', 'python']
[0.768s] Level 1:colcon.colcon_core.package_identification:_identify(.) by extension 'cmake'
[0.768s] Level 1:colcon.colcon_core.package_identification:_identify(.) by extension 'python'
[0.768s] Level 1:colcon.colcon_core.package_identification:_identify(.) by extensions ['python_setup_py']
[0.768s] Level 1:colcon.colcon_core.package_identification:_identify(.) by extension 'python_setup_py'
[0.768s] Level 1:colcon.colcon_core.package_identification:_identify(build) by extensions ['ignore', 'ignore_ament_install']
[0.768s] Level 1:colcon.colcon_core.package_identification:_identify(build) by extension 'ignore'
[0.768s] Level 1:colcon.colcon_core.package_identification:_identify(build) ignored
[0.768s] Level 1:colcon.colcon_core.package_identification:_identify(install) by extensions ['ignore', 'ignore_ament_install']
[0.768s] Level 1:colcon.colcon_core.package_identification:_identify(install) by extension 'ignore'
[0.769s] Level 1:colcon.colcon_core.package_identification:_identify(install) ignored
[0.769s] Level 1:colcon.colcon_core.package_identification:_identify(log) by extensions ['ignore', 'ignore_ament_install']
[0.769s] Level 1:colcon.colcon_core.package_identification:_identify(log) by extension 'ignore'
[0.769s] Level 1:colcon.colcon_core.package_identification:_identify(log) ignored
[0.769s] Level 1:colcon.colcon_core.package_identification:_identify(src) by extensions ['ignore', 'ignore_ament_install']
[0.769s] Level 1:colcon.colcon_core.package_identification:_identify(src) by extension 'ignore'
[0.769s] Level 1:colcon.colcon_core.package_identification:_identify(src) by extension 'ignore_ament_install'
[0.769s] Level 1:colcon.colcon_core.package_identification:_identify(src) by extensions ['colcon_pkg']
[0.769s] Level 1:colcon.colcon_core.package_identification:_identify(src) by extension 'colcon_pkg'
[0.769s] Level 1:colcon.colcon_core.package_identification:_identify(src) by extensions ['colcon_meta']
[0.769s] Level 1:colcon.colcon_core.package_identification:_identify(src) by extension 'colcon_meta'
[0.769s] Level 1:colcon.colcon_core.package_identification:_identify(src) by extensions ['ros']
[0.769s] Level 1:colcon.colcon_core.package_identification:_identify(src) by extension 'ros'
[0.769s] Level 1:colcon.colcon_core.package_identification:_identify(src) by extensions ['cmake', 'python']
[0.769s] Level 1:colcon.colcon_core.package_identification:_identify(src) by extension 'cmake'
[0.770s] Level 1:colcon.colcon_core.package_identification:_identify(src) by extension 'python'
[0.770s] Level 1:colcon.colcon_core.package_identification:_identify(src) by extensions ['python_setup_py']
[0.770s] Level 1:colcon.colcon_core.package_identification:_identify(src) by extension 'python_setup_py'
[0.771s] Level 1:colcon.colcon_core.package_identification:_identify(src/bringup) by extensions ['ignore', 'ignore_ament_install']
[0.771s] Level 1:colcon.colcon_core.package_identification:_identify(src/bringup) by extension 'ignore'
[0.771s] Level 1:colcon.colcon_core.package_identification:_identify(src/bringup) by extension 'ignore_ament_install'
[0.771s] Level 1:colcon.colcon_core.package_identification:_identify(src/bringup) by extensions ['colcon_pkg']
[0.771s] Level 1:colcon.colcon_core.package_identification:_identify(src/bringup) by extension 'colcon_pkg'
[0.771s] Level 1:colcon.colcon_core.package_identification:_identify(src/bringup) by extensions ['colcon_meta']
[0.771s] Level 1:colcon.colcon_core.package_identification:_identify(src/bringup) by extension 'colcon_meta'
[0.771s] Level 1:colcon.colcon_core.package_identification:_identify(src/bringup) by extensions ['ros']
[0.771s] Level 1:colcon.colcon_core.package_identification:_identify(src/bringup) by extension 'ros'
[0.776s] DEBUG:colcon.colcon_core.package_identification:Package 'src/bringup' with type 'ros.ament_cmake' and name 'arm_bringup'
[0.776s] Level 1:colcon.colcon_core.package_identification:_identify(src/config) by extensions ['ignore', 'ignore_ament_install']
[0.777s] Level 1:colcon.colcon_core.package_identification:_identify(src/config) by extension 'ignore'
[0.777s] Level 1:colcon.colcon_core.package_identification:_identify(src/config) by extension 'ignore_ament_install'
[0.777s] Level 1:colcon.colcon_core.package_identification:_identify(src/config) by extensions ['colcon_pkg']
[0.777s] Level 1:colcon.colcon_core.package_identification:_identify(src/config) by extension 'colcon_pkg'
[0.777s] Level 1:colcon.colcon_core.package_identification:_identify(src/config) by extensions ['colcon_meta']
[0.777s] Level 1:colcon.colcon_core.package_identification:_identify(src/config) by extension 'colcon_meta'
[0.778s] Level 1:colcon.colcon_core.package_identification:_identify(src/config) by extensions ['ros']
[0.778s] Level 1:colcon.colcon_core.package_identification:_identify(src/config) by extension 'ros'
[0.780s] DEBUG:colcon.colcon_core.package_identification:Package 'src/config' with type 'ros.ament_cmake' and name 'arm_config'
[0.780s] Level 1:colcon.colcon_core.package_identification:_identify(src/description) by extensions ['ignore', 'ignore_ament_install']
[0.780s] Level 1:colcon.colcon_core.package_identification:_identify(src/description) by extension 'ignore'
[0.780s] Level 1:colcon.colcon_core.package_identification:_identify(src/description) by extension 'ignore_ament_install'
[0.780s] Level 1:colcon.colcon_core.package_identification:_identify(src/description) by extensions ['colcon_pkg']
[0.780s] Level 1:colcon.colcon_core.package_identification:_identify(src/description) by extension 'colcon_pkg'
[0.781s] Level 1:colcon.colcon_core.package_identification:_identify(src/description) by extensions ['colcon_meta']
[0.781s] Level 1:colcon.colcon_core.package_identification:_identify(src/description) by extension 'colcon_meta'
[0.781s] Level 1:colcon.colcon_core.package_identification:_identify(src/description) by extensions ['ros']
[0.781s] Level 1:colcon.colcon_core.package_identification:_identify(src/description) by extension 'ros'
[0.781s] DEBUG:colcon.colcon_core.package_identification:Package 'src/description' with type 'ros.ament_cmake' and name 'arm_description'
[0.781s] Level 1:colcon.colcon_core.package_identification:_identify(src/launch) by extensions ['ignore', 'ignore_ament_install']
[0.782s] Level 1:colcon.colcon_core.package_identification:_identify(src/launch) by extension 'ignore'
[0.782s] Level 1:colcon.colcon_core.package_identification:_identify(src/launch) by extension 'ignore_ament_install'
[0.782s] Level 1:colcon.colcon_core.package_identification:_identify(src/launch) by extensions ['colcon_pkg']
[0.782s] Level 1:colcon.colcon_core.package_identification:_identify(src/launch) by extension 'colcon_pkg'
[0.782s] Level 1:colcon.colcon_core.package_identification:_identify(src/launch) by extensions ['colcon_meta']
[0.782s] Level 1:colcon.colcon_core.package_identification:_identify(src/launch) by extension 'colcon_meta'
[0.782s] Level 1:colcon.colcon_core.package_identification:_identify(src/launch) by extensions ['ros']
[0.782s] Level 1:colcon.colcon_core.package_identification:_identify(src/launch) by extension 'ros'
[0.783s] DEBUG:colcon.colcon_core.package_identification:Package 'src/launch' with type 'ros.ament_cmake' and name 'arm_launch'
[0.783s] Level 1:colcon.colcon_core.package_identification:_identify(src/pwm_bridge) by extensions ['ignore', 'ignore_ament_install']
[0.783s] Level 1:colcon.colcon_core.package_identification:_identify(src/pwm_bridge) by extension 'ignore'
[0.783s] Level 1:colcon.colcon_core.package_identification:_identify(src/pwm_bridge) by extension 'ignore_ament_install'
[0.783s] Level 1:colcon.colcon_core.package_identification:_identify(src/pwm_bridge) by extensions ['colcon_pkg']
[0.783s] Level 1:colcon.colcon_core.package_identification:_identify(src/pwm_bridge) by extension 'colcon_pkg'
[0.783s] Level 1:colcon.colcon_core.package_identification:_identify(src/pwm_bridge) by extensions ['colcon_meta']
[0.783s] Level 1:colcon.colcon_core.package_identification:_identify(src/pwm_bridge) by extension 'colcon_meta'
[0.783s] Level 1:colcon.colcon_core.package_identification:_identify(src/pwm_bridge) by extensions ['ros']
[0.783s] Level 1:colcon.colcon_core.package_identification:_identify(src/pwm_bridge) by extension 'ros'
[0.784s] DEBUG:colcon.colcon_core.package_identification:Package 'src/pwm_bridge' with type 'ros.ament_python' and name 'arm_pwm_bridge'
[0.784s] Level 1:colcon.colcon_core.package_identification:_identify(src/teleop) by extensions ['ignore', 'ignore_ament_install']
[0.784s] Level 1:colcon.colcon_core.package_identification:_identify(src/teleop) by extension 'ignore'
[0.784s] Level 1:colcon.colcon_core.package_identification:_identify(src/teleop) by extension 'ignore_ament_install'
[0.784s] Level 1:colcon.colcon_core.package_identification:_identify(src/teleop) by extensions ['colcon_pkg']
[0.784s] Level 1:colcon.colcon_core.package_identification:_identify(src/teleop) by extension 'colcon_pkg'
[0.784s] Level 1:colcon.colcon_core.package_identification:_identify(src/teleop) by extensions ['colcon_meta']
[0.784s] Level 1:colcon.colcon_core.package_identification:_identify(src/teleop) by extension 'colcon_meta'
[0.784s] Level 1:colcon.colcon_core.package_identification:_identify(src/teleop) by extensions ['ros']
[0.784s] Level 1:colcon.colcon_core.package_identification:_identify(src/teleop) by extension 'ros'
[0.785s] DEBUG:colcon.colcon_core.package_identification:Package 'src/teleop' with type 'ros.ament_python' and name 'arm_teleop'
[0.785s] Level 1:colcon.colcon_core.package_discovery:discover_packages(recursive) using defaults
[0.785s] Level 1:colcon.colcon_core.package_discovery:discover_packages(ignore) discover
[0.785s] Level 1:colcon.colcon_core.package_discovery:discover_packages(ignore) using defaults
[0.785s] Level 1:colcon.colcon_core.package_discovery:discover_packages(path) discover
[0.785s] Level 1:colcon.colcon_core.package_discovery:discover_packages(path) using defaults
[0.850s] INFO:colcon.colcon_core.package_selection:Skipping not selected package 'arm_pwm_bridge' in 'src/pwm_bridge'
[0.851s] INFO:colcon.colcon_core.package_selection:Skipping not selected package 'arm_teleop' in 'src/teleop'
[0.851s] INFO:colcon.colcon_core.package_selection:Skipping not selected package 'arm_description' in 'src/description'
[0.852s] Level 1:colcon.colcon_core.package_discovery:discover_packages(prefix_path) check parameters
[0.852s] Level 1:colcon.colcon_core.package_discovery:discover_packages(prefix_path) discover
[0.858s] DEBUG:colcon.colcon_installed_package_information.package_discovery:Found 6 installed packages in /home/lukevizzini/logitech_arm_code/arm_code/arm_code_logitech/install
[0.861s] DEBUG:colcon.colcon_installed_package_information.package_discovery:Found 6 installed packages in /home/lukevizzini/arm_v3/arm_code/install
[0.862s] DEBUG:colcon.colcon_installed_package_information.package_discovery:Found 6 installed packages in /home/lukevizzini/arm_new_v2/arm_code/install
[0.867s] DEBUG:colcon.colcon_installed_package_information.package_discovery:Found 421 installed packages in /opt/ros/humble
[0.869s] Level 1:colcon.colcon_core.package_discovery:discover_packages(prefix_path) using defaults
[0.963s] WARNING:colcon.colcon_core.package_selection:Some selected packages are already built in one or more underlay workspaces:
	'arm_config' is in: /home/lukevizzini/logitech_arm_code/arm_code/arm_code_logitech/install/arm_config, /home/lukevizzini/arm_v3/arm_code/install/arm_config, /home/lukevizzini/arm_new_v2/arm_code/install/arm_config
If a package in a merged underlay workspace is overridden and it installs headers, then all packages in the overlay must sort their include directories by workspace order. Failure to do so may result in build failures or undefined behavior at run time.
If the overridden package is used by another package in any underlay, then the overriding package in the overlay must be API and ABI compatible or undefined behavior at run time may occur.

If you understand the risks and want to override a package anyways, add the following to the command line:
	--allow-overriding arm_config

This may be promoted to an error in a future release of colcon-override-check.
[0.964s] Level 5:colcon.colcon_core.verb:set package 'arm_config' build argument 'cmake_args' from command line to 'None'
[0.964s] Level 5:colcon.colcon_core.verb:set package 'arm_config' build argument 'cmake_target' from command line to 'None'
[0.964s] Level 5:colcon.colcon_core.verb:set package 'arm_config' build argument 'cmake_target_skip_unavailable' from command line to 'False'
[0.964s] Level 5:colcon.colcon_core.verb:set package 'arm_config' build argument 'cmake_clean_cache' from command line to 'False'
[0.965s] Level 5:colcon.colcon_core.verb:set package 'arm_config' build argument 'cmake_clean_first' from command line to 'False'
[0.965s] Level 5:colcon.colcon_core.verb:set package 'arm_config' build argument 'cmake_force_configure' from command line to 'False'
[0.965s] Level 5:colcon.colcon_core.verb:set package 'arm_config' build argument 'ament_cmake_args' from command line to 'None'
[0.965s] Level 5:colcon.colcon_core.verb:set package 'arm_config' build argument 'catkin_cmake_args' from command line to 'None'
[0.965s] Level 5:colcon.colcon_core.verb:set package 'arm_config' build argument 'catkin_skip_building_tests' from command line to 'False'
[0.965s] DEBUG:colcon.colcon_core.verb:Building package 'arm_config' with the following arguments: {'ament_cmake_args': None, 'build_base': '/home/lukevizzini/logitech_arm_code/arm_code/arm_code_logitech/build/arm_config', 'catkin_cmake_args': None, 'catkin_skip_building_tests': False, 'cmake_args': None, 'cmake_clean_cache': False, 'cmake_clean_first': False, 'cmake_force_configure': False, 'cmake_target': None, 'cmake_target_skip_unavailable': False, 'install_base': '/home/lukevizzini/logitech_arm_code/arm_code/arm_code_logitech/install/arm_config', 'merge_install': False, 'path': '/home/lukevizzini/logitech_arm_code/arm_code/arm_code_logitech/src/config', 'symlink_install': True, 'test_result_base': None}
[0.965s] Level 5:colcon.colcon_core.verb:set package 'arm_bringup' build argument 'cmake_args' from command line to 'None'
[0.965s] Level 5:colcon.colcon_core.verb:set package 'arm_bringup' build argument 'cmake_target' from command line to 'None'
[0.965s] Level 5:colcon.colcon_core.verb:set package 'arm_bringup' build argument 'cmake_target_skip_unavailable' from command line to 'False'
[0.966s] Level 5:colcon.colcon_core.verb:set package 'arm_bringup' build argument 'cmake_clean_cache' from command line to 'False'
[0.966s] Level 5:colcon.colcon_core.verb:set package 'arm_bringup' build argument 'cmake_clean_first' from command line to 'False'
[0.966s] Level 5:colcon.colcon_core.verb:set package 'arm_bringup' build argument 'cmake_force_configure' from command line to 'False'
[0.966s] Level 5:colcon.colcon_core.verb:set package 'arm_bringup' build argument 'ament_cmake_args' from command line to 'None'
[0.966s] Level 5:colcon.colcon_core.verb:set package 'arm_bringup' build argument 'catkin_cmake_args' from command line to 'None'
[0.966s] Level 5:colcon.colcon_core.verb:set package 'arm_bringup' build argument 'catkin_skip_building_tests' from command line to 'False'
[0.966s] DEBUG:colcon.colcon_core.verb:Building package 'arm_bringup' with the following arguments: {'ament_cmake_args': None, 'build_base': '/home/lukevizzini/logitech_arm_code/arm_code/arm_code_logitech/build/arm_bringup', 'catkin_cmake_args': None, 'catkin_skip_building_tests': False, 'cmake_args': None, 'cmake_clean_cache': False, 'cmake_clean_first': False, 'cmake_force_configure': False, 'cmake_target': None, 'cmake_target_skip_unavailable': False, 'install_base': '/home/lukevizzini/logitech_arm_code/arm_code/arm_code_logitech/install/arm_bringup', 'merge_install': False, 'path': '/home/lukevizzini/logitech_arm_code/arm_code/arm_code_logitech/src/bringup', 'symlink_install': True, 'test_result_base': None}
[0.966s] Level 5:colcon.colcon_core.verb:set package 'arm_launch' build argument 'cmake_args' from command line to 'None'
[0.966s] Level 5:colcon.colcon_core.verb:set package 'arm_launch' build argument 'cmake_target' from command line to 'None'
[0.967s] Level 5:colcon.colcon_core.verb:set package 'arm_launch' build argument 'cmake_target_skip_unavailable' from command line to 'False'
[0.967s] Level 5:colcon.colcon_core.verb:set package 'arm_launch' build argument 'cmake_clean_cache' from command line to 'False'
[0.967s] Level 5:colcon.colcon_core.verb:set package 'arm_launch' build argument 'cmake_clean_first' from command line to 'False'
[0.967s] Level 5:colcon.colcon_core.verb:set package 'arm_launch' build argument 'cmake_force_configure' from command line to 'False'
[0.967s] Level 5:colcon.colcon_core.verb:set package 'arm_launch' build argument 'ament_cmake_args' from command line to 'None'
[0.967s] Level 5:colcon.colcon_core.verb:set package 'arm_launch' build argument 'catkin_cmake_args' from command line to 'None'
[0.967s] Level 5:colcon.colcon_core.verb:set package 'arm_launch' build argument 'catkin_skip_building_tests' from command line to 'False'
[0.967s] DEBUG:colcon.colcon_core.verb:Building package 'arm_launch' with the following arguments: {'ament_cmake_args': None, 'build_base': '/home/lukevizzini/logitech_arm_code/arm_code/arm_code_logitech/build/arm_launch', 'catkin_cmake_args': None, 'catkin_skip_building_tests': False, 'cmake_args': None, 'cmake_clean_cache': False, 'cmake_clean_first': False, 'cmake_force_configure': False, 'cmake_target': None, 'cmake_target_skip_unavailable': False, 'install_base': '/home/lukevizzini/logitech_arm_code/arm_code/arm_code_logitech/install/arm_launch', 'merge_install': False, 'path': '/home/lukevizzini/logitech_arm_code/arm_code/arm_code_logitech/src/launch', 'symlink_install': True, 'test_result_base': None}
[0.967s] INFO:colcon.colcon_core.executor:Executing jobs using 'parallel' executor
[0.969s] DEBUG:colcon.colcon_parallel_executor.executor.parallel:run_until_complete
[0.969s] INFO:colcon.colcon_ros.task.ament_cmake.build:Building ROS package in '/home/lukevizzini/logitech_arm_code/arm_code/arm_code_logitech/src/config' with build type 'ament_cmake'
[0.969s] INFO:colcon.colcon_cmake.task.cmake.build:Building CMake package in '/home/lukevizzini/logitech_arm_code/arm_code/arm_code_logitech/src/config'
[0.975s] INFO:colcon.colcon_core.plugin_system:Skipping extension 'colcon_core.shell.bat': Not used on non-Windows systems
[0.976s] INFO:colcon.colcon_core.shell:Skip shell extension 'powershell' for command environment: Not usable outside of PowerShell
[0.976s] DEBUG:colcon.colcon_core.shell:Skip shell extension 'dsv' for command environment
[0.995s] DEBUG:colcon.colcon_core.event_handler.log_command:Invoking command in '/home/lukevizzini/logitech_arm_code/arm_code/arm_code_logitech/build/arm_config': CMAKE_PREFIX_PATH=${CMAKE_PREFIX_PATH}:/home/lukevizzini/logitech_arm_code/arm_code/arm_code_logitech/install/arm_teleop:/home/lukevizzini/logitech_arm_code/arm_code/arm_code_logitech/install/arm_pwm_bridge:/home/lukevizzini/arm_v3/arm_code/install/arm_teleop:/home/lukevizzini/arm_v3/arm_code/install/arm_pwm_bridge:/home/lukevizzini/arm_new_v2/arm_code/install/arm_teleop:/home/lukevizzini/arm_new_v2/arm_code/install/arm_pwm_bridge:/opt/ros/humble /usr/bin/cmake --build /home/lukevizzini/logitech_arm_code/arm_code/arm_code_logitech/build/arm_config -- -j8 -l8
[1.078s] DEBUG:colcon.colcon_core.event_handler.log_command:Invoked command in '/home/lukevizzini/logitech_arm_code/arm_code/arm_code_logitech/build/arm_config' returned '0': CMAKE_PREFIX_PATH=${CMAKE_PREFIX_PATH}:/home/lukevizzini/logitech_arm_code/arm_code/arm_code_logitech/install/arm_teleop:/home/lukevizzini/logitech_arm_code/arm_code/arm_code_logitech/install/arm_pwm_bridge:/home/lukevizzini/arm_v3/arm_code/install/arm_teleop:/home/lukevizzini/arm_v3/arm_code/install/arm_pwm_bridge:/home/lukevizzini/arm_new_v2/arm_code/install/arm_teleop:/home/lukevizzini/arm_new_v2/arm_code/install/arm_pwm_bridge:/opt/ros/humble /usr/bin/cmake --build /home/lukevizzini/logitech_arm_code/arm_code/arm_code_logitech/build/arm_config -- -j8 -l8
[1.102s] DEBUG:colcon.colcon_core.event_handler.log_command:Invoking command in '/home/lukevizzini/logitech_arm_code/arm_code/arm_code_logitech/build/arm_config': CMAKE_PREFIX_PATH=${CMAKE_PREFIX_PATH}:/home/lukevizzini/logitech_arm_code/arm_code/arm_code_logitech/install/arm_teleop:/home/lukevizzini/logitech_arm_code/arm_code/arm_code_logitech/install/arm_pwm_bridge:/home/lukevizzini/arm_v3/arm_code/install/arm_teleop:/home/lukevizzini/arm_v3/arm_code/install/arm_pwm_bridge:/home/lukevizzini/arm_new_v2/arm_code/install/arm_teleop:/home/lukevizzini/arm_new_v2/arm_code/install/arm_pwm_bridge:/opt/ros/humble /usr/bin/cmake --install /home/lukevizzini/logitech_arm_code/arm_code/arm_code_logitech/build/arm_config
[1.143s] Level 1:colcon.colcon_core.environment:create_environment_scripts_only(arm_config)
[1.143s] DEBUG:colcon.colcon_core.event_handler.log_command:Invoked command in '/home/lukevizzini/logitech_arm_code/arm_code/arm_code_logitech/build/arm_config' returned '0': CMAKE_PREFIX_PATH=${CMAKE_PREFIX_PATH}:/home/lukevizzini/logitech_arm_code/arm_code/arm_code_logitech/install/arm_teleop:/home/lukevizzini/logitech_arm_code/arm_code/arm_code_logitech/install/arm_pwm_bridge:/home/lukevizzini/arm_v3/arm_code/install/arm_teleop:/home/lukevizzini/arm_v3/arm_code/install/arm_pwm_bridge:/home/lukevizzini/arm_new_v2/arm_code/install/arm_teleop:/home/lukevizzini/arm_new_v2/arm_code/install/arm_pwm_bridge:/opt/ros/humble /usr/bin/cmake --install /home/lukevizzini/logitech_arm_code/arm_code/arm_code_logitech/build/arm_config
[1.149s] Level 1:colcon.colcon_core.environment:checking '/home/lukevizzini/logitech_arm_code/arm_code/arm_code_logitech/install/arm_config' for CMake module files
[1.151s] Level 1:colcon.colcon_core.environment:checking '/home/lukevizzini/logitech_arm_code/arm_code/arm_code_logitech/install/arm_config' for CMake config files
[1.152s] Level 1:colcon.colcon_core.shell:create_environment_hook('arm_config', 'cmake_prefix_path')
[1.153s] INFO:colcon.colcon_core.shell:Creating environment hook '/home/lukevizzini/logitech_arm_code/arm_code/arm_code_logitech/install/arm_config/share/arm_config/hook/cmake_prefix_path.ps1'
[1.154s] INFO:colcon.colcon_core.shell:Creating environment descriptor '/home/lukevizzini/logitech_arm_code/arm_code/arm_code_logitech/install/arm_config/share/arm_config/hook/cmake_prefix_path.dsv'
[1.155s] INFO:colcon.colcon_core.shell:Creating environment hook '/home/lukevizzini/logitech_arm_code/arm_code/arm_code_logitech/install/arm_config/share/arm_config/hook/cmake_prefix_path.sh'
[1.156s] Level 1:colcon.colcon_core.environment:checking '/home/lukevizzini/logitech_arm_code/arm_code/arm_code_logitech/install/arm_config/bin'
[1.157s] Level 1:colcon.colcon_core.environment:checking '/home/lukevizzini/logitech_arm_code/arm_code/arm_code_logitech/install/arm_config/lib/pkgconfig/arm_config.pc'
[1.157s] Level 1:colcon.colcon_core.environment:checking '/home/lukevizzini/logitech_arm_code/arm_code/arm_code_logitech/install/arm_config/lib/python3.10/site-packages'
[1.158s] Level 1:colcon.colcon_core.environment:checking '/home/lukevizzini/logitech_arm_code/arm_code/arm_code_logitech/install/arm_config/bin'
[1.158s] INFO:colcon.colcon_core.shell:Creating package script '/home/lukevizzini/logitech_arm_code/arm_code/arm_code_logitech/install/arm_config/share/arm_config/package.ps1'
[1.160s] INFO:colcon.colcon_core.shell:Creating package descriptor '/home/lukevizzini/logitech_arm_code/arm_code/arm_code_logitech/install/arm_config/share/arm_config/package.dsv'
[1.161s] INFO:colcon.colcon_core.shell:Creating package script '/home/lukevizzini/logitech_arm_code/arm_code/arm_code_logitech/install/arm_config/share/arm_config/package.sh'
[1.162s] INFO:colcon.colcon_core.shell:Creating package script '/home/lukevizzini/logitech_arm_code/arm_code/arm_code_logitech/install/arm_config/share/arm_config/package.bash'
[1.163s] INFO:colcon.colcon_core.shell:Creating package script '/home/lukevizzini/logitech_arm_code/arm_code/arm_code_logitech/install/arm_config/share/arm_config/package.zsh'
[1.164s] Level 1:colcon.colcon_core.environment:create_file_with_runtime_dependencies(/home/lukevizzini/logitech_arm_code/arm_code/arm_code_logitech/install/arm_config/share/colcon-core/packages/arm_config)
[1.165s] Level 1:colcon.colcon_core.environment:create_environment_scripts_only(arm_config)
[1.165s] Level 1:colcon.colcon_core.environment:checking '/home/lukevizzini/logitech_arm_code/arm_code/arm_code_logitech/install/arm_config' for CMake module files
[1.166s] Level 1:colcon.colcon_core.environment:checking '/home/lukevizzini/logitech_arm_code/arm_code/arm_code_logitech/install/arm_config' for CMake config files
[1.167s] Level 1:colcon.colcon_core.shell:create_environment_hook('arm_config', 'cmake_prefix_path')
[1.167s] INFO:colcon.colcon_core.shell:Creating environment hook '/home/lukevizzini/logitech_arm_code/arm_code/arm_code_logitech/install/arm_config/share/arm_config/hook/cmake_prefix_path.ps1'
[1.169s] INFO:colcon.colcon_core.shell:Creating environment descriptor '/home/lukevizzini/logitech_arm_code/arm_code/arm_code_logitech/install/arm_config/share/arm_config/hook/cmake_prefix_path.dsv'
[1.170s] INFO:colcon.colcon_core.shell:Creating environment hook '/home/lukevizzini/logitech_arm_code/arm_code/arm_code_logitech/install/arm_config/share/arm_config/hook/cmake_prefix_path.sh'
[1.171s] Level 1:colcon.colcon_core.environment:checking '/home/lukevizzini/logitech_arm_code/arm_code/arm_code_logitech/install/arm_config/bin'
[1.171s] Level 1:colcon.colcon_core.environment:checking '/home/lukevizzini/logitech_arm_code/arm_code/arm_code_logitech/install/arm_config/lib/pkgconfig/arm_config.pc'
[1.172s] Level 1:colcon.colcon_core.environment:checking '/home/lukevizzini/logitech_arm_code/arm_code/arm_code_logitech/install/arm_config/lib/python3.10/site-packages'
[1.172s] Level 1:colcon.colcon_core.environment:checking '/home/lukevizzini/logitech_arm_code/arm_code/arm_code_logitech/install/arm_config/bin'
[1.173s] INFO:colcon.colcon_core.shell:Creating package script '/home/lukevizzini/logitech_arm_code/arm_code/arm_code_logitech/install/arm_config/share/arm_config/package.ps1'
[1.174s] INFO:colcon.colcon_core.shell:Creating package descriptor '/home/lukevizzini/logitech_arm_code/arm_code/arm_code_logitech/install/arm_config/share/arm_config/package.dsv'
[1.175s] INFO:colcon.colcon_core.shell:Creating package script '/home/lukevizzini/logitech_arm_code/arm_code/arm_code_logitech/install/arm_config/share/arm_config/package.sh'
[1.175s] INFO:colcon.colcon_core.shell:Creating package script '/home/lukevizzini/logitech_arm_code/arm_code/arm_code_logitech/install/arm_config/share/arm_config/package.bash'
[1.177s] INFO:colcon.colcon_core.shell:Creating package script '/home/lukevizzini/logitech_arm_code/arm_code/arm_code_logitech/install/arm_config/share/arm_config/package.zsh'
[1.178s] Level 1:colcon.colcon_core.environment:create_file_with_runtime_dependencies(/home/lukevizzini/logitech_arm_code/arm_code/arm_code_logitech/install/arm_config/share/colcon-core/packages/arm_config)
[1.179s] INFO:colcon.colcon_ros.task.ament_cmake.build:Building ROS package in '/home/lukevizzini/logitech_arm_code/arm_code/arm_code_logitech/src/bringup' with build type 'ament_cmake'
[1.180s] INFO:colcon.colcon_cmake.task.cmake.build:Building CMake package in '/home/lukevizzini/logitech_arm_code/arm_code/arm_code_logitech/src/bringup'
[1.181s] INFO:colcon.colcon_core.shell:Skip shell extension 'powershell' for command environment: Not usable outside of PowerShell
[1.184s] DEBUG:colcon.colcon_core.shell:Skip shell extension 'dsv' for command environment
[1.597s] DEBUG:colcon.colcon_core.event_handler.log_command:Invoking command in '/home/lukevizzini/logitech_arm_code/arm_code/arm_code_logitech/build/arm_bringup': CMAKE_PREFIX_PATH=/home/lukevizzini/logitech_arm_code/arm_code/arm_code_logitech/install/arm_description:/home/lukevizzini/logitech_arm_code/arm_code/arm_code_logitech/install/arm_config:/home/lukevizzini/logitech_arm_code/arm_code/arm_code_logitech/install/arm_launch:/home/lukevizzini/logitech_arm_code/arm_code/arm_code_logitech/install/arm_bringup:/home/lukevizzini/arm_v3/arm_code/install/arm_launch:/home/lukevizzini/arm_v3/arm_code/install/arm_bringup:/home/lukevizzini/arm_v3/arm_code/install/arm_description:/home/lukevizzini/arm_v3/arm_code/install/arm_config:/home/lukevizzini/arm_new_v2/arm_code/install/arm_launch:/home/lukevizzini/arm_new_v2/arm_code/install/arm_bringup:/home/lukevizzini/arm_new_v2/arm_code/install/arm_description:/home/lukevizzini/arm_new_v2/arm_code/install/arm_config:/home/lukevizzini/logitech_arm_code/arm_code/arm_code_logitech/install/arm_teleop:/home/lukevizzini/logitech_arm_code/arm_code/arm_code_logitech/install/arm_pwm_bridge:/home/lukevizzini/arm_v3/arm_code/install/arm_teleop:/home/lukevizzini/arm_v3/arm_code/install/arm_pwm_bridge:/home/lukevizzini/arm_new_v2/arm_code/install/arm_teleop:/home/lukevizzini/arm_new_v2/arm_code/install/arm_pwm_bridge:/opt/ros/humble /usr/bin/cmake --build /home/lukevizzini/logitech_arm_code/arm_code/arm_code_logitech/build/arm_bringup -- -j8 -l8
[1.665s] DEBUG:colcon.colcon_core.event_handler.log_command:Invoked command in '/home/lukevizzini/logitech_arm_code/arm_code/arm_code_logitech/build/arm_bringup' returned '0': CMAKE_PREFIX_PATH=/home/lukevizzini/logitech_arm_code/arm_code/arm_code_logitech/install/arm_description:/home/lukevizzini/logitech_arm_code/arm_code/arm_code_logitech/install/arm_config:/home/lukevizzini/logitech_arm_code/arm_code/arm_code_logitech/install/arm_launch:/home/lukevizzini/logitech_arm_code/arm_code/arm_code_logitech/install/arm_bringup:/home/lukevizzini/arm_v3/arm_code/install/arm_launch:/home/lukevizzini/arm_v3/arm_code/install/arm_bringup:/home/lukevizzini/arm_v3/arm_code/install/arm_description:/home/lukevizzini/arm_v3/arm_code/install/arm_config:/home/lukevizzini/arm_new_v2/arm_code/install/arm_launch:/home/lukevizzini/arm_new_v2/arm_code/install/arm_bringup:/home/lukevizzini/arm_new_v2/arm_code/install/arm_description:/home/lukevizzini/arm_new_v2/arm_code/install/arm_config:/home/lukevizzini/logitech_arm_code/arm_code/arm_code_logitech/install/arm_teleop:/home/lukevizzini/logitech_arm_code/arm_code/arm_code_logitech/install/arm_pwm_bridge:/home/lukevizzini/arm_v3/arm_code/install/arm_teleop:/home/lukevizzini/arm_v3/arm_code/install/arm_pwm_bridge:/home/lukevizzini/arm_new_v2/arm_code/install/arm_teleop:/home/lukevizzini/arm_new_v2/arm_code/install/arm_pwm_bridge:/opt/ros/humble /usr/bin/cmake --build /home/lukevizzini/logitech_arm_code/arm_code/arm_code_logitech/build/arm_bringup -- -j8 -l8
[1.670s] DEBUG:colcon.colcon_core.event_handler.log_command:Invoking command in '/home/lukevizzini/logitech_arm_code/arm_code/arm_code_logitech/build/arm_bringup': CMAKE_PREFIX_PATH=/home/lukevizzini/logitech_arm_code/arm_code/arm_code_logitech/install/arm_description:/home/lukevizzini/logitech_arm_code/arm_code/arm_code_logitech/install/arm_config:/home/lukevizzini/logitech_arm_code/arm_code/arm_code_logitech/install/arm_launch:/home/lukevizzini/logitech_arm_code/arm_code/arm_code_logitech/install/arm_bringup:/home/lukevizzini/arm_v3/arm_code/install/arm_launch:/home/lukevizzini/arm_v3/arm_code/install/arm_bringup:/home/lukevizzini/arm_v3/arm_code/install/arm_description:/home/lukevizzini/arm_v3/arm_code/install/arm_config:/home/lukevizzini/arm_new_v2/arm_code/install/arm_launch:/home/lukevizzini/arm_new_v2/arm_code/install/arm_bringup:/home/lukevizzini/arm_new_v2/arm_code/install/arm_description:/home/lukevizzini/arm_new_v2/arm_code/install/arm_config:/home/lukevizzini/logitech_arm_code/arm_code/arm_code_logitech/install/arm_teleop:/home/lukevizzini/logitech_arm_code/arm_code/arm_code_logitech/install/arm_pwm_bridge:/home/lukevizzini/arm_v3/arm_code/install/arm_teleop:/home/lukevizzini/arm_v3/arm_code/install/arm_pwm_bridge:/home/lukevizzini/arm_new_v2/arm_code/install/arm_teleop:/home/lukevizzini/arm_new_v2/arm_code/install/arm_pwm_bridge:/opt/ros/humble /usr/bin/cmake --install /home/lukevizzini/logitech_arm_code/arm_code/arm_code_logitech/build/arm_bringup
[1.715s] Level 1:colcon.colcon_core.environment:create_environment_scripts_only(arm_bringup)
[1.716s] DEBUG:colcon.colcon_core.event_handler.log_command:Invoked command in '/home/lukevizzini/logitech_arm_code/arm_code/arm_code_logitech/build/arm_bringup' returned '0': CMAKE_PREFIX_PATH=/home/lukevizzini/logitech_arm_code/arm_code/arm_code_logitech/install/arm_description:/home/lukevizzini/logitech_arm_code/arm_code/arm_code_logitech/install/arm_config:/home/lukevizzini/logitech_arm_code/arm_code/arm_code_logitech/install/arm_launch:/home/lukevizzini/logitech_arm_code/arm_code/arm_code_logitech/install/arm_bringup:/home/lukevizzini/arm_v3/arm_code/install/arm_launch:/home/lukevizzini/arm_v3/arm_code/install/arm_bringup:/home/lukevizzini/arm_v3/arm_code/install/arm_description:/home/lukevizzini/arm_v3/arm_code/install/arm_config:/home/lukevizzini/arm_new_v2/arm_code/install/arm_launch:/home/lukevizzini/arm_new_v2/arm_code/install/arm_bringup:/home/lukevizzini/arm_new_v2/arm_code/install/arm_description:/home/lukevizzini/arm_new_v2/arm_code/install/arm_config:/home/lukevizzini/logitech_arm_code/arm_code/arm_code_logitech/install/arm_teleop:/home/lukevizzini/logitech_arm_code/arm_code/arm_code_logitech/install/arm_pwm_bridge:/home/lukevizzini/arm_v3/arm_code/install/arm_teleop:/home/lukevizzini/arm_v3/arm_code/install/arm_pwm_bridge:/home/lukevizzini/arm_new_v2/arm_code/install/arm_teleop:/home/lukevizzini/arm_new_v2/arm_code/install/arm_pwm_bridge:/opt/ros/humble /usr/bin/cmake --install /home/lukevizzini/logitech_arm_code/arm_code/arm_code_logitech/build/arm_bringup
[1.717s] Level 1:colcon.colcon_core.environment:checking '/home/lukevizzini/logitech_arm_code/arm_code/arm_code_logitech/install/arm_bringup' for CMake module files
[1.719s] Level 1:colcon.colcon_core.environment:checking '/home/lukevizzini/logitech_arm_code/arm_code/arm_code_logitech/install/arm_bringup' for CMake config files
[1.719s] Level 1:colcon.colcon_core.shell:create_environment_hook('arm_bringup', 'cmake_prefix_path')
[1.720s] INFO:colcon.colcon_core.shell:Creating environment hook '/home/lukevizzini/logitech_arm_code/arm_code/arm_code_logitech/install/arm_bringup/share/arm_bringup/hook/cmake_prefix_path.ps1'
[1.721s] INFO:colcon.colcon_core.shell:Creating environment descriptor '/home/lukevizzini/logitech_arm_code/arm_code/arm_code_logitech/install/arm_bringup/share/arm_bringup/hook/cmake_prefix_path.dsv'
[1.722s] INFO:colcon.colcon_core.shell:Creating environment hook '/home/lukevizzini/logitech_arm_code/arm_code/arm_code_logitech/install/arm_bringup/share/arm_bringup/hook/cmake_prefix_path.sh'
[1.723s] Level 1:colcon.colcon_core.environment:checking '/home/lukevizzini/logitech_arm_code/arm_code/arm_code_logitech/install/arm_bringup/bin'
[1.723s] Level 1:colcon.colcon_core.environment:checking '/home/lukevizzini/logitech_arm_code/arm_code/arm_code_logitech/install/arm_bringup/lib/pkgconfig/arm_bringup.pc'
[1.724s] Level 1:colcon.colcon_core.environment:checking '/home/lukevizzini/logitech_arm_code/arm_code/arm_code_logitech/install/arm_bringup/lib/python3.10/site-packages'
[1.724s] Level 1:colcon.colcon_core.environment:checking '/home/lukevizzini/logitech_arm_code/arm_code/arm_code_logitech/install/arm_bringup/bin'
[1.725s] INFO:colcon.colcon_core.shell:Creating package script '/home/lukevizzini/logitech_arm_code/arm_code/arm_code_logitech/install/arm_bringup/share/arm_bringup/package.ps1'
[1.726s] INFO:colcon.colcon_core.shell:Creating package descriptor '/home/lukevizzini/logitech_arm_code/arm_code/arm_code_logitech/install/arm_bringup/share/arm_bringup/package.dsv'
[1.728s] INFO:colcon.colcon_core.shell:Creating package script '/home/lukevizzini/logitech_arm_code/arm_code/arm_code_logitech/install/arm_bringup/share/arm_bringup/package.sh'
[1.729s] INFO:colcon.colcon_core.shell:Creating package script '/home/lukevizzini/logitech_arm_code/arm_code/arm_code_logitech/install/arm_bringup/share/arm_bringup/package.bash'
[1.731s] INFO:colcon.colcon_core.shell:Creating package script '/home/lukevizzini/logitech_arm_code/arm_code/arm_code_logitech/install/arm_bringup/share/arm_bringup/package.zsh'
[1.732s] Level 1:colcon.colcon_core.environment:create_file_with_runtime_dependencies(/home/lukevizzini/logitech_arm_code/arm_code/arm_code_logitech/install/arm_bringup/share/colcon-core/packages/arm_bringup)
[1.733s] Level 1:colcon.colcon_core.environment:create_environment_scripts_only(arm_bringup)
[1.734s] Level 1:colcon.colcon_core.environment:checking '/home/lukevizzini/logitech_arm_code/arm_code/arm_code_logitech/install/arm_bringup' for CMake module files
[1.734s] Level 1:colcon.colcon_core.environment:checking '/home/lukevizzini/logitech_arm_code/arm_code/arm_code_logitech/install/arm_bringup' for CMake config files
[1.735s] Level 1:colcon.colcon_core.shell:create_environment_hook('arm_bringup', 'cmake_prefix_path')
[1.736s] INFO:colcon.colcon_core.shell:Creating environment hook '/home/lukevizzini/logitech_arm_code/arm_code/arm_code_logitech/install/arm_bringup/share/arm_bringup/hook/cmake_prefix_path.ps1'
[1.737s] INFO:colcon.colcon_core.shell:Creating environment descriptor '/home/lukevizzini/logitech_arm_code/arm_code/arm_code_logitech/install/arm_bringup/share/arm_bringup/hook/cmake_prefix_path.dsv'
[1.737s] INFO:colcon.colcon_core.shell:Creating environment hook '/home/lukevizzini/logitech_arm_code/arm_code/arm_code_logitech/install/arm_bringup/share/arm_bringup/hook/cmake_prefix_path.sh'
[1.742s] Level 1:colcon.colcon_core.environment:checking '/home/lukevizzini/logitech_arm_code/arm_code/arm_code_logitech/install/arm_bringup/bin'
[1.743s] Level 1:colcon.colcon_core.environment:checking '/home/lukevizzini/logitech_arm_code/arm_code/arm_code_logitech/install/arm_bringup/lib/pkgconfig/arm_bringup.pc'
[1.744s] Level 1:colcon.colcon_core.environment:checking '/home/lukevizzini/logitech_arm_code/arm_code/arm_code_logitech/install/arm_bringup/lib/python3.10/site-packages'
[1.746s] Level 1:colcon.colcon_core.environment:checking '/home/lukevizzini/logitech_arm_code/arm_code/arm_code_logitech/install/arm_bringup/bin'
[1.747s] INFO:colcon.colcon_core.shell:Creating package script '/home/lukevizzini/logitech_arm_code/arm_code/arm_code_logitech/install/arm_bringup/share/arm_bringup/package.ps1'
[1.749s] INFO:colcon.colcon_core.shell:Creating package descriptor '/home/lukevizzini/logitech_arm_code/arm_code/arm_code_logitech/install/arm_bringup/share/arm_bringup/package.dsv'
[1.750s] INFO:colcon.colcon_core.shell:Creating package script '/home/lukevizzini/logitech_arm_code/arm_code/arm_code_logitech/install/arm_bringup/share/arm_bringup/package.sh'
[1.751s] INFO:colcon.colcon_core.shell:Creating package script '/home/lukevizzini/logitech_arm_code/arm_code/arm_code_logitech/install/arm_bringup/share/arm_bringup/package.bash'
[1.752s] INFO:colcon.colcon_core.shell:Creating package script '/home/lukevizzini/logitech_arm_code/arm_code/arm_code_logitech/install/arm_bringup/share/arm_bringup/package.zsh'
[1.753s] Level 1:colcon.colcon_core.environment:create_file_with_runtime_dependencies(/home/lukevizzini/logitech_arm_code/arm_code/arm_code_logitech/install/arm_bringup/share/colcon-core/packages/arm_bringup)
[1.753s] INFO:colcon.colcon_ros.task.ament_cmake.build:Building ROS package in '/home/lukevizzini/logitech_arm_code/arm_code/arm_code_logitech/src/launch' with build type 'ament_cmake'
[1.754s] INFO:colcon.colcon_cmake.task.cmake.build:Building CMake package in '/home/lukevizzini/logitech_arm_code/arm_code/arm_code_logitech/src/launch'
[1.755s] INFO:colcon.colcon_core.shell:Skip shell extension 'powershell' for command environment: Not usable outside of PowerShell
[1.755s] DEBUG:colcon.colcon_core.shell:Skip shell extension 'dsv' for command environment
[3.765s] DEBUG:colcon.colcon_core.event_handler.log_command:Invoking command in '/home/lukevizzini/logitech_arm_code/arm_code/arm_code_logitech/build/arm_launch': AMENT_PREFIX_PATH=/home/lukevizzini/logitech_arm_code/arm_code/arm_code_logitech/install/arm_teleop:/home/lukevizzini/logitech_arm_code/arm_code/arm_code_logitech/install/arm_pwm_bridge:/home/lukevizzini/logitech_arm_code/arm_code/arm_code_logitech/install/arm_launch:/home/lukevizzini/logitech_arm_code/arm_code/arm_code_logitech/install/arm_bringup:/home/lukevizzini/logitech_arm_code/arm_code/arm_code_logitech/install/arm_description:/home/lukevizzini/logitech_arm_code/arm_code/arm_code_logitech/install/arm_config:/home/lukevizzini/arm_v3/arm_code/install/arm_launch:/home/lukevizzini/arm_v3/arm_code/install/arm_teleop:/home/lukevizzini/arm_v3/arm_code/install/arm_pwm_bridge:/home/lukevizzini/arm_v3/arm_code/install/arm_bringup:/home/lukevizzini/arm_v3/arm_code/install/arm_description:/home/lukevizzini/arm_v3/arm_code/install/arm_config:/home/lukevizzini/arm_new_v2/arm_code/install/arm_launch:/home/lukevizzini/arm_new_v2/arm_code/install/arm_teleop:/home/lukevizzini/arm_new_v2/arm_code/install/arm_pwm_bridge:/home/lukevizzini/arm_new_v2/arm_code/install/arm_bringup:/home/lukevizzini/arm_new_v2/arm_code/install/arm_description:/home/lukevizzini/arm_new_v2/arm_code/install/arm_config:/opt/ros/humble CMAKE_PREFIX_PATH=/home/lukevizzini/logitech_arm_code/arm_code/arm_code_logitech/install/arm_bringup:/home/lukevizzini/logitech_arm_code/arm_code/arm_code_logitech/install/arm_description:/home/lukevizzini/logitech_arm_code/arm_code/arm_code_logitech/install/arm_config:/home/lukevizzini/logitech_arm_code/arm_code/arm_code_logitech/install/arm_launch:/home/lukevizzini/arm_v3/arm_code/install/arm_launch:/home/lukevizzini/arm_v3/arm_code/install/arm_bringup:/home/lukevizzini/arm_v3/arm_code/install/arm_description:/home/lukevizzini/arm_v3/arm_code/install/arm_config:/home/lukevizzini/arm_new_v2/arm_code/install/arm_launch:/home/lukevizzini/arm_new_v2/arm_code/install/arm_bringup:/home/lukevizzini/arm_new_v2/arm_code/install/arm_description:/home/lukevizzini/arm_new_v2/arm_code/install/arm_config:/home/lukevizzini/logitech_arm_code/arm_code/arm_code_logitech/install/arm_teleop:/home/lukevizzini/logitech_arm_code/arm_code/arm_code_logitech/install/arm_pwm_bridge:/home/lukevizzini/arm_v3/arm_code/install/arm_teleop:/home/lukevizzini/arm_v3/arm_code/install/arm_pwm_bridge:/home/lukevizzini/arm_new_v2/arm_code/install/arm_teleop:/home/lukevizzini/arm_new_v2/arm_code/install/arm_pwm_bridge:/opt/ros/humble /usr/bin/cmake --build /home/lukevizzini/logitech_arm_code/arm_code/arm_code_logitech/build/arm_launch -- -j8 -l8
[3.836s] DEBUG:colcon.colcon_core.event_handler.log_command:Invoked command in '/home/lukevizzini/logitech_arm_code/arm_code/arm_code_logitech/build/arm_launch' returned '0': AMENT_PREFIX_PATH=/home/lukevizzini/logitech_arm_code/arm_code/arm_code_logitech/install/arm_teleop:/home/lukevizzini/logitech_arm_code/arm_code/arm_code_logitech/install/arm_pwm_bridge:/home/lukevizzini/logitech_arm_code/arm_code/arm_code_logitech/install/arm_launch:/home/lukevizzini/logitech_arm_code/arm_code/arm_code_logitech/install/arm_bringup:/home/lukevizzini/logitech_arm_code/arm_code/arm_code_logitech/install/arm_description:/home/lukevizzini/logitech_arm_code/arm_code/arm_code_logitech/install/arm_config:/home/lukevizzini/arm_v3/arm_code/install/arm_launch:/home/lukevizzini/arm_v3/arm_code/install/arm_teleop:/home/lukevizzini/arm_v3/arm_code/install/arm_pwm_bridge:/home/lukevizzini/arm_v3/arm_code/install/arm_bringup:/home/lukevizzini/arm_v3/arm_code/install/arm_description:/home/lukevizzini/arm_v3/arm_code/install/arm_config:/home/lukevizzini/arm_new_v2/arm_code/install/arm_launch:/home/lukevizzini/arm_new_v2/arm_code/install/arm_teleop:/home/lukevizzini/arm_new_v2/arm_code/install/arm_pwm_bridge:/home/lukevizzini/arm_new_v2/arm_code/install/arm_bringup:/home/lukevizzini/arm_new_v2/arm_code/install/arm_description:/home/lukevizzini/arm_new_v2/arm_code/install/arm_config:/opt/ros/humble CMAKE_PREFIX_PATH=/home/lukevizzini/logitech_arm_code/arm_code/arm_code_logitech/install/arm_bringup:/home/lukevizzini/logitech_arm_code/arm_code/arm_code_logitech/install/arm_description:/home/lukevizzini/logitech_arm_code/arm_code/arm_code_logitech/install/arm_config:/home/lukevizzini/logitech_arm_code/arm_code/arm_code_logitech/install/arm_launch:/home/lukevizzini/arm_v3/arm_code/install/arm_launch:/home/lukevizzini/arm_v3/arm_code/install/arm_bringup:/home/lukevizzini/arm_v3/arm_code/install/arm_description:/home/lukevizzini/arm_v3/arm_code/install/arm_config:/home/lukevizzini/arm_new_v2/arm_code/install/arm_launch:/home/lukevizzini/arm_new_v2/arm_code/install/arm_bringup:/home/lukevizzini/arm_new_v2/arm_code/install/arm_description:/home/lukevizzini/arm_new_v2/arm_code/install/arm_config:/home/lukevizzini/logitech_arm_code/arm_code/arm_code_logitech/install/arm_teleop:/home/lukevizzini/logitech_arm_code/arm_code/arm_code_logitech/install/arm_pwm_bridge:/home/lukevizzini/arm_v3/arm_code/install/arm_teleop:/home/lukevizzini/arm_v3/arm_code/install/arm_pwm_bridge:/home/lukevizzini/arm_new_v2/arm_code/install/arm_teleop:/home/lukevizzini/arm_new_v2/arm_code/install/arm_pwm_bridge:/opt/ros/humble /usr/bin/cmake --build /home/lukevizzini/logitech_arm_code/arm_code/arm_code_logitech/build/arm_launch -- -j8 -l8
[3.837s] DEBUG:colcon.colcon_core.event_handler.log_command:Invoking command in '/home/lukevizzini/logitech_arm_code/arm_code/arm_code_logitech/build/arm_launch': AMENT_PREFIX_PATH=/home/lukevizzini/logitech_arm_code/arm_code/arm_code_logitech/install/arm_teleop:/home/lukevizzini/logitech_arm_code/arm_code/arm_code_logitech/install/arm_pwm_bridge:/home/lukevizzini/logitech_arm_code/arm_code/arm_code_logitech/install/arm_launch:/home/lukevizzini/logitech_arm_code/arm_code/arm_code_logitech/install/arm_bringup:/home/lukevizzini/logitech_arm_code/arm_code/arm_code_logitech/install/arm_description:/home/lukevizzini/logitech_arm_code/arm_code/arm_code_logitech/install/arm_config:/home/lukevizzini/arm_v3/arm_code/install/arm_launch:/home/lukevizzini/arm_v3/arm_code/install/arm_teleop:/home/lukevizzini/arm_v3/arm_code/install/arm_pwm_bridge:/home/lukevizzini/arm_v3/arm_code/install/arm_bringup:/home/lukevizzini/arm_v3/arm_code/install/arm_description:/home/lukevizzini/arm_v3/arm_code/install/arm_config:/home/lukevizzini/arm_new_v2/arm_code/install/arm_launch:/home/lukevizzini/arm_new_v2/arm_code/install/arm_teleop:/home/lukevizzini/arm_new_v2/arm_code/install/arm_pwm_bridge:/home/lukevizzini/arm_new_v2/arm_code/install/arm_bringup:/home/lukevizzini/arm_new_v2/arm_code/install/arm_description:/home/lukevizzini/arm_new_v2/arm_code/install/arm_config:/opt/ros/humble CMAKE_PREFIX_PATH=/home/lukevizzini/logitech_arm_code/arm_code/arm_code_logitech/install/arm_bringup:/home/lukevizzini/logitech_arm_code/arm_code/arm_code_logitech/install/arm_description:/home/lukevizzini/logitech_arm_code/arm_code/arm_code_logitech/install/arm_config:/home/lukevizzini/logitech_arm_code/arm_code/arm_code_logitech/install/arm_launch:/home/lukevizzini/arm_v3/arm_code/install/arm_launch:/home/lukevizzini/arm_v3/arm_code/install/arm_bringup:/home/lukevizzini/arm_v3/arm_code/install/arm_description:/home/lukevizzini/arm_v3/arm_code/install/arm_config:/home/lukevizzini/arm_new_v2/arm_code/install/arm_launch:/home/lukevizzini/arm_new_v2/arm_code/install/arm_bringup:/home/lukevizzini/arm_new_v2/arm_code/install/arm_description:/home/lukevizzini/arm_new_v2/arm_code/install/arm_config:/home/lukevizzini/logitech_arm_code/arm_code/arm_code_logitech/install/arm_teleop:/home/lukevizzini/logitech_arm_code/arm_code/arm_code_logitech/install/arm_pwm_bridge:/home/lukevizzini/arm_v3/arm_code/install/arm_teleop:/home/lukevizzini/arm_v3/arm_code/install/arm_pwm_bridge:/home/lukevizzini/arm_new_v2/arm_code/install/arm_teleop:/home/lukevizzini/arm_new_v2/arm_code/install/arm_pwm_bridge:/opt/ros/humble /usr/bin/cmake --install /home/lukevizzini/logitech_arm_code/arm_code/arm_code_logitech/build/arm_launch
[3.883s] Level 1:colcon.colcon_core.environment:create_environment_scripts_only(arm_launch)
[3.884s] Level 1:colcon.colcon_core.environment:checking '/home/lukevizzini/logitech_arm_code/arm_code/arm_code_logitech/install/arm_launch' for CMake module files
[3.884s] DEBUG:colcon.colcon_core.event_handler.log_command:Invoked command in '/home/lukevizzini/logitech_arm_code/arm_code/arm_code_logitech/build/arm_launch' returned '0': AMENT_PREFIX_PATH=/home/lukevizzini/logitech_arm_code/arm_code/arm_code_logitech/install/arm_teleop:/home/lukevizzini/logitech_arm_code/arm_code/arm_code_logitech/install/arm_pwm_bridge:/home/lukevizzini/logitech_arm_code/arm_code/arm_code_logitech/install/arm_launch:/home/lukevizzini/logitech_arm_code/arm_code/arm_code_logitech/install/arm_bringup:/home/lukevizzini/logitech_arm_code/arm_code/arm_code_logitech/install/arm_description:/home/lukevizzini/logitech_arm_code/arm_code/arm_code_logitech/install/arm_config:/home/lukevizzini/arm_v3/arm_code/install/arm_launch:/home/lukevizzini/arm_v3/arm_code/install/arm_teleop:/home/lukevizzini/arm_v3/arm_code/install/arm_pwm_bridge:/home/lukevizzini/arm_v3/arm_code/install/arm_bringup:/home/lukevizzini/arm_v3/arm_code/install/arm_description:/home/lukevizzini/arm_v3/arm_code/install/arm_config:/home/lukevizzini/arm_new_v2/arm_code/install/arm_launch:/home/lukevizzini/arm_new_v2/arm_code/install/arm_teleop:/home/lukevizzini/arm_new_v2/arm_code/install/arm_pwm_bridge:/home/lukevizzini/arm_new_v2/arm_code/install/arm_bringup:/home/lukevizzini/arm_new_v2/arm_code/install/arm_description:/home/lukevizzini/arm_new_v2/arm_code/install/arm_config:/opt/ros/humble CMAKE_PREFIX_PATH=/home/lukevizzini/logitech_arm_code/arm_code/arm_code_logitech/install/arm_bringup:/home/lukevizzini/logitech_arm_code/arm_code/arm_code_logitech/install/arm_description:/home/lukevizzini/logitech_arm_code/arm_code/arm_code_logitech/install/arm_config:/home/lukevizzini/logitech_arm_code/arm_code/arm_code_logitech/install/arm_launch:/home/lukevizzini/arm_v3/arm_code/install/arm_launch:/home/lukevizzini/arm_v3/arm_code/install/arm_bringup:/home/lukevizzini/arm_v3/arm_code/install/arm_description:/home/lukevizzini/arm_v3/arm_code/install/arm_config:/home/lukevizzini/arm_new_v2/arm_code/install/arm_launch:/home/lukevizzini/arm_new_v2/arm_code/install/arm_bringup:/home/lukevizzini/arm_new_v2/arm_code/install/arm_description:/home/lukevizzini/arm_new_v2/arm_code/install/arm_config:/home/lukevizzini/logitech_arm_code/arm_code/arm_code_logitech/install/arm_teleop:/home/lukevizzini/logitech_arm_code/arm_code/arm_code_logitech/install/arm_pwm_bridge:/home/lukevizzini/arm_v3/arm_code/install/arm_teleop:/home/lukevizzini/arm_v3/arm_code/install/arm_pwm_bridge:/home/lukevizzini/arm_new_v2/arm_code/install/arm_teleop:/home/lukevizzini/arm_new_v2/arm_code/install/arm_pwm_bridge:/opt/ros/humble /usr/bin/cmake --install /home/lukevizzini/logitech_arm_code/arm_code/arm_code_logitech/build/arm_launch
[3.886s] Level 1:colcon.colcon_core.environment:checking '/home/lukevizzini/logitech_arm_code/arm_code/arm_code_logitech/install/arm_launch' for CMake config files
[3.888s] Level 1:colcon.colcon_core.shell:create_environment_hook('arm_launch', 'cmake_prefix_path')
[3.889s] INFO:colcon.colcon_core.shell:Creating environment hook '/home/lukevizzini/logitech_arm_code/arm_code/arm_code_logitech/install/arm_launch/share/arm_launch/hook/cmake_prefix_path.ps1'
[3.890s] INFO:colcon.colcon_core.shell:Creating environment descriptor '/home/lukevizzini/logitech_arm_code/arm_code/arm_code_logitech/install/arm_launch/share/arm_launch/hook/cmake_prefix_path.dsv'
[3.891s] INFO:colcon.colcon_core.shell:Creating environment hook '/home/lukevizzini/logitech_arm_code/arm_code/arm_code_logitech/install/arm_launch/share/arm_launch/hook/cmake_prefix_path.sh'
[3.892s] Level 1:colcon.colcon_core.environment:checking '/home/lukevizzini/logitech_arm_code/arm_code/arm_code_logitech/install/arm_launch/bin'
[3.892s] Level 1:colcon.colcon_core.environment:checking '/home/lukevizzini/logitech_arm_code/arm_code/arm_code_logitech/install/arm_launch/lib/pkgconfig/arm_launch.pc'
[3.893s] Level 1:colcon.colcon_core.environment:checking '/home/lukevizzini/logitech_arm_code/arm_code/arm_code_logitech/install/arm_launch/lib/python3.10/site-packages'
[3.893s] Level 1:colcon.colcon_core.environment:checking '/home/lukevizzini/logitech_arm_code/arm_code/arm_code_logitech/install/arm_launch/bin'
[3.894s] INFO:colcon.colcon_core.shell:Creating package script '/home/lukevizzini/logitech_arm_code/arm_code/arm_code_logitech/install/arm_launch/share/arm_launch/package.ps1'
[3.894s] INFO:colcon.colcon_core.shell:Creating package descriptor '/home/lukevizzini/logitech_arm_code/arm_code/arm_code_logitech/install/arm_launch/share/arm_launch/package.dsv'
[3.895s] INFO:colcon.colcon_core.shell:Creating package script '/home/lukevizzini/logitech_arm_code/arm_code/arm_code_logitech/install/arm_launch/share/arm_launch/package.sh'
[3.896s] INFO:colcon.colcon_core.shell:Creating package script '/home/lukevizzini/logitech_arm_code/arm_code/arm_code_logitech/install/arm_launch/share/arm_launch/package.bash'
[3.897s] INFO:colcon.colcon_core.shell:Creating package script '/home/lukevizzini/logitech_arm_code/arm_code/arm_code_logitech/install/arm_launch/share/arm_launch/package.zsh'
[3.897s] Level 1:colcon.colcon_core.environment:create_file_with_runtime_dependencies(/home/lukevizzini/logitech_arm_code/arm_code/arm_code_logitech/install/arm_launch/share/colcon-core/packages/arm_launch)
[3.898s] Level 1:colcon.colcon_core.environment:create_environment_scripts_only(arm_launch)
[3.899s] Level 1:colcon.colcon_core.environment:checking '/home/lukevizzini/logitech_arm_code/arm_code/arm_code_logitech/install/arm_launch' for CMake module files
[3.900s] Level 1:colcon.colcon_core.environment:checking '/home/lukevizzini/logitech_arm_code/arm_code/arm_code_logitech/install/arm_launch' for CMake config files
[3.901s] Level 1:colcon.colcon_core.shell:create_environment_hook('arm_launch', 'cmake_prefix_path')
[3.902s] INFO:colcon.colcon_core.shell:Creating environment hook '/home/lukevizzini/logitech_arm_code/arm_code/arm_code_logitech/install/arm_launch/share/arm_launch/hook/cmake_prefix_path.ps1'
[3.904s] INFO:colcon.colcon_core.shell:Creating environment descriptor '/home/lukevizzini/logitech_arm_code/arm_code/arm_code_logitech/install/arm_launch/share/arm_launch/hook/cmake_prefix_path.dsv'
[3.905s] INFO:colcon.colcon_core.shell:Creating environment hook '/home/lukevizzini/logitech_arm_code/arm_code/arm_code_logitech/install/arm_launch/share/arm_launch/hook/cmake_prefix_path.sh'
[3.907s] Level 1:colcon.colcon_core.environment:checking '/home/lukevizzini/logitech_arm_code/arm_code/arm_code_logitech/install/arm_launch/bin'
[3.907s] Level 1:colcon.colcon_core.environment:checking '/home/lukevizzini/logitech_arm_code/arm_code/arm_code_logitech/install/arm_launch/lib/pkgconfig/arm_launch.pc'
[3.907s] Level 1:colcon.colcon_core.environment:checking '/home/lukevizzini/logitech_arm_code/arm_code/arm_code_logitech/install/arm_launch/lib/python3.10/site-packages'
[3.908s] Level 1:colcon.colcon_core.environment:checking '/home/lukevizzini/logitech_arm_code/arm_code/arm_code_logitech/install/arm_launch/bin'
[3.908s] INFO:colcon.colcon_core.shell:Creating package script '/home/lukevizzini/logitech_arm_code/arm_code/arm_code_logitech/install/arm_launch/share/arm_launch/package.ps1'
[3.909s] INFO:colcon.colcon_core.shell:Creating package descriptor '/home/lukevizzini/logitech_arm_code/arm_code/arm_code_logitech/install/arm_launch/share/arm_launch/package.dsv'
[3.910s] INFO:colcon.colcon_core.shell:Creating package script '/home/lukevizzini/logitech_arm_code/arm_code/arm_code_logitech/install/arm_launch/share/arm_launch/package.sh'
[3.911s] INFO:colcon.colcon_core.shell:Creating package script '/home/lukevizzini/logitech_arm_code/arm_code/arm_code_logitech/install/arm_launch/share/arm_launch/package.bash'
[3.912s] INFO:colcon.colcon_core.shell:Creating package script '/home/lukevizzini/logitech_arm_code/arm_code/arm_code_logitech/install/arm_launch/share/arm_launch/package.zsh'
[3.913s] Level 1:colcon.colcon_core.environment:create_file_with_runtime_dependencies(/home/lukevizzini/logitech_arm_code/arm_code/arm_code_logitech/install/arm_launch/share/colcon-core/packages/arm_launch)
[3.913s] DEBUG:colcon.colcon_parallel_executor.executor.parallel:closing loop
[3.914s] DEBUG:colcon.colcon_parallel_executor.executor.parallel:loop closed
[3.915s] DEBUG:colcon.colcon_parallel_executor.executor.parallel:run_until_complete finished with '0'
[3.915s] DEBUG:colcon.colcon_core.event_reactor:joining thread
[3.924s] INFO:colcon.colcon_core.plugin_system:Skipping extension 'colcon_notification.desktop_notification.terminal_notifier': Not used on non-Darwin systems
[3.925s] INFO:colcon.colcon_core.plugin_system:Skipping extension 'colcon_notification.desktop_notification.win32': Not used on non-Windows systems
[3.925s] INFO:colcon.colcon_notification.desktop_notification:Sending desktop notification using 'notify2'
[3.928s] DEBUG:colcon.colcon_notification.desktop_notification.notify2:Failed to initialize notify2: org.freedesktop.DBus.Error.ServiceUnknown: The name org.freedesktop.Notifications was not provided by any .service files
[3.929s] DEBUG:colcon.colcon_core.event_reactor:joined thread
[3.930s] INFO:colcon.colcon_core.shell:Creating prefix script '/home/lukevizzini/logitech_arm_code/arm_code/arm_code_logitech/install/local_setup.ps1'
[3.932s] INFO:colcon.colcon_core.shell:Creating prefix util module '/home/lukevizzini/logitech_arm_code/arm_code/arm_code_logitech/install/_local_setup_util_ps1.py'
[3.934s] INFO:colcon.colcon_core.shell:Creating prefix chain script '/home/lukevizzini/logitech_arm_code/arm_code/arm_code_logitech/install/setup.ps1'
[3.938s] INFO:colcon.colcon_core.shell:Creating prefix script '/home/lukevizzini/logitech_arm_code/arm_code/arm_code_logitech/install/local_setup.sh'
[3.939s] INFO:colcon.colcon_core.shell:Creating prefix util module '/home/lukevizzini/logitech_arm_code/arm_code/arm_code_logitech/install/_local_setup_util_sh.py'
[3.941s] INFO:colcon.colcon_core.shell:Creating prefix chain script '/home/lukevizzini/logitech_arm_code/arm_code/arm_code_logitech/install/setup.sh'
[3.943s] INFO:colcon.colcon_core.shell:Creating prefix script '/home/lukevizzini/logitech_arm_code/arm_code/arm_code_logitech/install/local_setup.bash'
[3.944s] INFO:colcon.colcon_core.shell:Creating prefix chain script '/home/lukevizzini/logitech_arm_code/arm_code/arm_code_logitech/install/setup.bash'
[3.946s] INFO:colcon.colcon_core.shell:Creating prefix script '/home/lukevizzini/logitech_arm_code/arm_code/arm_code_logitech/install/local_setup.zsh'
[3.948s] INFO:colcon.colcon_core.shell:Creating prefix chain script '/home/lukevizzini/logitech_arm_code/arm_code/arm_code_logitech/install/setup.zsh'
