[0.042s] Invoking command in '/home/lukevizzini/arm_new/arm_code/build/arm_config': CMAKE_PREFIX_PATH=${CMAKE_PREFIX_PATH}:/home/lukevizzini/arm_new_v2/arm_code/install/arm_teleop:/home/lukevizzini/arm_new_v2/arm_code/install/arm_pwm_bridge:/home/lukevizzini/arm_new/arm_code/install/arm_teleop:/home/lukevizzini/arm_new/arm_code/install/arm_pwm_bridge:/opt/ros/humble /usr/bin/cmake --build /home/lukevizzini/arm_new/arm_code/build/arm_config -- -j8 -l8
[0.554s] Invoked command in '/home/lukevizzini/arm_new/arm_code/build/arm_config' returned '0': CMAKE_PREFIX_PATH=${CMAKE_PREFIX_PATH}:/home/lukevizzini/arm_new_v2/arm_code/install/arm_teleop:/home/lukevizzini/arm_new_v2/arm_code/install/arm_pwm_bridge:/home/lukevizzini/arm_new/arm_code/install/arm_teleop:/home/lukevizzini/arm_new/arm_code/install/arm_pwm_bridge:/opt/ros/humble /usr/bin/cmake --build /home/lukevizzini/arm_new/arm_code/build/arm_config -- -j8 -l8
[0.565s] Invoking command in '/home/lukevizzini/arm_new/arm_code/build/arm_config': CMAKE_PREFIX_PATH=${CMAKE_PREFIX_PATH}:/home/lukevizzini/arm_new_v2/arm_code/install/arm_teleop:/home/lukevizzini/arm_new_v2/arm_code/install/arm_pwm_bridge:/home/lukevizzini/arm_new/arm_code/install/arm_teleop:/home/lukevizzini/arm_new/arm_code/install/arm_pwm_bridge:/opt/ros/humble /usr/bin/cmake --install /home/lukevizzini/arm_new/arm_code/build/arm_config
[0.573s] -- Install configuration: ""
[0.577s] -- Execute custom install script
[0.580s] -- Up-to-date symlink: /home/lukevizzini/arm_new/arm_code/install/arm_config/share/arm_config/config/four_dof_arm.srdf
[0.580s] -- Up-to-date symlink: /home/lukevizzini/arm_new/arm_code/install/arm_config/share/arm_config/config/initial_positions.yaml
[0.581s] -- Up-to-date symlink: /home/lukevizzini/arm_new/arm_code/install/arm_config/share/arm_config/config/joint_limits.yaml
[0.582s] -- Up-to-date symlink: /home/lukevizzini/arm_new/arm_code/install/arm_config/share/arm_config/config/kinematics.yaml
[0.583s] -- Up-to-date symlink: /home/lukevizzini/arm_new/arm_code/install/arm_config/share/arm_config/config/moveit_controllers.yaml
[0.584s] -- Up-to-date symlink: /home/lukevizzini/arm_new/arm_code/install/arm_config/share/arm_config/config/ompl_planning.yaml
[0.585s] -- Up-to-date symlink: /home/lukevizzini/arm_new/arm_code/install/arm_config/share/arm_config/config/ros2_controllers.yaml
[0.585s] -- Up-to-date symlink: /home/lukevizzini/arm_new/arm_code/install/arm_config/share/ament_index/resource_index/package_run_dependencies/arm_config
[0.586s] -- Up-to-date symlink: /home/lukevizzini/arm_new/arm_code/install/arm_config/share/ament_index/resource_index/parent_prefix_path/arm_config
[0.587s] -- Up-to-date symlink: /home/lukevizzini/arm_new/arm_code/install/arm_config/share/arm_config/environment/ament_prefix_path.sh
[0.588s] -- Up-to-date symlink: /home/lukevizzini/arm_new/arm_code/install/arm_config/share/arm_config/environment/ament_prefix_path.dsv
[0.588s] -- Up-to-date symlink: /home/lukevizzini/arm_new/arm_code/install/arm_config/share/arm_config/environment/path.sh
[0.589s] -- Up-to-date symlink: /home/lukevizzini/arm_new/arm_code/install/arm_config/share/arm_config/environment/path.dsv
[0.590s] -- Up-to-date symlink: /home/lukevizzini/arm_new/arm_code/install/arm_config/share/arm_config/local_setup.bash
[0.590s] -- Up-to-date symlink: /home/lukevizzini/arm_new/arm_code/install/arm_config/share/arm_config/local_setup.sh
[0.591s] -- Up-to-date symlink: /home/lukevizzini/arm_new/arm_code/install/arm_config/share/arm_config/local_setup.zsh
[0.592s] -- Up-to-date symlink: /home/lukevizzini/arm_new/arm_code/install/arm_config/share/arm_config/local_setup.dsv
[0.592s] -- Symlinking: /home/lukevizzini/arm_new/arm_code/install/arm_config/share/arm_config/package.dsv
[0.607s] -- Up-to-date symlink: /home/lukevizzini/arm_new/arm_code/install/arm_config/share/ament_index/resource_index/packages/arm_config
[0.608s] -- Up-to-date symlink: /home/lukevizzini/arm_new/arm_code/install/arm_config/share/arm_config/cmake/arm_configConfig.cmake
[0.609s] -- Up-to-date symlink: /home/lukevizzini/arm_new/arm_code/install/arm_config/share/arm_config/cmake/arm_configConfig-version.cmake
[0.609s] -- Up-to-date symlink: /home/lukevizzini/arm_new/arm_code/install/arm_config/share/arm_config/package.xml
[0.612s] Invoked command in '/home/lukevizzini/arm_new/arm_code/build/arm_config' returned '0': CMAKE_PREFIX_PATH=${CMAKE_PREFIX_PATH}:/home/lukevizzini/arm_new_v2/arm_code/install/arm_teleop:/home/lukevizzini/arm_new_v2/arm_code/install/arm_pwm_bridge:/home/lukevizzini/arm_new/arm_code/install/arm_teleop:/home/lukevizzini/arm_new/arm_code/install/arm_pwm_bridge:/opt/ros/humble /usr/bin/cmake --install /home/lukevizzini/arm_new/arm_code/build/arm_config
