[0.965s] Invoking command in '/home/lukevizzini/arm_v3/arm_code/build/arm_pwm_bridge': PYTHONPATH=/home/lukevizzini/arm_v3/arm_code/build/arm_pwm_bridge/prefix_override:/usr/lib/python3/dist-packages/colcon_core/task/python/colcon_distutils_commands:/home/lukevizzini/arm_v3/arm_code/install/arm_pwm_bridge/lib/python3.10/site-packages:${PYTHONPATH} /usr/bin/python3 -W ignore:setup.py install is deprecated -W ignore:easy_install command is deprecated setup.py develop --uninstall --editable --build-directory /home/lukevizzini/arm_v3/arm_code/build/arm_pwm_bridge/build
[1.253s] running develop
[1.412s] Removing /home/lukevizzini/arm_v3/arm_code/install/arm_pwm_bridge/lib/python3.10/site-packages/arm-pwm-bridge.egg-link (link to .)
[1.452s] Invoked command in '/home/lukevizzini/arm_v3/arm_code/build/arm_pwm_bridge' returned '0': PYTHONPATH=/home/lukevizzini/arm_v3/arm_code/build/arm_pwm_bridge/prefix_override:/usr/lib/python3/dist-packages/colcon_core/task/python/colcon_distutils_commands:/home/lukevizzini/arm_v3/arm_code/install/arm_pwm_bridge/lib/python3.10/site-packages:${PYTHONPATH} /usr/bin/python3 -W ignore:setup.py install is deprecated -W ignore:easy_install command is deprecated setup.py develop --uninstall --editable --build-directory /home/lukevizzini/arm_v3/arm_code/build/arm_pwm_bridge/build
[1.453s] Invoking command in '/home/lukevizzini/arm_v3/arm_code/src/pwm_bridge': PYTHONPATH=/home/lukevizzini/arm_v3/arm_code/build/arm_pwm_bridge/prefix_override:/usr/lib/python3/dist-packages/colcon_core/task/python/colcon_distutils_commands:/home/lukevizzini/arm_v3/arm_code/install/arm_pwm_bridge/lib/python3.10/site-packages:${PYTHONPATH} /usr/bin/python3 -W ignore:setup.py install is deprecated -W ignore:easy_install command is deprecated setup.py egg_info --egg-base ../../build/arm_pwm_bridge build --build-base /home/lukevizzini/arm_v3/arm_code/build/arm_pwm_bridge/build install --record /home/lukevizzini/arm_v3/arm_code/build/arm_pwm_bridge/install.log --single-version-externally-managed install_data --force
[1.684s] running egg_info
[1.686s] writing ../../build/arm_pwm_bridge/arm_pwm_bridge.egg-info/PKG-INFO
[1.686s] writing dependency_links to ../../build/arm_pwm_bridge/arm_pwm_bridge.egg-info/dependency_links.txt
[1.686s] writing entry points to ../../build/arm_pwm_bridge/arm_pwm_bridge.egg-info/entry_points.txt
[1.686s] writing requirements to ../../build/arm_pwm_bridge/arm_pwm_bridge.egg-info/requires.txt
[1.686s] writing top-level names to ../../build/arm_pwm_bridge/arm_pwm_bridge.egg-info/top_level.txt
[1.688s] reading manifest file '../../build/arm_pwm_bridge/arm_pwm_bridge.egg-info/SOURCES.txt'
[1.689s] writing manifest file '../../build/arm_pwm_bridge/arm_pwm_bridge.egg-info/SOURCES.txt'
[1.689s] running build
[1.689s] running build_py
[1.689s] creating /home/lukevizzini/arm_v3/arm_code/build/arm_pwm_bridge/build
[1.689s] creating /home/lukevizzini/arm_v3/arm_code/build/arm_pwm_bridge/build/lib
[1.690s] creating /home/lukevizzini/arm_v3/arm_code/build/arm_pwm_bridge/build/lib/arm_pwm_bridge
[1.690s] copying arm_pwm_bridge/joint_traj_to_pwm.py -> /home/lukevizzini/arm_v3/arm_code/build/arm_pwm_bridge/build/lib/arm_pwm_bridge
[1.690s] copying arm_pwm_bridge/__init__.py -> /home/lukevizzini/arm_v3/arm_code/build/arm_pwm_bridge/build/lib/arm_pwm_bridge
[1.690s] running install
[1.690s] running install_lib
[1.691s] creating /home/lukevizzini/arm_v3/arm_code/install/arm_pwm_bridge/lib/python3.10/site-packages/arm_pwm_bridge
[1.691s] copying /home/lukevizzini/arm_v3/arm_code/build/arm_pwm_bridge/build/lib/arm_pwm_bridge/joint_traj_to_pwm.py -> /home/lukevizzini/arm_v3/arm_code/install/arm_pwm_bridge/lib/python3.10/site-packages/arm_pwm_bridge
[1.691s] copying /home/lukevizzini/arm_v3/arm_code/build/arm_pwm_bridge/build/lib/arm_pwm_bridge/__init__.py -> /home/lukevizzini/arm_v3/arm_code/install/arm_pwm_bridge/lib/python3.10/site-packages/arm_pwm_bridge
[1.692s] byte-compiling /home/lukevizzini/arm_v3/arm_code/install/arm_pwm_bridge/lib/python3.10/site-packages/arm_pwm_bridge/joint_traj_to_pwm.py to joint_traj_to_pwm.cpython-310.pyc
[1.694s] byte-compiling /home/lukevizzini/arm_v3/arm_code/install/arm_pwm_bridge/lib/python3.10/site-packages/arm_pwm_bridge/__init__.py to __init__.cpython-310.pyc
[1.694s] running install_data
[1.694s] copying resource/arm_pwm_bridge -> /home/lukevizzini/arm_v3/arm_code/install/arm_pwm_bridge/share/ament_index/resource_index/packages
[1.695s] copying package.xml -> /home/lukevizzini/arm_v3/arm_code/install/arm_pwm_bridge/share/arm_pwm_bridge
[1.695s] copying README.md -> /home/lukevizzini/arm_v3/arm_code/install/arm_pwm_bridge/share/arm_pwm_bridge
[1.695s] copying launch/apm_config.yaml -> /home/lukevizzini/arm_v3/arm_code/install/arm_pwm_bridge/share/arm_pwm_bridge/launch
[1.695s] copying launch/mavros.launch -> /home/lukevizzini/arm_v3/arm_code/install/arm_pwm_bridge/share/arm_pwm_bridge/launch
[1.696s] copying launch/apm_pluginlist.yaml -> /home/lukevizzini/arm_v3/arm_code/install/arm_pwm_bridge/share/arm_pwm_bridge/launch
[1.696s] copying launch/pwm_bridge.launch.py -> /home/lukevizzini/arm_v3/arm_code/install/arm_pwm_bridge/share/arm_pwm_bridge/launch
[1.696s] running install_egg_info
[1.697s] Copying ../../build/arm_pwm_bridge/arm_pwm_bridge.egg-info to /home/lukevizzini/arm_v3/arm_code/install/arm_pwm_bridge/lib/python3.10/site-packages/arm_pwm_bridge-0.0.1-py3.10.egg-info
[1.699s] running install_scripts
[1.717s] Installing joint_traj_to_pwm script to /home/lukevizzini/arm_v3/arm_code/install/arm_pwm_bridge/lib/arm_pwm_bridge
[1.717s] writing list of installed files to '/home/lukevizzini/arm_v3/arm_code/build/arm_pwm_bridge/install.log'
[1.742s] Invoked command in '/home/lukevizzini/arm_v3/arm_code/src/pwm_bridge' returned '0': PYTHONPATH=/home/lukevizzini/arm_v3/arm_code/build/arm_pwm_bridge/prefix_override:/usr/lib/python3/dist-packages/colcon_core/task/python/colcon_distutils_commands:/home/lukevizzini/arm_v3/arm_code/install/arm_pwm_bridge/lib/python3.10/site-packages:${PYTHONPATH} /usr/bin/python3 -W ignore:setup.py install is deprecated -W ignore:easy_install command is deprecated setup.py egg_info --egg-base ../../build/arm_pwm_bridge build --build-base /home/lukevizzini/arm_v3/arm_code/build/arm_pwm_bridge/build install --record /home/lukevizzini/arm_v3/arm_code/build/arm_pwm_bridge/install.log --single-version-externally-managed install_data --force
