[1.748s] Invoking command in '/home/lukevizzini/logitech_arm_code/arm_code/arm_code_logitech/build/arm_teleop': PYTHONPATH=/home/lukevizzini/logitech_arm_code/arm_code/arm_code_logitech/build/arm_teleop/prefix_override:/usr/lib/python3/dist-packages/colcon_core/task/python/colcon_distutils_commands:/home/lukevizzini/logitech_arm_code/arm_code/arm_code_logitech/install/arm_teleop/lib/python3.10/site-packages:${PYTHONPATH} /usr/bin/python3 -W ignore:setup.py install is deprecated -W ignore:easy_install command is deprecated setup.py develop --editable --build-directory /home/lukevizzini/logitech_arm_code/arm_code/arm_code_logitech/build/arm_teleop/build --no-deps symlink_data
[1.988s] running develop
[2.141s] running egg_info
[2.141s] writing arm_teleop.egg-info/PKG-INFO
[2.141s] writing dependency_links to arm_teleop.egg-info/dependency_links.txt
[2.142s] writing entry points to arm_teleop.egg-info/entry_points.txt
[2.142s] writing requirements to arm_teleop.egg-info/requires.txt
[2.142s] writing top-level names to arm_teleop.egg-info/top_level.txt
[2.144s] reading manifest file 'arm_teleop.egg-info/SOURCES.txt'
[2.146s] writing manifest file 'arm_teleop.egg-info/SOURCES.txt'
[2.148s] running build_ext
[2.148s] Creating /home/lukevizzini/logitech_arm_code/arm_code/arm_code_logitech/install/arm_teleop/lib/python3.10/site-packages/arm-teleop.egg-link (link to .)
[2.149s] Installing event_to_joy script to /home/lukevizzini/logitech_arm_code/arm_code/arm_code_logitech/install/arm_teleop/lib/arm_teleop
[2.150s] Installing joy_to_trajectory script to /home/lukevizzini/logitech_arm_code/arm_code/arm_code_logitech/install/arm_teleop/lib/arm_teleop
[2.151s] Installing keyboard_to_joy script to /home/lukevizzini/logitech_arm_code/arm_code/arm_code_logitech/install/arm_teleop/lib/arm_teleop
[2.151s] Installing logitech_ik_to_trajectory script to /home/lukevizzini/logitech_arm_code/arm_code/arm_code_logitech/install/arm_teleop/lib/arm_teleop
[2.151s] Installing logitech_to_ik script to /home/lukevizzini/logitech_arm_code/arm_code/arm_code_logitech/install/arm_teleop/lib/arm_teleop
[2.152s] 
[2.152s] Installed /home/lukevizzini/logitech_arm_code/arm_code/arm_code_logitech/build/arm_teleop
[2.152s] running symlink_data
[2.202s] Invoked command in '/home/lukevizzini/logitech_arm_code/arm_code/arm_code_logitech/build/arm_teleop' returned '0': PYTHONPATH=/home/lukevizzini/logitech_arm_code/arm_code/arm_code_logitech/build/arm_teleop/prefix_override:/usr/lib/python3/dist-packages/colcon_core/task/python/colcon_distutils_commands:/home/lukevizzini/logitech_arm_code/arm_code/arm_code_logitech/install/arm_teleop/lib/python3.10/site-packages:${PYTHONPATH} /usr/bin/python3 -W ignore:setup.py install is deprecated -W ignore:easy_install command is deprecated setup.py develop --editable --build-directory /home/lukevizzini/logitech_arm_code/arm_code/arm_code_logitech/build/arm_teleop/build --no-deps symlink_data
