[0.105s] Invoking command in '/home/lukevizzini/arm_new/arm_code/build/arm_bringup': CMAKE_PREFIX_PATH=/home/lukevizzini/arm_new/arm_code/install/arm_description:/home/lukevizzini/arm_new/arm_code/install/arm_config:/home/lukevizzini/arm_new_v2/arm_code/install/arm_launch:/home/lukevizzini/arm_new_v2/arm_code/install/arm_bringup:/home/lukevizzini/arm_new_v2/arm_code/install/arm_description:/home/lukevizzini/arm_new_v2/arm_code/install/arm_config:/home/lukevizzini/arm_new/arm_code/install/arm_launch:/home/lukevizzini/arm_new/arm_code/install/arm_bringup:/home/lukevizzini/arm_new_v2/arm_code/install/arm_teleop:/home/lukevizzini/arm_new_v2/arm_code/install/arm_pwm_bridge:/home/lukevizzini/arm_new/arm_code/install/arm_teleop:/home/lukevizzini/arm_new/arm_code/install/arm_pwm_bridge:/opt/ros/humble /usr/bin/cmake /home/lukevizzini/arm_new/arm_code/src/bringup -DAMENT_CMAKE_SYMLINK_INSTALL=1 -DCMAKE_INSTALL_PREFIX=/home/lukevizzini/arm_new/arm_code/install/arm_bringup
[0.243s] -- The C compiler identification is GNU 11.4.0
[0.703s] -- The CXX compiler identification is GNU 11.4.0
[1.051s] -- Detecting C compiler ABI info
[1.195s] -- Detecting C compiler ABI info - done
[1.200s] -- Check for working C compiler: /usr/bin/cc - skipped
[1.200s] -- Detecting C compile features
[1.200s] -- Detecting C compile features - done
[1.203s] -- Detecting CXX compiler ABI info
[1.364s] -- Detecting CXX compiler ABI info - done
[1.369s] -- Check for working CXX compiler: /usr/bin/c++ - skipped
[1.370s] -- Detecting CXX compile features
[1.370s] -- Detecting CXX compile features - done
[1.374s] -- Found ament_cmake: 1.3.11 (/opt/ros/humble/share/ament_cmake/cmake)
[1.520s] -- Found Python3: /usr/bin/python3 (found version "3.10.12") found components: Interpreter 
[1.575s] -- Override CMake install command with custom implementation using symlinks instead of copying resources
[1.667s] -- Configuring done
[1.670s] -- Generating done
[1.671s] -- Build files have been written to: /home/lukevizzini/arm_new/arm_code/build/arm_bringup
[1.676s] Invoked command in '/home/lukevizzini/arm_new/arm_code/build/arm_bringup' returned '0': CMAKE_PREFIX_PATH=/home/lukevizzini/arm_new/arm_code/install/arm_description:/home/lukevizzini/arm_new/arm_code/install/arm_config:/home/lukevizzini/arm_new_v2/arm_code/install/arm_launch:/home/lukevizzini/arm_new_v2/arm_code/install/arm_bringup:/home/lukevizzini/arm_new_v2/arm_code/install/arm_description:/home/lukevizzini/arm_new_v2/arm_code/install/arm_config:/home/lukevizzini/arm_new/arm_code/install/arm_launch:/home/lukevizzini/arm_new/arm_code/install/arm_bringup:/home/lukevizzini/arm_new_v2/arm_code/install/arm_teleop:/home/lukevizzini/arm_new_v2/arm_code/install/arm_pwm_bridge:/home/lukevizzini/arm_new/arm_code/install/arm_teleop:/home/lukevizzini/arm_new/arm_code/install/arm_pwm_bridge:/opt/ros/humble /usr/bin/cmake /home/lukevizzini/arm_new/arm_code/src/bringup -DAMENT_CMAKE_SYMLINK_INSTALL=1 -DCMAKE_INSTALL_PREFIX=/home/lukevizzini/arm_new/arm_code/install/arm_bringup
[1.677s] Invoking command in '/home/lukevizzini/arm_new/arm_code/build/arm_bringup': CMAKE_PREFIX_PATH=/home/lukevizzini/arm_new/arm_code/install/arm_description:/home/lukevizzini/arm_new/arm_code/install/arm_config:/home/lukevizzini/arm_new_v2/arm_code/install/arm_launch:/home/lukevizzini/arm_new_v2/arm_code/install/arm_bringup:/home/lukevizzini/arm_new_v2/arm_code/install/arm_description:/home/lukevizzini/arm_new_v2/arm_code/install/arm_config:/home/lukevizzini/arm_new/arm_code/install/arm_launch:/home/lukevizzini/arm_new/arm_code/install/arm_bringup:/home/lukevizzini/arm_new_v2/arm_code/install/arm_teleop:/home/lukevizzini/arm_new_v2/arm_code/install/arm_pwm_bridge:/home/lukevizzini/arm_new/arm_code/install/arm_teleop:/home/lukevizzini/arm_new/arm_code/install/arm_pwm_bridge:/opt/ros/humble /usr/bin/cmake --build /home/lukevizzini/arm_new/arm_code/build/arm_bringup -- -j8 -l8
[1.708s] Invoked command in '/home/lukevizzini/arm_new/arm_code/build/arm_bringup' returned '0': CMAKE_PREFIX_PATH=/home/lukevizzini/arm_new/arm_code/install/arm_description:/home/lukevizzini/arm_new/arm_code/install/arm_config:/home/lukevizzini/arm_new_v2/arm_code/install/arm_launch:/home/lukevizzini/arm_new_v2/arm_code/install/arm_bringup:/home/lukevizzini/arm_new_v2/arm_code/install/arm_description:/home/lukevizzini/arm_new_v2/arm_code/install/arm_config:/home/lukevizzini/arm_new/arm_code/install/arm_launch:/home/lukevizzini/arm_new/arm_code/install/arm_bringup:/home/lukevizzini/arm_new_v2/arm_code/install/arm_teleop:/home/lukevizzini/arm_new_v2/arm_code/install/arm_pwm_bridge:/home/lukevizzini/arm_new/arm_code/install/arm_teleop:/home/lukevizzini/arm_new/arm_code/install/arm_pwm_bridge:/opt/ros/humble /usr/bin/cmake --build /home/lukevizzini/arm_new/arm_code/build/arm_bringup -- -j8 -l8
[1.711s] Invoking command in '/home/lukevizzini/arm_new/arm_code/build/arm_bringup': CMAKE_PREFIX_PATH=/home/lukevizzini/arm_new/arm_code/install/arm_description:/home/lukevizzini/arm_new/arm_code/install/arm_config:/home/lukevizzini/arm_new_v2/arm_code/install/arm_launch:/home/lukevizzini/arm_new_v2/arm_code/install/arm_bringup:/home/lukevizzini/arm_new_v2/arm_code/install/arm_description:/home/lukevizzini/arm_new_v2/arm_code/install/arm_config:/home/lukevizzini/arm_new/arm_code/install/arm_launch:/home/lukevizzini/arm_new/arm_code/install/arm_bringup:/home/lukevizzini/arm_new_v2/arm_code/install/arm_teleop:/home/lukevizzini/arm_new_v2/arm_code/install/arm_pwm_bridge:/home/lukevizzini/arm_new/arm_code/install/arm_teleop:/home/lukevizzini/arm_new/arm_code/install/arm_pwm_bridge:/opt/ros/humble /usr/bin/cmake --install /home/lukevizzini/arm_new/arm_code/build/arm_bringup
[1.716s] -- Install configuration: ""
[1.716s] -- Execute custom install script
[1.717s] -- Symlinking: /home/lukevizzini/arm_new/arm_code/install/arm_bringup/share/arm_bringup/launch/ros2_control.launch.py
[1.729s] -- Symlinking: /home/lukevizzini/arm_new/arm_code/install/arm_bringup/share/ament_index/resource_index/package_run_dependencies/arm_bringup
[1.741s] -- Symlinking: /home/lukevizzini/arm_new/arm_code/install/arm_bringup/share/ament_index/resource_index/parent_prefix_path/arm_bringup
[1.753s] -- Symlinking: /home/lukevizzini/arm_new/arm_code/install/arm_bringup/share/arm_bringup/environment/ament_prefix_path.sh
[1.763s] -- Symlinking: /home/lukevizzini/arm_new/arm_code/install/arm_bringup/share/arm_bringup/environment/ament_prefix_path.dsv
[1.774s] -- Symlinking: /home/lukevizzini/arm_new/arm_code/install/arm_bringup/share/arm_bringup/environment/path.sh
[1.782s] -- Symlinking: /home/lukevizzini/arm_new/arm_code/install/arm_bringup/share/arm_bringup/environment/path.dsv
[1.791s] -- Symlinking: /home/lukevizzini/arm_new/arm_code/install/arm_bringup/share/arm_bringup/local_setup.bash
[1.802s] -- Symlinking: /home/lukevizzini/arm_new/arm_code/install/arm_bringup/share/arm_bringup/local_setup.sh
[1.814s] -- Symlinking: /home/lukevizzini/arm_new/arm_code/install/arm_bringup/share/arm_bringup/local_setup.zsh
[1.826s] -- Symlinking: /home/lukevizzini/arm_new/arm_code/install/arm_bringup/share/arm_bringup/local_setup.dsv
[1.835s] -- Symlinking: /home/lukevizzini/arm_new/arm_code/install/arm_bringup/share/arm_bringup/package.dsv
[1.846s] -- Symlinking: /home/lukevizzini/arm_new/arm_code/install/arm_bringup/share/ament_index/resource_index/packages/arm_bringup
[1.858s] -- Symlinking: /home/lukevizzini/arm_new/arm_code/install/arm_bringup/share/arm_bringup/cmake/arm_bringupConfig.cmake
[1.867s] -- Symlinking: /home/lukevizzini/arm_new/arm_code/install/arm_bringup/share/arm_bringup/cmake/arm_bringupConfig-version.cmake
[1.876s] -- Symlinking: /home/lukevizzini/arm_new/arm_code/install/arm_bringup/share/arm_bringup/package.xml
[1.885s] Invoked command in '/home/lukevizzini/arm_new/arm_code/build/arm_bringup' returned '0': CMAKE_PREFIX_PATH=/home/lukevizzini/arm_new/arm_code/install/arm_description:/home/lukevizzini/arm_new/arm_code/install/arm_config:/home/lukevizzini/arm_new_v2/arm_code/install/arm_launch:/home/lukevizzini/arm_new_v2/arm_code/install/arm_bringup:/home/lukevizzini/arm_new_v2/arm_code/install/arm_description:/home/lukevizzini/arm_new_v2/arm_code/install/arm_config:/home/lukevizzini/arm_new/arm_code/install/arm_launch:/home/lukevizzini/arm_new/arm_code/install/arm_bringup:/home/lukevizzini/arm_new_v2/arm_code/install/arm_teleop:/home/lukevizzini/arm_new_v2/arm_code/install/arm_pwm_bridge:/home/lukevizzini/arm_new/arm_code/install/arm_teleop:/home/lukevizzini/arm_new/arm_code/install/arm_pwm_bridge:/opt/ros/humble /usr/bin/cmake --install /home/lukevizzini/arm_new/arm_code/build/arm_bringup
