[0.315s] Invoking command in '/home/lukevizzini/arm_v3/arm_code/build/arm_bringup': CMAKE_PREFIX_PATH=/home/lukevizzini/arm_v3/arm_code/install/arm_description:/home/lukevizzini/arm_v3/arm_code/install/arm_config:/home/lukevizzini/arm_v3/arm_code/install/arm_launch:/home/lukevizzini/arm_v3/arm_code/install/arm_bringup:/home/lukevizzini/arm_new_v2/arm_code/install/arm_launch:/home/lukevizzini/arm_new_v2/arm_code/install/arm_bringup:/home/lukevizzini/arm_new_v2/arm_code/install/arm_description:/home/lukevizzini/arm_new_v2/arm_code/install/arm_config:/home/lukevizzini/arm_v3/arm_code/install/arm_teleop:/home/lukevizzini/arm_v3/arm_code/install/arm_pwm_bridge:/home/lukevizzini/arm_new_v2/arm_code/install/arm_teleop:/home/lukevizzini/arm_new_v2/arm_code/install/arm_pwm_bridge:/opt/ros/humble /usr/bin/cmake --build /home/lukevizzini/arm_v3/arm_code/build/arm_bringup -- -j8 -l8
[0.378s] Invoked command in '/home/lukevizzini/arm_v3/arm_code/build/arm_bringup' returned '0': CMAKE_PREFIX_PATH=/home/lukevizzini/arm_v3/arm_code/install/arm_description:/home/lukevizzini/arm_v3/arm_code/install/arm_config:/home/lukevizzini/arm_v3/arm_code/install/arm_launch:/home/lukevizzini/arm_v3/arm_code/install/arm_bringup:/home/lukevizzini/arm_new_v2/arm_code/install/arm_launch:/home/lukevizzini/arm_new_v2/arm_code/install/arm_bringup:/home/lukevizzini/arm_new_v2/arm_code/install/arm_description:/home/lukevizzini/arm_new_v2/arm_code/install/arm_config:/home/lukevizzini/arm_v3/arm_code/install/arm_teleop:/home/lukevizzini/arm_v3/arm_code/install/arm_pwm_bridge:/home/lukevizzini/arm_new_v2/arm_code/install/arm_teleop:/home/lukevizzini/arm_new_v2/arm_code/install/arm_pwm_bridge:/opt/ros/humble /usr/bin/cmake --build /home/lukevizzini/arm_v3/arm_code/build/arm_bringup -- -j8 -l8
[0.381s] Invoking command in '/home/lukevizzini/arm_v3/arm_code/build/arm_bringup': CMAKE_PREFIX_PATH=/home/lukevizzini/arm_v3/arm_code/install/arm_description:/home/lukevizzini/arm_v3/arm_code/install/arm_config:/home/lukevizzini/arm_v3/arm_code/install/arm_launch:/home/lukevizzini/arm_v3/arm_code/install/arm_bringup:/home/lukevizzini/arm_new_v2/arm_code/install/arm_launch:/home/lukevizzini/arm_new_v2/arm_code/install/arm_bringup:/home/lukevizzini/arm_new_v2/arm_code/install/arm_description:/home/lukevizzini/arm_new_v2/arm_code/install/arm_config:/home/lukevizzini/arm_v3/arm_code/install/arm_teleop:/home/lukevizzini/arm_v3/arm_code/install/arm_pwm_bridge:/home/lukevizzini/arm_new_v2/arm_code/install/arm_teleop:/home/lukevizzini/arm_new_v2/arm_code/install/arm_pwm_bridge:/opt/ros/humble /usr/bin/cmake --install /home/lukevizzini/arm_v3/arm_code/build/arm_bringup
[0.396s] -- Install configuration: ""
[0.397s] -- Execute custom install script
[0.397s] -- Up-to-date symlink: /home/lukevizzini/arm_v3/arm_code/install/arm_bringup/share/arm_bringup/launch/ros2_control.launch.py
[0.397s] -- Up-to-date symlink: /home/lukevizzini/arm_v3/arm_code/install/arm_bringup/share/ament_index/resource_index/package_run_dependencies/arm_bringup
[0.398s] -- Up-to-date symlink: /home/lukevizzini/arm_v3/arm_code/install/arm_bringup/share/ament_index/resource_index/parent_prefix_path/arm_bringup
[0.398s] -- Up-to-date symlink: /home/lukevizzini/arm_v3/arm_code/install/arm_bringup/share/arm_bringup/environment/ament_prefix_path.sh
[0.399s] -- Up-to-date symlink: /home/lukevizzini/arm_v3/arm_code/install/arm_bringup/share/arm_bringup/environment/ament_prefix_path.dsv
[0.399s] -- Up-to-date symlink: /home/lukevizzini/arm_v3/arm_code/install/arm_bringup/share/arm_bringup/environment/path.sh
[0.399s] -- Up-to-date symlink: /home/lukevizzini/arm_v3/arm_code/install/arm_bringup/share/arm_bringup/environment/path.dsv
[0.400s] -- Up-to-date symlink: /home/lukevizzini/arm_v3/arm_code/install/arm_bringup/share/arm_bringup/local_setup.bash
[0.400s] -- Up-to-date symlink: /home/lukevizzini/arm_v3/arm_code/install/arm_bringup/share/arm_bringup/local_setup.sh
[0.401s] -- Up-to-date symlink: /home/lukevizzini/arm_v3/arm_code/install/arm_bringup/share/arm_bringup/local_setup.zsh
[0.401s] -- Up-to-date symlink: /home/lukevizzini/arm_v3/arm_code/install/arm_bringup/share/arm_bringup/local_setup.dsv
[0.401s] -- Symlinking: /home/lukevizzini/arm_v3/arm_code/install/arm_bringup/share/arm_bringup/package.dsv
[0.416s] -- Up-to-date symlink: /home/lukevizzini/arm_v3/arm_code/install/arm_bringup/share/ament_index/resource_index/packages/arm_bringup
[0.417s] -- Up-to-date symlink: /home/lukevizzini/arm_v3/arm_code/install/arm_bringup/share/arm_bringup/cmake/arm_bringupConfig.cmake
[0.417s] -- Up-to-date symlink: /home/lukevizzini/arm_v3/arm_code/install/arm_bringup/share/arm_bringup/cmake/arm_bringupConfig-version.cmake
[0.418s] -- Up-to-date symlink: /home/lukevizzini/arm_v3/arm_code/install/arm_bringup/share/arm_bringup/package.xml
[0.424s] Invoked command in '/home/lukevizzini/arm_v3/arm_code/build/arm_bringup' returned '0': CMAKE_PREFIX_PATH=/home/lukevizzini/arm_v3/arm_code/install/arm_description:/home/lukevizzini/arm_v3/arm_code/install/arm_config:/home/lukevizzini/arm_v3/arm_code/install/arm_launch:/home/lukevizzini/arm_v3/arm_code/install/arm_bringup:/home/lukevizzini/arm_new_v2/arm_code/install/arm_launch:/home/lukevizzini/arm_new_v2/arm_code/install/arm_bringup:/home/lukevizzini/arm_new_v2/arm_code/install/arm_description:/home/lukevizzini/arm_new_v2/arm_code/install/arm_config:/home/lukevizzini/arm_v3/arm_code/install/arm_teleop:/home/lukevizzini/arm_v3/arm_code/install/arm_pwm_bridge:/home/lukevizzini/arm_new_v2/arm_code/install/arm_teleop:/home/lukevizzini/arm_new_v2/arm_code/install/arm_pwm_bridge:/opt/ros/humble /usr/bin/cmake --install /home/lukevizzini/arm_v3/arm_code/build/arm_bringup
